Microchip MPLAB XC8 Compiler V2.41

Linker command line:

-W-3 \
  --edf=C:/Program Files/Microchip/MPLABX/v6.10/packs/Microchip/PIC16F1xxxx_DFP/1.18.352/xc8\pic\dat\20230322162823_en.msgs \
  -cn -h+dist/default/debug\Third.X.debug.sym \
  --cmf=dist/default/debug\Third.X.debug.cmf -z -Q16F18076 \
  -oC:\Users\zmiller\AppData\Local\Temp\xcAs14mc.\driver_tmp_3.o \
  --defsym=__MPLAB_BUILD=1 --fixupoverflow=error \
  -Mdist/default/debug/Third.X.debug.map \
  --md=C:\Users\zmiller\AppData\Local\Temp\xcAs14mc.\driver_tmp_0.dat -E1 \
  -ver=XC8 Compiler --acfsm=1493 -ACODE=00h-07FFhx8 -ASTRCODE=00h-03FFFh \
  -ASTRING=00h-0FFhx64 -ACONST=00h-0FFhx64 -AENTRY=00h-0FFhx64 \
  -ACOMMON=070h-07Fh -ABANK0=020h-06Fh -ABANK1=0A0h-0EFh \
  -ABANK2=0120h-016Fh -ABANK3=01A0h-01EFh -ABANK4=0220h-026Fh \
  -ABANK5=02A0h-02EFh -ABANK6=0320h-036Fh -ABANK7=03A0h-03EFh \
  -ABANK8=0420h-046Fh -ABANK9=04A0h-04EFh -ABANK10=0520h-056Fh \
  -ABANK11=05A0h-05EFh -ABANK12=0620h-066Fh -ABANK13=06A0h-06EFh \
  -ABANK14=0720h-076Fh -ABANK15=07A0h-07EFh -ABANK16=0820h-086Fh \
  -ABANK17=08A0h-08EFh -ABANK18=0920h-096Fh -ABANK19=09A0h-09EFh \
  -ABANK20=0A20h-0A6Fh -ABANK21=0AA0h-0AEFh -ABANK22=0B20h-0B6Fh \
  -ABANK23=0BA0h-0BEFh -ABANK24=0C20h-0C6Fh -ABANK25=0CA0h-0CBFh \
  -ABIGRAM=02000h-027EFh \
  -ARAM=020h-06Fh,0A0h-0EFh,0120h-016Fh,01A0h-01EFh,0220h-026Fh,02A0h-02EFh,0320h-036Fh,03A0h-03EFh,0420h-046Fh,04A0h-04EFh,0520h-056Fh,05A0h-05EFh,0620h-066Fh,06A0h-06EFh,0720h-076Fh,07A0h-07EFh,0820h-086Fh,08A0h-08EFh,0920h-096Fh,09A0h-09EFh,0A20h-0A6Fh,0AA0h-0AEFh,0B20h-0B6Fh,0BA0h-0BEFh,0C20h-0C6Fh,0CA0h-0CBFh \
  -AABS1=020h-07Fh,0A0h-0EFh,0120h-016Fh,01A0h-01EFh,0220h-026Fh,02A0h-02EFh,0320h-036Fh,03A0h-03EFh,0420h-046Fh,04A0h-04EFh,0520h-056Fh,05A0h-05EFh,0620h-066Fh,06A0h-06EFh,0720h-076Fh,07A0h-07EFh,0820h-086Fh,08A0h-08EFh,0920h-096Fh,09A0h-09EFh,0A20h-0A6Fh,0AA0h-0AEFh,0B20h-0B6Fh,0BA0h-0BEFh,0C20h-0C6Fh,0CA0h-0CBFh \
  -ASFR0=00h-01Fh -ASFR1=080h-09Fh -ASFR2=0100h-011Fh -ASFR3=0180h-019Fh \
  -ASFR4=0200h-021Fh -ASFR5=0280h-029Fh -ASFR6=0300h-031Fh \
  -ASFR7=0380h-039Fh -ASFR8=0400h-041Fh -ASFR9=0480h-049Fh \
  -ASFR10=0500h-051Fh -ASFR11=0580h-059Fh -ASFR12=0600h-061Fh \
  -ASFR13=0680h-069Fh -ASFR14=0700h-071Fh -ASFR15=0780h-079Fh \
  -ASFR16=0800h-081Fh -ASFR17=0880h-089Fh -ASFR18=0900h-091Fh \
  -ASFR19=0980h-099Fh -ASFR20=0A00h-0A1Fh -ASFR21=0A80h-0A9Fh \
  -ASFR22=0B00h-0B1Fh -ASFR23=0B80h-0B9Fh -ASFR24=0C00h-0C1Fh \
  -ASFR25=0C80h-0C9Fh -ASFR26=0D00h-0D6Fh -ASFR27=0D80h-0DEFh \
  -ASFR28=0E00h-0E6Fh -ASFR29=0E80h-0EEFh -ASFR30=0F00h-0F6Fh \
  -ASFR31=0F80h-0FEFh -ASFR32=01000h-0106Fh -ASFR33=01080h-010EFh \
  -ASFR34=01100h-0116Fh -ASFR35=01180h-011EFh -ASFR36=01200h-0126Fh \
  -ASFR37=01280h-012EFh -ASFR38=01300h-0136Fh -ASFR39=01380h-013EFh \
  -ASFR40=01400h-0146Fh -ASFR41=01480h-014EFh -ASFR42=01500h-0156Fh \
  -ASFR43=01580h-015EFh -ASFR44=01600h-0166Fh -ASFR45=01680h-016EFh \
  -ASFR46=01700h-0176Fh -ASFR47=01780h-017EFh -ASFR48=01800h-0186Fh \
  -ASFR49=01880h-018EFh -ASFR50=01900h-0196Fh -ASFR51=01980h-019EFh \
  -ASFR52=01A00h-01A6Fh -ASFR53=01A80h-01AEFh -ASFR54=01B00h-01B6Fh \
  -ASFR55=01B80h-01BEFh -ASFR56=01C00h-01C6Fh -ASFR57=01C80h-01CEFh \
  -ASFR58=01D00h-01D6Fh -ASFR59=01D80h-01DEFh -ASFR60=01E00h-01E6Fh \
  -ASFR61=01E80h-01EEFh -ASFR62=01F00h-01F6Fh -ASFR63=01F80h-01FEFh \
  -ACONFIG=08007h-0800Bh -DCONFIG=2 -AIDLOC=08000h-08003h -DIDLOC=2 \
  -AEEDATA=00h-0FFh/0F000h -peeprom_data=EEDATA -DEEDATA=2 -DCODE=2 \
  -DSTRCODE=2 -DSTRING=2 -DCONST=2 -DENTRY=2 \
  -preset_vec=00h,intentry=04h,init,end_init -ppowerup=CODE -pcinit=CODE \
  -pfunctab=ENTRY -k \
  C:\Users\zmiller\AppData\Local\Temp\xcAs14mc.\driver_tmp_20.o \
  dist/default/debug\Third.X.debug.o 

Object code version is 3.11

Machine type is 16F18076



                Name                               Link     Load   Length Selector   Space Scale
C:\Users\zmiller\AppData\Local\Temp\xcAs14mc.\driver_tmp_20.o
                end_init                             3D       3D        2        8       0
                reset_vec                             0        0        2        0       0
                config                             8007     8007        5        0       4
dist/default/debug\Third.X.debug.o
                cinit                                3F       3F       56        8       0
                intentry                              4        4       39        8       0
                config                             8007     8007        5        0       4
                text157                            3C49     3C49        1     7892       0
                text156                            3C77     3C77        4     78EE       0
                text155                            3C4D     3C4D        3     789A       0
                text154                            3C50     3C50        3     78A0       0
                text153                            3C7B     3C7B        4     78F6       0
                text152                            3DE8     3DE8       14     7BD0       0
                text151                            3C53     3C53        3     78A6       0
                text150                            3C7F     3C7F        4     78FE       0
                text149                            3C56     3C56        3     78AC       0
                text148                            3C83     3C83        4     7906       0
                text147                            3C87     3C87        4     790E       0
                text146                            3C59     3C59        3     78B2       0
                text145                            3C5C     3C5C        3     78B8       0
                text144                            3CAF     3CAF        5     795E       0
                text143                            3C5F     3C5F        3     78BE       0
                text142                            30D0     30D0       2D     61A0       0
                text141                            3C8B     3C8B        4     7916       0
                text140                            3D1A     3D1A        8     7A34       0
                text139                            3CE9     3CE9        7     79D2       0
                text138                            3331     3331       41     6662       0
                text137                            3CB9     3CB9        6     7972       0
                text136                            3CBF     3CBF        6     797E       0
                text135                            3D22     3D22        8     7A44       0
                text134                            3CF0     3CF0        7     79E0       0
                text133                            3FBA     3FBA       23     7F74       0
                text132                            3C8F     3C8F        4     791E       0
                text131                            3CF7     3CF7        7     79EE       0
                text130                            3CB4     3CB4        5     7968       0
                text129                            3CC5     3CC5        6     798A       0
                text128                            33B3     33B3       43     6766       0
                text127                            3C93     3C93        4     7926       0
                text126                            3C4A     3C4A        1     7894       0
                text125                            3C62     3C62        3     78C4       0
                text124                            3C97     3C97        4     792E       0
                text123                            3E12     3E12       19     7C24       0
                text122                            3C4B     3C4B        1     7896       0
                text121                            3DB9     3DB9        F     7B72       0
                text119                            3D4D     3D4D        A     7A9A       0
                text118                            3D6D     3D6D        C     7ADA       0
                text117                            3D79     3D79        C     7AF2       0
                text116                            3EE4     3EE4       1C     7DC8       0
                text115                            3D85     3D85        C     7B0A       0
                text114                            3C9B     3C9B        4     7936       0
                text113                            3DFC     3DFC       16     7BF8       0
                text112                            3CCB     3CCB        6     7996       0
                text111                            3D57     3D57        B     7AAE       0
                text110                            3C65     3C65        3     78CA       0
                text109                            3C9F     3C9F        4     793E       0
                text108                            374C     374C       5A     6E98       0
                text107                            3CD1     3CD1        6     79A2       0
                text106                            2800     2800       16     4BF8       0
                text105                            3CA3     3CA3        4     7946       0
                text104                            3E2B     3E2B       19     7C56       0
                text103                            3D32     3D32        9     7A64       0
                text102                            3DAB     3DAB        E     7B56       0
                text101                             7FB      7FB        5        8       0
                text100                            31B5     31B5       30     636A       0
                text99                             3C68     3C68        3     78D0       0
                text98                             3C6B     3C6B        3     78D6       0
                text97                             3C6E     3C6E        3     78DC       0
                text96                             3D2A     3D2A        8     7A54       0
                text95                             3DC8     3DC8       10     7B90       0
                text94                             2CEB     2CEB       8B     59D6       0
                text93                             1000     1000       24     10CC       0
                text92                             1B33     1B33      23B     3666       0
                text91                             3D62     3D62        B     7AC4       0
                text90                             192B     192B      208     3256       0
                text89                             3F58     3F58       20     7EB0       0
                text88                             1D6E     1D6E      292     3ADC       0
                text87                             3CFE     3CFE        7     79FC       0
                text86                             3C4C     3C4C        1     7898       0
                text85                             3CA7     3CA7        4     794E       0
                text84                             30A4     30A4       2C     6148       0
                text83                             3157     3157       2F     62AE       0
                text82                             3C71     3C71        3     78E2       0
                text81                             3CD7     3CD7        6     79AE       0
                text80                             3D05     3D05        7     7A0A       0
                text79                             3D0C     3D0C        7     7A18       0
                text78                             3CAB     3CAB        4     7956       0
                text77                                2        2        2        0       0
                text76                             2F3E     2F3E       C2     5E7C       0
                text75                             2000     2000        4     3ADC       0
                text74                              800      800        4        8       0
                text73                             2D76     2D76       91     5AEC       0
                text72                             2873     2873       60     50E6       0
                text71                             3648     3648       54     6C90       0
                text70                             3F00     3F00       1C     7E00       0
                text69                             3000     3000        1     5E7C       0
                text68                             36F3     36F3       59     6DE6       0
                text67                             3002     3002       25     6004       0
                text66                             3E78     3E78       1B     7CF0       0
                text65                             347C     347C       44     68F8       0
                text64                             20AF     20AF       C5     415E       0
                text63                             25FC     25FC      204     4BF8       0
                text62                             3509     3509       4F     6A12       0
                text61                             2A06     2A06       71     540C       0
                text60                             2B65     2B65       7F     56CA       0
                text59                             1024     1024      141     2048       0
                text58                             3F98     3F98       22     7F30       0
                text57                             3027     3027       28     604E       0
                text56                             3F78     3F78       20     7EF0       0
                text55                              866      866      79A     10CC       0
                text54                             2E9B     2E9B       A3     5D36       0
                text53                             2816     2816       5D     502C       0
                text52                             242F     242F      1CD     485E       0
                text51                             30FD     30FD       2D     61FA       0
                text50                             2AEA     2AEA       7B     55D4       0
                text49                             3F1C     3F1C       1E     7E38       0
                text48                             2174     2174       DE     42E8       0
                text47                             3DD8     3DD8       10     7BB0       0
                text46                             3C74     3C74        3     78E8       0
                text45                             3D13     3D13        7     7A26       0
                text44                             327B     327B       3A     64F6       0
                text43                             3372     3372       41     66E4       0
                text42                             3186     3186       2F     630C       0
                text41                             28D3     28D3       61     51A6       0
                text40                             2A77     2A77       73     54EE       0
                text39                             31E5     31E5       30     63CA       0
                text38                             3D3B     3D3B        9     7A76       0
                text37                             312A     312A       2D     6254       0
                text36                             2BE4     2BE4       81     57C8       0
                text35                             33F6     33F6       43     67EC       0
                text34                              6C9      6C9      132        8       0
                text33                             2934     2934       69     5268       0
                text32                             2E07     2E07       94     5C0E       0
                text31                             233E     233E       F1     467C       0
                text30                             35F6     35F6       52     6BEC       0
                text29                             3439     3439       43     6872       0
                text28                             304F     304F       2A     609E       0
                text27                             3E93     3E93       1B     7D26       0
                text26                             3EAE     3EAE       1B     7D5C       0
                text25                             3558     3558       4F     6AB0       0
                text24                             369C     369C       57     6D38       0
                text23                             3E44     3E44       1A     7C88       0
                text22                             3EC9     3EC9       1B     7D92       0
                text21                             35A7     35A7       4F     6B4E       0
                text20                             3079     3079       2B     60F2       0
                text19                             3FDD     3FDD       23     7FBA       0
                text18                             32F1     32F1       40     65E2       0
                text17                             32B5     32B5       3C     656A       0
                text16                             3215     3215       30     642A       0
                text15                             3D91     3D91        D     7B22       0
                text14                             299D     299D       69     533A       0
                text13                             34C0     34C0       49     6980       0
                text12                             3D44     3D44        9     7A88       0
                text11                             2004     2004       AB     4008       0
                text10                             1405     1405      3FB     280A       0
                text9                                95       95      634        8       0
                text8                              1165     1165      2A0     22CA       0
                text7                              2C65     2C65       86     58CA       0
                text6                              1801     1801      12A     3002       0
                text5                              37A6     37A6       5A     6F4C       0
                text4                              3F3A     3F3A       1E     7E74       0
                text3                               804      804       62     1008       0
                text2                              3E5E     3E5E       1A     7CBC       0
                text1                              3245     3245       36     648A       0
                maintext                           2252     2252       EC     44A4       0
                cstackBANK0                          20       20       50       20       1
                cstackCOMMON                         70       70        8       70       1
                cstackBANK1                          A0       A0       50       A0       1
                cstackBANK2                         120      120       50      120       1
                cstackBANK3                         1A0      1A0       42      1A0       1
                cstackBANK4                         220      220       46      220       1
                clrtext                            3CDD     3CDD        6     79BA       0
                inittext                           3CE3     3CE3        6     79C6       0
                bssBANK9                            4A0      4A0       3C      4A0       1
                bssBANK8                            420      420       3C      420       1
                bssBANK7                            3A0      3A0       2E      3A0       1
                bssBANK6                            320      320       50      320       1
                dataBANK5                           2D3      2D3        D      2A0       1
                bssBANK5                            2A0      2A0       33      2A0       1
                bssBANK4                            266      266        A      220       1
                dataBANK3                           1EF      1EF        1      1A0       1
                bssBANK3                            1E2      1E2        D      1A0       1
                dataCOMMON                           7D       7D        1       70       1
                bssCOMMON                            78       78        5       70       1
                stringtext15                       38C3     38C3        3     7000       0
                stringtext14                       38BF     38BF        4     7000       0
                stringtext13                       38BB     38BB        4     7000       0
                stringtext12                       38B7     38B7        4     7000       0
                stringtext11                       38B3     38B3        4     7000       0
                stringtext10                       38AA     38AA        9     7000       0
                stringtext9                        38A1     38A1        9     7000       0
                stringtext8                        3898     3898        9     7000       0
                stringtext7                        388D     388D        B     7000       0
                stringtext6                        3881     3881        C     7000       0
                stringtext5                        3830     3830       1F     7000       0
                stringtext4                        3875     3875        C     7000       0
                stringtext3                        3863     3863       12     7000       0
                stringtext2                        384F     384F       14     7000       0
                stringtext1                        3800     3800       30     7000       0
                idataBANK5                         3D9E     3D9E        D     7B3C       0
                idataBANK3                         3001     3001        1     6002       0
                idataCOMMON                        1800     1800        1     280A       0

TOTAL           Name                               Link     Load   Length     Space
        CLASS   CODE           
                end_init                             3D       3D        2         0
                cinit                                3F       3F       56         0
                intentry                              4        4       39         0
                reset_vec                             0        0        2         0
                text157                            3C49     3C49        1         0
                text156                            3C77     3C77        4         0
                text155                            3C4D     3C4D        3         0
                text154                            3C50     3C50        3         0
                text153                            3C7B     3C7B        4         0
                text152                            3DE8     3DE8       14         0
                text151                            3C53     3C53        3         0
                text150                            3C7F     3C7F        4         0
                text149                            3C56     3C56        3         0
                text148                            3C83     3C83        4         0
                text147                            3C87     3C87        4         0
                text146                            3C59     3C59        3         0
                text145                            3C5C     3C5C        3         0
                text144                            3CAF     3CAF        5         0
                text143                            3C5F     3C5F        3         0
                text142                            30D0     30D0       2D         0
                text141                            3C8B     3C8B        4         0
                text140                            3D1A     3D1A        8         0
                text139                            3CE9     3CE9        7         0
                text138                            3331     3331       41         0
                text137                            3CB9     3CB9        6         0
                text136                            3CBF     3CBF        6         0
                text135                            3D22     3D22        8         0
                text134                            3CF0     3CF0        7         0
                text133                            3FBA     3FBA       23         0
                text132                            3C8F     3C8F        4         0
                text131                            3CF7     3CF7        7         0
                text130                            3CB4     3CB4        5         0
                text129                            3CC5     3CC5        6         0
                text128                            33B3     33B3       43         0
                text127                            3C93     3C93        4         0
                text126                            3C4A     3C4A        1         0
                text125                            3C62     3C62        3         0
                text124                            3C97     3C97        4         0
                text123                            3E12     3E12       19         0
                text122                            3C4B     3C4B        1         0
                text121                            3DB9     3DB9        F         0
                text119                            3D4D     3D4D        A         0
                text118                            3D6D     3D6D        C         0
                text117                            3D79     3D79        C         0
                text116                            3EE4     3EE4       1C         0
                text115                            3D85     3D85        C         0
                text114                            3C9B     3C9B        4         0
                text113                            3DFC     3DFC       16         0
                text112                            3CCB     3CCB        6         0
                text111                            3D57     3D57        B         0
                text110                            3C65     3C65        3         0
                text109                            3C9F     3C9F        4         0
                text108                            374C     374C       5A         0
                text107                            3CD1     3CD1        6         0
                text106                            2800     2800       16         0
                text105                            3CA3     3CA3        4         0
                text104                            3E2B     3E2B       19         0
                text103                            3D32     3D32        9         0
                text102                            3DAB     3DAB        E         0
                text101                             7FB      7FB        5         0
                text100                            31B5     31B5       30         0
                text99                             3C68     3C68        3         0
                text98                             3C6B     3C6B        3         0
                text97                             3C6E     3C6E        3         0
                text96                             3D2A     3D2A        8         0
                text95                             3DC8     3DC8       10         0
                text94                             2CEB     2CEB       8B         0
                text93                             1000     1000       24         0
                text92                             1B33     1B33      23B         0
                text91                             3D62     3D62        B         0
                text90                             192B     192B      208         0
                text89                             3F58     3F58       20         0
                text88                             1D6E     1D6E      292         0
                text87                             3CFE     3CFE        7         0
                text86                             3C4C     3C4C        1         0
                text85                             3CA7     3CA7        4         0
                text84                             30A4     30A4       2C         0
                text83                             3157     3157       2F         0
                text82                             3C71     3C71        3         0
                text81                             3CD7     3CD7        6         0
                text80                             3D05     3D05        7         0
                text79                             3D0C     3D0C        7         0
                text78                             3CAB     3CAB        4         0
                text77                                2        2        2         0
                text76                             2F3E     2F3E       C2         0
                text75                             2000     2000        4         0
                text74                              800      800        4         0
                text73                             2D76     2D76       91         0
                text72                             2873     2873       60         0
                text71                             3648     3648       54         0
                text70                             3F00     3F00       1C         0
                text69                             3000     3000        1         0
                text68                             36F3     36F3       59         0
                text67                             3002     3002       25         0
                text66                             3E78     3E78       1B         0
                text65                             347C     347C       44         0
                text64                             20AF     20AF       C5         0
                text63                             25FC     25FC      204         0
                text62                             3509     3509       4F         0
                text61                             2A06     2A06       71         0
                text60                             2B65     2B65       7F         0
                text59                             1024     1024      141         0
                text58                             3F98     3F98       22         0
                text57                             3027     3027       28         0
                text56                             3F78     3F78       20         0
                text55                              866      866      79A         0
                text54                             2E9B     2E9B       A3         0
                text53                             2816     2816       5D         0
                text52                             242F     242F      1CD         0
                text51                             30FD     30FD       2D         0
                text50                             2AEA     2AEA       7B         0
                text49                             3F1C     3F1C       1E         0
                text48                             2174     2174       DE         0
                text47                             3DD8     3DD8       10         0
                text46                             3C74     3C74        3         0
                text45                             3D13     3D13        7         0
                text44                             327B     327B       3A         0
                text43                             3372     3372       41         0
                text42                             3186     3186       2F         0
                text41                             28D3     28D3       61         0
                text40                             2A77     2A77       73         0
                text39                             31E5     31E5       30         0
                text38                             3D3B     3D3B        9         0
                text37                             312A     312A       2D         0
                text36                             2BE4     2BE4       81         0
                text35                             33F6     33F6       43         0
                text34                              6C9      6C9      132         0
                text33                             2934     2934       69         0
                text32                             2E07     2E07       94         0
                text31                             233E     233E       F1         0
                text30                             35F6     35F6       52         0
                text29                             3439     3439       43         0
                text28                             304F     304F       2A         0
                text27                             3E93     3E93       1B         0
                text26                             3EAE     3EAE       1B         0
                text25                             3558     3558       4F         0
                text24                             369C     369C       57         0
                text23                             3E44     3E44       1A         0
                text22                             3EC9     3EC9       1B         0
                text21                             35A7     35A7       4F         0
                text20                             3079     3079       2B         0
                text19                             3FDD     3FDD       23         0
                text18                             32F1     32F1       40         0
                text17                             32B5     32B5       3C         0
                text16                             3215     3215       30         0
                text15                             3D91     3D91        D         0
                text14                             299D     299D       69         0
                text13                             34C0     34C0       49         0
                text12                             3D44     3D44        9         0
                text11                             2004     2004       AB         0
                text10                             1405     1405      3FB         0
                text9                                95       95      634         0
                text8                              1165     1165      2A0         0
                text7                              2C65     2C65       86         0
                text6                              1801     1801      12A         0
                text5                              37A6     37A6       5A         0
                text4                              3F3A     3F3A       1E         0
                text3                               804      804       62         0
                text2                              3E5E     3E5E       1A         0
                text1                              3245     3245       36         0
                maintext                           2252     2252       EC         0
                clrtext                            3CDD     3CDD        6         0
                inittext                           3CE3     3CE3        6         0
                idataBANK5                         3D9E     3D9E        D         0
                idataBANK3                         3001     3001        1         0
                idataCOMMON                        1800     1800        1         0

        CLASS   STRCODE        
                stringtext15                       38C3     38C3        3         0
                stringtext14                       38BF     38BF        4         0
                stringtext13                       38BB     38BB        4         0
                stringtext12                       38B7     38B7        4         0
                stringtext11                       38B3     38B3        4         0
                stringtext10                       38AA     38AA        9         0
                stringtext9                        38A1     38A1        9         0
                stringtext8                        3898     3898        9         0
                stringtext7                        388D     388D        B         0
                stringtext6                        3881     3881        C         0
                stringtext5                        3830     3830       1F         0
                stringtext4                        3875     3875        C         0
                stringtext3                        3863     3863       12         0
                stringtext2                        384F     384F       14         0
                stringtext1                        3800     3800       30         0

        CLASS   STRING         

        CLASS   CONST          

        CLASS   ENTRY          

        CLASS   COMMON         
                cstackCOMMON                         70       70        8         1
                dataCOMMON                           7D       7D        1         1
                bssCOMMON                            78       78        5         1

        CLASS   BANK0          
                cstackBANK0                          20       20       50         1

        CLASS   BANK1          
                cstackBANK1                          A0       A0       50         1

        CLASS   BANK2          
                cstackBANK2                         120      120       50         1

        CLASS   BANK3          
                cstackBANK3                         1A0      1A0       42         1
                dataBANK3                           1EF      1EF        1         1
                bssBANK3                            1E2      1E2        D         1

        CLASS   BANK4          
                cstackBANK4                         220      220       46         1
                bssBANK4                            266      266        A         1

        CLASS   BANK5          
                dataBANK5                           2D3      2D3        D         1
                bssBANK5                            2A0      2A0       33         1

        CLASS   BANK6          
                bssBANK6                            320      320       50         1

        CLASS   BANK7          
                bssBANK7                            3A0      3A0       2E         1

        CLASS   BANK8          
                bssBANK8                            420      420       3C         1

        CLASS   BANK9          
                bssBANK9                            4A0      4A0       3C         1

        CLASS   BANK10         

        CLASS   BANK11         

        CLASS   BANK12         

        CLASS   BANK13         

        CLASS   BANK14         

        CLASS   BANK15         

        CLASS   BANK16         

        CLASS   BANK17         

        CLASS   BANK18         

        CLASS   BANK19         

        CLASS   BANK20         

        CLASS   BANK21         

        CLASS   BANK22         

        CLASS   BANK23         

        CLASS   BANK24         

        CLASS   BANK25         

        CLASS   BIGRAM         

        CLASS   RAM            

        CLASS   ABS1           
                abs_s1                               7E       7E        2         1

        CLASS   SFR0           

        CLASS   SFR1           

        CLASS   SFR2           

        CLASS   SFR3           

        CLASS   SFR4           

        CLASS   SFR5           

        CLASS   SFR6           

        CLASS   SFR7           

        CLASS   SFR8           

        CLASS   SFR9           

        CLASS   SFR10          

        CLASS   SFR11          

        CLASS   SFR12          

        CLASS   SFR13          

        CLASS   SFR14          

        CLASS   SFR15          

        CLASS   SFR16          

        CLASS   SFR17          

        CLASS   SFR18          

        CLASS   SFR19          

        CLASS   SFR20          

        CLASS   SFR21          

        CLASS   SFR22          

        CLASS   SFR23          

        CLASS   SFR24          

        CLASS   SFR25          

        CLASS   SFR26          

        CLASS   SFR27          

        CLASS   SFR28          

        CLASS   SFR29          

        CLASS   SFR30          

        CLASS   SFR31          

        CLASS   SFR32          

        CLASS   SFR33          

        CLASS   SFR34          

        CLASS   SFR35          

        CLASS   SFR36          

        CLASS   SFR37          

        CLASS   SFR38          

        CLASS   SFR39          

        CLASS   SFR40          

        CLASS   SFR41          

        CLASS   SFR42          

        CLASS   SFR43          

        CLASS   SFR44          

        CLASS   SFR45          

        CLASS   SFR46          

        CLASS   SFR47          

        CLASS   SFR48          

        CLASS   SFR49          

        CLASS   SFR50          

        CLASS   SFR51          

        CLASS   SFR52          

        CLASS   SFR53          

        CLASS   SFR54          

        CLASS   SFR55          

        CLASS   SFR56          

        CLASS   SFR57          

        CLASS   SFR58          

        CLASS   SFR59          

        CLASS   SFR60          

        CLASS   SFR61          

        CLASS   SFR62          

        CLASS   SFR63          

        CLASS   CONFIG         
                config                             8007     8007        5         4

        CLASS   IDLOC          

        CLASS   EEDATA         

        CLASS   BANK63         

        CLASS   BANK62         

        CLASS   BANK61         

        CLASS   BANK60         

        CLASS   BANK59         

        CLASS   BANK58         

        CLASS   BANK57         

        CLASS   BANK56         

        CLASS   BANK55         

        CLASS   BANK54         

        CLASS   BANK53         

        CLASS   BANK52         

        CLASS   BANK51         

        CLASS   BANK50         

        CLASS   BANK49         

        CLASS   BANK48         

        CLASS   BANK47         

        CLASS   BANK46         

        CLASS   BANK45         

        CLASS   BANK44         

        CLASS   BANK43         

        CLASS   BANK42         

        CLASS   BANK41         

        CLASS   BANK40         

        CLASS   BANK39         

        CLASS   BANK38         

        CLASS   BANK37         

        CLASS   BANK36         

        CLASS   BANK35         

        CLASS   BANK34         

        CLASS   BANK33         

        CLASS   BANK32         

        CLASS   BANK31         

        CLASS   BANK30         

        CLASS   BANK29         

        CLASS   BANK28         

        CLASS   BANK27         

        CLASS   BANK26         

        CLASS   HEAP           

        CLASS   STACK          



SEGMENTS        Name                           Load    Length   Top    Selector   Space  Class     Delta

                reset_vec                      000000  000004  000004         0       0  CODE        2
                intentry                       000004  000800  000804         8       0  CODE        2
                cstackBANK0                    000020  000050  000070        20       1  BANK0       1
                cstackCOMMON                   000070  00000E  00007E        70       1  COMMON      1
                cstackBANK1                    0000A0  000050  0000F0        A0       1  BANK1       1
                cstackBANK2                    000120  000050  000170       120       1  BANK2       1
                cstackBANK3                    0001A0  000050  0001F0       1A0       1  BANK3       1
                cstackBANK4                    000220  000050  000270       220       1  BANK4       1
                bssBANK5                       0002A0  000040  0002E0       2A0       1  BANK5       1
                bssBANK6                       000320  000050  000370       320       1  BANK6       1
                bssBANK7                       0003A0  00002E  0003CE       3A0       1  BANK7       1
                bssBANK8                       000420  00003C  00045C       420       1  BANK8       1
                bssBANK9                       0004A0  00003C  0004DC       4A0       1  BANK9       1
                text3                          000804  000062  000866      1008       0  CODE        2
                text55                         000866  0007BE  001024      10CC       0  CODE        2
                text59                         001024  000141  001165      2048       0  CODE        2
                text8                          001165  0002A0  001405      22CA       0  CODE        2
                text10                         001405  0003FC  001801      280A       0  CODE        2
                text6                          001801  00012A  00192B      3002       0  CODE        2
                text90                         00192B  000208  001B33      3256       0  CODE        2
                text92                         001B33  00023B  001D6E      3666       0  CODE        2
                text88                         001D6E  000296  002004      3ADC       0  CODE        2
                text11                         002004  0000AB  0020AF      4008       0  CODE        2
                text64                         0020AF  0000C5  002174      415E       0  CODE        2
                text48                         002174  0000DE  002252      42E8       0  CODE        2
                maintext                       002252  0000EC  00233E      44A4       0  CODE        2
                text31                         00233E  0000F1  00242F      467C       0  CODE        2
                text52                         00242F  0001CD  0025FC      485E       0  CODE        2
                text63                         0025FC  00021A  002816      4BF8       0  CODE        2
                text53                         002816  00005D  002873      502C       0  CODE        2
                text72                         002873  000060  0028D3      50E6       0  CODE        2
                text41                         0028D3  000061  002934      51A6       0  CODE        2
                text33                         002934  000069  00299D      5268       0  CODE        2
                text14                         00299D  000069  002A06      533A       0  CODE        2
                text61                         002A06  000071  002A77      540C       0  CODE        2
                text40                         002A77  000073  002AEA      54EE       0  CODE        2
                text50                         002AEA  00007B  002B65      55D4       0  CODE        2
                text60                         002B65  00007F  002BE4      56CA       0  CODE        2
                text36                         002BE4  000081  002C65      57C8       0  CODE        2
                text7                          002C65  000086  002CEB      58CA       0  CODE        2
                text94                         002CEB  00008B  002D76      59D6       0  CODE        2
                text73                         002D76  000091  002E07      5AEC       0  CODE        2
                text32                         002E07  000094  002E9B      5C0E       0  CODE        2
                text54                         002E9B  0000A3  002F3E      5D36       0  CODE        2
                text76                         002F3E  0000C3  003001      5E7C       0  CODE        2
                idataBANK3                     003001  000001  003002      6002       0  CODE        2
                text67                         003002  000025  003027      6004       0  CODE        2
                text57                         003027  000028  00304F      604E       0  CODE        2
                text28                         00304F  00002A  003079      609E       0  CODE        2
                text20                         003079  00002B  0030A4      60F2       0  CODE        2
                text84                         0030A4  00002C  0030D0      6148       0  CODE        2
                text142                        0030D0  00002D  0030FD      61A0       0  CODE        2
                text51                         0030FD  00002D  00312A      61FA       0  CODE        2
                text37                         00312A  00002D  003157      6254       0  CODE        2
                text83                         003157  00002F  003186      62AE       0  CODE        2
                text42                         003186  00002F  0031B5      630C       0  CODE        2
                text100                        0031B5  000030  0031E5      636A       0  CODE        2
                text39                         0031E5  000030  003215      63CA       0  CODE        2
                text16                         003215  000030  003245      642A       0  CODE        2
                text1                          003245  000036  00327B      648A       0  CODE        2
                text44                         00327B  00003A  0032B5      64F6       0  CODE        2
                text17                         0032B5  00003C  0032F1      656A       0  CODE        2
                text18                         0032F1  000040  003331      65E2       0  CODE        2
                text138                        003331  000041  003372      6662       0  CODE        2
                text43                         003372  000041  0033B3      66E4       0  CODE        2
                text128                        0033B3  000043  0033F6      6766       0  CODE        2
                text35                         0033F6  000043  003439      67EC       0  CODE        2
                text29                         003439  000043  00347C      6872       0  CODE        2
                text65                         00347C  000044  0034C0      68F8       0  CODE        2
                text13                         0034C0  000049  003509      6980       0  CODE        2
                text62                         003509  00004F  003558      6A12       0  CODE        2
                text25                         003558  00004F  0035A7      6AB0       0  CODE        2
                text21                         0035A7  00004F  0035F6      6B4E       0  CODE        2
                text30                         0035F6  000052  003648      6BEC       0  CODE        2
                text71                         003648  000054  00369C      6C90       0  CODE        2
                text24                         00369C  000057  0036F3      6D38       0  CODE        2
                text68                         0036F3  000059  00374C      6DE6       0  CODE        2
                text108                        00374C  00005A  0037A6      6E98       0  CODE        2
                text5                          0037A6  00005A  003800      6F4C       0  CODE        2
                stringtext1                    003800  0000C6  0038C6      7000       0  STRCODE     2
                text157                        003C49  000001  003C4A      7892       0  CODE        2
                text126                        003C4A  000001  003C4B      7894       0  CODE        2
                text122                        003C4B  000001  003C4C      7896       0  CODE        2
                text86                         003C4C  000001  003C4D      7898       0  CODE        2
                text155                        003C4D  000003  003C50      789A       0  CODE        2
                text154                        003C50  000003  003C53      78A0       0  CODE        2
                text151                        003C53  000003  003C56      78A6       0  CODE        2
                text149                        003C56  000003  003C59      78AC       0  CODE        2
                text146                        003C59  000003  003C5C      78B2       0  CODE        2
                text145                        003C5C  000003  003C5F      78B8       0  CODE        2
                text143                        003C5F  000003  003C62      78BE       0  CODE        2
                text125                        003C62  000003  003C65      78C4       0  CODE        2
                text110                        003C65  000003  003C68      78CA       0  CODE        2
                text99                         003C68  000003  003C6B      78D0       0  CODE        2
                text98                         003C6B  000003  003C6E      78D6       0  CODE        2
                text97                         003C6E  000003  003C71      78DC       0  CODE        2
                text82                         003C71  000003  003C74      78E2       0  CODE        2
                text46                         003C74  000003  003C77      78E8       0  CODE        2
                text156                        003C77  000004  003C7B      78EE       0  CODE        2
                text153                        003C7B  000004  003C7F      78F6       0  CODE        2
                text150                        003C7F  000004  003C83      78FE       0  CODE        2
                text148                        003C83  000004  003C87      7906       0  CODE        2
                text147                        003C87  000004  003C8B      790E       0  CODE        2
                text141                        003C8B  000004  003C8F      7916       0  CODE        2
                text132                        003C8F  000004  003C93      791E       0  CODE        2
                text127                        003C93  000004  003C97      7926       0  CODE        2
                text124                        003C97  000004  003C9B      792E       0  CODE        2
                text114                        003C9B  000004  003C9F      7936       0  CODE        2
                text109                        003C9F  000004  003CA3      793E       0  CODE        2
                text105                        003CA3  000004  003CA7      7946       0  CODE        2
                text85                         003CA7  000004  003CAB      794E       0  CODE        2
                text78                         003CAB  000004  003CAF      7956       0  CODE        2
                text144                        003CAF  000005  003CB4      795E       0  CODE        2
                text130                        003CB4  000005  003CB9      7968       0  CODE        2
                text137                        003CB9  000006  003CBF      7972       0  CODE        2
                text136                        003CBF  000006  003CC5      797E       0  CODE        2
                text129                        003CC5  000006  003CCB      798A       0  CODE        2
                text112                        003CCB  000006  003CD1      7996       0  CODE        2
                text107                        003CD1  000006  003CD7      79A2       0  CODE        2
                text81                         003CD7  000006  003CDD      79AE       0  CODE        2
                clrtext                        003CDD  000006  003CE3      79BA       0  CODE        2
                inittext                       003CE3  000006  003CE9      79C6       0  CODE        2
                text139                        003CE9  000007  003CF0      79D2       0  CODE        2
                text134                        003CF0  000007  003CF7      79E0       0  CODE        2
                text131                        003CF7  000007  003CFE      79EE       0  CODE        2
                text87                         003CFE  000007  003D05      79FC       0  CODE        2
                text80                         003D05  000007  003D0C      7A0A       0  CODE        2
                text79                         003D0C  000007  003D13      7A18       0  CODE        2
                text45                         003D13  000007  003D1A      7A26       0  CODE        2
                text140                        003D1A  000008  003D22      7A34       0  CODE        2
                text135                        003D22  000008  003D2A      7A44       0  CODE        2
                text96                         003D2A  000008  003D32      7A54       0  CODE        2
                text103                        003D32  000009  003D3B      7A64       0  CODE        2
                text38                         003D3B  000009  003D44      7A76       0  CODE        2
                text12                         003D44  000009  003D4D      7A88       0  CODE        2
                text119                        003D4D  00000A  003D57      7A9A       0  CODE        2
                text111                        003D57  00000B  003D62      7AAE       0  CODE        2
                text91                         003D62  00000B  003D6D      7AC4       0  CODE        2
                text118                        003D6D  00000C  003D79      7ADA       0  CODE        2
                text117                        003D79  00000C  003D85      7AF2       0  CODE        2
                text115                        003D85  00000C  003D91      7B0A       0  CODE        2
                text15                         003D91  00000D  003D9E      7B22       0  CODE        2
                idataBANK5                     003D9E  00000D  003DAB      7B3C       0  CODE        2
                text102                        003DAB  00000E  003DB9      7B56       0  CODE        2
                text121                        003DB9  00000F  003DC8      7B72       0  CODE        2
                text95                         003DC8  000010  003DD8      7B90       0  CODE        2
                text47                         003DD8  000010  003DE8      7BB0       0  CODE        2
                text152                        003DE8  000014  003DFC      7BD0       0  CODE        2
                text113                        003DFC  000016  003E12      7BF8       0  CODE        2
                text123                        003E12  000019  003E2B      7C24       0  CODE        2
                text104                        003E2B  000019  003E44      7C56       0  CODE        2
                text23                         003E44  00001A  003E5E      7C88       0  CODE        2
                text2                          003E5E  00001A  003E78      7CBC       0  CODE        2
                text66                         003E78  00001B  003E93      7CF0       0  CODE        2
                text27                         003E93  00001B  003EAE      7D26       0  CODE        2
                text26                         003EAE  00001B  003EC9      7D5C       0  CODE        2
                text22                         003EC9  00001B  003EE4      7D92       0  CODE        2
                text116                        003EE4  00001C  003F00      7DC8       0  CODE        2
                text70                         003F00  00001C  003F1C      7E00       0  CODE        2
                text49                         003F1C  00001E  003F3A      7E38       0  CODE        2
                text4                          003F3A  00001E  003F58      7E74       0  CODE        2
                text89                         003F58  000020  003F78      7EB0       0  CODE        2
                text56                         003F78  000020  003F98      7EF0       0  CODE        2
                text58                         003F98  000022  003FBA      7F30       0  CODE        2
                text133                        003FBA  000023  003FDD      7F74       0  CODE        2
                text19                         003FDD  000023  004000      7FBA       0  CODE        2


UNUSED ADDRESS RANGES

        Name                Unused          Largest block    Delta
        BANK10           00520-0056F              50           1
        BANK11           005A0-005EF              50           1
        BANK12           00620-0066F              50           1
        BANK13           006A0-006EF              50           1
        BANK14           00720-0076F              50           1
        BANK15           007A0-007EF              50           1
        BANK16           00820-0086F              50           1
        BANK17           008A0-008EF              50           1
        BANK18           00920-0096F              50           1
        BANK19           009A0-009EF              50           1
        BANK20           00A20-00A6F              50           1
        BANK21           00AA0-00AEF              50           1
        BANK22           00B20-00B6F              50           1
        BANK23           00BA0-00BEF              50           1
        BANK24           00C20-00C6F              50           1
        BANK25           00CA0-00CBF              20           1
        BANK5            002E0-002EF              10           1
        BANK7            003CE-003EF              22           1
        BANK8            0045C-0046F              14           1
        BANK9            004DC-004EF              14           1
        BIGRAM           02000-027EF             7F0           1
        CODE             038C6-03C48             383           2
        CONST            038C6-03C48             100           2
        EEDATA           0F000-0F0FF             100           2
        ENTRY            038C6-03C48             100           2
        IDLOC            08000-08003               4           2
        RAM              002E0-002EF              10           1
                         003CE-003EF              22
                         0045C-0046F              14
                         004DC-004EF              14
                         00520-0056F              50
                         005A0-005EF              50
                         00620-0066F              50
                         006A0-006EF              50
                         00720-0076F              50
                         007A0-007EF              50
                         00820-0086F              50
                         008A0-008EF              50
                         00920-0096F              50
                         009A0-009EF              50
                         00A20-00A6F              50
                         00AA0-00AEF              50
                         00B20-00B6F              50
                         00BA0-00BEF              50
                         00C20-00C6F              50
                         00CA0-00CBF              20
        SFR0             00000-0001F              20           1
        SFR1             00080-0009F              20           1
        SFR10            00500-0051F              20           1
        SFR11            00580-0059F              20           1
        SFR12            00600-0061F              20           1
        SFR13            00680-0069F              20           1
        SFR14            00700-0071F              20           1
        SFR15            00780-0079F              20           1
        SFR16            00800-0081F              20           1
        SFR17            00880-0089F              20           1
        SFR18            00900-0091F              20           1
        SFR19            00980-0099F              20           1
        SFR2             00100-0011F              20           1
        SFR20            00A00-00A1F              20           1
        SFR21            00A80-00A9F              20           1
        SFR22            00B00-00B1F              20           1
        SFR23            00B80-00B9F              20           1
        SFR24            00C00-00C1F              20           1
        SFR25            00C80-00C9F              20           1
        SFR26            00D00-00D6F              70           1
        SFR27            00D80-00DEF              70           1
        SFR28            00E00-00E6F              70           1
        SFR29            00E80-00EEF              70           1
        SFR3             00180-0019F              20           1
        SFR30            00F00-00F6F              70           1
        SFR31            00F80-00FEF              70           1
        SFR32            01000-0106F              70           1
        SFR33            01080-010EF              70           1
        SFR34            01100-0116F              70           1
        SFR35            01180-011EF              70           1
        SFR36            01200-0126F              70           1
        SFR37            01280-012EF              70           1
        SFR38            01300-0136F              70           1
        SFR39            01380-013EF              70           1
        SFR4             00200-0021F              20           1
        SFR40            01400-0146F              70           1
        SFR41            01480-014EF              70           1
        SFR42            01500-0156F              70           1
        SFR43            01580-015EF              70           1
        SFR44            01600-0166F              70           1
        SFR45            01680-016EF              70           1
        SFR46            01700-0176F              70           1
        SFR47            01780-017EF              70           1
        SFR48            01800-0186F              70           1
        SFR49            01880-018EF              70           1
        SFR5             00280-0029F              20           1
        SFR50            01900-0196F              70           1
        SFR51            01980-019EF              70           1
        SFR52            01A00-01A6F              70           1
        SFR53            01A80-01AEF              70           1
        SFR54            01B00-01B6F              70           1
        SFR55            01B80-01BEF              70           1
        SFR56            01C00-01C6F              70           1
        SFR57            01C80-01CEF              70           1
        SFR58            01D00-01D6F              70           1
        SFR59            01D80-01DEF              70           1
        SFR6             00300-0031F              20           1
        SFR60            01E00-01E6F              70           1
        SFR61            01E80-01EEF              70           1
        SFR62            01F00-01F6F              70           1
        SFR63            01F80-01FEF              70           1
        SFR7             00380-0039F              20           1
        SFR8             00400-0041F              20           1
        SFR9             00480-0049F              20           1
        STRCODE          038C6-03C48             383           2
        STRING           038C6-03C48             100           2

                                  Symbol Table

?__Umul8_16                                          cstackCOMMON 00074
?___awdiv                                            cstackCOMMON 00074
?___awmod                                            cstackCOMMON 00074
?___fladd                                            cstackBANK0  00044
?___fldiv                                            cstackBANK0  00058
?___flmul                                            cstackBANK0  0002A
?___flneg                                            cstackCOMMON 00074
?___flsub                                            cstackBANK0  00065
?___fltol                                            cstackBANK0  00058
?___fpclassifyf                                      cstackCOMMON 00074
?___xxtofl                                           cstackCOMMON 00074
?_abs                                                cstackBANK0  00023
?_compensate_humidity                                cstackBANK1  000AD
?_compensate_pressure                                cstackBANK1  000AD
?_compensate_temperature                             cstackBANK1  000AD
?_dtoa                                               cstackBANK0  00034
?_efgtoa                                             cstackBANK1  000B7
?_floorf                                             cstackBANK0  00065
?_labs                                               cstackCOMMON 00074
?_pad                                                cstackBANK0  0002B
?_roundf                                             cstackBANK1  000AD
?_snprintf                                           cstackBANK2  00136
?_sprintf                                            cstackBANK2  00136
?_stoa                                               cstackBANK0  00025
?_strcmp                                             cstackCOMMON 00074
?_strlen                                             cstackCOMMON 00074
?_strncmp                                            cstackBANK0  00020
?_vfpfcnvrt                                          cstackBANK2  00120
?_vfprintf                                           cstackBANK2  00130
?_weather_dev                                        cstackBANK2  00120
EEPROM_Read@address                                  cstackCOMMON 00074
EEPROM_Write@address                                 cstackCOMMON 00074
EEPROM_Write@data                                    cstackCOMMON 00076
EEPROM_Write@globalInterruptBitValue                 cstackCOMMON 00077
EUSART1_FramingErrorCallbackRegister@callbackHandler cstackCOMMON 00074
EUSART1_OverrunErrorCallbackRegister@callbackHandler cstackCOMMON 00074
EUSART1_Write@txData                                 cstackCOMMON 00074
I2C2_CallbackRegister@callbackHandler                cstackCOMMON 00074
I2C2_DataTransmit@data                               cstackCOMMON 00070
I2C2_EVENT_ERROR@retEventState                       cstackCOMMON 00070
I2C2_EVENT_NACK@retEventState                        cstackCOMMON 00070
I2C2_EVENT_RX@retEventState                          cstackCOMMON 00071
I2C2_EVENT_TX@retEventState                          cstackCOMMON 00071
I2C2_Write@address                                   cstackBANK0  00020
I2C2_Write@data                                      cstackBANK0  00022
I2C2_Write@dataLength                                cstackBANK0  00023
I2C2_Write@retStatus                                 cstackCOMMON 00075
I2C2_WriteRead@address                               cstackBANK0  00020
I2C2_WriteRead@readData                              cstackBANK0  00025
I2C2_WriteRead@readLength                            cstackBANK0  00027
I2C2_WriteRead@retStatus                             cstackCOMMON 00075
I2C2_WriteRead@writeData                             cstackBANK0  00022
I2C2_WriteRead@writeLength                           cstackBANK0  00023
INT_SetInterruptHandler@InterruptHandler             cstackCOMMON 00074
NVM_UnlockKeySet@unlockKey                           cstackCOMMON 00074
TMR6_OverflowCallbackRegister@InterruptHandler       cstackCOMMON 00074
_ACTCON                                              (abs)        00214
_ANSELA                                              (abs)        01E8C
_ANSELB                                              (abs)        01E96
_ANSELC                                              (abs)        01EA0
_ANSELD                                              (abs)        01EAA
_ANSELDbits                                          (abs)        01EAA
_ANSELE                                              (abs)        01EB4
_BAUD1CON                                            (abs)        00612
_BAUD1CONbits                                        (abs)        00612
_CLOCK_Initialize                                    text119      03D4D
_EEPROM_Read                                         text103      03D32
_EEPROM_Write                                        text2        03E5E
_EUSART1_AutoBaudQuery                               (abs)        00000
_EUSART1_AutoBaudSet                                 (abs)        00000
_EUSART1_DefaultFramingErrorCallback                 text86       03C4C
_EUSART1_DefaultOverrunErrorCallback                 text85       03CA7
_EUSART1_Deinitialize                                (abs)        00000
_EUSART1_Enable                                      text99       03C68
_EUSART1_ErrorGet                                    (abs)        00000
_EUSART1_FramingErrorCallbackRegister                text118      03D6D
_EUSART1_FramingErrorHandler                         bssBANK4     0026A
_EUSART1_Initialize                                  text116      03EE4
_EUSART1_IsRxReady                                   text87       03CFE
_EUSART1_IsTxDone                                    text75       02000
_EUSART1_IsTxReady                                   (abs)        00000
_EUSART1_OverrunErrorCallbackRegister                text117      03D79
_EUSART1_OverrunErrorHandler                         bssBANK4     00268
_EUSART1_Read                                        text84       030A4
_EUSART1_ReceiveEnable                               text98       03C6B
_EUSART1_TransmitDisable                             (abs)        00000
_EUSART1_TransmitEnable                              text97       03C6E
_EUSART1_Write                                       text74       00800
_I2C2_AckSend                                        text150      03C7F
_I2C2_BusReset                                       text156      03C77
_I2C2_Callback                                       bssBANK5     002D1
_I2C2_CallbackRegister                               text115      03D85
_I2C2_Close                                          text152      03DE8
_I2C2_DataReceive                                    text149      03C56
_I2C2_DataTransmit                                   text144      03CAF
_I2C2_DefaultCallback                                text157      03C49
_I2C2_Deinitialize                                   (abs)        00000
_I2C2_ERROR_ISR                                      text132      03C8F
_I2C2_EVENT_ERROR                                    text136      03CBF
_I2C2_EVENT_IDLE                                     text141      03C8B
_I2C2_EVENT_NACK                                     text137      03CB9
_I2C2_EVENT_RESET                                    text134      03CF0
_I2C2_EVENT_RX                                       text138      03331
_I2C2_EVENT_SEND_RD_ADDR                             text140      03D1A
_I2C2_EVENT_SEND_WR_ADDR                             text139      03CE9
_I2C2_EVENT_STOP                                     text135      03D22
_I2C2_EVENT_TX                                       text142      030D0
_I2C2_ErrorEventHandler                              text133      03FBA
_I2C2_ErrorGet                                       (abs)        00000
_I2C2_ErrorInterruptClear                            text155      03C4D
_I2C2_EventHandler                                   text128      033B3
_I2C2_ISR                                            text127      03C93
_I2C2_Initialize                                     text113      03DFC
_I2C2_InterruptClear                                 text154      03C50
_I2C2_InterruptsEnable                               text114      03C9B
_I2C2_IsAddr                                         text131      03CF7
_I2C2_IsBusy                                         text47       03DD8
_I2C2_IsBusy$720                                     cstackCOMMON 00074
_I2C2_IsData                                         text130      03CB4
_I2C2_IsNack                                         text129      03CC5
_I2C2_IsRxBufFull                                    text148      03C83
_I2C2_NackSend                                       text147      03C87
_I2C2_Read                                           (abs)        00000
_I2C2_ReceiveEnable                                  text146      03C59
_I2C2_RestartDisable                                 text145      03C5C
_I2C2_RestartEnable                                  text143      03C5F
_I2C2_StartSend                                      text46       03C74
_I2C2_StatusFlagsClear                               text153      03C7B
_I2C2_StopSend                                       text151      03C53
_I2C2_Write                                          text37       0312A
_I2C2_WriteRead                                      text44       0327B
_I2C2_WriteStart                                     text45       03D13
_INLVLA                                              (abs)        01E90
_INLVLB                                              (abs)        01E9A
_INLVLC                                              (abs)        01EA4
_INLVLD                                              (abs)        01EAE
_INLVLE                                              (abs)        01EB8
_INTCONbits                                          (abs)        0000B
_INTERRUPT_Initialize                                text111      03D57
_INTERRUPT_InterruptManager                          intentry     00004
_INT_DefaultInterruptHandler                         (abs)        00000
_INT_InterruptHandler                                bssBANK4     0026C
_INT_SetInterruptHandler                             text112      03CCB
_IOCAF                                               (abs)        01E93
_IOCAN                                               (abs)        01E92
_IOCAP                                               (abs)        01E91
_IOCBF                                               (abs)        01E9D
_IOCBN                                               (abs)        01E9C
_IOCBP                                               (abs)        01E9B
_IOCCF                                               (abs)        01EA7
_IOCCN                                               (abs)        01EA6
_IOCCP                                               (abs)        01EA5
_IOCEF                                               (abs)        01EBB
_IOCEN                                               (abs)        01EBA
_IOCEP                                               (abs)        01EB9
_LATA                                                (abs)        00018
_LATAbits                                            (abs)        00018
_LATB                                                (abs)        00019
_LATC                                                (abs)        0001A
_LATD                                                (abs)        0001B
_LATE                                                (abs)        0001C
_MAX_OVERFLOWS                                       dataBANK3    001EF
_NVMADRH                                             (abs)        01C8D
_NVMADRL                                             (abs)        01C8C
[...]
rylr998_write@newline_found                          cstackBANK0  00025
set_filter_standby_settings@desired_settings         cstackBANK0  00058
set_filter_standby_settings@dev                      cstackBANK0  00056
set_filter_standby_settings@reg_addr                 cstackBANK0  0005A
set_filter_standby_settings@reg_data                 cstackBANK0  0005B
set_filter_standby_settings@rslt                     cstackBANK0  00059
set_filter_standby_settings@settings                 cstackBANK0  00054
set_osr_humidity_settings@ctrl_hum                   cstackBANK0  00058
set_osr_humidity_settings@ctrl_meas                  cstackBANK0  00059
set_osr_humidity_settings@dev                        cstackBANK0  00056
set_osr_humidity_settings@reg_addr                   cstackBANK0  0005B
set_osr_humidity_settings@rslt                       cstackBANK0  0005A
set_osr_humidity_settings@settings                   cstackBANK0  00054
set_osr_press_temp_settings@desired_settings         cstackBANK0  00058
set_osr_press_temp_settings@dev                      cstackBANK0  00056
set_osr_press_temp_settings@reg_addr                 cstackBANK0  0005A
set_osr_press_temp_settings@reg_data                 cstackBANK0  0005B
set_osr_press_temp_settings@rslt                     cstackBANK0  00059
set_osr_press_temp_settings@settings                 cstackBANK0  00054
set_osr_settings@desired_settings                    cstackBANK0  00061
set_osr_settings@dev                                 cstackBANK0  0005E
set_osr_settings@rslt                                cstackBANK0  00060
set_osr_settings@settings                            cstackBANK0  0005C
snprintf@ap                                          cstackBANK2  00147
snprintf@cnt                                         cstackBANK2  00148
snprintf@f                                           cstackBANK2  0014A
snprintf@fmt                                         cstackBANK2  0013A
snprintf@n                                           cstackBANK2  00138
snprintf@s                                           cstackBANK2  00136
sprintf@ap                                           cstackBANK2  00144
sprintf@f                                            cstackBANK2  00145
sprintf@fmt                                          cstackBANK2  00136
sprintf@s                                            cstackBANK2  00143
start                                                init         0003D
start_initialization                                 cinit        0003F
stoa@F1180                                           dataBANK5    002D3
stoa@cp                                              cstackBANK0  00035
stoa@fp                                              cstackBANK0  00034
stoa@i                                               cstackBANK0  00032
stoa@l                                               cstackBANK0  00039
stoa@nuls                                            cstackBANK0  00029
stoa@p                                               cstackBANK0  00037
stoa@s                                               cstackBANK0  00025
stoa@w                                               cstackBANK0  00030
strcmp@l                                             cstackCOMMON 00074
strcmp@r                                             cstackCOMMON 00076
strcpy@d                                             cstackBANK0  00022
strcpy@dest                                          cstackBANK0  00023
strcpy@s                                             cstackBANK0  00020
strcpy@src                                           cstackCOMMON 00074
strlen@a                                             cstackBANK0  00020
strlen@s                                             cstackCOMMON 00074
strncmp@_l                                           cstackBANK0  00020
strncmp@_r                                           cstackBANK0  00022
strncmp@l                                            cstackBANK0  00026
strncmp@n                                            cstackBANK0  00024
strncmp@r                                            cstackBANK0  00028
vfpfcnvrt@ap                                         cstackBANK2  00121
vfpfcnvrt@c                                          cstackBANK2  0012C
vfpfcnvrt@convarg                                    cstackBANK2  00128
vfpfcnvrt@cp                                         cstackBANK2  0012E
vfpfcnvrt@fmt                                        cstackBANK2  00120
vfpfcnvrt@fp                                         cstackBANK2  0012D
vfprintf@ap                                          cstackBANK2  00132
vfprintf@cfmt                                        cstackBANK2  00134
vfprintf@fmt                                         cstackBANK2  00130
vfprintf@fp                                          cstackBANK2  00133
weather_dev@dev                                      cstackBANK3  001A5
weather_dev@settings                                 cstackBANK3  001A0
weather_is_measurement_done@dev                      cstackBANK0  0003E
weather_is_measurement_done@status_reg               cstackBANK0  0003F
weather_read@dev                                     cstackBANK1  000EC
weather_read@rslt                                    cstackBANK1  000ED
weather_read@weather                                 cstackBANK1  000E9
write_eeprom@address                                 cstackBANK0  00020
write_eeprom@data                                    cstackBANK0  00022
write_eeprom@i                                       cstackBANK0  00027
write_eeprom@size                                    cstackBANK0  00024
write_power_mode@dev                                 cstackBANK0  00054
write_power_mode@reg_addr                            cstackBANK0  00059
write_power_mode@rslt                                cstackBANK0  00058
write_power_mode@sensor_mode                         cstackBANK0  00057
write_power_mode@sensor_mode_reg_val                 cstackBANK0  0005A
wtemp0                                               (abs)        0007E


MODULE INFORMATION

Module		Function		Class		Link	Load	Size
C:\Program Files\Microchip\xc8\v2.41\pic\sources\c99\common\__fpclassifyf.c
		___fpclassifyf 		CODE           	2B65	0000	127

C:\Program Files\Microchip\xc8\v2.41\pic\sources\c99\common\__fpclassifyf.c estimated size: 127

C:\Program Files\Microchip\xc8\v2.41\pic\sources\c99\common\awmod.c
		___awmod       		CODE           	3648	0000	84

C:\Program Files\Microchip\xc8\v2.41\pic\sources\c99\common\awmod.c estimated size: 84

C:\Program Files\Microchip\xc8\v2.41\pic\sources\c99\common\floorf.c
		_floorf        		CODE           	1024	0000	321

C:\Program Files\Microchip\xc8\v2.41\pic\sources\c99\common\floorf.c estimated size: 321

C:\Program Files\Microchip\xc8\v2.41\pic\sources\c99\common\roundf.c
		_roundf        		CODE           	1D6E	0000	658

C:\Program Files\Microchip\xc8\v2.41\pic\sources\c99\common\roundf.c estimated size: 658

C:\Program Files\Microchip\xc8\v2.41\pic\sources\c99\common\flge.c
		___flge        		CODE           	2CEB	0000	139

C:\Program Files\Microchip\xc8\v2.41\pic\sources\c99\common\flge.c estimated size: 139

C:\Program Files\Microchip\xc8\v2.41\pic\sources\c99\common\Umul8_16.c
		__Umul8_16     		CODE           	1000	0000	36

C:\Program Files\Microchip\xc8\v2.41\pic\sources\c99\common\Umul8_16.c estimated size: 36

weather.c
		_bme280_i2c_read		CODE           	3372	0000	65
		_bme280_delay_us		CODE           	3D3B	0000	9
		_bme280_i2c_write		CODE           	2BE4	0000	129
		_weather_dev   		CODE           	34C0	0000	73
		_weather_read  		CODE           	0804	0000	98
		_weather_init  		CODE           	3D44	0000	9
		_weather_is_measurement_done		CODE           	3F3A	0000	30

weather.c estimated size: 413

C:\Program Files\Microchip\xc8\v2.41\pic\sources\c99\common\fltol.c
		___fltol       		CODE           	2A06	0000	113

C:\Program Files\Microchip\xc8\v2.41\pic\sources\c99\common\fltol.c estimated size: 113

C:\Program Files\Microchip\xc8\v2.41\pic\sources\c99\common\xxtofl.c
		___xxtofl      		CODE           	2004	0000	171

C:\Program Files\Microchip\xc8\v2.41\pic\sources\c99\common\xxtofl.c estimated size: 171

mcc_generated_files/system/src/watchdog.c
		_WDT_Initialize		CODE           	3CA3	0000	4

mcc_generated_files/system/src/watchdog.c estimated size: 4

C:\Program Files\Microchip\xc8\v2.41\pic\sources\c99\common\strlen.c
		_strlen        		CODE           	3E78	0000	27

C:\Program Files\Microchip\xc8\v2.41\pic\sources\c99\common\strlen.c estimated size: 27

C:\Program Files\Microchip\xc8\v2.41\pic\sources\c99\common\nf_fputc.c
		_fputc         		CODE           	36F3	0000	89

C:\Program Files\Microchip\xc8\v2.41\pic\sources\c99\common\nf_fputc.c estimated size: 89

C:\Program Files\Microchip\xc8\v2.41\pic\sources\c99\common\strcmp.c
		_strcmp        		CODE           	3157	0000	47

C:\Program Files\Microchip\xc8\v2.41\pic\sources\c99\common\strcmp.c estimated size: 47

C:\Program Files\Microchip\xc8\v2.41\pic\sources\c99\common\strcpy.c
		_strcpy        		CODE           	3F78	0000	32

C:\Program Files\Microchip\xc8\v2.41\pic\sources\c99\common\strcpy.c estimated size: 32

C:\Program Files\Microchip\xc8\v2.41\pic\sources\c99\common\nf_sprintf.c
		_sprintf       		CODE           	3F1C	0000	30

C:\Program Files\Microchip\xc8\v2.41\pic\sources\c99\common\nf_sprintf.c estimated size: 30

bme280.c
		_compensate_temperature		CODE           	1165	0000	672
		_bme280_get_sensor_data		CODE           	37A6	0000	90
		_fill_filter_settings		CODE           	3E93	0000	27
		_parse_device_settings		CODE           	2A77	0000	115
		_compensate_humidity		CODE           	1405	0000	1019
		_fill_osr_temp_settings		CODE           	3EC9	0000	27
		_fill_standby_settings		CODE           	3EAE	0000	27
		_bme280_get_regs		CODE           	28D3	0000	97
		_bme280_set_regs		CODE           	06C9	0000	306
		_reload_device_settings		CODE           	3FDD	0000	35
		_fill_osr_press_settings		CODE           	3E44	0000	26
		_bme280_get_sensor_mode		CODE           	304F	0000	42
		_bme280_set_sensor_mode		CODE           	3215	0000	48
		_put_device_to_sleep		CODE           	32F1	0000	64
		_compensate_pressure		CODE           	0095	0000	1588
		_set_filter_standby_settings		CODE           	3558	0000	79
		_get_calib_data		CODE           	35F6	0000	82
		_write_power_mode		CODE           	32B5	0000	60
		_set_osr_press_temp_settings		CODE           	35A7	0000	79
		_parse_sensor_data		CODE           	1801	0000	298
		_set_osr_humidity_settings		CODE           	369C	0000	87
		_parse_humidity_calib_data		CODE           	2E07	0000	148
		_bme280_init   		CODE           	3439	0000	67
		_null_ptr_check		CODE           	3186	0000	47
		_interleave_reg_addr		CODE           	33F6	0000	67
		_bme280_get_sensor_settings		CODE           	31E5	0000	48
		_bme280_set_sensor_settings		CODE           	299D	0000	105
		_are_settings_changed		CODE           	3D91	0000	13
		_bme280_compensate_data		CODE           	2C65	0000	134
		_set_osr_settings		CODE           	3079	0000	43
		_parse_temp_press_calib_data		CODE           	233E	0000	241
		_bme280_soft_reset		CODE           	2934	0000	105

bme280.c estimated size: 5886

C:\Program Files\Microchip\xc8\v2.41\pic\sources\c99\common\sprcadd.c
		___flsub       		CODE           	3F58	0000	32
		___fladd       		CODE           	192B	0000	520

C:\Program Files\Microchip\xc8\v2.41\pic\sources\c99\common\sprcadd.c estimated size: 552

mcc_generated_files/system/src/interrupt.c
		_INT_SetInterruptHandler		CODE           	3CCB	0000	6
		_INTERRUPT_Initialize		CODE           	3D57	0000	11
		_INTERRUPT_InterruptManager		CODE           	0004	0000	57

mcc_generated_files/system/src/interrupt.c estimated size: 74

C:\Program Files\Microchip\xc8\v2.41\pic\sources\c99\common\awdiv.c
		___awdiv       		CODE           	2873	0000	96

C:\Program Files\Microchip\xc8\v2.41\pic\sources\c99\common\awdiv.c estimated size: 96

C:\Program Files\Microchip\xc8\v2.41\pic\sources\c99\common\abs.c
		_abs           		CODE           	3F00	0000	28

C:\Program Files\Microchip\xc8\v2.41\pic\sources\c99\common\abs.c estimated size: 28

C:\Program Files\Microchip\xc8\v2.41\pic\sources\c99\common\doprnt.c
		_vfpfcnvrt     		CODE           	242F	0000	461
		_efgtoa        		CODE           	0866	0000	1946
		_pad           		CODE           	347C	0000	68
		_dtoa          		CODE           	20AF	0000	197
		_vfprintf      		CODE           	30FD	0000	45
		_stoa          		CODE           	2E9B	0000	163

C:\Program Files\Microchip\xc8\v2.41\pic\sources\c99\common\doprnt.c estimated size: 2880

timeout.c
		_timer_increment		CODE           	3E12	0000	25
		_timeout_init  		CODE           	3D2A	0000	8
		_timeout_stop  		CODE           	3CAB	0000	4
		_timeout_start 		CODE           	3D05	0000	7
		_timeot_reset  		CODE           	3CD7	0000	6
		_timeout_timed_out		CODE           	0002	0000	2

timeout.c estimated size: 52

C:\Program Files\Microchip\xc8\v2.41\pic\sources\c99\common\flneg.c
		___flneg       		CODE           	3D62	0000	11

C:\Program Files\Microchip\xc8\v2.41\pic\sources\c99\common\flneg.c estimated size: 11

C:\Program Files\Microchip\xc8\v2.41\pic\sources\c99\common\fleq.c
		___fleq        		CODE           	3509	0000	79

C:\Program Files\Microchip\xc8\v2.41\pic\sources\c99\common\fleq.c estimated size: 79

mcc_generated_files/nvm/src/nvm.c
		_NVM_UnlockKeySet		CODE           	07FB	0000	5
		_NVM_Initialize		CODE           	3C9F	0000	4
		_EEPROM_Read   		CODE           	3D32	0000	9
		_EEPROM_Write  		CODE           	3E5E	0000	26
		_NVM_StatusClear		CODE           	3C65	0000	3
		_NVM_IsBusy    		CODE           	3DAB	0000	14

mcc_generated_files/nvm/src/nvm.c estimated size: 61

mcc_generated_files/system/src/pins.c
		_PIN_MANAGER_Initialize		CODE           	374C	0000	90
		_PIN_MANAGER_IOC		CODE           	3C4A	0000	1

mcc_generated_files/system/src/pins.c estimated size: 91

shared
		__initialization		CODE           	003F	0000	82
		_UART1         		STRCODE        	0000	0000	0
		_I2C2_Host     		STRCODE        	0000	0000	0
		_toint         		STRCODE        	0000	0000	0
		_i2c2_eventTable		STRCODE        	3863	0000	18
		_TimeoutTimer  		STRCODE        	0000	0000	0
		i1_timeout_stop		CODE           	3C97	0000	4
		i1_TMR6_Stop   		CODE           	3C62	0000	3

shared estimated size: 107

mcc_generated_files/timer/src/tmr6.c
		_TMR6_ISR      		CODE           	3DB9	0000	15
		_TMR6_Initialize		CODE           	2800	0000	22
		_TMR6_Stop     		CODE           	3D0C	0000	7
		_TMR6_Start    		CODE           	3C71	0000	3
		_TMR6_OverflowCallbackRegister		CODE           	3CD1	0000	6
		_TMR6_DefaultOverflowCallback		CODE           	3C4B	0000	1

mcc_generated_files/timer/src/tmr6.c estimated size: 54

C:\Program Files\Microchip\xc8\v2.41\pic\sources\c99\common\memcpy.c
		_memcpy        		CODE           	3027	0000	40

C:\Program Files\Microchip\xc8\v2.41\pic\sources\c99\common\memcpy.c estimated size: 40

rylr998.c
		_rylr998_read  		CODE           	2F3E	0000	194
		_rylr998_send  		CODE           	2174	0000	222
		_rylr998_init  		CODE           	3DC8	0000	16
		_rylr998_write 		CODE           	2D76	0000	145

rylr998.c estimated size: 577

C:\Program Files\Microchip\xc8\v2.41\pic\sources\c99\common\putch.c
		_putch         		CODE           	3000	0000	1

C:\Program Files\Microchip\xc8\v2.41\pic\sources\c99\common\putch.c estimated size: 1

C:\Program Files\Microchip\xc8\v2.41\pic\sources\c99\common\nf_fputs.c
		_fputs         		CODE           	3002	0000	37

C:\Program Files\Microchip\xc8\v2.41\pic\sources\c99\common\nf_fputs.c estimated size: 37

mcc_generated_files/system/src/clock.c
		_CLOCK_Initialize		CODE           	3D4D	0000	10

mcc_generated_files/system/src/clock.c estimated size: 10

mcc_generated_files/i2c_host/src/mssp2.c
		_I2C2_DefaultCallback		CODE           	3C49	0000	1
		_I2C2_WriteRead		CODE           	327B	0000	58
		_I2C2_StartSend		CODE           	3C74	0000	3
		_I2C2_EVENT_SEND_WR_ADDR		CODE           	3CE9	0000	7
		_I2C2_NackSend 		CODE           	3C87	0000	4
		_I2C2_ErrorEventHandler		CODE           	3FBA	0000	35
		_I2C2_CallbackRegister		CODE           	3D85	0000	12
		_I2C2_EVENT_RESET		CODE           	3CF0	0000	7
		_I2C2_EVENT_ERROR		CODE           	3CBF	0000	6
		_I2C2_ErrorInterruptClear		CODE           	3C4D	0000	3
		_I2C2_StatusFlagsClear		CODE           	3C7B	0000	4
		_I2C2_InterruptsEnable		CODE           	3C9B	0000	4
		_I2C2_InterruptClear		CODE           	3C50	0000	3
		_I2C2_WriteStart		CODE           	3D13	0000	7
		_I2C2_EVENT_RX 		CODE           	3331	0000	65
		_I2C2_EVENT_TX 		CODE           	30D0	0000	45
		_I2C2_ReceiveEnable		CODE           	3C59	0000	3
		_I2C2_RestartEnable		CODE           	3C5F	0000	3
		_I2C2_ISR      		CODE           	3C93	0000	4
		_I2C2_EventHandler		CODE           	33B3	0000	67
		_I2C2_DataReceive		CODE           	3C56	0000	3
		_I2C2_IsData   		CODE           	3CB4	0000	5
		_I2C2_IsNack   		CODE           	3CC5	0000	6
		_I2C2_IsAddr   		CODE           	3CF7	0000	7
		_I2C2_IsBusy   		CODE           	3DD8	0000	16
		_I2C2_EVENT_IDLE		CODE           	3C8B	0000	4
		_I2C2_EVENT_NACK		CODE           	3CB9	0000	6
		_I2C2_EVENT_SEND_RD_ADDR		CODE           	3D1A	0000	8
		_I2C2_EVENT_STOP		CODE           	3D22	0000	8
		_I2C2_BusReset 		CODE           	3C77	0000	4
		_I2C2_Initialize		CODE           	3DFC	0000	22
		_I2C2_Close    		CODE           	3DE8	0000	20
		_I2C2_ERROR_ISR		CODE           	3C8F	0000	4
		_I2C2_IsRxBufFull		CODE           	3C83	0000	4
		_I2C2_Write    		CODE           	312A	0000	45
		_I2C2_StopSend 		CODE           	3C53	0000	3
		_I2C2_RestartDisable		CODE           	3C5C	0000	3
		_I2C2_DataTransmit		CODE           	3CAF	0000	5
		_I2C2_AckSend  		CODE           	3C7F	0000	4

mcc_generated_files/i2c_host/src/mssp2.c estimated size: 518

C:\Program Files\Microchip\xc8\v2.41\pic\sources\c99\common\labs.c
		_labs          		CODE           	3F98	0000	34

C:\Program Files\Microchip\xc8\v2.41\pic\sources\c99\common\labs.c estimated size: 34

main.c
		_main          		CODE           	2252	0000	236
		_read_eeprom   		CODE           	31B5	0000	48
		_write_eeprom  		CODE           	3245	0000	54

main.c estimated size: 338

C:\Program Files\Microchip\xc8\v2.41\pic\sources\c99\common\strncmp.c
		_strncmp       		CODE           	2816	0000	93

C:\Program Files\Microchip\xc8\v2.41\pic\sources\c99\common\strncmp.c estimated size: 93

mcc_generated_files/uart/src/eusart1.c
		_EUSART1_Initialize		CODE           	3EE4	0000	28
		_EUSART1_DefaultFramingErrorCallback		CODE           	3C4C	0000	1
		_EUSART1_Read  		CODE           	30A4	0000	44
		_EUSART1_ReceiveEnable		CODE           	3C6B	0000	3
		_EUSART1_IsTxDone		CODE           	2000	0000	4
		_EUSART1_Write 		CODE           	0800	0000	4
		_EUSART1_TransmitEnable		CODE           	3C6E	0000	3
		_EUSART1_Enable		CODE           	3C68	0000	3
		_EUSART1_FramingErrorCallbackRegister		CODE           	3D6D	0000	12
		_EUSART1_IsRxReady		CODE           	3CFE	0000	7
		_EUSART1_OverrunErrorCallbackRegister		CODE           	3D79	0000	12
		_EUSART1_DefaultOverrunErrorCallback		CODE           	3CA7	0000	4

mcc_generated_files/uart/src/eusart1.c estimated size: 125

C:\Program Files\Microchip\xc8\v2.41\pic\sources\c99\common\sprcmul.c
		___flmul       		CODE           	1B33	0000	571

C:\Program Files\Microchip\xc8\v2.41\pic\sources\c99\common\sprcmul.c estimated size: 571

mcc_generated_files/system/src/system.c
		_SYSTEM_Initialize		CODE           	3E2B	0000	25

mcc_generated_files/system/src/system.c estimated size: 25

C:\Program Files\Microchip\xc8\v2.41\pic\sources\c99\common\sprcdiv.c
		___fldiv       		CODE           	25FC	0000	516

C:\Program Files\Microchip\xc8\v2.41\pic\sources\c99\common\sprcdiv.c estimated size: 516

C:\Program Files\Microchip\xc8\v2.41\pic\sources\c99\common\nf_snprintf.c
		_snprintf      		CODE           	2AEA	0000	123

C:\Program Files\Microchip\xc8\v2.41\pic\sources\c99\common\nf_snprintf.c estimated size: 123

