Microchip MPLAB XC8 Compiler V2.41

Linker command line:

-W-3 \
  --edf=C:/Program Files/Microchip/MPLABX/v6.10/packs/Microchip/PIC16F1xxxx_DFP/1.18.352/xc8\pic\dat\20230322162823_en.msgs \
  -cn -h+dist/default/debug\Third.X.debug.sym \
  --cmf=dist/default/debug\Third.X.debug.cmf -z -Q16F18076 \
  -oC:\Users\zmiller\AppData\Local\Temp\xcAso54.\driver_tmp_3.o \
  --defsym=__MPLAB_BUILD=1 --fixupoverflow=error \
  -Mdist/default/debug/Third.X.debug.map \
  --md=C:\Users\zmiller\AppData\Local\Temp\xcAso54.\driver_tmp_0.dat -E1 \
  -ver=XC8 Compiler --acfsm=1493 -AHEAP=0235Ch-027EFh -pheap=HEAP \
  -ACODE=00h-07FFhx8 -ASTRCODE=00h-03FFFh -ASTRING=00h-0FFhx64 \
  -ACONST=00h-0FFhx64 -AENTRY=00h-0FFhx64 -ACOMMON=070h-07Fh \
  -ABANK0=020h-06Fh -ABANK1=0A0h-0EFh -ABANK2=0120h-016Fh \
  -ABANK3=01A0h-01EFh -ABANK4=0220h-026Fh -ABANK5=02A0h-02EFh \
  -ABANK6=0320h-036Fh -ABANK7=03A0h-03EFh -ABANK8=0420h-046Fh \
  -ABANK9=04A0h-04EFh -ABANK10=0520h-056Fh -ABANK11=05A0h-05EFh \
  -ABANK12=0620h-066Fh -ABANK13=06A0h-06EFh -ABANK14=0720h-076Fh \
  -ABANK15=07A0h-07EFh -ABANK16=0820h-086Fh -ABANK17=08A0h-08EFh \
  -ABANK18=0920h-096Fh -ABANK19=09A0h-09EFh -ABANK20=0A20h-0A6Fh \
  -ABANK21=0AA0h-0AEFh -ABANK22=0B20h-0B6Fh -ABANK23=0BA0h-0BEFh \
  -ABANK24=0C20h-0C6Fh -ABANK25=0CA0h-0CBFh -ABIGRAM=02000h-027EFh \
  -ARAM=020h-06Fh,0A0h-0EFh,0120h-016Fh,01A0h-01EFh,0220h-026Fh,02A0h-02EFh,0320h-036Fh,03A0h-03EFh,0420h-046Fh,04A0h-04EFh,0520h-056Fh,05A0h-05EFh,0620h-066Fh,06A0h-06EFh,0720h-076Fh,07A0h-07EFh,0820h-086Fh,08A0h-08EFh,0920h-096Fh,09A0h-09EFh,0A20h-0A6Fh,0AA0h-0AEFh,0B20h-0B6Fh,0BA0h-0BEFh,0C20h-0C6Fh,0CA0h-0CBFh \
  -AABS1=020h-07Fh,0A0h-0EFh,0120h-016Fh,01A0h-01EFh,0220h-026Fh,02A0h-02EFh,0320h-036Fh,03A0h-03EFh,0420h-046Fh,04A0h-04EFh,0520h-056Fh,05A0h-05EFh,0620h-066Fh,06A0h-06EFh,0720h-076Fh,07A0h-07EFh,0820h-086Fh,08A0h-08EFh,0920h-096Fh,09A0h-09EFh,0A20h-0A6Fh,0AA0h-0AEFh,0B20h-0B6Fh,0BA0h-0BEFh,0C20h-0C6Fh,0CA0h-0CBFh \
  -ASFR0=00h-01Fh -ASFR1=080h-09Fh -ASFR2=0100h-011Fh -ASFR3=0180h-019Fh \
  -ASFR4=0200h-021Fh -ASFR5=0280h-029Fh -ASFR6=0300h-031Fh \
  -ASFR7=0380h-039Fh -ASFR8=0400h-041Fh -ASFR9=0480h-049Fh \
  -ASFR10=0500h-051Fh -ASFR11=0580h-059Fh -ASFR12=0600h-061Fh \
  -ASFR13=0680h-069Fh -ASFR14=0700h-071Fh -ASFR15=0780h-079Fh \
  -ASFR16=0800h-081Fh -ASFR17=0880h-089Fh -ASFR18=0900h-091Fh \
  -ASFR19=0980h-099Fh -ASFR20=0A00h-0A1Fh -ASFR21=0A80h-0A9Fh \
  -ASFR22=0B00h-0B1Fh -ASFR23=0B80h-0B9Fh -ASFR24=0C00h-0C1Fh \
  -ASFR25=0C80h-0C9Fh -ASFR26=0D00h-0D6Fh -ASFR27=0D80h-0DEFh \
  -ASFR28=0E00h-0E6Fh -ASFR29=0E80h-0EEFh -ASFR30=0F00h-0F6Fh \
  -ASFR31=0F80h-0FEFh -ASFR32=01000h-0106Fh -ASFR33=01080h-010EFh \
  -ASFR34=01100h-0116Fh -ASFR35=01180h-011EFh -ASFR36=01200h-0126Fh \
  -ASFR37=01280h-012EFh -ASFR38=01300h-0136Fh -ASFR39=01380h-013EFh \
  -ASFR40=01400h-0146Fh -ASFR41=01480h-014EFh -ASFR42=01500h-0156Fh \
  -ASFR43=01580h-015EFh -ASFR44=01600h-0166Fh -ASFR45=01680h-016EFh \
  -ASFR46=01700h-0176Fh -ASFR47=01780h-017EFh -ASFR48=01800h-0186Fh \
  -ASFR49=01880h-018EFh -ASFR50=01900h-0196Fh -ASFR51=01980h-019EFh \
  -ASFR52=01A00h-01A6Fh -ASFR53=01A80h-01AEFh -ASFR54=01B00h-01B6Fh \
  -ASFR55=01B80h-01BEFh -ASFR56=01C00h-01C6Fh -ASFR57=01C80h-01CEFh \
  -ASFR58=01D00h-01D6Fh -ASFR59=01D80h-01DEFh -ASFR60=01E00h-01E6Fh \
  -ASFR61=01E80h-01EEFh -ASFR62=01F00h-01F6Fh -ASFR63=01F80h-01FEFh \
  -ACONFIG=08007h-0800Bh -DCONFIG=2 -AIDLOC=08000h-08003h -DIDLOC=2 \
  -AEEDATA=00h-0FFh/0F000h -peeprom_data=EEDATA -DEEDATA=2 -DCODE=2 \
  -DSTRCODE=2 -DSTRING=2 -DCONST=2 -DENTRY=2 \
  -preset_vec=00h,intentry=04h,init,end_init -ppowerup=CODE -pcinit=CODE \
  -pfunctab=ENTRY -k \
  C:\Users\zmiller\AppData\Local\Temp\xcAso54.\driver_tmp_20.o \
  dist/default/debug\Third.X.debug.o 

Object code version is 3.11

Machine type is 16F18076



                Name                               Link     Load   Length Selector   Space Scale
C:\Users\zmiller\AppData\Local\Temp\xcAso54.\driver_tmp_20.o
                heap                               235C     235C      494     235C       7
                end_init                             31       31        2        8       0
                reset_vec                             0        0        2        0       0
                config                             8007     8007        5        0       4
dist/default/debug\Third.X.debug.o
                cinit                                33       33       5A        8       0
                intentry                              4        4       2D        8       0
                text61_split_1                       8D       8D      710        8       0
                config                             8007     8007        5        0       4
                text144                            3B3A     3B3A        1     7674       0
                text143                            3B5F     3B5F        4     76BE       0
                text142                            3B3B     3B3B        3     7676       0
                text141                            3B3E     3B3E        3     767C       0
                text140                            3B63     3B63        4     76C6       0
                text139                            3CC2     3CC2       15     7984       0
                text138                            3B41     3B41        3     7682       0
                text137                            3B67     3B67        4     76CE       0
                text136                            3B44     3B44        3     7688       0
                text135                            3B6B     3B6B        4     76D6       0
                text134                            3B6F     3B6F        4     76DE       0
                text133                            3B47     3B47        3     768E       0
                text132                            3B4A     3B4A        3     7694       0
                text131                            3B93     3B93        5     7726       0
                text130                            3B4D     3B4D        3     769A       0
                text129                            3FA1     3FA1       2F     7F42       0
                text128                            3B73     3B73        4     76E6       0
                text127                            3BE8     3BE8        8     77D0       0
                text126                            3BCC     3BCC        7     7798       0
                text125                            31FD     31FD       41     63FA       0
                text124                            3BA2     3BA2        6     7744       0
                text123                            3BA8     3BA8        6     7750       0
                text122                            3BF0     3BF0        8     77E0       0
                text121                            3BD3     3BD3        7     77A6       0
                text120                            3DE6     3DE6       23     7BCC       0
                text119                            3B77     3B77        4     76EE       0
                text118                            3BDA     3BDA        7     77B4       0
                text117                            3B98     3B98        5     7730       0
                text116                            3BAE     3BAE        6     775C       0
                text115                            327F     327F       43     64FE       0
                text114                            3B7B     3B7B        4     76F6       0
                text113                            2800     2800        1     4BF0       0
                text111                            3C01     3C01        A     7802       0
                text110                            3C62     3C62        F     78C4       0
                text109                            3C71     3C71        F     78E2       0
                text108                            2001     2001       1E     4002       0
                text107                            3C80     3C80        F     7900       0
                text106                            3B7F     3B7F        4     76FE       0
                text105                            3CED     3CED       17     79DA       0
                text104                            3BF8     3BF8        9     77F0       0
                text103                            3C15     3C15        C     782A       0
                text102                            3B50     3B50        3     76A0       0
                text101                            3B83     3B83        4     7706       0
                text100                            3634     3634       5A     6C68       0
                text99                             3B87     3B87        4     770E       0
                text98                             3CD7     3CD7       16     79AE       0
                text97                             3C2D     3C2D        D     785A       0
                text96                             3C9E     3C9E       11     793C       0
                text95                             3BB4     3BB4        6     7768       0
                text94                             3039     3039       32     6072       0
                text93                             3B53     3B53        3     76A6       0
                text92                             3B56     3B56        3     76AC       0
                text91                             3B59     3B59        3     76B2       0
                text90                             3C3A     3C3A        D     7874       0
                text89                             2B25     2B25       8B     564A       0
                text88                             3E2C     3E2C       24     7C58       0
                text87                             1B13     1B13      23B     3626       0
                text86                             3C21     3C21        C     7842       0
                text85                             25F8     25F8      208     4BF0       0
                text84                             30D0     30D0       36     61A0       0
                text83                             114D     114D      2B8     229A       0
                text82                             3000     3000        8     5E0C       0
                text81                             2801     2801        1     5002       0
                text80                             3B8B     3B8B        4     7716       0
                text79                             3EEE     3EEE       2C     7DDC       0
                text78                             37A0     37A0       60     6F40       0
                text77                             3431     3431       54     6862       0
                text76                             3D89     3D89       1C     7B12       0
                text75                             2000     2000        1     3A9C       0
                text74                             352F     352F       57     6A5E       0
                text73                             3E50     3E50       25     7CA0       0
                text72                             3D04     3D04       1A     7A08       0
                text71                             3305     3305       44     660A       0
                text70                             181F     181F       C5     303E       0
                text69                             23F4     23F4      204     47E8       0
                text68                             3390     3390       4F     6720       0
                text67                             2942     2942       71     5284       0
                text66                             2A26     2A26       7F     544C       0
                text65                             2F06     2F06       FA     5E0C       0
                text64                             1000     1000       24     1388       0
                text63                             3E9C     3E9C       28     7D38       0
                text62                             3DA5     3DA5       20     7B4A       0
                text61                             22D3     22D3      121     45A6       0
                text60                             2D7A     2D7A       A3     5AF4       0
                text59                             3743     3743       5D     6E86       0
                text58                             18E4     18E4      22F     31C8       0
                text57                             309D     309D       33     613A       0
                text56                             3C8F     3C8F        F     791E       0
                text55                             306B     306B       32     60D6       0
                text54                             2CDB     2CDB       9F     59B6       0
                text53                             3B8F     3B8F        4     771E       0
                text52                             3B9D     3B9D        5     773A       0
                text51                             2AA5     2AA5       80     554A       0
                text50                              801      801       99     1002       0
                text49                             3E75     3E75       27     7CEA       0
                text48                             2E1D     2E1D       E9     5C3A       0
                text47                             3CAF     3CAF       13     795E       0
                text46                             3B5C     3B5C        3     76B8       0
                text45                             3BE1     3BE1        7     77C2       0
                text44                             31BE     31BE       3F     637C       0
                text43                             3106     3106       3D     620C       0
                text42                             3F73     3F73       2E     7EE6       0
                text41                              79D      79D       63        8       0
                text40                             29B3     29B3       73     5366       0
                text39                             3FD0     3FD0       30     7FA0       0
                text38                             3C0B     3C0B        A     7816       0
                text37                             3008     3008       31     6010       0
                text36                             2869     2869       6A     50D2       0
                text35                             32C2     32C2       43     6584       0
                text34                             1024     1024      129     2048       0
                text33                             28D3     28D3       6F     51A6       0
                text32                             2C3F     2C3F       9C     587E       0
                text31                             21C8     21C8      10B     4390       0
                text30                             34D9     34D9       56     69B2       0
                text29                             323E     323E       41     647C       0
                text28                             3F1A     3F1A       2C     7E34       0
                text27                             3D38     3D38       1B     7A70       0
                text26                             3D53     3D53       1B     7AA6       0
                text25                             3586     3586       57     6B0C       0
                text24                             36E8     36E8       5B     6DD0       0
                text23                             3D1E     3D1E       1A     7A3C       0
                text22                             3D6E     3D6E       1B     7ADC       0
                text21                             35DD     35DD       57     6BBA       0
                text20                             3EC4     3EC4       2A     7D88       0
                text19                             3DC5     3DC5       21     7B8A       0
                text18                             3180     3180       3E     6300       0
                text17                             3143     3143       3D     6286       0
                text16                             3F46     3F46       2D     7E8C       0
                text15                             3C54     3C54        E     78A8       0
                text14                             2802     2802       67     5004       0
                text13                             3349     3349       47     6692       0
                text12                             3BBA     3BBA        6     7774       0
                text11                             201F     201F       AB     403E       0
                text10                             1405     1405      3FB     280A       0
                text9                               9C4      9C4      63C     1388       0
                text8                              1D4E     1D4E      2B2     3A9C       0
                text7                              2BB0     2BB0       8F     5760       0
                text6                               89A      89A      12A     1134       0
                text5                              368E     368E       5A     6D1C       0
                text4                              1800     1800       1F     280A       0
                text3                              33DF     33DF       52     67BE       0
                text2                              3E09     3E09       23     7C12       0
                text1                              3485     3485       54     690A       0
                maintext                           20CA     20CA       FE     4194       0
                cstackBANK0                          20       20       50       20       1
                cstackCOMMON                         70       70        6       70       1
                cstackBANK1                          A0       A0       50       A0       1
                cstackBANK2                         120      120       4F      120       1
                cstackBANK3                         1A0      1A0       50      1A0       1
                cstackBANK4                         220      220       42      220       1
                cstackBANK5                         2A0      2A0       45      2A0       1
                clrtext                            3BC0     3BC0        6     7780       0
                inittext                           3BC6     3BC6        6     778C       0
                bssBANK10                           520      520       3C      520       1
                bssBANK9                            4A0      4A0       3C      4A0       1
                bssBANK8                            420      420       2E      420       1
                bssBANK7                            3A0      3A0       50      3A0       1
                dataBANK6                           351      351        D      320       1
                bssBANK6                            320      320       31      320       1
                dataBANK5                           2EF      2EF        1      2A0       1
                bssBANK5                            2E5      2E5        A      2A0       1
                bssBANK4                            262      262        E      220       1
                dataCOMMON                           7B       7B        2       70       1
                bssCOMMON                            76       76        5       70       1
                stringtext15                       38BD     38BD        3     7000       0
                stringtext14                       38B9     38B9        4     7000       0
                stringtext13                       38B5     38B5        4     7000       0
                stringtext12                       38B1     38B1        4     7000       0
                stringtext11                       38AD     38AD        4     7000       0
                stringtext10                       38A7     38A7        6     7000       0
                stringtext9                        389E     389E        9     7000       0
                stringtext8                        3895     3895        9     7000       0
                stringtext7                        388C     388C        9     7000       0
                stringtext6                        3881     3881        B     7000       0
                stringtext5                        3875     3875        C     7000       0
                stringtext4                        3830     3830       1F     7000       0
                stringtext3                        3863     3863       12     7000       0
                stringtext2                        384F     384F       14     7000       0
                stringtext1                        3800     3800       30     7000       0
                idataBANK6                         3C47     3C47        D     788E       0
                idataBANK5                          800      800        1        8       0
                idataCOMMON                           2        2        2        0       0

TOTAL           Name                               Link     Load   Length     Space
        CLASS   HEAP           
                heap                               235C     235C      494         7

        CLASS   CODE           
                end_init                             31       31        2         0
                cinit                                33       33       5A         0
                intentry                              4        4       2D         0
                reset_vec                             0        0        2         0
                text61_split_1                       8D       8D      710         0
                text144                            3B3A     3B3A        1         0
                text143                            3B5F     3B5F        4         0
                text142                            3B3B     3B3B        3         0
                text141                            3B3E     3B3E        3         0
                text140                            3B63     3B63        4         0
                text139                            3CC2     3CC2       15         0
                text138                            3B41     3B41        3         0
                text137                            3B67     3B67        4         0
                text136                            3B44     3B44        3         0
                text135                            3B6B     3B6B        4         0
                text134                            3B6F     3B6F        4         0
                text133                            3B47     3B47        3         0
                text132                            3B4A     3B4A        3         0
                text131                            3B93     3B93        5         0
                text130                            3B4D     3B4D        3         0
                text129                            3FA1     3FA1       2F         0
                text128                            3B73     3B73        4         0
                text127                            3BE8     3BE8        8         0
                text126                            3BCC     3BCC        7         0
                text125                            31FD     31FD       41         0
                text124                            3BA2     3BA2        6         0
                text123                            3BA8     3BA8        6         0
                text122                            3BF0     3BF0        8         0
                text121                            3BD3     3BD3        7         0
                text120                            3DE6     3DE6       23         0
                text119                            3B77     3B77        4         0
                text118                            3BDA     3BDA        7         0
                text117                            3B98     3B98        5         0
                text116                            3BAE     3BAE        6         0
                text115                            327F     327F       43         0
                text114                            3B7B     3B7B        4         0
                text113                            2800     2800        1         0
                text111                            3C01     3C01        A         0
                text110                            3C62     3C62        F         0
                text109                            3C71     3C71        F         0
                text108                            2001     2001       1E         0
                text107                            3C80     3C80        F         0
                text106                            3B7F     3B7F        4         0
                text105                            3CED     3CED       17         0
                text104                            3BF8     3BF8        9         0
                text103                            3C15     3C15        C         0
                text102                            3B50     3B50        3         0
                text101                            3B83     3B83        4         0
                text100                            3634     3634       5A         0
                text99                             3B87     3B87        4         0
                text98                             3CD7     3CD7       16         0
                text97                             3C2D     3C2D        D         0
                text96                             3C9E     3C9E       11         0
                text95                             3BB4     3BB4        6         0
                text94                             3039     3039       32         0
                text93                             3B53     3B53        3         0
                text92                             3B56     3B56        3         0
                text91                             3B59     3B59        3         0
                text90                             3C3A     3C3A        D         0
                text89                             2B25     2B25       8B         0
                text88                             3E2C     3E2C       24         0
                text87                             1B13     1B13      23B         0
                text86                             3C21     3C21        C         0
                text85                             25F8     25F8      208         0
                text84                             30D0     30D0       36         0
                text83                             114D     114D      2B8         0
                text82                             3000     3000        8         0
                text81                             2801     2801        1         0
                text80                             3B8B     3B8B        4         0
                text79                             3EEE     3EEE       2C         0
                text78                             37A0     37A0       60         0
                text77                             3431     3431       54         0
                text76                             3D89     3D89       1C         0
                text75                             2000     2000        1         0
                text74                             352F     352F       57         0
                text73                             3E50     3E50       25         0
                text72                             3D04     3D04       1A         0
                text71                             3305     3305       44         0
                text70                             181F     181F       C5         0
                text69                             23F4     23F4      204         0
                text68                             3390     3390       4F         0
                text67                             2942     2942       71         0
                text66                             2A26     2A26       7F         0
                text65                             2F06     2F06       FA         0
                text64                             1000     1000       24         0
                text63                             3E9C     3E9C       28         0
                text62                             3DA5     3DA5       20         0
                text61                             22D3     22D3      121         0
                text60                             2D7A     2D7A       A3         0
                text59                             3743     3743       5D         0
                text58                             18E4     18E4      22F         0
                text57                             309D     309D       33         0
                text56                             3C8F     3C8F        F         0
                text55                             306B     306B       32         0
                text54                             2CDB     2CDB       9F         0
                text53                             3B8F     3B8F        4         0
                text52                             3B9D     3B9D        5         0
                text51                             2AA5     2AA5       80         0
                text50                              801      801       99         0
                text49                             3E75     3E75       27         0
                text48                             2E1D     2E1D       E9         0
                text47                             3CAF     3CAF       13         0
                text46                             3B5C     3B5C        3         0
                text45                             3BE1     3BE1        7         0
                text44                             31BE     31BE       3F         0
                text43                             3106     3106       3D         0
                text42                             3F73     3F73       2E         0
                text41                              79D      79D       63         0
                text40                             29B3     29B3       73         0
                text39                             3FD0     3FD0       30         0
                text38                             3C0B     3C0B        A         0
                text37                             3008     3008       31         0
                text36                             2869     2869       6A         0
                text35                             32C2     32C2       43         0
                text34                             1024     1024      129         0
                text33                             28D3     28D3       6F         0
                text32                             2C3F     2C3F       9C         0
                text31                             21C8     21C8      10B         0
                text30                             34D9     34D9       56         0
                text29                             323E     323E       41         0
                text28                             3F1A     3F1A       2C         0
                text27                             3D38     3D38       1B         0
                text26                             3D53     3D53       1B         0
                text25                             3586     3586       57         0
                text24                             36E8     36E8       5B         0
                text23                             3D1E     3D1E       1A         0
                text22                             3D6E     3D6E       1B         0
                text21                             35DD     35DD       57         0
                text20                             3EC4     3EC4       2A         0
                text19                             3DC5     3DC5       21         0
                text18                             3180     3180       3E         0
                text17                             3143     3143       3D         0
                text16                             3F46     3F46       2D         0
                text15                             3C54     3C54        E         0
                text14                             2802     2802       67         0
                text13                             3349     3349       47         0
                text12                             3BBA     3BBA        6         0
                text11                             201F     201F       AB         0
                text10                             1405     1405      3FB         0
                text9                               9C4      9C4      63C         0
                text8                              1D4E     1D4E      2B2         0
                text7                              2BB0     2BB0       8F         0
                text6                               89A      89A      12A         0
                text5                              368E     368E       5A         0
                text4                              1800     1800       1F         0
                text3                              33DF     33DF       52         0
                text2                              3E09     3E09       23         0
                text1                              3485     3485       54         0
                maintext                           20CA     20CA       FE         0
                clrtext                            3BC0     3BC0        6         0
                inittext                           3BC6     3BC6        6         0
                idataBANK6                         3C47     3C47        D         0
                idataBANK5                          800      800        1         0
                idataCOMMON                           2        2        2         0

        CLASS   STRCODE        
                stringtext15                       38BD     38BD        3         0
                stringtext14                       38B9     38B9        4         0
                stringtext13                       38B5     38B5        4         0
                stringtext12                       38B1     38B1        4         0
                stringtext11                       38AD     38AD        4         0
                stringtext10                       38A7     38A7        6         0
                stringtext9                        389E     389E        9         0
                stringtext8                        3895     3895        9         0
                stringtext7                        388C     388C        9         0
                stringtext6                        3881     3881        B         0
                stringtext5                        3875     3875        C         0
                stringtext4                        3830     3830       1F         0
                stringtext3                        3863     3863       12         0
                stringtext2                        384F     384F       14         0
                stringtext1                        3800     3800       30         0

        CLASS   STRING         

        CLASS   CONST          

        CLASS   ENTRY          

        CLASS   COMMON         
                cstackCOMMON                         70       70        6         1
                dataCOMMON                           7B       7B        2         1
                bssCOMMON                            76       76        5         1

        CLASS   BANK0          
                cstackBANK0                          20       20       50         1

        CLASS   BANK1          
                cstackBANK1                          A0       A0       50         1

        CLASS   BANK2          
                cstackBANK2                         120      120       4F         1

        CLASS   BANK3          
                cstackBANK3                         1A0      1A0       50         1

        CLASS   BANK4          
                cstackBANK4                         220      220       42         1
                bssBANK4                            262      262        E         1

        CLASS   BANK5          
                cstackBANK5                         2A0      2A0       45         1
                dataBANK5                           2EF      2EF        1         1
                bssBANK5                            2E5      2E5        A         1

        CLASS   BANK6          
                dataBANK6                           351      351        D         1
                bssBANK6                            320      320       31         1

        CLASS   BANK7          
                bssBANK7                            3A0      3A0       50         1

        CLASS   BANK8          
                bssBANK8                            420      420       2E         1

        CLASS   BANK9          
                bssBANK9                            4A0      4A0       3C         1

        CLASS   BANK10         
                bssBANK10                           520      520       3C         1

        CLASS   BANK11         

        CLASS   BANK12         

        CLASS   BANK13         

        CLASS   BANK14         

        CLASS   BANK15         

        CLASS   BANK16         

        CLASS   BANK17         

        CLASS   BANK18         

        CLASS   BANK19         

        CLASS   BANK20         

        CLASS   BANK21         

        CLASS   BANK22         

        CLASS   BANK23         

        CLASS   BANK24         

        CLASS   BANK25         

        CLASS   BIGRAM         

        CLASS   RAM            

        CLASS   ABS1           
                abs_s1                               7E       7E        2         1

        CLASS   SFR0           

        CLASS   SFR1           

        CLASS   SFR2           

        CLASS   SFR3           

        CLASS   SFR4           

        CLASS   SFR5           

        CLASS   SFR6           

        CLASS   SFR7           

        CLASS   SFR8           

        CLASS   SFR9           

        CLASS   SFR10          

        CLASS   SFR11          

        CLASS   SFR12          

        CLASS   SFR13          

        CLASS   SFR14          

        CLASS   SFR15          

        CLASS   SFR16          

        CLASS   SFR17          

        CLASS   SFR18          

        CLASS   SFR19          

        CLASS   SFR20          

        CLASS   SFR21          

        CLASS   SFR22          

        CLASS   SFR23          

        CLASS   SFR24          

        CLASS   SFR25          

        CLASS   SFR26          

        CLASS   SFR27          

        CLASS   SFR28          

        CLASS   SFR29          

        CLASS   SFR30          

        CLASS   SFR31          

        CLASS   SFR32          

        CLASS   SFR33          

        CLASS   SFR34          

        CLASS   SFR35          

        CLASS   SFR36          

        CLASS   SFR37          

        CLASS   SFR38          

        CLASS   SFR39          

        CLASS   SFR40          

        CLASS   SFR41          

        CLASS   SFR42          

        CLASS   SFR43          

        CLASS   SFR44          

        CLASS   SFR45          

        CLASS   SFR46          

        CLASS   SFR47          

        CLASS   SFR48          

        CLASS   SFR49          

        CLASS   SFR50          

        CLASS   SFR51          

        CLASS   SFR52          

        CLASS   SFR53          

        CLASS   SFR54          

        CLASS   SFR55          

        CLASS   SFR56          

        CLASS   SFR57          

        CLASS   SFR58          

        CLASS   SFR59          

        CLASS   SFR60          

        CLASS   SFR61          

        CLASS   SFR62          

        CLASS   SFR63          

        CLASS   CONFIG         
                config                             8007     8007        5         4

        CLASS   IDLOC          

        CLASS   EEDATA         

        CLASS   BANK63         

        CLASS   BANK62         

        CLASS   BANK61         

        CLASS   BANK60         

        CLASS   BANK59         

        CLASS   BANK58         

        CLASS   BANK57         

        CLASS   BANK56         

        CLASS   BANK55         

        CLASS   BANK54         

        CLASS   BANK53         

        CLASS   BANK52         

        CLASS   BANK51         

        CLASS   BANK50         

        CLASS   BANK49         

        CLASS   BANK48         

        CLASS   BANK47         

        CLASS   BANK46         

        CLASS   BANK45         

        CLASS   BANK44         

        CLASS   BANK43         

        CLASS   BANK42         

        CLASS   BANK41         

        CLASS   BANK40         

        CLASS   BANK39         

        CLASS   BANK38         

        CLASS   BANK37         

        CLASS   BANK36         

        CLASS   BANK35         

        CLASS   BANK34         

        CLASS   BANK33         

        CLASS   BANK32         

        CLASS   BANK31         

        CLASS   BANK30         

        CLASS   BANK29         

        CLASS   BANK28         

        CLASS   BANK27         

        CLASS   BANK26         

        CLASS   STACK          



SEGMENTS        Name                           Load    Length   Top    Selector   Space  Class     Delta

                reset_vec                      000000  000004  000004         0       0  CODE        2
                intentry                       000004  0007FD  000801         8       0  CODE        2
                cstackBANK0                    000020  000050  000070        20       1  BANK0       1
                cstackCOMMON                   000070  00000D  00007D        70       1  COMMON      1
                cstackBANK1                    0000A0  000050  0000F0        A0       1  BANK1       1
                cstackBANK2                    000120  00004F  00016F       120       1  BANK2       1
                cstackBANK3                    0001A0  000050  0001F0       1A0       1  BANK3       1
                cstackBANK4                    000220  000050  000270       220       1  BANK4       1
                cstackBANK5                    0002A0  000050  0002F0       2A0       1  BANK5       1
                bssBANK6                       000320  00003E  00035E       320       1  BANK6       1
                bssBANK7                       0003A0  000050  0003F0       3A0       1  BANK7       1
                bssBANK8                       000420  00002E  00044E       420       1  BANK8       1
                bssBANK9                       0004A0  00003C  0004DC       4A0       1  BANK9       1
                bssBANK10                      000520  00003C  00055C       520       1  BANK10      1
                text50                         000801  000099  00089A      1002       0  CODE        2
                text6                          00089A  00012A  0009C4      1134       0  CODE        2
                text9                          0009C4  000660  001024      1388       0  CODE        2
                text34                         001024  000129  00114D      2048       0  CODE        2
                text83                         00114D  0002B8  001405      229A       0  CODE        2
                heap                           00235C  000494  0027F0      235C       7  HEAP        1
                text10                         001405  00041A  00181F      280A       0  CODE        2
                text70                         00181F  0000C5  0018E4      303E       0  CODE        2
                text58                         0018E4  00022F  001B13      31C8       0  CODE        2
                text87                         001B13  00023B  001D4E      3626       0  CODE        2
                text8                          001D4E  0002B3  002001      3A9C       0  CODE        2
                text108                        002001  00001E  00201F      4002       0  CODE        2
                text11                         00201F  0000AB  0020CA      403E       0  CODE        2
                maintext                       0020CA  0000FE  0021C8      4194       0  CODE        2
                text31                         0021C8  00010B  0022D3      4390       0  CODE        2
                text61                         0022D3  000121  0023F4      45A6       0  CODE        2
                text69                         0023F4  000204  0025F8      47E8       0  CODE        2
                text85                         0025F8  000209  002801      4BF0       0  CODE        2
                text81                         002801  000001  002802      5002       0  CODE        2
                text14                         002802  000067  002869      5004       0  CODE        2
                text36                         002869  00006A  0028D3      50D2       0  CODE        2
                text33                         0028D3  00006F  002942      51A6       0  CODE        2
                text67                         002942  000071  0029B3      5284       0  CODE        2
                text40                         0029B3  000073  002A26      5366       0  CODE        2
                text66                         002A26  00007F  002AA5      544C       0  CODE        2
                text51                         002AA5  000080  002B25      554A       0  CODE        2
                text89                         002B25  00008B  002BB0      564A       0  CODE        2
                text7                          002BB0  00008F  002C3F      5760       0  CODE        2
                text32                         002C3F  00009C  002CDB      587E       0  CODE        2
                text54                         002CDB  00009F  002D7A      59B6       0  CODE        2
                text60                         002D7A  0000A3  002E1D      5AF4       0  CODE        2
                text48                         002E1D  0000E9  002F06      5C3A       0  CODE        2
                text65                         002F06  000102  003008      5E0C       0  CODE        2
                text37                         003008  000031  003039      6010       0  CODE        2
                text94                         003039  000032  00306B      6072       0  CODE        2
                text55                         00306B  000032  00309D      60D6       0  CODE        2
                text57                         00309D  000033  0030D0      613A       0  CODE        2
                text84                         0030D0  000036  003106      61A0       0  CODE        2
                text43                         003106  00003D  003143      620C       0  CODE        2
                text17                         003143  00003D  003180      6286       0  CODE        2
                text18                         003180  00003E  0031BE      6300       0  CODE        2
                text44                         0031BE  00003F  0031FD      637C       0  CODE        2
                text125                        0031FD  000041  00323E      63FA       0  CODE        2
                text29                         00323E  000041  00327F      647C       0  CODE        2
                text115                        00327F  000043  0032C2      64FE       0  CODE        2
                text35                         0032C2  000043  003305      6584       0  CODE        2
                text71                         003305  000044  003349      660A       0  CODE        2
                text13                         003349  000047  003390      6692       0  CODE        2
                text68                         003390  00004F  0033DF      6720       0  CODE        2
                text3                          0033DF  000052  003431      67BE       0  CODE        2
                text77                         003431  000054  003485      6862       0  CODE        2
                text1                          003485  000054  0034D9      690A       0  CODE        2
                text30                         0034D9  000056  00352F      69B2       0  CODE        2
                text74                         00352F  000057  003586      6A5E       0  CODE        2
                text25                         003586  000057  0035DD      6B0C       0  CODE        2
                text21                         0035DD  000057  003634      6BBA       0  CODE        2
                text100                        003634  00005A  00368E      6C68       0  CODE        2
                text5                          00368E  00005A  0036E8      6D1C       0  CODE        2
                text24                         0036E8  00005B  003743      6DD0       0  CODE        2
                text59                         003743  00005D  0037A0      6E86       0  CODE        2
                text78                         0037A0  000060  003800      6F40       0  CODE        2
                stringtext1                    003800  0000C0  0038C0      7000       0  STRCODE     2
                text144                        003B3A  000001  003B3B      7674       0  CODE        2
                text142                        003B3B  000003  003B3E      7676       0  CODE        2
                text141                        003B3E  000003  003B41      767C       0  CODE        2
                text138                        003B41  000003  003B44      7682       0  CODE        2
                text136                        003B44  000003  003B47      7688       0  CODE        2
                text133                        003B47  000003  003B4A      768E       0  CODE        2
                text132                        003B4A  000003  003B4D      7694       0  CODE        2
                text130                        003B4D  000003  003B50      769A       0  CODE        2
                text102                        003B50  000003  003B53      76A0       0  CODE        2
                text93                         003B53  000003  003B56      76A6       0  CODE        2
                text92                         003B56  000003  003B59      76AC       0  CODE        2
                text91                         003B59  000003  003B5C      76B2       0  CODE        2
                text46                         003B5C  000003  003B5F      76B8       0  CODE        2
                text143                        003B5F  000004  003B63      76BE       0  CODE        2
                text140                        003B63  000004  003B67      76C6       0  CODE        2
                text137                        003B67  000004  003B6B      76CE       0  CODE        2
                text135                        003B6B  000004  003B6F      76D6       0  CODE        2
                text134                        003B6F  000004  003B73      76DE       0  CODE        2
                text128                        003B73  000004  003B77      76E6       0  CODE        2
                text119                        003B77  000004  003B7B      76EE       0  CODE        2
                text114                        003B7B  000004  003B7F      76F6       0  CODE        2
                text106                        003B7F  000004  003B83      76FE       0  CODE        2
                text101                        003B83  000004  003B87      7706       0  CODE        2
                text99                         003B87  000004  003B8B      770E       0  CODE        2
                text80                         003B8B  000004  003B8F      7716       0  CODE        2
                text53                         003B8F  000004  003B93      771E       0  CODE        2
                text131                        003B93  000005  003B98      7726       0  CODE        2
                text117                        003B98  000005  003B9D      7730       0  CODE        2
                text52                         003B9D  000005  003BA2      773A       0  CODE        2
                text124                        003BA2  000006  003BA8      7744       0  CODE        2
                text123                        003BA8  000006  003BAE      7750       0  CODE        2
                text116                        003BAE  000006  003BB4      775C       0  CODE        2
                text95                         003BB4  000006  003BBA      7768       0  CODE        2
                text12                         003BBA  000006  003BC0      7774       0  CODE        2
                clrtext                        003BC0  000006  003BC6      7780       0  CODE        2
                inittext                       003BC6  000006  003BCC      778C       0  CODE        2
                text126                        003BCC  000007  003BD3      7798       0  CODE        2
                text121                        003BD3  000007  003BDA      77A6       0  CODE        2
                text118                        003BDA  000007  003BE1      77B4       0  CODE        2
                text45                         003BE1  000007  003BE8      77C2       0  CODE        2
                text127                        003BE8  000008  003BF0      77D0       0  CODE        2
                text122                        003BF0  000008  003BF8      77E0       0  CODE        2
                text104                        003BF8  000009  003C01      77F0       0  CODE        2
                text111                        003C01  00000A  003C0B      7802       0  CODE        2
                text38                         003C0B  00000A  003C15      7816       0  CODE        2
                text103                        003C15  00000C  003C21      782A       0  CODE        2
                text86                         003C21  00000C  003C2D      7842       0  CODE        2
                text97                         003C2D  00000D  003C3A      785A       0  CODE        2
                text90                         003C3A  00000D  003C47      7874       0  CODE        2
                idataBANK6                     003C47  00000D  003C54      788E       0  CODE        2
                text15                         003C54  00000E  003C62      78A8       0  CODE        2
                text110                        003C62  00000F  003C71      78C4       0  CODE        2
                text109                        003C71  00000F  003C80      78E2       0  CODE        2
                text107                        003C80  00000F  003C8F      7900       0  CODE        2
                text56                         003C8F  00000F  003C9E      791E       0  CODE        2
                text96                         003C9E  000011  003CAF      793C       0  CODE        2
                text47                         003CAF  000013  003CC2      795E       0  CODE        2
                text139                        003CC2  000015  003CD7      7984       0  CODE        2
                text98                         003CD7  000016  003CED      79AE       0  CODE        2
                text105                        003CED  000017  003D04      79DA       0  CODE        2
                text72                         003D04  00001A  003D1E      7A08       0  CODE        2
                text23                         003D1E  00001A  003D38      7A3C       0  CODE        2
                text27                         003D38  00001B  003D53      7A70       0  CODE        2
                text26                         003D53  00001B  003D6E      7AA6       0  CODE        2
                text22                         003D6E  00001B  003D89      7ADC       0  CODE        2
                text76                         003D89  00001C  003DA5      7B12       0  CODE        2
                text62                         003DA5  000020  003DC5      7B4A       0  CODE        2
                text19                         003DC5  000021  003DE6      7B8A       0  CODE        2
                text120                        003DE6  000023  003E09      7BCC       0  CODE        2
                text2                          003E09  000023  003E2C      7C12       0  CODE        2
                text88                         003E2C  000024  003E50      7C58       0  CODE        2
                text73                         003E50  000025  003E75      7CA0       0  CODE        2
                text49                         003E75  000027  003E9C      7CEA       0  CODE        2
                text63                         003E9C  000028  003EC4      7D38       0  CODE        2
                text20                         003EC4  00002A  003EEE      7D88       0  CODE        2
                text79                         003EEE  00002C  003F1A      7DDC       0  CODE        2
                text28                         003F1A  00002C  003F46      7E34       0  CODE        2
                text16                         003F46  00002D  003F73      7E8C       0  CODE        2
                text42                         003F73  00002E  003FA1      7EE6       0  CODE        2
                text129                        003FA1  00002F  003FD0      7F42       0  CODE        2
                text39                         003FD0  000030  004000      7FA0       0  CODE        2


UNUSED ADDRESS RANGES

        Name                Unused          Largest block    Delta
        BANK10           00055C-00056F               14           1
        BANK11           0005A0-0005EF               50           1
        BANK12           000620-00066F               50           1
        BANK13           0006A0-0006EF               50           1
        BANK14           000720-00076F               50           1
        BANK15           0007A0-0007EF               50           1
        BANK16           000820-00086F               50           1
        BANK17           0008A0-0008EF               50           1
        BANK18           000920-00096F               50           1
        BANK19           0009A0-0009EF               50           1
        BANK2            00016F-00016F                1           1
        BANK20           000A20-000A6F               50           1
        BANK21           000AA0-000AEF               50           1
        BANK22           000B20-000B6F               50           1
        BANK23           000BA0-000BEF               50           1
        BANK24           000C20-000C6F               50           1
        BANK25           000CA0-000CBF               20           1
        BANK6            00035E-00036F               12           1
        BANK8            00044E-00046F               22           1
        BANK9            0004DC-0004EF               14           1
        BIGRAM           002000-0027EF              7F0           1
        CODE             0038C0-003B39              27A           2
        COMMON           00007D-00007D                1           1
        CONST            0038C0-003B39              100           2
        EEDATA           00F000-00F0FF              100           2
        ENTRY            0038C0-003B39              100           2
        IDLOC            008000-008003                4           2
        RAM              00016F-00016F                1           1
                         00035E-00036F               12
                         00044E-00046F               22
                         0004DC-0004EF               14
                         00055C-00056F               14
                         0005A0-0005EF               50
                         000620-00066F               50
                         0006A0-0006EF               50
                         000720-00076F               50
                         0007A0-0007EF               50
                         000820-00086F               50
                         0008A0-0008EF               50
                         000920-00096F               50
                         0009A0-0009EF               50
                         000A20-000A6F               50
                         000AA0-000AEF               50
                         000B20-000B6F               50
                         000BA0-000BEF               50
                         000C20-000C6F               50
                         000CA0-000CBF               20
        SFR0             000000-00001F               20           1
        SFR1             000080-00009F               20           1
        SFR10            000500-00051F               20           1
        SFR11            000580-00059F               20           1
        SFR12            000600-00061F               20           1
        SFR13            000680-00069F               20           1
        SFR14            000700-00071F               20           1
        SFR15            000780-00079F               20           1
        SFR16            000800-00081F               20           1
        SFR17            000880-00089F               20           1
        SFR18            000900-00091F               20           1
        SFR19            000980-00099F               20           1
        SFR2             000100-00011F               20           1
        SFR20            000A00-000A1F               20           1
        SFR21            000A80-000A9F               20           1
        SFR22            000B00-000B1F               20           1
        SFR23            000B80-000B9F               20           1
        SFR24            000C00-000C1F               20           1
        SFR25            000C80-000C9F               20           1
        SFR26            000D00-000D6F               70           1
        SFR27            000D80-000DEF               70           1
        SFR28            000E00-000E6F               70           1
        SFR29            000E80-000EEF               70           1
        SFR3             000180-00019F               20           1
        SFR30            000F00-000F6F               70           1
        SFR31            000F80-000FEF               70           1
        SFR32            001000-00106F               70           1
        SFR33            001080-0010EF               70           1
        SFR34            001100-00116F               70           1
        SFR35            001180-0011EF               70           1
        SFR36            001200-00126F               70           1
        SFR37            001280-0012EF               70           1
        SFR38            001300-00136F               70           1
        SFR39            001380-0013EF               70           1
        SFR4             000200-00021F               20           1
        SFR40            001400-00146F               70           1
        SFR41            001480-0014EF               70           1
        SFR42            001500-00156F               70           1
        SFR43            001580-0015EF               70           1
        SFR44            001600-00166F               70           1
        SFR45            001680-0016EF               70           1
        SFR46            001700-00176F               70           1
        SFR47            001780-0017EF               70           1
        SFR48            001800-00186F               70           1
        SFR49            001880-0018EF               70           1
        SFR5             000280-00029F               20           1
        SFR50            001900-00196F               70           1
        SFR51            001980-0019EF               70           1
        SFR52            001A00-001A6F               70           1
        SFR53            001A80-001AEF               70           1
        SFR54            001B00-001B6F               70           1
        SFR55            001B80-001BEF               70           1
        SFR56            001C00-001C6F               70           1
        SFR57            001C80-001CEF               70           1
        SFR58            001D00-001D6F               70           1
        SFR59            001D80-001DEF               70           1
        SFR6             000300-00031F               20           1
        SFR60            001E00-001E6F               70           1
        SFR61            001E80-001EEF               70           1
        SFR62            001F00-001F6F               70           1
        SFR63            001F80-001FEF               70           1
        SFR7             000380-00039F               20           1
        SFR8             000400-00041F               20           1
        SFR9             000480-00049F               20           1
        STRCODE          0038C0-003B39              27A           2
        STRING           0038C0-003B39              100           2

                                  Symbol Table

?__Umul8_16                                          cstackBANK0  000020
?___awdiv                                            cstackBANK0  000020
?___awmod                                            cstackBANK0  000020
?___fladd                                            cstackBANK0  000048
?___fldiv                                            cstackBANK0  00005C
?___flmul                                            cstackBANK0  00002E
?___flneg                                            cstackBANK0  000020
?___flsub                                            cstackBANK1  0000AD
?___fltol                                            cstackBANK0  00005C
?___fpclassifyf                                      cstackBANK0  000020
?___xxtofl                                           cstackBANK0  000020
?_abs                                                cstackBANK0  000027
?_compensate_humidity                                cstackBANK1  0000B5
?_compensate_pressure                                cstackBANK1  0000B5
?_compensate_temperature                             cstackBANK1  0000B5
?_dtoa                                               cstackBANK0  000038
?_efgtoa                                             cstackBANK1  0000BD
?_floorf                                             cstackBANK0  000069
?_labs                                               cstackBANK0  000020
?_pad                                                cstackBANK0  00002F
?_printf                                             cstackBANK2  000155
?_roundf                                             cstackBANK1  0000B5
?_snprintf                                           cstackBANK2  000155
?_sprintf                                            cstackBANK2  000155
?_stoa                                               cstackBANK0  000028
?_strcmp                                             cstackBANK0  000020
?_strlen                                             cstackBANK0  000020
?_strncmp                                            cstackBANK0  000020
?_vfpfcnvrt                                          cstackBANK2  000150
?_vfprintf                                           cstackBANK2  000152
?_weather_dev                                        cstackBANK3  0001BC
?_weather_read                                       cstackBANK3  0001B6
EEPROM_Read@address                                  cstackBANK0  000020
EEPROM_Write@address                                 cstackBANK0  000020
EEPROM_Write@data                                    cstackBANK0  000022
EEPROM_Write@globalInterruptBitValue                 cstackBANK0  000023
EUSART1_FramingErrorCallbackRegister@callbackHandler cstackBANK0  000020
EUSART1_OverrunErrorCallbackRegister@callbackHandler cstackBANK0  000020
EUSART1_Write@txData                                 cstackBANK0  000020
I2C2_CallbackRegister@callbackHandler                cstackBANK0  000020
I2C2_DataTransmit@data                               cstackCOMMON 000070
I2C2_EVENT_ERROR@retEventState                       cstackCOMMON 000070
I2C2_EVENT_NACK@retEventState                        cstackCOMMON 000070
I2C2_EVENT_RX@retEventState                          cstackCOMMON 000071
I2C2_EVENT_TX@retEventState                          cstackCOMMON 000073
I2C2_Write@address                                   cstackBANK0  000021
I2C2_Write@data                                      cstackBANK0  000023
I2C2_Write@dataLength                                cstackBANK0  000024
I2C2_Write@retStatus                                 cstackBANK0  000026
I2C2_WriteRead@address                               cstackBANK0  000021
I2C2_WriteRead@readData                              cstackBANK0  000026
I2C2_WriteRead@readLength                            cstackBANK0  000028
I2C2_WriteRead@retStatus                             cstackBANK0  00002A
I2C2_WriteRead@writeData                             cstackBANK0  000023
I2C2_WriteRead@writeLength                           cstackBANK0  000024
INT_SetInterruptHandler@InterruptHandler             cstackBANK0  000020
NVM_UnlockKeySet@unlockKey                           cstackBANK0  000020
_ACTCON                                              (abs)        000214
_ANSELA                                              (abs)        001E8C
_ANSELB                                              (abs)        001E96
_ANSELC                                              (abs)        001EA0
_ANSELD                                              (abs)        001EAA
_ANSELDbits                                          (abs)        001EAA
_ANSELE                                              (abs)        001EB4
_BAUD1CON                                            (abs)        000612
_BAUD1CONbits                                        (abs)        000612
_CLOCK_Initialize                                    text111      003C01
_DHT11_ERROR                                         dataCOMMON   00007C
_DHT11_OK                                            dataCOMMON   00007B
_EEPROM_Read                                         text97       003C2D
_EEPROM_Write                                        text2        003E09
_EUSART1_AutoBaudQuery                               (abs)        000000
_EUSART1_AutoBaudSet                                 (abs)        000000
_EUSART1_DefaultFramingErrorCallback                 text81       002801
_EUSART1_DefaultOverrunErrorCallback                 text80       003B8B
_EUSART1_Deinitialize                                (abs)        000000
_EUSART1_Enable                                      text93       003B53
_EUSART1_ErrorGet                                    (abs)        000000
_EUSART1_FramingErrorCallbackRegister                text110      003C62
_EUSART1_FramingErrorHandler                         bssBANK5     0002E9
_EUSART1_Initialize                                  text108      002001
_EUSART1_IsRxReady                                   text82       003000
_EUSART1_IsTxDone                                    text53       003B8F
_EUSART1_IsTxReady                                   (abs)        000000
_EUSART1_OverrunErrorCallbackRegister                text109      003C71
_EUSART1_OverrunErrorHandler                         bssBANK5     0002E7
_EUSART1_Read                                        text79       003EEE
_EUSART1_ReceiveEnable                               text92       003B56
_EUSART1_TransmitDisable                             (abs)        000000
_EUSART1_TransmitEnable                              text91       003B59
_EUSART1_Write                                       text52       003B9D
_I2C2_AckSend                                        text137      003B67
_I2C2_BusReset                                       text143      003B5F
_I2C2_Callback                                       bssBANK6     00034F
_I2C2_CallbackRegister                               text107      003C80
_I2C2_Close                                          text139      003CC2
_I2C2_DataReceive                                    text136      003B44
_I2C2_DataTransmit                                   text131      003B93
_I2C2_DefaultCallback                                text144      003B3A
_I2C2_Deinitialize                                   (abs)        000000
_I2C2_ERROR_ISR                                      text119      003B77
_I2C2_EVENT_ERROR                                    text123      003BA8
_I2C2_EVENT_IDLE                                     text128      003B73
_I2C2_EVENT_NACK                                     text124      003BA2
_I2C2_EVENT_RESET                                    text121      003BD3
_I2C2_EVENT_RX                                       text125      0031FD
_I2C2_EVENT_SEND_RD_ADDR                             text127      003BE8
_I2C2_EVENT_SEND_WR_ADDR                             text126      003BCC
_I2C2_EVENT_STOP                                     text122      003BF0
_I2C2_EVENT_TX                                       text129      003FA1
_I2C2_ErrorEventHandler                              text120      003DE6
_I2C2_ErrorGet                                       (abs)        000000
_I2C2_ErrorInterruptClear                            text142      003B3B
_I2C2_EventHandler                                   text115      00327F
_I2C2_ISR                                            text114      003B7B
_I2C2_Initialize                                     text105      003CED
_I2C2_InterruptClear                                 text141      003B3E
_I2C2_InterruptsEnable                               text106      003B7F
_I2C2_IsAddr                                         text118      003BDA
_I2C2_IsBusy                                         text47       003CAF
_I2C2_IsBusy$720                                     cstackBANK0  000020
_I2C2_IsData                                         text117      003B98
_I2C2_IsNack                                         text116      003BAE
_I2C2_IsRxBufFull                                    text135      003B6B
_I2C2_NackSend                                       text134      003B6F
_I2C2_Read                                           (abs)        000000
_I2C2_ReceiveEnable                                  text133      003B47
_I2C2_RestartDisable                                 text132      003B4A
_I2C2_RestartEnable                                  text130      003B4D
_I2C2_StartSend                                      text46       003B5C
_I2C2_StatusFlagsClear                               text140      003B63
_I2C2_StopSend                                       text138      003B41
_I2C2_Write                                          text37       003008
_I2C2_WriteRead                                      text44       0031BE
_I2C2_WriteStart                                     text45       003BE1
_INLVLA                                              (abs)        001E90
_INLVLB                                              (abs)        001E9A
_INLVLC                                              (abs)        001EA4
_INLVLD                                              (abs)        001EAE
_INLVLE                                              (abs)        001EB8
_INTCONbits                                          (abs)        00000B
_INTERRUPT_Initialize                                text103      003C15
_INTERRUPT_InterruptManager                          intentry     000004
_INT_DefaultInterruptHandler                         (abs)        000000
_INT_InterruptHandler                                bssBANK5     0002EB
_INT_SetInterruptHandler                             text104      003BF8
_IOCAF                                               (abs)        001E93
_IOCAN                                               (abs)        001E92
_IOCAP                                               (abs)        001E91
_IOCBF                                               (abs)        001E9D
_IOCBN                                               (abs)        001E9C
_IOCBP                                               (abs)        001E9B
_IOCCF                                               (abs)        001EA7
_IOCCN                                               (abs)        001EA6
_IOCCP                                               (abs)        001EA5
_IOCEF                                               (abs)        001EBB
_IOCEN                                               (abs)        001EBA
_IOCEP                                               (abs)        001EB9
_LATA                                                (abs)        000018
_LATAbits                                            (abs)        000018
_LATB                                                (abs)        000019
_LATC                                                (abs)        00001A
_LATD                                                (abs)        00001B
_LATE                                                (abs)        00001C
_NVMADRH                                             (abs)        001C8D
_NVMADRL                                             (abs)        001C8C
_NVMCON1bits                                         (abs)        001C90
_NVMCON2                                             (abs)        001C91
_NVMDATL                                             (abs)        001C8E
_NVM_Initialize                                      text101      003B83
_NVM_IsBusy                                          text96       003C9E
_NVM_IsBusy$2959                                     cstackBANK0  000020
_NVM_StatusClear                                     text102      003B50
_NVM_UnlockKeySet                                    text95       003BB4
_ODCONA                                              (abs)        001E8E
_ODCONB                                              (abs)        001E98
_ODCONC                                              (abs)        001EA2
_ODCOND                                              (abs)        001EAC
_ODCONE                                              (abs)        001EB6
_OSCCON2                                             (abs)        00020E
_OSCCON3                                             (abs)        00020F
_OSCEN                                               (abs)        000211
_OSCFRQ                                              (abs)        000213
_OSCSTAT                                             (abs)        000210
_OSCTUNE                                             (abs)        000212
_PIE0bits                                            (abs)        000096
_PIE4bits                                            (abs)        00009A
_PIN_MANAGER_IOC                                     text113      002800
_PIN_MANAGER_Initialize                              text100      003634
_PIR0bits                                            (abs)        00008C
_PIR3bits                                            (abs)        00008F
_PIR4bits                                            (abs)        000090
_RC1REG                                              (abs)        00060C
[...]
rylr998_send@payload_size                            cstackBANK3  0001EE
rylr998_send@rounded                                 cstackBANK2  00016A
rylr998_send@serial                                  cstackBANK2  000163
rylr998_send@tag                                     cstackBANK2  000164
rylr998_write@c                                      cstackBANK1  0000D7
rylr998_write@carriage_found                         cstackBANK1  0000DB
rylr998_write@data                                   cstackBANK1  0000DA
rylr998_write@i                                      cstackBANK1  0000DD
rylr998_write@newline_found                          cstackBANK1  0000DC
set_filter_standby_settings@desired_settings         cstackBANK1  0000DB
set_filter_standby_settings@dev                      cstackBANK2  000168
set_filter_standby_settings@reg_addr                 cstackBANK1  0000DD
set_filter_standby_settings@reg_data                 cstackBANK1  0000DE
set_filter_standby_settings@rslt                     cstackBANK1  0000DC
set_filter_standby_settings@settings                 cstackBANK2  000166
set_osr_humidity_settings@ctrl_hum                   cstackBANK1  0000DB
set_osr_humidity_settings@ctrl_meas                  cstackBANK1  0000DE
set_osr_humidity_settings@dev                        cstackBANK2  000168
set_osr_humidity_settings@reg_addr                   cstackBANK1  0000DD
set_osr_humidity_settings@rslt                       cstackBANK1  0000DC
set_osr_humidity_settings@settings                   cstackBANK2  000166
set_osr_press_temp_settings@desired_settings         cstackBANK1  0000DB
set_osr_press_temp_settings@dev                      cstackBANK2  000168
set_osr_press_temp_settings@reg_addr                 cstackBANK1  0000DD
set_osr_press_temp_settings@reg_data                 cstackBANK1  0000DE
set_osr_press_temp_settings@rslt                     cstackBANK1  0000DC
set_osr_press_temp_settings@settings                 cstackBANK2  000166
set_osr_settings@desired_settings                    cstackBANK1  0000E0
set_osr_settings@dev                                 cstackBANK2  00016B
set_osr_settings@rslt                                cstackBANK1  0000DF
set_osr_settings@settings                            cstackBANK2  000169
snprintf@ap                                          cstackBANK1  0000DE
snprintf@cnt                                         cstackBANK1  0000DC
snprintf@f                                           cstackBANK1  0000DF
snprintf@fmt                                         cstackBANK2  000159
snprintf@n                                           cstackBANK2  000157
snprintf@s                                           cstackBANK2  000155
sprintf@ap                                           cstackBANK1  0000D7
sprintf@f                                            cstackBANK1  0000D8
sprintf@fmt                                          cstackBANK2  000157
sprintf@s                                            cstackBANK2  000155
start                                                init         000031
start_initialization                                 cinit        000033
stoa@F1180                                           dataBANK6    000351
stoa@cp                                              cstackBANK0  000038
stoa@fp                                              cstackBANK0  000037
stoa@i                                               cstackBANK0  000035
stoa@l                                               cstackBANK0  00003C
stoa@nuls                                            cstackBANK0  00002C
stoa@p                                               cstackBANK0  00003A
stoa@s                                               cstackBANK0  000028
stoa@w                                               cstackBANK0  000033
strcmp@l                                             cstackBANK0  000020
strcmp@r                                             cstackBANK0  000022
strcpy@d                                             cstackBANK0  000026
strcpy@dest                                          cstackBANK0  000027
strcpy@s                                             cstackBANK0  000024
strcpy@src                                           cstackBANK0  000020
strlen@a                                             cstackBANK0  000023
strlen@s                                             cstackBANK0  000020
strncmp@_l                                           cstackBANK0  000020
strncmp@_r                                           cstackBANK0  000022
strncmp@l                                            cstackBANK0  000027
strncmp@n                                            cstackBANK0  000024
strncmp@r                                            cstackBANK0  000029
vfpfcnvrt@ap                                         cstackBANK2  000151
vfpfcnvrt@c                                          cstackBANK1  0000D0
vfpfcnvrt@convarg                                    cstackBANK1  0000CC
vfpfcnvrt@cp                                         cstackBANK1  0000D2
vfpfcnvrt@fmt                                        cstackBANK2  000150
vfpfcnvrt@fp                                         cstackBANK1  0000D1
vfprintf@ap                                          cstackBANK2  000154
vfprintf@cfmt                                        cstackBANK1  0000D5
vfprintf@fmt                                         cstackBANK2  000152
vfprintf@fp                                          cstackBANK1  0000D4
weather_dev@dev                                      cstackBANK4  000225
weather_dev@settings                                 cstackBANK4  000220
weather_is_measurement_done@dev                      cstackBANK1  0000DB
weather_is_measurement_done@status_reg               cstackBANK1  0000DC
weather_read@comp_data                               cstackBANK3  0001C4
weather_read@dev                                     cstackBANK3  0001C3
weather_read@rslt                                    cstackBANK3  0001C2
write_eeprom@address                                 cstackBANK2  000157
write_eeprom@data                                    cstackBANK2  000159
write_eeprom@i                                       cstackBANK0  00006F
write_eeprom@size                                    cstackBANK2  00015B
write_power_mode@dev                                 cstackBANK2  000166
write_power_mode@reg_addr                            cstackBANK1  0000DE
write_power_mode@rslt                                cstackBANK1  0000DD
write_power_mode@sensor_mode                         cstackBANK1  0000DC
write_power_mode@sensor_mode_reg_val                 cstackBANK1  0000DF
wtemp0                                               (abs)        00007E


MODULE INFORMATION

Module		Function		Class		Link	Load	Size
C:\Program Files\Microchip\xc8\v2.41\pic\sources\c99\common\__fpclassifyf.c
		___fpclassifyf 		CODE           	2A26	0000	127

C:\Program Files\Microchip\xc8\v2.41\pic\sources\c99\common\__fpclassifyf.c estimated size: 127

C:\Program Files\Microchip\xc8\v2.41\pic\sources\c99\common\awmod.c
		___awmod       		CODE           	3431	0000	84

C:\Program Files\Microchip\xc8\v2.41\pic\sources\c99\common\awmod.c estimated size: 84

C:\Program Files\Microchip\xc8\v2.41\pic\sources\c99\common\floorf.c
		_floorf        		CODE           	2F06	0000	250

C:\Program Files\Microchip\xc8\v2.41\pic\sources\c99\common\floorf.c estimated size: 250

C:\Program Files\Microchip\xc8\v2.41\pic\sources\c99\common\roundf.c
		_roundf        		CODE           	114D	0000	696

C:\Program Files\Microchip\xc8\v2.41\pic\sources\c99\common\roundf.c estimated size: 696

C:\Program Files\Microchip\xc8\v2.41\pic\sources\c99\common\flge.c
		___flge        		CODE           	2B25	0000	139

C:\Program Files\Microchip\xc8\v2.41\pic\sources\c99\common\flge.c estimated size: 139

C:\Program Files\Microchip\xc8\v2.41\pic\sources\c99\common\Umul8_16.c
		__Umul8_16     		CODE           	3E2C	0000	36

C:\Program Files\Microchip\xc8\v2.41\pic\sources\c99\common\Umul8_16.c estimated size: 36

weather.c
		_bme280_i2c_read		CODE           	3106	0000	61
		_bme280_delay_us		CODE           	3C0B	0000	10
		_bme280_i2c_write		CODE           	2869	0000	106
		_weather_dev   		CODE           	3349	0000	71
		_weather_read  		CODE           	33DF	0000	82
		_weather_init  		CODE           	3BBA	0000	6
		_weather_is_measurement_done		CODE           	1800	0000	31

weather.c estimated size: 367

C:\Program Files\Microchip\xc8\v2.41\pic\sources\c99\common\fltol.c
		___fltol       		CODE           	2942	0000	113

C:\Program Files\Microchip\xc8\v2.41\pic\sources\c99\common\fltol.c estimated size: 113

C:\Program Files\Microchip\xc8\v2.41\pic\sources\c99\common\xxtofl.c
		___xxtofl      		CODE           	201F	0000	171

C:\Program Files\Microchip\xc8\v2.41\pic\sources\c99\common\xxtofl.c estimated size: 171

mcc_generated_files/system/src/watchdog.c
		_WDT_Initialize		CODE           	3B87	0000	4

mcc_generated_files/system/src/watchdog.c estimated size: 4

C:\Program Files\Microchip\xc8\v2.41\pic\sources\c99\common\strlen.c
		_strlen        		CODE           	3D04	0000	26

C:\Program Files\Microchip\xc8\v2.41\pic\sources\c99\common\strlen.c estimated size: 26

C:\Program Files\Microchip\xc8\v2.41\pic\sources\c99\common\nf_fputc.c
		_fputc         		CODE           	352F	0000	87

C:\Program Files\Microchip\xc8\v2.41\pic\sources\c99\common\nf_fputc.c estimated size: 87

C:\Program Files\Microchip\xc8\v2.41\pic\sources\c99\common\strcmp.c
		_strcmp        		CODE           	306B	0000	50

C:\Program Files\Microchip\xc8\v2.41\pic\sources\c99\common\strcmp.c estimated size: 50

C:\Program Files\Microchip\xc8\v2.41\pic\sources\c99\common\strcpy.c
		_strcpy        		CODE           	3DA5	0000	32

C:\Program Files\Microchip\xc8\v2.41\pic\sources\c99\common\strcpy.c estimated size: 32

C:\Program Files\Microchip\xc8\v2.41\pic\sources\c99\common\nf_sprintf.c
		_sprintf       		CODE           	3E75	0000	39

C:\Program Files\Microchip\xc8\v2.41\pic\sources\c99\common\nf_sprintf.c estimated size: 39

bme280.c
		_compensate_temperature		CODE           	1D4E	0000	690
		_bme280_get_sensor_data		CODE           	368E	0000	90
		_fill_filter_settings		CODE           	3D38	0000	27
		_parse_device_settings		CODE           	29B3	0000	115
		_compensate_humidity		CODE           	1405	0000	1019
		_fill_osr_temp_settings		CODE           	3D6E	0000	27
		_fill_standby_settings		CODE           	3D53	0000	27
		_bme280_get_regs		CODE           	079D	0000	99
		_bme280_set_regs		CODE           	1024	0000	297
		_reload_device_settings		CODE           	3DC5	0000	33
		_fill_osr_press_settings		CODE           	3D1E	0000	26
		_bme280_get_sensor_mode		CODE           	3F1A	0000	44
		_bme280_set_sensor_mode		CODE           	3F46	0000	45
		_put_device_to_sleep		CODE           	3180	0000	62
		_compensate_pressure		CODE           	09C4	0000	1596
		_set_filter_standby_settings		CODE           	3586	0000	87
		_get_calib_data		CODE           	34D9	0000	86
		_write_power_mode		CODE           	3143	0000	61
		_set_osr_press_temp_settings		CODE           	35DD	0000	87
		_parse_sensor_data		CODE           	089A	0000	298
		_set_osr_humidity_settings		CODE           	36E8	0000	91
		_parse_humidity_calib_data		CODE           	2C3F	0000	156
		_bme280_init   		CODE           	323E	0000	65
		_null_ptr_check		CODE           	3F73	0000	46
		_interleave_reg_addr		CODE           	32C2	0000	67
		_bme280_get_sensor_settings		CODE           	3FD0	0000	48
		_bme280_set_sensor_settings		CODE           	2802	0000	103
		_are_settings_changed		CODE           	3C54	0000	14
		_bme280_compensate_data		CODE           	2BB0	0000	143
		_set_osr_settings		CODE           	3EC4	0000	42
		_parse_temp_press_calib_data		CODE           	21C8	0000	267
		_bme280_soft_reset		CODE           	28D3	0000	111

bme280.c estimated size: 5969

C:\Program Files\Microchip\xc8\v2.41\pic\sources\c99\common\sprcadd.c
		___flsub       		CODE           	30D0	0000	54
		___fladd       		CODE           	25F8	0000	520

C:\Program Files\Microchip\xc8\v2.41\pic\sources\c99\common\sprcadd.c estimated size: 574

mcc_generated_files/system/src/interrupt.c
		_INT_SetInterruptHandler		CODE           	3BF8	0000	9
		_INTERRUPT_Initialize		CODE           	3C15	0000	12
		_INTERRUPT_InterruptManager		CODE           	0004	0000	45

mcc_generated_files/system/src/interrupt.c estimated size: 66

C:\Program Files\Microchip\xc8\v2.41\pic\sources\c99\common\awdiv.c
		___awdiv       		CODE           	37A0	0000	96

C:\Program Files\Microchip\xc8\v2.41\pic\sources\c99\common\awdiv.c estimated size: 96

C:\Program Files\Microchip\xc8\v2.41\pic\sources\c99\common\abs.c
		_abs           		CODE           	3D89	0000	28

C:\Program Files\Microchip\xc8\v2.41\pic\sources\c99\common\abs.c estimated size: 28

C:\Program Files\Microchip\xc8\v2.41\pic\sources\c99\common\doprnt.c
		_vfpfcnvrt     		CODE           	18E4	0000	559
		_efgtoa        		CODE           	22D3	0000	2097
		_pad           		CODE           	3305	0000	68
		_dtoa          		CODE           	181F	0000	197
		_vfprintf      		CODE           	309D	0000	51
		_stoa          		CODE           	2D7A	0000	163

C:\Program Files\Microchip\xc8\v2.41\pic\sources\c99\common\doprnt.c estimated size: 3135

C:\Program Files\Microchip\xc8\v2.41\pic\sources\c99\common\flneg.c
		___flneg       		CODE           	3C21	0000	12

C:\Program Files\Microchip\xc8\v2.41\pic\sources\c99\common\flneg.c estimated size: 12

C:\Program Files\Microchip\xc8\v2.41\pic\sources\c99\common\fleq.c
		___fleq        		CODE           	3390	0000	79

C:\Program Files\Microchip\xc8\v2.41\pic\sources\c99\common\fleq.c estimated size: 79

mcc_generated_files/nvm/src/nvm.c
		_NVM_UnlockKeySet		CODE           	3BB4	0000	6
		_NVM_Initialize		CODE           	3B83	0000	4
		_EEPROM_Read   		CODE           	3C2D	0000	13
		_EEPROM_Write  		CODE           	3E09	0000	35
		_NVM_StatusClear		CODE           	3B50	0000	3
		_NVM_IsBusy    		CODE           	3C9E	0000	17

mcc_generated_files/nvm/src/nvm.c estimated size: 78

mcc_generated_files/system/src/pins.c
		_PIN_MANAGER_Initialize		CODE           	3634	0000	90
		_PIN_MANAGER_IOC		CODE           	2800	0000	1

mcc_generated_files/system/src/pins.c estimated size: 91

shared
		__initialization		CODE           	0033	0000	86
		_UART1         		STRCODE        	0000	0000	0
		_I2C2_Host     		STRCODE        	0000	0000	0
		_toint         		STRCODE        	0000	0000	0
		_i2c2_eventTable		STRCODE        	3863	0000	18

shared estimated size: 104

C:\Program Files\Microchip\xc8\v2.41\pic\sources\c99\common\memcpy.c
		_memcpy        		CODE           	3E9C	0000	40

C:\Program Files\Microchip\xc8\v2.41\pic\sources\c99\common\memcpy.c estimated size: 40

rylr998.c
		_rylr998_read  		CODE           	2CDB	0000	159
		_rylr998_send  		CODE           	2E1D	0000	233
		_rylr998_init  		CODE           	3C3A	0000	13
		_rylr998_write 		CODE           	2AA5	0000	128

rylr998.c estimated size: 533

C:\Program Files\Microchip\xc8\v2.41\pic\sources\c99\common\putch.c
		_putch         		CODE           	2000	0000	1

C:\Program Files\Microchip\xc8\v2.41\pic\sources\c99\common\putch.c estimated size: 1

C:\Program Files\Microchip\xc8\v2.41\pic\sources\c99\common\nf_fputs.c
		_fputs         		CODE           	3E50	0000	37

C:\Program Files\Microchip\xc8\v2.41\pic\sources\c99\common\nf_fputs.c estimated size: 37

mcc_generated_files/system/src/clock.c
		_CLOCK_Initialize		CODE           	3C01	0000	10

mcc_generated_files/system/src/clock.c estimated size: 10

mcc_generated_files/i2c_host/src/mssp2.c
		_I2C2_DefaultCallback		CODE           	3B3A	0000	1
		_I2C2_WriteRead		CODE           	31BE	0000	63
		_I2C2_StartSend		CODE           	3B5C	0000	3
		_I2C2_EVENT_SEND_WR_ADDR		CODE           	3BCC	0000	7
		_I2C2_NackSend 		CODE           	3B6F	0000	4
		_I2C2_ErrorEventHandler		CODE           	3DE6	0000	35
		_I2C2_CallbackRegister		CODE           	3C80	0000	15
		_I2C2_EVENT_RESET		CODE           	3BD3	0000	7
		_I2C2_EVENT_ERROR		CODE           	3BA8	0000	6
		_I2C2_ErrorInterruptClear		CODE           	3B3B	0000	3
		_I2C2_StatusFlagsClear		CODE           	3B63	0000	4
		_I2C2_InterruptsEnable		CODE           	3B7F	0000	4
		_I2C2_InterruptClear		CODE           	3B3E	0000	3
		_I2C2_WriteStart		CODE           	3BE1	0000	7
		_I2C2_EVENT_RX 		CODE           	31FD	0000	65
		_I2C2_EVENT_TX 		CODE           	3FA1	0000	47
		_I2C2_ReceiveEnable		CODE           	3B47	0000	3
		_I2C2_RestartEnable		CODE           	3B4D	0000	3
		_I2C2_ISR      		CODE           	3B7B	0000	4
		_I2C2_EventHandler		CODE           	327F	0000	67
		_I2C2_DataReceive		CODE           	3B44	0000	3
		_I2C2_IsData   		CODE           	3B98	0000	5
		_I2C2_IsNack   		CODE           	3BAE	0000	6
		_I2C2_IsAddr   		CODE           	3BDA	0000	7
		_I2C2_IsBusy   		CODE           	3CAF	0000	19
		_I2C2_EVENT_IDLE		CODE           	3B73	0000	4
		_I2C2_EVENT_NACK		CODE           	3BA2	0000	6
		_I2C2_EVENT_SEND_RD_ADDR		CODE           	3BE8	0000	8
		_I2C2_EVENT_STOP		CODE           	3BF0	0000	8
		_I2C2_BusReset 		CODE           	3B5F	0000	4
		_I2C2_Initialize		CODE           	3CED	0000	23
		_I2C2_Close    		CODE           	3CC2	0000	21
		_I2C2_ERROR_ISR		CODE           	3B77	0000	4
		_I2C2_IsRxBufFull		CODE           	3B6B	0000	4
		_I2C2_Write    		CODE           	3008	0000	49
		_I2C2_StopSend 		CODE           	3B41	0000	3
		_I2C2_RestartDisable		CODE           	3B4A	0000	3
		_I2C2_DataTransmit		CODE           	3B93	0000	5
		_I2C2_AckSend  		CODE           	3B67	0000	4

mcc_generated_files/i2c_host/src/mssp2.c estimated size: 537

C:\Program Files\Microchip\xc8\v2.41\pic\sources\c99\common\labs.c
		_labs          		CODE           	1000	0000	36

C:\Program Files\Microchip\xc8\v2.41\pic\sources\c99\common\labs.c estimated size: 36

main.c
		_main          		CODE           	20CA	0000	254
		_read_eeprom   		CODE           	3039	0000	50
		_write_eeprom  		CODE           	3485	0000	84

main.c estimated size: 388

C:\Program Files\Microchip\xc8\v2.41\pic\sources\c99\common\strncmp.c
		_strncmp       		CODE           	3743	0000	93

C:\Program Files\Microchip\xc8\v2.41\pic\sources\c99\common\strncmp.c estimated size: 93

mcc_generated_files/uart/src/eusart1.c
		_EUSART1_Initialize		CODE           	2001	0000	30
		_EUSART1_DefaultFramingErrorCallback		CODE           	2801	0000	1
		_EUSART1_Read  		CODE           	3EEE	0000	44
		_EUSART1_ReceiveEnable		CODE           	3B56	0000	3
		_EUSART1_IsTxDone		CODE           	3B8F	0000	4
		_EUSART1_Write 		CODE           	3B9D	0000	5
		_EUSART1_TransmitEnable		CODE           	3B59	0000	3
		_EUSART1_Enable		CODE           	3B53	0000	3
		_EUSART1_FramingErrorCallbackRegister		CODE           	3C62	0000	15
		_EUSART1_IsRxReady		CODE           	3000	0000	8
		_EUSART1_OverrunErrorCallbackRegister		CODE           	3C71	0000	15
		_EUSART1_DefaultOverrunErrorCallback		CODE           	3B8B	0000	4

mcc_generated_files/uart/src/eusart1.c estimated size: 135

C:\Program Files\Microchip\xc8\v2.41\pic\sources\c99\common\sprcmul.c
		___flmul       		CODE           	1B13	0000	571

C:\Program Files\Microchip\xc8\v2.41\pic\sources\c99\common\sprcmul.c estimated size: 571

C:\Program Files\Microchip\xc8\v2.41\pic\sources\c99\common\printf.c
		_printf        		CODE           	3C8F	0000	15

C:\Program Files\Microchip\xc8\v2.41\pic\sources\c99\common\printf.c estimated size: 15

mcc_generated_files/system/src/system.c
		_SYSTEM_Initialize		CODE           	3CD7	0000	22

mcc_generated_files/system/src/system.c estimated size: 22

C:\Program Files\Microchip\xc8\v2.41\pic\sources\c99\common\sprcdiv.c
		___fldiv       		CODE           	23F4	0000	516

C:\Program Files\Microchip\xc8\v2.41\pic\sources\c99\common\sprcdiv.c estimated size: 516

C:\Program Files\Microchip\xc8\v2.41\pic\sources\c99\common\nf_snprintf.c
		_snprintf      		CODE           	0801	0000	153

C:\Program Files\Microchip\xc8\v2.41\pic\sources\c99\common\nf_snprintf.c estimated size: 153

