Microchip MPLAB XC8 Compiler V2.41

Linker command line:

-W-3 \
  --edf=C:/Program Files/Microchip/MPLABX/v6.10/packs/Microchip/PIC16F1xxxx_DFP/1.18.352/xc8\pic\dat\20230322162823_en.msgs \
  -cn -h+dist/default/debug\Third.X.debug.sym \
  --cmf=dist/default/debug\Third.X.debug.cmf -z -Q16F18076 \
  -oC:\Users\zmiller\AppData\Local\Temp\xcAs1bls.\driver_tmp_3.o \
  --defsym=__MPLAB_BUILD=1 --fixupoverflow=error \
  -Mdist/default/debug/Third.X.debug.map \
  --md=C:\Users\zmiller\AppData\Local\Temp\xcAs1bls.\driver_tmp_0.dat -E1 \
  -ver=XC8 Compiler --acfsm=1493 -ACODE=00h-07FFhx8 -ASTRCODE=00h-03FFFh \
  -ASTRING=00h-0FFhx64 -ACONST=00h-0FFhx64 -AENTRY=00h-0FFhx64 \
  -ACOMMON=070h-07Fh -ABANK0=020h-06Fh -ABANK1=0A0h-0EFh \
  -ABANK2=0120h-016Fh -ABANK3=01A0h-01EFh -ABANK4=0220h-026Fh \
  -ABANK5=02A0h-02EFh -ABANK6=0320h-036Fh -ABANK7=03A0h-03EFh \
  -ABANK8=0420h-046Fh -ABANK9=04A0h-04EFh -ABANK10=0520h-056Fh \
  -ABANK11=05A0h-05EFh -ABANK12=0620h-066Fh -ABANK13=06A0h-06EFh \
  -ABANK14=0720h-076Fh -ABANK15=07A0h-07EFh -ABANK16=0820h-086Fh \
  -ABANK17=08A0h-08EFh -ABANK18=0920h-096Fh -ABANK19=09A0h-09EFh \
  -ABANK20=0A20h-0A6Fh -ABANK21=0AA0h-0AEFh -ABANK22=0B20h-0B6Fh \
  -ABANK23=0BA0h-0BEFh -ABANK24=0C20h-0C6Fh -ABANK25=0CA0h-0CBFh \
  -ABIGRAM=02000h-027EFh \
  -ARAM=020h-06Fh,0A0h-0EFh,0120h-016Fh,01A0h-01EFh,0220h-026Fh,02A0h-02EFh,0320h-036Fh,03A0h-03EFh,0420h-046Fh,04A0h-04EFh,0520h-056Fh,05A0h-05EFh,0620h-066Fh,06A0h-06EFh,0720h-076Fh,07A0h-07EFh,0820h-086Fh,08A0h-08EFh,0920h-096Fh,09A0h-09EFh,0A20h-0A6Fh,0AA0h-0AEFh,0B20h-0B6Fh,0BA0h-0BEFh,0C20h-0C6Fh,0CA0h-0CBFh \
  -AABS1=020h-07Fh,0A0h-0EFh,0120h-016Fh,01A0h-01EFh,0220h-026Fh,02A0h-02EFh,0320h-036Fh,03A0h-03EFh,0420h-046Fh,04A0h-04EFh,0520h-056Fh,05A0h-05EFh,0620h-066Fh,06A0h-06EFh,0720h-076Fh,07A0h-07EFh,0820h-086Fh,08A0h-08EFh,0920h-096Fh,09A0h-09EFh,0A20h-0A6Fh,0AA0h-0AEFh,0B20h-0B6Fh,0BA0h-0BEFh,0C20h-0C6Fh,0CA0h-0CBFh \
  -ASFR0=00h-01Fh -ASFR1=080h-09Fh -ASFR2=0100h-011Fh -ASFR3=0180h-019Fh \
  -ASFR4=0200h-021Fh -ASFR5=0280h-029Fh -ASFR6=0300h-031Fh \
  -ASFR7=0380h-039Fh -ASFR8=0400h-041Fh -ASFR9=0480h-049Fh \
  -ASFR10=0500h-051Fh -ASFR11=0580h-059Fh -ASFR12=0600h-061Fh \
  -ASFR13=0680h-069Fh -ASFR14=0700h-071Fh -ASFR15=0780h-079Fh \
  -ASFR16=0800h-081Fh -ASFR17=0880h-089Fh -ASFR18=0900h-091Fh \
  -ASFR19=0980h-099Fh -ASFR20=0A00h-0A1Fh -ASFR21=0A80h-0A9Fh \
  -ASFR22=0B00h-0B1Fh -ASFR23=0B80h-0B9Fh -ASFR24=0C00h-0C1Fh \
  -ASFR25=0C80h-0C9Fh -ASFR26=0D00h-0D6Fh -ASFR27=0D80h-0DEFh \
  -ASFR28=0E00h-0E6Fh -ASFR29=0E80h-0EEFh -ASFR30=0F00h-0F6Fh \
  -ASFR31=0F80h-0FEFh -ASFR32=01000h-0106Fh -ASFR33=01080h-010EFh \
  -ASFR34=01100h-0116Fh -ASFR35=01180h-011EFh -ASFR36=01200h-0126Fh \
  -ASFR37=01280h-012EFh -ASFR38=01300h-0136Fh -ASFR39=01380h-013EFh \
  -ASFR40=01400h-0146Fh -ASFR41=01480h-014EFh -ASFR42=01500h-0156Fh \
  -ASFR43=01580h-015EFh -ASFR44=01600h-0166Fh -ASFR45=01680h-016EFh \
  -ASFR46=01700h-0176Fh -ASFR47=01780h-017EFh -ASFR48=01800h-0186Fh \
  -ASFR49=01880h-018EFh -ASFR50=01900h-0196Fh -ASFR51=01980h-019EFh \
  -ASFR52=01A00h-01A6Fh -ASFR53=01A80h-01AEFh -ASFR54=01B00h-01B6Fh \
  -ASFR55=01B80h-01BEFh -ASFR56=01C00h-01C6Fh -ASFR57=01C80h-01CEFh \
  -ASFR58=01D00h-01D6Fh -ASFR59=01D80h-01DEFh -ASFR60=01E00h-01E6Fh \
  -ASFR61=01E80h-01EEFh -ASFR62=01F00h-01F6Fh -ASFR63=01F80h-01FEFh \
  -ACONFIG=08007h-0800Bh -DCONFIG=2 -AIDLOC=08000h-08003h -DIDLOC=2 \
  -AEEDATA=00h-0FFh/0F000h -peeprom_data=EEDATA -DEEDATA=2 -DCODE=2 \
  -DSTRCODE=2 -DSTRING=2 -DCONST=2 -DENTRY=2 \
  -preset_vec=00h,intentry=04h,init,end_init -ppowerup=CODE -pcinit=CODE \
  -pfunctab=ENTRY -k \
  C:\Users\zmiller\AppData\Local\Temp\xcAs1bls.\driver_tmp_20.o \
  dist/default/debug\Third.X.debug.o 

Object code version is 3.11

Machine type is 16F18076



                Name                               Link     Load   Length Selector   Space Scale
C:\Users\zmiller\AppData\Local\Temp\xcAs1bls.\driver_tmp_20.o
                end_init                             3D       3D        2        8       0
                reset_vec                             0        0        2        0       0
                config                             8007     8007        5        0       4
dist/default/debug\Third.X.debug.o
                cinit                                3F       3F       59        8       0
                intentry                              4        4       39        8       0
                text57_split_1                       98       98      710        8       0
                config                             8007     8007        5        0       4
                text158                            3A42     3A42        1     7484       0
                text157                            3A6F     3A6F        4     74DE       0
                text156                            3A48     3A48        3     7490       0
                text155                            3A4B     3A4B        3     7496       0
                text154                            3A73     3A73        4     74E6       0
                text153                            3C0C     3C0C       15     7818       0
                text152                            3A4E     3A4E        3     749C       0
                text151                            3A77     3A77        4     74EE       0
                text150                            3A51     3A51        3     74A2       0
                text149                            3A7B     3A7B        4     74F6       0
                text148                            3A7F     3A7F        4     74FE       0
                text147                            3A54     3A54        3     74A8       0
                text146                            3A57     3A57        3     74AE       0
                text145                            3AAB     3AAB        5     7556       0
                text144                            3A5A     3A5A        3     74B4       0
                text143                            3F0E     3F0E       2F     7E1C       0
                text142                            3A83     3A83        4     7506       0
                text141                            3B09     3B09        8     7612       0
                text140                            3ADF     3ADF        7     75BE       0
                text139                            3128     3128       41     6250       0
                text138                            3AB5     3AB5        6     756A       0
                text137                            3ABB     3ABB        6     7576       0
                text136                            3B11     3B11        8     7622       0
                text135                            3AE6     3AE6        7     75CC       0
                text134                            3D9F     3D9F       23     7B3E       0
                text133                            3A87     3A87        4     750E       0
                text132                            3AED     3AED        7     75DA       0
                text131                            3AB0     3AB0        5     7560       0
                text130                            3AC1     3AC1        6     7582       0
                text129                            31AA     31AA       43     6354       0
                text128                            3A8B     3A8B        4     7516       0
                text127                            3A43     3A43        1     7486       0
                text126                            3A5D     3A5D        3     74BA       0
                text125                            3A8F     3A8F        4     751E       0
                text124                            3C21     3C21       17     7842       0
                text123                            3A44     3A44        1     7488       0
                text122                            3B8D     3B8D        F     771A       0
                text120                            3B45     3B45        A     768A       0
                text119                            3B9C     3B9C        F     7738       0
                text118                            3BAB     3BAB        F     7756       0
                text117                            3D20     3D20       1E     7A40       0
                text116                            3BBA     3BBA        F     7774       0
                text115                            3A93     3A93        4     7526       0
                text114                            3C38     3C38       17     7870       0
                text113                            3B21     3B21        9     7642       0
                text112                            3B59     3B59        C     76B2       0
                text111                            3A60     3A60        3     74C0       0
                text110                            3A97     3A97        4     752E       0
                text109                            3508     3508       5A     6A10       0
                text108                            3B2A     3B2A        9     7654       0
                text107                            3C4F     3C4F       17     789E       0
                text106                            3A9B     3A9B        4     7536       0
                text105                            3C66     3C66       19     78CC       0
                text104                            3B65     3B65        D     76CA       0
                text103                            3BE8     3BE8       11     77D0       0
                text102                            3AC7     3AC7        6     758E       0
                text101                            3FCE     3FCE       32     7F9C       0
                text100                            3A63     3A63        3     74C6       0
                text99                             3A66     3A66        3     74CC       0
                text98                             3A69     3A69        3     74D2       0
                text97                             3B33     3B33        9     7666       0
                text96                             3BD8     3BD8       10     77B0       0
                text95                             2A7A     2A7A       8B     54F4       0
                text94                             3DE5     3DE5       24     7BCA       0
                text93                             1B13     1B13      23B     3626       0
                text92                             2000     2000        C     3A9C       0
                text91                             25F8     25F8      208     4BF0       0
                text90                             3038     3038       36     6070       0
                text89                             114D     114D      2B8     229A       0
                text88                             3B19     3B19        8     7632       0
                text87                             3A45     3A45        1     748A       0
                text86                             3A9F     3A9F        4     753E       0
                text85                             3E5B     3E5B       2C     7CB6       0
                text84                             3F3D     3F3D       30     7E7A       0
                text83                             3A6C     3A6C        3     74D8       0
                text82                             3ACD     3ACD        6     759A       0
                text81                             3AF4     3AF4        7     75E8       0
                text80                             3AFB     3AFB        7     75F6       0
                text79                             3AA3     3AA3        4     7546       0
                text78                             3A46     3A46        2     748C       0
                text77                             200C     200C       C2     4018       0
                text76                             3AA7     3AA7        4     754E       0
                text75                             3000     3000        5     5E1A       0
                text74                             3674     3674       60     6CE8       0
                text73                             335E     335E       54     66BC       0
                text72                             3D04     3D04       1C     7A08       0
                text71                              7FF      7FF        1        8       0
                text70                             330B     330B       53     6616       0
                text69                             2800     2800       25     4BF0       0
                text68                             3C7F     3C7F       1A     78FE       0
                text67                             3230     3230       44     6460       0
                text66                             181F     181F       C5     303E       0
                text65                             23F4     23F4      204     47E8       0
                text64                             32BC     32BC       4F     6578       0
                text63                             2894     2894       71     5128       0
                text62                             2978     2978       7F     52F0       0
                text61                             20CE     20CE       FA     419C       0
                text60                             1000     1000       24     1388       0
                text59                             3E09     3E09       28     7C12       0
                text58                             3D3E     3D3E       20     7A7C       0
                text57                             22D3     22D3      121     45A6       0
                text56                             2C30     2C30       A3     5860       0
                text55                             3617     3617       5D     6C2E       0
                text54                             18E4     18E4      22F     31C8       0
                text53                             3005     3005       33     600A       0
                text52                             3BC9     3BC9        F     7792       0
                text51                             2CD3     2CD3       A5     59A6       0
                text50                              803      803       97     1006       0
                text49                             3D5E     3D5E       20     7ABC       0
                text48                             2E23     2E23       EA     5C46       0
                text47                             3BF9     3BF9       13     77F2       0
                text46                              800      800        3     1000       0
                text45                             3B02     3B02        7     7604       0
                text44                             30E9     30E9       3F     61D2       0
                text43                             3406     3406       55     680C       0
                text42                             3EE0     3EE0       2E     7DC0       0
                text41                             3736     3736       63     6E6C       0
                text40                             2905     2905       73     520A       0
                text39                             3F6D     3F6D       30     7EDA       0
                text38                             3B4F     3B4F        A     769E       0
                text37                             3F9D     3F9D       31     7F3A       0
                text36                             29F7     29F7       83     53EE       0
                text35                             31ED     31ED       43     63DA       0
                text34                             1024     1024      129     2048       0
                text33                             2825     2825       6F     504A       0
                text32                             2B94     2B94       9C     5728       0
                text31                             21C8     21C8      10B     4390       0
                text30                             345B     345B       56     68B6       0
                text29                             3169     3169       41     62D2       0
                text28                             3E87     3E87       2C     7D0E       0
                text27                             3CB3     3CB3       1B     7966       0
                text26                             3CCE     3CCE       1B     799C       0
                text25                             34B1     34B1       57     6962       0
                text24                             35BC     35BC       5B     6B78       0
                text23                             3C99     3C99       1A     7932       0
                text22                             3CE9     3CE9       1B     79D2       0
                text21                              7A8      7A8       57        8       0
                text20                             3E31     3E31       2A     7C62       0
                text19                             3D7E     3D7E       21     7AFC       0
                text18                             30AB     30AB       3E     6156       0
                text17                             306E     306E       3D     60DC       0
                text16                             3EB3     3EB3       2D     7D66       0
                text15                             3B7F     3B7F        E     76FE       0
                text14                             3799     3799       67     6F32       0
                text13                             3274     3274       48     64E8       0
                text12                             3B3C     3B3C        9     7678       0
                text11                             2D78     2D78       AB     5AF0       0
                text10                             1405     1405      3FB     280A       0
                text9                               9C4      9C4      63C     1388       0
                text8                              1D4E     1D4E      2B2     3A9C       0
                text7                              2B05     2B05       8F     560A       0
                text6                               89A      89A      12A     1134       0
                text5                              3562     3562       5A     6AC4       0
                text4                              1800     1800       1F     280A       0
                text3                              36D4     36D4       62     6DA8       0
                text2                              3DC2     3DC2       23     7B84       0
                text1                              33B2     33B2       54     6764       0
                maintext                           2F0D     2F0D       F3     5E1A       0
                cstackBANK0                          20       20       50       20       1
                cstackCOMMON                         76       76        6       70       1
                cstackBANK1                          A0       A0       50       A0       1
                cstackBANK2                         120      120       50      120       1
                cstackBANK3                         1A0      1A0       4D      1A0       1
                cstackBANK4                         220      220       34      220       1
                cstackBANK5                         2A0      2A0       46      2A0       1
                clrtext                            3AD3     3AD3        6     75A6       0
                inittext                           3AD9     3AD9        6     75B2       0
                bssBANK10                           520      520       3C      520       1
                bssBANK9                            4A0      4A0       3C      4A0       1
                bssBANK8                            420      420       1A      420       1
                bssBANK7                            3A0      3A0       50      3A0       1
                dataBANK6                           359      359        D      320       1
                bssBANK6                            320      320       39      320       1
                bssBANK5                            2E6      2E6        8      2A0       1
                bssBANK4                            254      254       1B      220       1
                bssBANK3                            1ED      1ED        2      1A0       1
                dataCOMMON                           7C       7C        2       70       1
                bssCOMMON                            70       70        6       70       1
                stringtext15                       38C3     38C3        3     7000       0
                stringtext14                       38BF     38BF        4     7000       0
                stringtext13                       38BB     38BB        4     7000       0
                stringtext12                       38B7     38B7        4     7000       0
                stringtext11                       38B3     38B3        4     7000       0
                stringtext10                       38AA     38AA        9     7000       0
                stringtext9                        38A1     38A1        9     7000       0
                stringtext8                        3898     3898        9     7000       0
                stringtext7                        388D     388D        B     7000       0
                stringtext6                        3881     3881        C     7000       0
                stringtext5                        3830     3830       1F     7000       0
                stringtext4                        3875     3875        C     7000       0
                stringtext3                        3863     3863       12     7000       0
                stringtext2                        384F     384F       14     7000       0
                stringtext1                        3800     3800       30     7000       0
                idataBANK6                         3B72     3B72        D     76E4       0
                idataCOMMON                           2        2        2        0       0

TOTAL           Name                               Link     Load   Length     Space
        CLASS   CODE           
                end_init                             3D       3D        2         0
                cinit                                3F       3F       59         0
                intentry                              4        4       39         0
                reset_vec                             0        0        2         0
                text57_split_1                       98       98      710         0
                text158                            3A42     3A42        1         0
                text157                            3A6F     3A6F        4         0
                text156                            3A48     3A48        3         0
                text155                            3A4B     3A4B        3         0
                text154                            3A73     3A73        4         0
                text153                            3C0C     3C0C       15         0
                text152                            3A4E     3A4E        3         0
                text151                            3A77     3A77        4         0
                text150                            3A51     3A51        3         0
                text149                            3A7B     3A7B        4         0
                text148                            3A7F     3A7F        4         0
                text147                            3A54     3A54        3         0
                text146                            3A57     3A57        3         0
                text145                            3AAB     3AAB        5         0
                text144                            3A5A     3A5A        3         0
                text143                            3F0E     3F0E       2F         0
                text142                            3A83     3A83        4         0
                text141                            3B09     3B09        8         0
                text140                            3ADF     3ADF        7         0
                text139                            3128     3128       41         0
                text138                            3AB5     3AB5        6         0
                text137                            3ABB     3ABB        6         0
                text136                            3B11     3B11        8         0
                text135                            3AE6     3AE6        7         0
                text134                            3D9F     3D9F       23         0
                text133                            3A87     3A87        4         0
                text132                            3AED     3AED        7         0
                text131                            3AB0     3AB0        5         0
                text130                            3AC1     3AC1        6         0
                text129                            31AA     31AA       43         0
                text128                            3A8B     3A8B        4         0
                text127                            3A43     3A43        1         0
                text126                            3A5D     3A5D        3         0
                text125                            3A8F     3A8F        4         0
                text124                            3C21     3C21       17         0
                text123                            3A44     3A44        1         0
                text122                            3B8D     3B8D        F         0
                text120                            3B45     3B45        A         0
                text119                            3B9C     3B9C        F         0
                text118                            3BAB     3BAB        F         0
                text117                            3D20     3D20       1E         0
                text116                            3BBA     3BBA        F         0
                text115                            3A93     3A93        4         0
                text114                            3C38     3C38       17         0
                text113                            3B21     3B21        9         0
                text112                            3B59     3B59        C         0
                text111                            3A60     3A60        3         0
                text110                            3A97     3A97        4         0
                text109                            3508     3508       5A         0
                text108                            3B2A     3B2A        9         0
                text107                            3C4F     3C4F       17         0
                text106                            3A9B     3A9B        4         0
                text105                            3C66     3C66       19         0
                text104                            3B65     3B65        D         0
                text103                            3BE8     3BE8       11         0
                text102                            3AC7     3AC7        6         0
                text101                            3FCE     3FCE       32         0
                text100                            3A63     3A63        3         0
                text99                             3A66     3A66        3         0
                text98                             3A69     3A69        3         0
                text97                             3B33     3B33        9         0
                text96                             3BD8     3BD8       10         0
                text95                             2A7A     2A7A       8B         0
                text94                             3DE5     3DE5       24         0
                text93                             1B13     1B13      23B         0
                text92                             2000     2000        C         0
                text91                             25F8     25F8      208         0
                text90                             3038     3038       36         0
                text89                             114D     114D      2B8         0
                text88                             3B19     3B19        8         0
                text87                             3A45     3A45        1         0
                text86                             3A9F     3A9F        4         0
                text85                             3E5B     3E5B       2C         0
                text84                             3F3D     3F3D       30         0
                text83                             3A6C     3A6C        3         0
                text82                             3ACD     3ACD        6         0
                text81                             3AF4     3AF4        7         0
                text80                             3AFB     3AFB        7         0
                text79                             3AA3     3AA3        4         0
                text78                             3A46     3A46        2         0
                text77                             200C     200C       C2         0
                text76                             3AA7     3AA7        4         0
                text75                             3000     3000        5         0
                text74                             3674     3674       60         0
                text73                             335E     335E       54         0
                text72                             3D04     3D04       1C         0
                text71                              7FF      7FF        1         0
                text70                             330B     330B       53         0
                text69                             2800     2800       25         0
                text68                             3C7F     3C7F       1A         0
                text67                             3230     3230       44         0
                text66                             181F     181F       C5         0
                text65                             23F4     23F4      204         0
                text64                             32BC     32BC       4F         0
                text63                             2894     2894       71         0
                text62                             2978     2978       7F         0
                text61                             20CE     20CE       FA         0
                text60                             1000     1000       24         0
                text59                             3E09     3E09       28         0
                text58                             3D3E     3D3E       20         0
                text57                             22D3     22D3      121         0
                text56                             2C30     2C30       A3         0
                text55                             3617     3617       5D         0
                text54                             18E4     18E4      22F         0
                text53                             3005     3005       33         0
                text52                             3BC9     3BC9        F         0
                text51                             2CD3     2CD3       A5         0
                text50                              803      803       97         0
                text49                             3D5E     3D5E       20         0
                text48                             2E23     2E23       EA         0
                text47                             3BF9     3BF9       13         0
                text46                              800      800        3         0
                text45                             3B02     3B02        7         0
                text44                             30E9     30E9       3F         0
                text43                             3406     3406       55         0
                text42                             3EE0     3EE0       2E         0
                text41                             3736     3736       63         0
                text40                             2905     2905       73         0
                text39                             3F6D     3F6D       30         0
                text38                             3B4F     3B4F        A         0
                text37                             3F9D     3F9D       31         0
                text36                             29F7     29F7       83         0
                text35                             31ED     31ED       43         0
                text34                             1024     1024      129         0
                text33                             2825     2825       6F         0
                text32                             2B94     2B94       9C         0
                text31                             21C8     21C8      10B         0
                text30                             345B     345B       56         0
                text29                             3169     3169       41         0
                text28                             3E87     3E87       2C         0
                text27                             3CB3     3CB3       1B         0
                text26                             3CCE     3CCE       1B         0
                text25                             34B1     34B1       57         0
                text24                             35BC     35BC       5B         0
                text23                             3C99     3C99       1A         0
                text22                             3CE9     3CE9       1B         0
                text21                              7A8      7A8       57         0
                text20                             3E31     3E31       2A         0
                text19                             3D7E     3D7E       21         0
                text18                             30AB     30AB       3E         0
                text17                             306E     306E       3D         0
                text16                             3EB3     3EB3       2D         0
                text15                             3B7F     3B7F        E         0
                text14                             3799     3799       67         0
                text13                             3274     3274       48         0
                text12                             3B3C     3B3C        9         0
                text11                             2D78     2D78       AB         0
                text10                             1405     1405      3FB         0
                text9                               9C4      9C4      63C         0
                text8                              1D4E     1D4E      2B2         0
                text7                              2B05     2B05       8F         0
                text6                               89A      89A      12A         0
                text5                              3562     3562       5A         0
                text4                              1800     1800       1F         0
                text3                              36D4     36D4       62         0
                text2                              3DC2     3DC2       23         0
                text1                              33B2     33B2       54         0
                maintext                           2F0D     2F0D       F3         0
                clrtext                            3AD3     3AD3        6         0
                inittext                           3AD9     3AD9        6         0
                idataBANK6                         3B72     3B72        D         0
                idataCOMMON                           2        2        2         0

        CLASS   STRCODE        
                stringtext15                       38C3     38C3        3         0
                stringtext14                       38BF     38BF        4         0
                stringtext13                       38BB     38BB        4         0
                stringtext12                       38B7     38B7        4         0
                stringtext11                       38B3     38B3        4         0
                stringtext10                       38AA     38AA        9         0
                stringtext9                        38A1     38A1        9         0
                stringtext8                        3898     3898        9         0
                stringtext7                        388D     388D        B         0
                stringtext6                        3881     3881        C         0
                stringtext5                        3830     3830       1F         0
                stringtext4                        3875     3875        C         0
                stringtext3                        3863     3863       12         0
                stringtext2                        384F     384F       14         0
                stringtext1                        3800     3800       30         0

        CLASS   STRING         

        CLASS   CONST          

        CLASS   ENTRY          

        CLASS   COMMON         
                cstackCOMMON                         76       76        6         1
                dataCOMMON                           7C       7C        2         1
                bssCOMMON                            70       70        6         1

        CLASS   BANK0          
                cstackBANK0                          20       20       50         1

        CLASS   BANK1          
                cstackBANK1                          A0       A0       50         1

        CLASS   BANK2          
                cstackBANK2                         120      120       50         1

        CLASS   BANK3          
                cstackBANK3                         1A0      1A0       4D         1
                bssBANK3                            1ED      1ED        2         1

        CLASS   BANK4          
                cstackBANK4                         220      220       34         1
                bssBANK4                            254      254       1B         1

        CLASS   BANK5          
                cstackBANK5                         2A0      2A0       46         1
                bssBANK5                            2E6      2E6        8         1

        CLASS   BANK6          
                dataBANK6                           359      359        D         1
                bssBANK6                            320      320       39         1

        CLASS   BANK7          
                bssBANK7                            3A0      3A0       50         1

        CLASS   BANK8          
                bssBANK8                            420      420       1A         1

        CLASS   BANK9          
                bssBANK9                            4A0      4A0       3C         1

        CLASS   BANK10         
                bssBANK10                           520      520       3C         1

        CLASS   BANK11         

        CLASS   BANK12         

        CLASS   BANK13         

        CLASS   BANK14         

        CLASS   BANK15         

        CLASS   BANK16         

        CLASS   BANK17         

        CLASS   BANK18         

        CLASS   BANK19         

        CLASS   BANK20         

        CLASS   BANK21         

        CLASS   BANK22         

        CLASS   BANK23         

        CLASS   BANK24         

        CLASS   BANK25         

        CLASS   BIGRAM         

        CLASS   RAM            

        CLASS   ABS1           
                abs_s1                               7E       7E        2         1

        CLASS   SFR0           

        CLASS   SFR1           

        CLASS   SFR2           

        CLASS   SFR3           

        CLASS   SFR4           

        CLASS   SFR5           

        CLASS   SFR6           

        CLASS   SFR7           

        CLASS   SFR8           

        CLASS   SFR9           

        CLASS   SFR10          

        CLASS   SFR11          

        CLASS   SFR12          

        CLASS   SFR13          

        CLASS   SFR14          

        CLASS   SFR15          

        CLASS   SFR16          

        CLASS   SFR17          

        CLASS   SFR18          

        CLASS   SFR19          

        CLASS   SFR20          

        CLASS   SFR21          

        CLASS   SFR22          

        CLASS   SFR23          

        CLASS   SFR24          

        CLASS   SFR25          

        CLASS   SFR26          

        CLASS   SFR27          

        CLASS   SFR28          

        CLASS   SFR29          

        CLASS   SFR30          

        CLASS   SFR31          

        CLASS   SFR32          

        CLASS   SFR33          

        CLASS   SFR34          

        CLASS   SFR35          

        CLASS   SFR36          

        CLASS   SFR37          

        CLASS   SFR38          

        CLASS   SFR39          

        CLASS   SFR40          

        CLASS   SFR41          

        CLASS   SFR42          

        CLASS   SFR43          

        CLASS   SFR44          

        CLASS   SFR45          

        CLASS   SFR46          

        CLASS   SFR47          

        CLASS   SFR48          

        CLASS   SFR49          

        CLASS   SFR50          

        CLASS   SFR51          

        CLASS   SFR52          

        CLASS   SFR53          

        CLASS   SFR54          

        CLASS   SFR55          

        CLASS   SFR56          

        CLASS   SFR57          

        CLASS   SFR58          

        CLASS   SFR59          

        CLASS   SFR60          

        CLASS   SFR61          

        CLASS   SFR62          

        CLASS   SFR63          

        CLASS   CONFIG         
                config                             8007     8007        5         4

        CLASS   IDLOC          

        CLASS   EEDATA         

        CLASS   BANK63         

        CLASS   BANK62         

        CLASS   BANK61         

        CLASS   BANK60         

        CLASS   BANK59         

        CLASS   BANK58         

        CLASS   BANK57         

        CLASS   BANK56         

        CLASS   BANK55         

        CLASS   BANK54         

        CLASS   BANK53         

        CLASS   BANK52         

        CLASS   BANK51         

        CLASS   BANK50         

        CLASS   BANK49         

        CLASS   BANK48         

        CLASS   BANK47         

        CLASS   BANK46         

        CLASS   BANK45         

        CLASS   BANK44         

        CLASS   BANK43         

        CLASS   BANK42         

        CLASS   BANK41         

        CLASS   BANK40         

        CLASS   BANK39         

        CLASS   BANK38         

        CLASS   BANK37         

        CLASS   BANK36         

        CLASS   BANK35         

        CLASS   BANK34         

        CLASS   BANK33         

        CLASS   BANK32         

        CLASS   BANK31         

        CLASS   BANK30         

        CLASS   BANK29         

        CLASS   BANK28         

        CLASS   BANK27         

        CLASS   BANK26         

        CLASS   HEAP           

        CLASS   STACK          



SEGMENTS        Name                           Load    Length   Top    Selector   Space  Class     Delta

                reset_vec                      000000  000004  000004         0       0  CODE        2
                intentry                       000004  0007FC  000800         8       0  CODE        2
                cstackBANK0                    000020  000050  000070        20       1  BANK0       1
                bssCOMMON                      000070  00000E  00007E        70       1  COMMON      1
                cstackBANK1                    0000A0  000050  0000F0        A0       1  BANK1       1
                cstackBANK2                    000120  000050  000170       120       1  BANK2       1
                cstackBANK3                    0001A0  00004F  0001EF       1A0       1  BANK3       1
                cstackBANK4                    000220  00004F  00026F       220       1  BANK4       1
                cstackBANK5                    0002A0  00004E  0002EE       2A0       1  BANK5       1
                bssBANK6                       000320  000046  000366       320       1  BANK6       1
                bssBANK7                       0003A0  000050  0003F0       3A0       1  BANK7       1
                bssBANK8                       000420  00001A  00043A       420       1  BANK8       1
                bssBANK9                       0004A0  00003C  0004DC       4A0       1  BANK9       1
                bssBANK10                      000520  00003C  00055C       520       1  BANK10      1
                text46                         000800  000003  000803      1000       0  CODE        2
                text50                         000803  000097  00089A      1006       0  CODE        2
                text6                          00089A  00012A  0009C4      1134       0  CODE        2
                text9                          0009C4  000660  001024      1388       0  CODE        2
                text34                         001024  000129  00114D      2048       0  CODE        2
                text89                         00114D  0002B8  001405      229A       0  CODE        2
                text10                         001405  00041A  00181F      280A       0  CODE        2
                text66                         00181F  0000C5  0018E4      303E       0  CODE        2
                text54                         0018E4  00022F  001B13      31C8       0  CODE        2
                text93                         001B13  00023B  001D4E      3626       0  CODE        2
                text8                          001D4E  0002BE  00200C      3A9C       0  CODE        2
                text77                         00200C  0000C2  0020CE      4018       0  CODE        2
                text61                         0020CE  0000FA  0021C8      419C       0  CODE        2
                text31                         0021C8  00010B  0022D3      4390       0  CODE        2
                text57                         0022D3  000121  0023F4      45A6       0  CODE        2
                text65                         0023F4  000204  0025F8      47E8       0  CODE        2
                text91                         0025F8  00022D  002825      4BF0       0  CODE        2
                text33                         002825  00006F  002894      504A       0  CODE        2
                text63                         002894  000071  002905      5128       0  CODE        2
                text40                         002905  000073  002978      520A       0  CODE        2
                text62                         002978  00007F  0029F7      52F0       0  CODE        2
                text36                         0029F7  000083  002A7A      53EE       0  CODE        2
                text95                         002A7A  00008B  002B05      54F4       0  CODE        2
                text7                          002B05  00008F  002B94      560A       0  CODE        2
                text32                         002B94  00009C  002C30      5728       0  CODE        2
                text56                         002C30  0000A3  002CD3      5860       0  CODE        2
                text51                         002CD3  0000A5  002D78      59A6       0  CODE        2
                text11                         002D78  0000AB  002E23      5AF0       0  CODE        2
                text48                         002E23  0000EA  002F0D      5C46       0  CODE        2
                maintext                       002F0D  0000F8  003005      5E1A       0  CODE        2
                text53                         003005  000033  003038      600A       0  CODE        2
                text90                         003038  000036  00306E      6070       0  CODE        2
                text17                         00306E  00003D  0030AB      60DC       0  CODE        2
                text18                         0030AB  00003E  0030E9      6156       0  CODE        2
                text44                         0030E9  00003F  003128      61D2       0  CODE        2
                text139                        003128  000041  003169      6250       0  CODE        2
                text29                         003169  000041  0031AA      62D2       0  CODE        2
                text129                        0031AA  000043  0031ED      6354       0  CODE        2
                text35                         0031ED  000043  003230      63DA       0  CODE        2
                text67                         003230  000044  003274      6460       0  CODE        2
                text13                         003274  000048  0032BC      64E8       0  CODE        2
                text64                         0032BC  00004F  00330B      6578       0  CODE        2
                text70                         00330B  000053  00335E      6616       0  CODE        2
                text73                         00335E  000054  0033B2      66BC       0  CODE        2
                text1                          0033B2  000054  003406      6764       0  CODE        2
                text43                         003406  000055  00345B      680C       0  CODE        2
                text30                         00345B  000056  0034B1      68B6       0  CODE        2
                text25                         0034B1  000057  003508      6962       0  CODE        2
                text109                        003508  00005A  003562      6A10       0  CODE        2
                text5                          003562  00005A  0035BC      6AC4       0  CODE        2
                text24                         0035BC  00005B  003617      6B78       0  CODE        2
                text55                         003617  00005D  003674      6C2E       0  CODE        2
                text74                         003674  000060  0036D4      6CE8       0  CODE        2
                text3                          0036D4  000062  003736      6DA8       0  CODE        2
                text41                         003736  000063  003799      6E6C       0  CODE        2
                text14                         003799  000067  003800      6F32       0  CODE        2
                stringtext1                    003800  0000C6  0038C6      7000       0  STRCODE     2
                text158                        003A42  000001  003A43      7484       0  CODE        2
                text127                        003A43  000001  003A44      7486       0  CODE        2
                text123                        003A44  000001  003A45      7488       0  CODE        2
                text87                         003A45  000001  003A46      748A       0  CODE        2
                text78                         003A46  000002  003A48      748C       0  CODE        2
                text156                        003A48  000003  003A4B      7490       0  CODE        2
                text155                        003A4B  000003  003A4E      7496       0  CODE        2
                text152                        003A4E  000003  003A51      749C       0  CODE        2
                text150                        003A51  000003  003A54      74A2       0  CODE        2
                text147                        003A54  000003  003A57      74A8       0  CODE        2
                text146                        003A57  000003  003A5A      74AE       0  CODE        2
                text144                        003A5A  000003  003A5D      74B4       0  CODE        2
                text126                        003A5D  000003  003A60      74BA       0  CODE        2
                text111                        003A60  000003  003A63      74C0       0  CODE        2
                text100                        003A63  000003  003A66      74C6       0  CODE        2
                text99                         003A66  000003  003A69      74CC       0  CODE        2
                text98                         003A69  000003  003A6C      74D2       0  CODE        2
                text83                         003A6C  000003  003A6F      74D8       0  CODE        2
                text157                        003A6F  000004  003A73      74DE       0  CODE        2
                text154                        003A73  000004  003A77      74E6       0  CODE        2
                text151                        003A77  000004  003A7B      74EE       0  CODE        2
                text149                        003A7B  000004  003A7F      74F6       0  CODE        2
                text148                        003A7F  000004  003A83      74FE       0  CODE        2
                text142                        003A83  000004  003A87      7506       0  CODE        2
                text133                        003A87  000004  003A8B      750E       0  CODE        2
                text128                        003A8B  000004  003A8F      7516       0  CODE        2
                text125                        003A8F  000004  003A93      751E       0  CODE        2
                text115                        003A93  000004  003A97      7526       0  CODE        2
                text110                        003A97  000004  003A9B      752E       0  CODE        2
                text106                        003A9B  000004  003A9F      7536       0  CODE        2
                text86                         003A9F  000004  003AA3      753E       0  CODE        2
                text79                         003AA3  000004  003AA7      7546       0  CODE        2
                text76                         003AA7  000004  003AAB      754E       0  CODE        2
                text145                        003AAB  000005  003AB0      7556       0  CODE        2
                text131                        003AB0  000005  003AB5      7560       0  CODE        2
                text138                        003AB5  000006  003ABB      756A       0  CODE        2
                text137                        003ABB  000006  003AC1      7576       0  CODE        2
                text130                        003AC1  000006  003AC7      7582       0  CODE        2
                text102                        003AC7  000006  003ACD      758E       0  CODE        2
                text82                         003ACD  000006  003AD3      759A       0  CODE        2
                clrtext                        003AD3  000006  003AD9      75A6       0  CODE        2
                inittext                       003AD9  000006  003ADF      75B2       0  CODE        2
                text140                        003ADF  000007  003AE6      75BE       0  CODE        2
                text135                        003AE6  000007  003AED      75CC       0  CODE        2
                text132                        003AED  000007  003AF4      75DA       0  CODE        2
                text81                         003AF4  000007  003AFB      75E8       0  CODE        2
                text80                         003AFB  000007  003B02      75F6       0  CODE        2
                text45                         003B02  000007  003B09      7604       0  CODE        2
                text141                        003B09  000008  003B11      7612       0  CODE        2
                text136                        003B11  000008  003B19      7622       0  CODE        2
                text88                         003B19  000008  003B21      7632       0  CODE        2
                text113                        003B21  000009  003B2A      7642       0  CODE        2
                text108                        003B2A  000009  003B33      7654       0  CODE        2
                text97                         003B33  000009  003B3C      7666       0  CODE        2
                text12                         003B3C  000009  003B45      7678       0  CODE        2
                text120                        003B45  00000A  003B4F      768A       0  CODE        2
                text38                         003B4F  00000A  003B59      769E       0  CODE        2
                text112                        003B59  00000C  003B65      76B2       0  CODE        2
                text104                        003B65  00000D  003B72      76CA       0  CODE        2
                idataBANK6                     003B72  00000D  003B7F      76E4       0  CODE        2
                text15                         003B7F  00000E  003B8D      76FE       0  CODE        2
                text122                        003B8D  00000F  003B9C      771A       0  CODE        2
                text119                        003B9C  00000F  003BAB      7738       0  CODE        2
                text118                        003BAB  00000F  003BBA      7756       0  CODE        2
                text116                        003BBA  00000F  003BC9      7774       0  CODE        2
                text52                         003BC9  00000F  003BD8      7792       0  CODE        2
                text96                         003BD8  000010  003BE8      77B0       0  CODE        2
                text103                        003BE8  000011  003BF9      77D0       0  CODE        2
                text47                         003BF9  000013  003C0C      77F2       0  CODE        2
                text153                        003C0C  000015  003C21      7818       0  CODE        2
                text124                        003C21  000017  003C38      7842       0  CODE        2
                text114                        003C38  000017  003C4F      7870       0  CODE        2
                text107                        003C4F  000017  003C66      789E       0  CODE        2
                text105                        003C66  000019  003C7F      78CC       0  CODE        2
                text68                         003C7F  00001A  003C99      78FE       0  CODE        2
                text23                         003C99  00001A  003CB3      7932       0  CODE        2
                text27                         003CB3  00001B  003CCE      7966       0  CODE        2
                text26                         003CCE  00001B  003CE9      799C       0  CODE        2
                text22                         003CE9  00001B  003D04      79D2       0  CODE        2
                text72                         003D04  00001C  003D20      7A08       0  CODE        2
                text117                        003D20  00001E  003D3E      7A40       0  CODE        2
                text58                         003D3E  000020  003D5E      7A7C       0  CODE        2
                text49                         003D5E  000020  003D7E      7ABC       0  CODE        2
                text19                         003D7E  000021  003D9F      7AFC       0  CODE        2
                text134                        003D9F  000023  003DC2      7B3E       0  CODE        2
                text2                          003DC2  000023  003DE5      7B84       0  CODE        2
                text94                         003DE5  000024  003E09      7BCA       0  CODE        2
                text59                         003E09  000028  003E31      7C12       0  CODE        2
                text20                         003E31  00002A  003E5B      7C62       0  CODE        2
                text85                         003E5B  00002C  003E87      7CB6       0  CODE        2
                text28                         003E87  00002C  003EB3      7D0E       0  CODE        2
                text16                         003EB3  00002D  003EE0      7D66       0  CODE        2
                text42                         003EE0  00002E  003F0E      7DC0       0  CODE        2
                text143                        003F0E  00002F  003F3D      7E1C       0  CODE        2
                text84                         003F3D  000030  003F6D      7E7A       0  CODE        2
                text39                         003F6D  000030  003F9D      7EDA       0  CODE        2
                text37                         003F9D  000031  003FCE      7F3A       0  CODE        2
                text101                        003FCE  000032  004000      7F9C       0  CODE        2


UNUSED ADDRESS RANGES

        Name                Unused          Largest block    Delta
        BANK10           00055C-00056F               14           1
        BANK11           0005A0-0005EF               50           1
        BANK12           000620-00066F               50           1
        BANK13           0006A0-0006EF               50           1
        BANK14           000720-00076F               50           1
        BANK15           0007A0-0007EF               50           1
        BANK16           000820-00086F               50           1
        BANK17           0008A0-0008EF               50           1
        BANK18           000920-00096F               50           1
        BANK19           0009A0-0009EF               50           1
        BANK20           000A20-000A6F               50           1
        BANK21           000AA0-000AEF               50           1
        BANK22           000B20-000B6F               50           1
        BANK23           000BA0-000BEF               50           1
        BANK24           000C20-000C6F               50           1
        BANK25           000CA0-000CBF               20           1
        BANK3            0001EF-0001EF                1           1
        BANK4            00026F-00026F                1           1
        BANK5            0002EE-0002EF                2           1
        BANK6            000366-00036F                A           1
        BANK8            00043A-00046F               36           1
        BANK9            0004DC-0004EF               14           1
        BIGRAM           002000-0027EF              7F0           1
        CODE             0038C6-003A41              17C           2
        CONST            0038C6-003A41              100           2
        EEDATA           00F000-00F0FF              100           2
        ENTRY            0038C6-003A41              100           2
        IDLOC            008000-008003                4           2
        RAM              0001EF-0001EF                1           1
                         00026F-00026F                1
                         0002EE-0002EF                2
                         000366-00036F                A
                         00043A-00046F               36
                         0004DC-0004EF               14
                         00055C-00056F               14
                         0005A0-0005EF               50
                         000620-00066F               50
                         0006A0-0006EF               50
                         000720-00076F               50
                         0007A0-0007EF               50
                         000820-00086F               50
                         0008A0-0008EF               50
                         000920-00096F               50
                         0009A0-0009EF               50
                         000A20-000A6F               50
                         000AA0-000AEF               50
                         000B20-000B6F               50
                         000BA0-000BEF               50
                         000C20-000C6F               50
                         000CA0-000CBF               20
        SFR0             000000-00001F               20           1
        SFR1             000080-00009F               20           1
        SFR10            000500-00051F               20           1
        SFR11            000580-00059F               20           1
        SFR12            000600-00061F               20           1
        SFR13            000680-00069F               20           1
        SFR14            000700-00071F               20           1
        SFR15            000780-00079F               20           1
        SFR16            000800-00081F               20           1
        SFR17            000880-00089F               20           1
        SFR18            000900-00091F               20           1
        SFR19            000980-00099F               20           1
        SFR2             000100-00011F               20           1
        SFR20            000A00-000A1F               20           1
        SFR21            000A80-000A9F               20           1
        SFR22            000B00-000B1F               20           1
        SFR23            000B80-000B9F               20           1
        SFR24            000C00-000C1F               20           1
        SFR25            000C80-000C9F               20           1
        SFR26            000D00-000D6F               70           1
        SFR27            000D80-000DEF               70           1
        SFR28            000E00-000E6F               70           1
        SFR29            000E80-000EEF               70           1
        SFR3             000180-00019F               20           1
        SFR30            000F00-000F6F               70           1
        SFR31            000F80-000FEF               70           1
        SFR32            001000-00106F               70           1
        SFR33            001080-0010EF               70           1
        SFR34            001100-00116F               70           1
        SFR35            001180-0011EF               70           1
        SFR36            001200-00126F               70           1
        SFR37            001280-0012EF               70           1
        SFR38            001300-00136F               70           1
        SFR39            001380-0013EF               70           1
        SFR4             000200-00021F               20           1
        SFR40            001400-00146F               70           1
        SFR41            001480-0014EF               70           1
        SFR42            001500-00156F               70           1
        SFR43            001580-0015EF               70           1
        SFR44            001600-00166F               70           1
        SFR45            001680-0016EF               70           1
        SFR46            001700-00176F               70           1
        SFR47            001780-0017EF               70           1
        SFR48            001800-00186F               70           1
        SFR49            001880-0018EF               70           1
        SFR5             000280-00029F               20           1
        SFR50            001900-00196F               70           1
        SFR51            001980-0019EF               70           1
        SFR52            001A00-001A6F               70           1
        SFR53            001A80-001AEF               70           1
        SFR54            001B00-001B6F               70           1
        SFR55            001B80-001BEF               70           1
        SFR56            001C00-001C6F               70           1
        SFR57            001C80-001CEF               70           1
        SFR58            001D00-001D6F               70           1
        SFR59            001D80-001DEF               70           1
        SFR6             000300-00031F               20           1
        SFR60            001E00-001E6F               70           1
        SFR61            001E80-001EEF               70           1
        SFR62            001F00-001F6F               70           1
        SFR63            001F80-001FEF               70           1
        SFR7             000380-00039F               20           1
        SFR8             000400-00041F               20           1
        SFR9             000480-00049F               20           1
        STRCODE          0038C6-003A41              17C           2
        STRING           0038C6-003A41              100           2

                                  Symbol Table

?__Umul8_16                                          cstackBANK0  000020
?___awdiv                                            cstackBANK0  000020
?___awmod                                            cstackBANK0  000020
?___fladd                                            cstackBANK0  000048
?___fldiv                                            cstackBANK0  00005C
?___flmul                                            cstackBANK0  00002E
?___flneg                                            cstackBANK0  000020
?___flsub                                            cstackBANK1  0000AD
?___fltol                                            cstackBANK0  00005C
?___fpclassifyf                                      cstackBANK0  000020
?___xxtofl                                           cstackBANK0  000020
?_abs                                                cstackBANK0  000027
?_compensate_humidity                                cstackBANK1  0000B5
?_compensate_pressure                                cstackBANK1  0000B5
?_compensate_temperature                             cstackBANK1  0000B5
?_dtoa                                               cstackBANK0  000038
?_efgtoa                                             cstackBANK1  0000BD
?_floorf                                             cstackBANK0  000069
?_labs                                               cstackBANK0  000020
?_pad                                                cstackBANK0  00002F
?_printf                                             cstackBANK2  000155
?_roundf                                             cstackBANK1  0000B5
?_snprintf                                           cstackBANK2  000155
?_sprintf                                            cstackBANK2  000155
?_stoa                                               cstackBANK0  000028
?_strcmp                                             cstackBANK0  000020
?_strlen                                             cstackBANK0  000020
?_strncmp                                            cstackBANK0  000020
?_vfpfcnvrt                                          cstackBANK2  000150
?_vfprintf                                           cstackBANK2  000152
?_weather_dev                                        cstackBANK3  0001BC
EEPROM_Read@address                                  cstackBANK0  000020
EEPROM_Write@address                                 cstackBANK0  000020
EEPROM_Write@data                                    cstackBANK0  000022
EEPROM_Write@globalInterruptBitValue                 cstackBANK0  000023
EUSART1_FramingErrorCallbackRegister@callbackHandler cstackBANK0  000020
EUSART1_OverrunErrorCallbackRegister@callbackHandler cstackBANK0  000020
EUSART1_Write@txData                                 cstackBANK0  000020
I2C2_CallbackRegister@callbackHandler                cstackBANK0  000020
I2C2_DataTransmit@data                               cstackCOMMON 000076
I2C2_EVENT_ERROR@retEventState                       cstackCOMMON 000076
I2C2_EVENT_NACK@retEventState                        cstackCOMMON 000076
I2C2_EVENT_RX@retEventState                          cstackCOMMON 000077
I2C2_EVENT_TX@retEventState                          cstackCOMMON 000079
I2C2_Write@address                                   cstackBANK0  000021
I2C2_Write@data                                      cstackBANK0  000023
I2C2_Write@dataLength                                cstackBANK0  000024
I2C2_Write@retStatus                                 cstackBANK0  000026
I2C2_WriteRead@address                               cstackBANK0  000021
I2C2_WriteRead@readData                              cstackBANK0  000026
I2C2_WriteRead@readLength                            cstackBANK0  000028
I2C2_WriteRead@retStatus                             cstackBANK0  00002A
I2C2_WriteRead@writeData                             cstackBANK0  000023
I2C2_WriteRead@writeLength                           cstackBANK0  000024
INT_SetInterruptHandler@InterruptHandler             cstackBANK0  000020
NVM_UnlockKeySet@unlockKey                           cstackBANK0  000020
TMR6_OverflowCallbackRegister@InterruptHandler       cstackBANK0  000020
_ACTCON                                              (abs)        000214
_ANSELA                                              (abs)        001E8C
_ANSELB                                              (abs)        001E96
_ANSELC                                              (abs)        001EA0
_ANSELD                                              (abs)        001EAA
_ANSELDbits                                          (abs)        001EAA
_ANSELE                                              (abs)        001EB4
_BAUD1CON                                            (abs)        000612
_BAUD1CONbits                                        (abs)        000612
_CLOCK_Initialize                                    text120      003B45
_EEPROM_Read                                         text104      003B65
_EEPROM_Write                                        text2        003DC2
_EUSART1_AutoBaudQuery                               (abs)        000000
_EUSART1_AutoBaudSet                                 (abs)        000000
_EUSART1_DefaultFramingErrorCallback                 text87       003A45
_EUSART1_DefaultOverrunErrorCallback                 text86       003A9F
_EUSART1_Deinitialize                                (abs)        000000
_EUSART1_Enable                                      text100      003A63
_EUSART1_ErrorGet                                    (abs)        000000
_EUSART1_FramingErrorCallbackRegister                text119      003B9C
_EUSART1_FramingErrorHandler                         bssBANK4     00026A
_EUSART1_Initialize                                  text117      003D20
_EUSART1_IsRxReady                                   text88       003B19
_EUSART1_IsTxDone                                    text76       003AA7
_EUSART1_IsTxReady                                   (abs)        000000
_EUSART1_OverrunErrorCallbackRegister                text118      003BAB
_EUSART1_OverrunErrorHandler                         bssBANK4     000268
_EUSART1_Read                                        text85       003E5B
_EUSART1_ReceiveEnable                               text99       003A66
_EUSART1_TransmitDisable                             (abs)        000000
_EUSART1_TransmitEnable                              text98       003A69
_EUSART1_Write                                       text75       003000
_I2C2_AckSend                                        text151      003A77
_I2C2_BusReset                                       text157      003A6F
_I2C2_Callback                                       bssBANK5     0002EC
_I2C2_CallbackRegister                               text116      003BBA
_I2C2_Close                                          text153      003C0C
_I2C2_DataReceive                                    text150      003A51
_I2C2_DataTransmit                                   text145      003AAB
_I2C2_DefaultCallback                                text158      003A42
_I2C2_Deinitialize                                   (abs)        000000
_I2C2_ERROR_ISR                                      text133      003A87
_I2C2_EVENT_ERROR                                    text137      003ABB
_I2C2_EVENT_IDLE                                     text142      003A83
_I2C2_EVENT_NACK                                     text138      003AB5
_I2C2_EVENT_RESET                                    text135      003AE6
_I2C2_EVENT_RX                                       text139      003128
_I2C2_EVENT_SEND_RD_ADDR                             text141      003B09
_I2C2_EVENT_SEND_WR_ADDR                             text140      003ADF
_I2C2_EVENT_STOP                                     text136      003B11
_I2C2_EVENT_TX                                       text143      003F0E
_I2C2_ErrorEventHandler                              text134      003D9F
_I2C2_ErrorGet                                       (abs)        000000
_I2C2_ErrorInterruptClear                            text156      003A48
_I2C2_EventHandler                                   text129      0031AA
_I2C2_ISR                                            text128      003A8B
_I2C2_Initialize                                     text114      003C38
_I2C2_InterruptClear                                 text155      003A4B
_I2C2_InterruptsEnable                               text115      003A93
_I2C2_IsAddr                                         text132      003AED
_I2C2_IsBusy                                         text47       003BF9
_I2C2_IsBusy$720                                     cstackBANK0  000020
_I2C2_IsData                                         text131      003AB0
_I2C2_IsNack                                         text130      003AC1
_I2C2_IsRxBufFull                                    text149      003A7B
_I2C2_NackSend                                       text148      003A7F
_I2C2_Read                                           (abs)        000000
_I2C2_ReceiveEnable                                  text147      003A54
_I2C2_RestartDisable                                 text146      003A57
_I2C2_RestartEnable                                  text144      003A5A
_I2C2_StartSend                                      text46       000800
_I2C2_StatusFlagsClear                               text154      003A73
_I2C2_StopSend                                       text152      003A4E
_I2C2_Write                                          text37       003F9D
_I2C2_WriteRead                                      text44       0030E9
_I2C2_WriteStart                                     text45       003B02
_INLVLA                                              (abs)        001E90
_INLVLB                                              (abs)        001E9A
_INLVLC                                              (abs)        001EA4
_INLVLD                                              (abs)        001EAE
_INLVLE                                              (abs)        001EB8
_INTCONbits                                          (abs)        00000B
_INTERRUPT_Initialize                                text112      003B59
_INTERRUPT_InterruptManager                          intentry     000004
_INT_DefaultInterruptHandler                         (abs)        000000
_INT_InterruptHandler                                bssBANK4     00026C
_INT_SetInterruptHandler                             text113      003B21
_IOCAF                                               (abs)        001E93
[...]
set_filter_standby_settings@reg_data                 cstackBANK1  0000DE
set_filter_standby_settings@rslt                     cstackBANK1  0000DC
set_filter_standby_settings@settings                 cstackBANK2  000166
set_osr_humidity_settings@ctrl_hum                   cstackBANK1  0000DB
set_osr_humidity_settings@ctrl_meas                  cstackBANK1  0000DE
set_osr_humidity_settings@dev                        cstackBANK2  000168
set_osr_humidity_settings@reg_addr                   cstackBANK1  0000DD
set_osr_humidity_settings@rslt                       cstackBANK1  0000DC
set_osr_humidity_settings@settings                   cstackBANK2  000166
set_osr_press_temp_settings@desired_settings         cstackBANK1  0000DB
set_osr_press_temp_settings@dev                      cstackBANK2  000168
set_osr_press_temp_settings@reg_addr                 cstackBANK1  0000DD
set_osr_press_temp_settings@reg_data                 cstackBANK1  0000DE
set_osr_press_temp_settings@rslt                     cstackBANK1  0000DC
set_osr_press_temp_settings@settings                 cstackBANK2  000166
set_osr_settings@desired_settings                    cstackBANK1  0000E0
set_osr_settings@dev                                 cstackBANK2  00016B
set_osr_settings@rslt                                cstackBANK1  0000DF
set_osr_settings@settings                            cstackBANK2  000169
snprintf@ap                                          cstackBANK1  0000DE
snprintf@cnt                                         cstackBANK1  0000DC
snprintf@f                                           cstackBANK1  0000DF
snprintf@fmt                                         cstackBANK2  000159
snprintf@n                                           cstackBANK2  000157
snprintf@s                                           cstackBANK2  000155
sprintf@ap                                           cstackBANK1  0000D8
sprintf@f                                            cstackBANK1  0000D9
sprintf@fmt                                          cstackBANK2  000155
sprintf@s                                            cstackBANK1  0000D7
start                                                init         00003D
start_initialization                                 cinit        00003F
stoa@F1180                                           dataBANK6    000359
stoa@cp                                              cstackBANK0  000038
stoa@fp                                              cstackBANK0  000037
stoa@i                                               cstackBANK0  000035
stoa@l                                               cstackBANK0  00003C
stoa@nuls                                            cstackBANK0  00002C
stoa@p                                               cstackBANK0  00003A
stoa@s                                               cstackBANK0  000028
stoa@w                                               cstackBANK0  000033
strcmp@l                                             cstackBANK0  000020
strcmp@r                                             cstackBANK0  000022
strcpy@d                                             cstackBANK0  000026
strcpy@dest                                          cstackBANK0  000027
strcpy@s                                             cstackBANK0  000024
strcpy@src                                           cstackBANK0  000020
strlen@a                                             cstackBANK0  000023
strlen@s                                             cstackBANK0  000020
strncmp@_l                                           cstackBANK0  000020
strncmp@_r                                           cstackBANK0  000022
strncmp@l                                            cstackBANK0  000027
strncmp@n                                            cstackBANK0  000024
strncmp@r                                            cstackBANK0  000029
vfpfcnvrt@ap                                         cstackBANK2  000151
vfpfcnvrt@c                                          cstackBANK1  0000D0
vfpfcnvrt@convarg                                    cstackBANK1  0000CC
vfpfcnvrt@cp                                         cstackBANK1  0000D2
vfpfcnvrt@fmt                                        cstackBANK2  000150
vfpfcnvrt@fp                                         cstackBANK1  0000D1
vfprintf@ap                                          cstackBANK2  000154
vfprintf@cfmt                                        cstackBANK1  0000D5
vfprintf@fmt                                         cstackBANK2  000152
vfprintf@fp                                          cstackBANK1  0000D4
weather_dev@dev                                      cstackBANK4  000225
weather_dev@settings                                 cstackBANK4  000220
weather_is_measurement_done@dev                      cstackBANK1  0000DB
weather_is_measurement_done@status_reg               cstackBANK1  0000DC
weather_read@dev                                     cstackBANK3  0001B6
weather_read@rslt                                    cstackBANK3  0001B7
weather_read@weather                                 cstackBANK2  00016E
write_eeprom@address                                 cstackBANK2  000157
write_eeprom@data                                    cstackBANK2  000159
write_eeprom@i                                       cstackBANK0  00006F
write_eeprom@size                                    cstackBANK2  00015B
write_power_mode@dev                                 cstackBANK2  000166
write_power_mode@reg_addr                            cstackBANK1  0000DE
write_power_mode@rslt                                cstackBANK1  0000DD
write_power_mode@sensor_mode                         cstackBANK1  0000DC
write_power_mode@sensor_mode_reg_val                 cstackBANK1  0000DF
wtemp0                                               (abs)        00007E


MODULE INFORMATION

Module		Function		Class		Link	Load	Size
C:\Program Files\Microchip\xc8\v2.41\pic\sources\c99\common\__fpclassifyf.c
		___fpclassifyf 		CODE           	2978	0000	127

C:\Program Files\Microchip\xc8\v2.41\pic\sources\c99\common\__fpclassifyf.c estimated size: 127

C:\Program Files\Microchip\xc8\v2.41\pic\sources\c99\common\awmod.c
		___awmod       		CODE           	335E	0000	84

C:\Program Files\Microchip\xc8\v2.41\pic\sources\c99\common\awmod.c estimated size: 84

C:\Program Files\Microchip\xc8\v2.41\pic\sources\c99\common\floorf.c
		_floorf        		CODE           	20CE	0000	250

C:\Program Files\Microchip\xc8\v2.41\pic\sources\c99\common\floorf.c estimated size: 250

C:\Program Files\Microchip\xc8\v2.41\pic\sources\c99\common\roundf.c
		_roundf        		CODE           	114D	0000	696

C:\Program Files\Microchip\xc8\v2.41\pic\sources\c99\common\roundf.c estimated size: 696

C:\Program Files\Microchip\xc8\v2.41\pic\sources\c99\common\flge.c
		___flge        		CODE           	2A7A	0000	139

C:\Program Files\Microchip\xc8\v2.41\pic\sources\c99\common\flge.c estimated size: 139

C:\Program Files\Microchip\xc8\v2.41\pic\sources\c99\common\Umul8_16.c
		__Umul8_16     		CODE           	3DE5	0000	36

C:\Program Files\Microchip\xc8\v2.41\pic\sources\c99\common\Umul8_16.c estimated size: 36

weather.c
		_bme280_i2c_read		CODE           	3406	0000	85
		_bme280_delay_us		CODE           	3B4F	0000	10
		_bme280_i2c_write		CODE           	29F7	0000	131
		_weather_dev   		CODE           	3274	0000	72
		_weather_read  		CODE           	36D4	0000	98
		_weather_init  		CODE           	3B3C	0000	9
		_weather_is_measurement_done		CODE           	1800	0000	31

weather.c estimated size: 436

C:\Program Files\Microchip\xc8\v2.41\pic\sources\c99\common\fltol.c
		___fltol       		CODE           	2894	0000	113

C:\Program Files\Microchip\xc8\v2.41\pic\sources\c99\common\fltol.c estimated size: 113

C:\Program Files\Microchip\xc8\v2.41\pic\sources\c99\common\xxtofl.c
		___xxtofl      		CODE           	2D78	0000	171

C:\Program Files\Microchip\xc8\v2.41\pic\sources\c99\common\xxtofl.c estimated size: 171

mcc_generated_files/system/src/watchdog.c
		_WDT_Initialize		CODE           	3A9B	0000	4

mcc_generated_files/system/src/watchdog.c estimated size: 4

C:\Program Files\Microchip\xc8\v2.41\pic\sources\c99\common\strlen.c
		_strlen        		CODE           	3C7F	0000	26

C:\Program Files\Microchip\xc8\v2.41\pic\sources\c99\common\strlen.c estimated size: 26

C:\Program Files\Microchip\xc8\v2.41\pic\sources\c99\common\nf_fputc.c
		_fputc         		CODE           	330B	0000	83

C:\Program Files\Microchip\xc8\v2.41\pic\sources\c99\common\nf_fputc.c estimated size: 83

C:\Program Files\Microchip\xc8\v2.41\pic\sources\c99\common\strcmp.c
		_strcmp        		CODE           	3F3D	0000	48

C:\Program Files\Microchip\xc8\v2.41\pic\sources\c99\common\strcmp.c estimated size: 48

C:\Program Files\Microchip\xc8\v2.41\pic\sources\c99\common\strcpy.c
		_strcpy        		CODE           	3D3E	0000	32

C:\Program Files\Microchip\xc8\v2.41\pic\sources\c99\common\strcpy.c estimated size: 32

C:\Program Files\Microchip\xc8\v2.41\pic\sources\c99\common\nf_sprintf.c
		_sprintf       		CODE           	3D5E	0000	32

C:\Program Files\Microchip\xc8\v2.41\pic\sources\c99\common\nf_sprintf.c estimated size: 32

bme280.c
		_compensate_temperature		CODE           	1D4E	0000	690
		_bme280_get_sensor_data		CODE           	3562	0000	90
		_fill_filter_settings		CODE           	3CB3	0000	27
		_parse_device_settings		CODE           	2905	0000	115
		_compensate_humidity		CODE           	1405	0000	1019
		_fill_osr_temp_settings		CODE           	3CE9	0000	27
		_fill_standby_settings		CODE           	3CCE	0000	27
		_bme280_get_regs		CODE           	3736	0000	99
		_bme280_set_regs		CODE           	1024	0000	297
		_reload_device_settings		CODE           	3D7E	0000	33
		_fill_osr_press_settings		CODE           	3C99	0000	26
		_bme280_get_sensor_mode		CODE           	3E87	0000	44
		_bme280_set_sensor_mode		CODE           	3EB3	0000	45
		_put_device_to_sleep		CODE           	30AB	0000	62
		_compensate_pressure		CODE           	09C4	0000	1596
		_set_filter_standby_settings		CODE           	34B1	0000	87
		_get_calib_data		CODE           	345B	0000	86
		_write_power_mode		CODE           	306E	0000	61
		_set_osr_press_temp_settings		CODE           	07A8	0000	87
		_parse_sensor_data		CODE           	089A	0000	298
		_set_osr_humidity_settings		CODE           	35BC	0000	91
		_parse_humidity_calib_data		CODE           	2B94	0000	156
		_bme280_init   		CODE           	3169	0000	65
		_null_ptr_check		CODE           	3EE0	0000	46
		_interleave_reg_addr		CODE           	31ED	0000	67
		_bme280_get_sensor_settings		CODE           	3F6D	0000	48
		_bme280_set_sensor_settings		CODE           	3799	0000	103
		_are_settings_changed		CODE           	3B7F	0000	14
		_bme280_compensate_data		CODE           	2B05	0000	143
		_set_osr_settings		CODE           	3E31	0000	42
		_parse_temp_press_calib_data		CODE           	21C8	0000	267
		_bme280_soft_reset		CODE           	2825	0000	111

bme280.c estimated size: 5969

C:\Program Files\Microchip\xc8\v2.41\pic\sources\c99\common\sprcadd.c
		___flsub       		CODE           	3038	0000	54
		___fladd       		CODE           	25F8	0000	520

C:\Program Files\Microchip\xc8\v2.41\pic\sources\c99\common\sprcadd.c estimated size: 574

mcc_generated_files/system/src/interrupt.c
		_INT_SetInterruptHandler		CODE           	3B21	0000	9
		_INTERRUPT_Initialize		CODE           	3B59	0000	12
		_INTERRUPT_InterruptManager		CODE           	0004	0000	57

mcc_generated_files/system/src/interrupt.c estimated size: 78

C:\Program Files\Microchip\xc8\v2.41\pic\sources\c99\common\awdiv.c
		___awdiv       		CODE           	3674	0000	96

C:\Program Files\Microchip\xc8\v2.41\pic\sources\c99\common\awdiv.c estimated size: 96

C:\Program Files\Microchip\xc8\v2.41\pic\sources\c99\common\abs.c
		_abs           		CODE           	3D04	0000	28

C:\Program Files\Microchip\xc8\v2.41\pic\sources\c99\common\abs.c estimated size: 28

C:\Program Files\Microchip\xc8\v2.41\pic\sources\c99\common\doprnt.c
		_vfpfcnvrt     		CODE           	18E4	0000	559
		_efgtoa        		CODE           	22D3	0000	2097
		_pad           		CODE           	3230	0000	68
		_dtoa          		CODE           	181F	0000	197
		_vfprintf      		CODE           	3005	0000	51
		_stoa          		CODE           	2C30	0000	163

C:\Program Files\Microchip\xc8\v2.41\pic\sources\c99\common\doprnt.c estimated size: 3135

timeout.c
		_timer_increment		CODE           	3C21	0000	23
		_timeout_init  		CODE           	3B33	0000	9
		_timeout_stop  		CODE           	3AA3	0000	4
		_timeout_start 		CODE           	3AF4	0000	7
		_timeot_reset  		CODE           	3ACD	0000	6
		_timeout_timed_out		CODE           	3A46	0000	2

timeout.c estimated size: 51

C:\Program Files\Microchip\xc8\v2.41\pic\sources\c99\common\flneg.c
		___flneg       		CODE           	2000	0000	12

C:\Program Files\Microchip\xc8\v2.41\pic\sources\c99\common\flneg.c estimated size: 12

C:\Program Files\Microchip\xc8\v2.41\pic\sources\c99\common\fleq.c
		___fleq        		CODE           	32BC	0000	79

C:\Program Files\Microchip\xc8\v2.41\pic\sources\c99\common\fleq.c estimated size: 79

mcc_generated_files/nvm/src/nvm.c
		_NVM_UnlockKeySet		CODE           	3AC7	0000	6
		_NVM_Initialize		CODE           	3A97	0000	4
		_EEPROM_Read   		CODE           	3B65	0000	13
		_EEPROM_Write  		CODE           	3DC2	0000	35
		_NVM_StatusClear		CODE           	3A60	0000	3
		_NVM_IsBusy    		CODE           	3BE8	0000	17

mcc_generated_files/nvm/src/nvm.c estimated size: 78

mcc_generated_files/system/src/pins.c
		_PIN_MANAGER_Initialize		CODE           	3508	0000	90
		_PIN_MANAGER_IOC		CODE           	3A43	0000	1

mcc_generated_files/system/src/pins.c estimated size: 91

shared
		__initialization		CODE           	003F	0000	85
		_UART1         		STRCODE        	0000	0000	0
		_I2C2_Host     		STRCODE        	0000	0000	0
		_toint         		STRCODE        	0000	0000	0
		_i2c2_eventTable		STRCODE        	3863	0000	18
		_TimeoutTimer  		STRCODE        	0000	0000	0
		i1_timeout_stop		CODE           	3A8F	0000	4
		i1_TMR6_Stop   		CODE           	3A5D	0000	3

shared estimated size: 110

mcc_generated_files/timer/src/tmr6.c
		_TMR6_ISR      		CODE           	3B8D	0000	15
		_TMR6_Initialize		CODE           	3C4F	0000	23
		_TMR6_Stop     		CODE           	3AFB	0000	7
		_TMR6_Start    		CODE           	3A6C	0000	3
		_TMR6_OverflowCallbackRegister		CODE           	3B2A	0000	9
		_TMR6_DefaultOverflowCallback		CODE           	3A44	0000	1

mcc_generated_files/timer/src/tmr6.c estimated size: 58

C:\Program Files\Microchip\xc8\v2.41\pic\sources\c99\common\memcpy.c
		_memcpy        		CODE           	3E09	0000	40

C:\Program Files\Microchip\xc8\v2.41\pic\sources\c99\common\memcpy.c estimated size: 40

rylr998.c
		_rylr998_read  		CODE           	200C	0000	194
		_rylr998_send  		CODE           	2E23	0000	234
		_rylr998_init  		CODE           	3BD8	0000	16
		_rylr998_write 		CODE           	2CD3	0000	165

rylr998.c estimated size: 609

C:\Program Files\Microchip\xc8\v2.41\pic\sources\c99\common\putch.c
		_putch         		CODE           	07FF	0000	1

C:\Program Files\Microchip\xc8\v2.41\pic\sources\c99\common\putch.c estimated size: 1

C:\Program Files\Microchip\xc8\v2.41\pic\sources\c99\common\nf_fputs.c
		_fputs         		CODE           	2800	0000	37

C:\Program Files\Microchip\xc8\v2.41\pic\sources\c99\common\nf_fputs.c estimated size: 37

mcc_generated_files/system/src/clock.c
		_CLOCK_Initialize		CODE           	3B45	0000	10

mcc_generated_files/system/src/clock.c estimated size: 10

mcc_generated_files/i2c_host/src/mssp2.c
		_I2C2_DefaultCallback		CODE           	3A42	0000	1
		_I2C2_WriteRead		CODE           	30E9	0000	63
		_I2C2_StartSend		CODE           	0800	0000	3
		_I2C2_EVENT_SEND_WR_ADDR		CODE           	3ADF	0000	7
		_I2C2_NackSend 		CODE           	3A7F	0000	4
		_I2C2_ErrorEventHandler		CODE           	3D9F	0000	35
		_I2C2_CallbackRegister		CODE           	3BBA	0000	15
		_I2C2_EVENT_RESET		CODE           	3AE6	0000	7
		_I2C2_EVENT_ERROR		CODE           	3ABB	0000	6
		_I2C2_ErrorInterruptClear		CODE           	3A48	0000	3
		_I2C2_StatusFlagsClear		CODE           	3A73	0000	4
		_I2C2_InterruptsEnable		CODE           	3A93	0000	4
		_I2C2_InterruptClear		CODE           	3A4B	0000	3
		_I2C2_WriteStart		CODE           	3B02	0000	7
		_I2C2_EVENT_RX 		CODE           	3128	0000	65
		_I2C2_EVENT_TX 		CODE           	3F0E	0000	47
		_I2C2_ReceiveEnable		CODE           	3A54	0000	3
		_I2C2_RestartEnable		CODE           	3A5A	0000	3
		_I2C2_ISR      		CODE           	3A8B	0000	4
		_I2C2_EventHandler		CODE           	31AA	0000	67
		_I2C2_DataReceive		CODE           	3A51	0000	3
		_I2C2_IsData   		CODE           	3AB0	0000	5
		_I2C2_IsNack   		CODE           	3AC1	0000	6
		_I2C2_IsAddr   		CODE           	3AED	0000	7
		_I2C2_IsBusy   		CODE           	3BF9	0000	19
		_I2C2_EVENT_IDLE		CODE           	3A83	0000	4
		_I2C2_EVENT_NACK		CODE           	3AB5	0000	6
		_I2C2_EVENT_SEND_RD_ADDR		CODE           	3B09	0000	8
		_I2C2_EVENT_STOP		CODE           	3B11	0000	8
		_I2C2_BusReset 		CODE           	3A6F	0000	4
		_I2C2_Initialize		CODE           	3C38	0000	23
		_I2C2_Close    		CODE           	3C0C	0000	21
		_I2C2_ERROR_ISR		CODE           	3A87	0000	4
		_I2C2_IsRxBufFull		CODE           	3A7B	0000	4
		_I2C2_Write    		CODE           	3F9D	0000	49
		_I2C2_StopSend 		CODE           	3A4E	0000	3
		_I2C2_RestartDisable		CODE           	3A57	0000	3
		_I2C2_DataTransmit		CODE           	3AAB	0000	5
		_I2C2_AckSend  		CODE           	3A77	0000	4

mcc_generated_files/i2c_host/src/mssp2.c estimated size: 537

C:\Program Files\Microchip\xc8\v2.41\pic\sources\c99\common\labs.c
		_labs          		CODE           	1000	0000	36

C:\Program Files\Microchip\xc8\v2.41\pic\sources\c99\common\labs.c estimated size: 36

main.c
		_main          		CODE           	2F0D	0000	243
		_read_eeprom   		CODE           	3FCE	0000	50
		_write_eeprom  		CODE           	33B2	0000	84

main.c estimated size: 377

C:\Program Files\Microchip\xc8\v2.41\pic\sources\c99\common\strncmp.c
		_strncmp       		CODE           	3617	0000	93

C:\Program Files\Microchip\xc8\v2.41\pic\sources\c99\common\strncmp.c estimated size: 93

mcc_generated_files/uart/src/eusart1.c
		_EUSART1_Initialize		CODE           	3D20	0000	30
		_EUSART1_DefaultFramingErrorCallback		CODE           	3A45	0000	1
		_EUSART1_Read  		CODE           	3E5B	0000	44
		_EUSART1_ReceiveEnable		CODE           	3A66	0000	3
		_EUSART1_IsTxDone		CODE           	3AA7	0000	4
		_EUSART1_Write 		CODE           	3000	0000	5
		_EUSART1_TransmitEnable		CODE           	3A69	0000	3
		_EUSART1_Enable		CODE           	3A63	0000	3
		_EUSART1_FramingErrorCallbackRegister		CODE           	3B9C	0000	15
		_EUSART1_IsRxReady		CODE           	3B19	0000	8
		_EUSART1_OverrunErrorCallbackRegister		CODE           	3BAB	0000	15
		_EUSART1_DefaultOverrunErrorCallback		CODE           	3A9F	0000	4

mcc_generated_files/uart/src/eusart1.c estimated size: 135

C:\Program Files\Microchip\xc8\v2.41\pic\sources\c99\common\sprcmul.c
		___flmul       		CODE           	1B13	0000	571

C:\Program Files\Microchip\xc8\v2.41\pic\sources\c99\common\sprcmul.c estimated size: 571

C:\Program Files\Microchip\xc8\v2.41\pic\sources\c99\common\printf.c
		_printf        		CODE           	3BC9	0000	15

C:\Program Files\Microchip\xc8\v2.41\pic\sources\c99\common\printf.c estimated size: 15

mcc_generated_files/system/src/system.c
		_SYSTEM_Initialize		CODE           	3C66	0000	25

mcc_generated_files/system/src/system.c estimated size: 25

C:\Program Files\Microchip\xc8\v2.41\pic\sources\c99\common\sprcdiv.c
		___fldiv       		CODE           	23F4	0000	516

C:\Program Files\Microchip\xc8\v2.41\pic\sources\c99\common\sprcdiv.c estimated size: 516

C:\Program Files\Microchip\xc8\v2.41\pic\sources\c99\common\nf_snprintf.c
		_snprintf      		CODE           	0803	0000	151

C:\Program Files\Microchip\xc8\v2.41\pic\sources\c99\common\nf_snprintf.c estimated size: 151

