Microchip MPLAB XC8 Compiler V2.41

Linker command line:

-W-3 \
  --edf=C:/Program Files/Microchip/MPLABX/v6.10/packs/Microchip/PIC16F1xxxx_DFP/1.18.352/xc8\pic\dat\20230322162823_en.msgs \
  -cn -h+dist/default/debug\Third.X.debug.sym \
  --cmf=dist/default/debug\Third.X.debug.cmf -z -Q16F18076 \
  -oC:\Users\zmiller\AppData\Local\Temp\xcAs16s4.\driver_tmp_3.o \
  --defsym=__MPLAB_BUILD=1 --fixupoverflow=error \
  -Mdist/default/debug/Third.X.debug.map \
  --md=C:\Users\zmiller\AppData\Local\Temp\xcAs16s4.\driver_tmp_0.dat -E1 \
  -ver=XC8 Compiler --acfsm=1493 -AHEAP=021C4h-027EFh -pheap=HEAP \
  -ACODE=00h-07FFhx8 -ASTRCODE=00h-03FFFh -ASTRING=00h-0FFhx64 \
  -ACONST=00h-0FFhx64 -AENTRY=00h-0FFhx64 -ACOMMON=070h-07Fh \
  -ABANK0=020h-06Fh -ABANK1=0A0h-0EFh -ABANK2=0120h-016Fh \
  -ABANK3=01A0h-01EFh -ABANK4=0220h-026Fh -ABANK5=02A0h-02EFh \
  -ABANK6=0320h-036Fh -ABANK7=03A0h-03EFh -ABANK8=0420h-046Fh \
  -ABANK9=04A0h-04EFh -ABANK10=0520h-056Fh -ABANK11=05A0h-05EFh \
  -ABANK12=0620h-066Fh -ABANK13=06A0h-06EFh -ABANK14=0720h-076Fh \
  -ABANK15=07A0h-07EFh -ABANK16=0820h-086Fh -ABANK17=08A0h-08EFh \
  -ABANK18=0920h-096Fh -ABANK19=09A0h-09EFh -ABANK20=0A20h-0A6Fh \
  -ABANK21=0AA0h-0AEFh -ABANK22=0B20h-0B6Fh -ABANK23=0BA0h-0BEFh \
  -ABANK24=0C20h-0C6Fh -ABANK25=0CA0h-0CBFh -ABIGRAM=02000h-027EFh \
  -ARAM=020h-06Fh,0A0h-0EFh,0120h-016Fh,01A0h-01EFh,0220h-026Fh,02A0h-02EFh,0320h-036Fh,03A0h-03EFh,0420h-046Fh,04A0h-04EFh,0520h-056Fh,05A0h-05EFh,0620h-066Fh,06A0h-06EFh,0720h-076Fh,07A0h-07EFh,0820h-086Fh,08A0h-08EFh,0920h-096Fh,09A0h-09EFh,0A20h-0A6Fh,0AA0h-0AEFh,0B20h-0B6Fh,0BA0h-0BEFh,0C20h-0C6Fh,0CA0h-0CBFh \
  -AABS1=020h-07Fh,0A0h-0EFh,0120h-016Fh,01A0h-01EFh,0220h-026Fh,02A0h-02EFh,0320h-036Fh,03A0h-03EFh,0420h-046Fh,04A0h-04EFh,0520h-056Fh,05A0h-05EFh,0620h-066Fh,06A0h-06EFh,0720h-076Fh,07A0h-07EFh,0820h-086Fh,08A0h-08EFh,0920h-096Fh,09A0h-09EFh,0A20h-0A6Fh,0AA0h-0AEFh,0B20h-0B6Fh,0BA0h-0BEFh,0C20h-0C6Fh,0CA0h-0CBFh \
  -ASFR0=00h-01Fh -ASFR1=080h-09Fh -ASFR2=0100h-011Fh -ASFR3=0180h-019Fh \
  -ASFR4=0200h-021Fh -ASFR5=0280h-029Fh -ASFR6=0300h-031Fh \
  -ASFR7=0380h-039Fh -ASFR8=0400h-041Fh -ASFR9=0480h-049Fh \
  -ASFR10=0500h-051Fh -ASFR11=0580h-059Fh -ASFR12=0600h-061Fh \
  -ASFR13=0680h-069Fh -ASFR14=0700h-071Fh -ASFR15=0780h-079Fh \
  -ASFR16=0800h-081Fh -ASFR17=0880h-089Fh -ASFR18=0900h-091Fh \
  -ASFR19=0980h-099Fh -ASFR20=0A00h-0A1Fh -ASFR21=0A80h-0A9Fh \
  -ASFR22=0B00h-0B1Fh -ASFR23=0B80h-0B9Fh -ASFR24=0C00h-0C1Fh \
  -ASFR25=0C80h-0C9Fh -ASFR26=0D00h-0D6Fh -ASFR27=0D80h-0DEFh \
  -ASFR28=0E00h-0E6Fh -ASFR29=0E80h-0EEFh -ASFR30=0F00h-0F6Fh \
  -ASFR31=0F80h-0FEFh -ASFR32=01000h-0106Fh -ASFR33=01080h-010EFh \
  -ASFR34=01100h-0116Fh -ASFR35=01180h-011EFh -ASFR36=01200h-0126Fh \
  -ASFR37=01280h-012EFh -ASFR38=01300h-0136Fh -ASFR39=01380h-013EFh \
  -ASFR40=01400h-0146Fh -ASFR41=01480h-014EFh -ASFR42=01500h-0156Fh \
  -ASFR43=01580h-015EFh -ASFR44=01600h-0166Fh -ASFR45=01680h-016EFh \
  -ASFR46=01700h-0176Fh -ASFR47=01780h-017EFh -ASFR48=01800h-0186Fh \
  -ASFR49=01880h-018EFh -ASFR50=01900h-0196Fh -ASFR51=01980h-019EFh \
  -ASFR52=01A00h-01A6Fh -ASFR53=01A80h-01AEFh -ASFR54=01B00h-01B6Fh \
  -ASFR55=01B80h-01BEFh -ASFR56=01C00h-01C6Fh -ASFR57=01C80h-01CEFh \
  -ASFR58=01D00h-01D6Fh -ASFR59=01D80h-01DEFh -ASFR60=01E00h-01E6Fh \
  -ASFR61=01E80h-01EEFh -ASFR62=01F00h-01F6Fh -ASFR63=01F80h-01FEFh \
  -ACONFIG=08007h-0800Bh -DCONFIG=2 -AIDLOC=08000h-08003h -DIDLOC=2 \
  -AEEDATA=00h-0FFh/0F000h -peeprom_data=EEDATA -DEEDATA=2 -DCODE=2 \
  -DSTRCODE=2 -DSTRING=2 -DCONST=2 -DENTRY=2 \
  -preset_vec=00h,intentry=04h,init,end_init -ppowerup=CODE -pcinit=CODE \
  -pfunctab=ENTRY -k \
  C:\Users\zmiller\AppData\Local\Temp\xcAs16s4.\driver_tmp_20.o \
  dist/default/debug\Third.X.debug.o 

Object code version is 3.11

Machine type is 16F18076



                Name                               Link     Load   Length Selector   Space Scale
C:\Users\zmiller\AppData\Local\Temp\xcAs16s4.\driver_tmp_20.o
                heap                               21C4     21C4      62C     21C4       7
                end_init                             31       31        2        8       0
                reset_vec                             0        0        2        0       0
                config                             8007     8007        5        0       4
dist/default/debug\Third.X.debug.o
                cinit                                33       33       4B        8       0
                intentry                              4        4       2D        8       0
                config                             8007     8007        5        0       4
                text110                            1000     1000        1     180A       0
                text109                            2CC6     2CC6        4     598C       0
                text108                            2CB1     2CB1        3     5962       0
                text107                            2CB4     2CB4        3     5968       0
                text106                            2CCA     2CCA        4     5994       0
                text105                            2DD1     2DD1       14     5BA2       0
                text104                            2CB7     2CB7        3     596E       0
                text103                            2CCE     2CCE        4     599C       0
                text102                            2CBA     2CBA        3     5974       0
                text101                            2CD2     2CD2        4     59A4       0
                text100                            2CD6     2CD6        4     59AC       0
                text99                             2CBD     2CBD        3     597A       0
                text98                             2CC0     2CC0        3     5980       0
                text97                             2CEA     2CEA        5     59D4       0
                text96                             2CC3     2CC3        3     5986       0
                text95                             2F78     2F78       2D     5EF0       0
                text94                             2CDA     2CDA        4     59B4       0
                text93                             2D41     2D41        8     5A82       0
                text92                             2D1E     2D1E        7     5A3C       0
                text91                             22EB     22EB       41     45D6       0
                text90                             2CF4     2CF4        6     59E8       0
                text89                             2CFA     2CFA        6     59F4       0
                text88                             2D49     2D49        8     5A92       0
                text87                             2D25     2D25        7     5A4A       0
                text86                             20E6     20E6       22     41CC       0
                text85                             2CDE     2CDE        4     59BC       0
                text84                             2D2C     2D2C        7     5A58       0
                text83                             2CEF     2CEF        5     59DE       0
                text82                             2D00     2D00        6     5A00       0
                text81                             232C     232C       43     4658       0
                text80                             2CE2     2CE2        4     59C4       0
                text79                                2        2        1        0       0
                text77                             2D5A     2D5A        A     5AB4       0
                text76                             2D6F     2D6F        C     5ADE       0
                text75                             2D7B     2D7B        C     5AF6       0
                text74                             2E81     2E81       1D     5D02       0
                text73                             2D87     2D87        C     5B0E       0
                text72                             2CE6     2CE6        4     59CC       0
                text71                             2DE5     2DE5       16     5BCA       0
                text70                             2D06     2D06        6     5A0C       0
                text69                             2D64     2D64        B     5AC8       0
                text68                             2627     2627       5A     4C4E       0
                text67                             2DA1     2DA1       10     5B42       0
                text66                             2EBD     2EBD       20     5D7A       0
                text65                             1D83     1D83       BF     3B06       0
                text64                             2DB1     2DB1       10     5B62       0
                text63                             1800     1800        3     2B8A       0
                text62                             2D33     2D33        7     5A66       0
                text61                             2238     2238       3A     4470       0
                text60                             273D     273D       60     4E7A       0
                text59                             2527     2527       54     4A4E       0
                text58                              7E4      7E4       1C        8       0
                text57                                3        3        1        6       0
                text56                             26DE     26DE       5F     4DBC       0
                text55                             2F01     2F01       27     5E02       0
                text54                             2E15     2E15       1B     5C2A       0
                text53                             23F6     23F6       47     47EC       0
                text52                             1E42     1E42       CC     3C84       0
                text51                             1C35     1C35       A3     386A       0
                text50                             2681     2681       5D     4D02       0
                text49                              803      803      150     1006       0
                text48                             2F4F     2F4F       29     5E9E       0
                text47                             2DC1     2DC1       10     5B82       0
                text46                             2197     2197       32     432E       0
                text45                             2FD2     2FD2       2E     5FA4       0
                text44                             18D4     18D4       6B     31A8       0
                text43                             1A1D     1A1D       73     343A       0
                text42                             2136     2136       30     426C       0
                text41                             2D51     2D51        9     5AA2       0
                text40                             2FA5     2FA5       2D     5F4A       0
                text39                             186A     186A       6A     30D4       0
                text38                             236F     236F       43     46DE       0
                text37                             1090     1090      129     2120       0
                text36                             193F     193F       6D     327E       0
                text35                             1BA1     1BA1       94     3742       0
                text34                             1F0E     1F0E       F2     3E1C       0
                text33                             24D7     24D7       50     49AE       0
                text32                             22AD     22AD       3E     455A       0
                text31                             23B2     23B2       44     4764       0
                text30                             2166     2166       31     42CC       0
                text29                             2E30     2E30       1B     5C60       0
                text28                             2E4B     2E4B       1B     5C96       0
                text27                             243D     243D       4D     487A       0
                text26                             25D0     25D0       57     4BA0       0
                text25                             2DFB     2DFB       1A     5BF6       0
                text24                             2E66     2E66       1B     5CCC       0
                text23                             248A     248A       4D     4914       0
                text22                             2F28     2F28       27     5E50       0
                text21                             2E9E     2E9E       1F     5D3C       0
                text20                             21FF     21FF       39     43FE       0
                text19                             2272     2272       3B     44E4       0
                text18                             2108     2108       2E     4210       0
                text17                             2D93     2D93        E     5B26       0
                text16                             279D     279D       63     4F3A       0
                text15                             11B9     11B9      204     2372       0
                text14                             1B16     1B16       8B     362C       0
                text13                             2EDD     2EDD       24     5DBA       0
                text12                             15C5     15C5      23B     2B8A       0
                text11                             13BD     13BD      208     277A       0
                text10                             21C9     21C9       36     4392       0
                text9                              1CD8     1CD8       AB     39B0       0
                text8                               C05      C05      3FB     180A       0
                text7                                7E       7E      63C        8       0
                text6                              19AC     19AC       71     3358       0
                text5                               953      953      2B2     12A6       0
                text4                              1001     1001       8F     2002       0
                text3                               6BA      6BA      12A        8       0
                text2                              257B     257B       55     4AF6       0
                text1                              1803     1803       67     3006       0
                maintext                           1A90     1A90       86     3520       0
                cstackBANK0                          20       20       50       20       1
                cstackCOMMON                         70       70        6       70       1
                cstackBANK1                          A0       A0       4E       A0       1
                cstackBANK2                         120      120       2A      120       1
                cstackBANK3                         1A0      1A0       3A      1A0       1
                clrtext                            2D0C     2D0C        6     5A18       0
                inittext                           2D12     2D12        6     5A24       0
                bssBANK5                            2A0      2A0       34      2A0       1
                bssBANK4                            220      220       3C      220       1
                dataBANK3                           1E6      1E6        7      1A0       1
                bssBANK3                            1DA      1DA        C      1A0       1
                dataBANK2                           168      168        6      120       1
                bssBANK2                            14A      14A       1E      120       1
                bssBANK1                             EE       EE        1       A0       1
                dataCOMMON                           76       76        3       70       1
                bssCOMMON                            79       79        1       70       1
                stringtext13                       309A     309A        4     6000       0
                stringtext12                       3096     3096        4     6000       0
                stringtext11                       3090     3090        6     6000       0
                stringtext10                       3081     3081        F     6000       0
                stringtext9                        304C     304C       21     6000       0
                stringtext8                        302A     302A       22     6000       0
                stringtext7                        3000     3000       2A     6000       0
                stringtext6                        285D     285D       56     5000       0
                stringtext5                        2800     2800       5D     5000       0
                stringtext4                        2082     2082       63     4000       0
                stringtext3                        2000     2000       82     4000       0
                stringtext2                        306D     306D       14     6000       0
                stringtext1                        28B3     28B3       30     5000       0
                idataBANK3                         2D3A     2D3A        7     5A74       0
                idataBANK2                         2D18     2D18        6     5A30       0
                idataCOMMON                         800      800        3        8       0

TOTAL           Name                               Link     Load   Length     Space
        CLASS   HEAP           
                heap                               21C4     21C4      62C         7

        CLASS   CODE           
                end_init                             31       31        2         0
                cinit                                33       33       4B         0
                intentry                              4        4       2D         0
                reset_vec                             0        0        2         0
                text110                            1000     1000        1         0
                text109                            2CC6     2CC6        4         0
                text108                            2CB1     2CB1        3         0
                text107                            2CB4     2CB4        3         0
                text106                            2CCA     2CCA        4         0
                text105                            2DD1     2DD1       14         0
                text104                            2CB7     2CB7        3         0
                text103                            2CCE     2CCE        4         0
                text102                            2CBA     2CBA        3         0
                text101                            2CD2     2CD2        4         0
                text100                            2CD6     2CD6        4         0
                text99                             2CBD     2CBD        3         0
                text98                             2CC0     2CC0        3         0
                text97                             2CEA     2CEA        5         0
                text96                             2CC3     2CC3        3         0
                text95                             2F78     2F78       2D         0
                text94                             2CDA     2CDA        4         0
                text93                             2D41     2D41        8         0
                text92                             2D1E     2D1E        7         0
                text91                             22EB     22EB       41         0
                text90                             2CF4     2CF4        6         0
                text89                             2CFA     2CFA        6         0
                text88                             2D49     2D49        8         0
                text87                             2D25     2D25        7         0
                text86                             20E6     20E6       22         0
                text85                             2CDE     2CDE        4         0
                text84                             2D2C     2D2C        7         0
                text83                             2CEF     2CEF        5         0
                text82                             2D00     2D00        6         0
                text81                             232C     232C       43         0
                text80                             2CE2     2CE2        4         0
                text79                                2        2        1         0
                text77                             2D5A     2D5A        A         0
                text76                             2D6F     2D6F        C         0
                text75                             2D7B     2D7B        C         0
                text74                             2E81     2E81       1D         0
                text73                             2D87     2D87        C         0
                text72                             2CE6     2CE6        4         0
                text71                             2DE5     2DE5       16         0
                text70                             2D06     2D06        6         0
                text69                             2D64     2D64        B         0
                text68                             2627     2627       5A         0
                text67                             2DA1     2DA1       10         0
                text66                             2EBD     2EBD       20         0
                text65                             1D83     1D83       BF         0
                text64                             2DB1     2DB1       10         0
                text63                             1800     1800        3         0
                text62                             2D33     2D33        7         0
                text61                             2238     2238       3A         0
                text60                             273D     273D       60         0
                text59                             2527     2527       54         0
                text58                              7E4      7E4       1C         0
                text57                                3        3        1         0
                text56                             26DE     26DE       5F         0
                text55                             2F01     2F01       27         0
                text54                             2E15     2E15       1B         0
                text53                             23F6     23F6       47         0
                text52                             1E42     1E42       CC         0
                text51                             1C35     1C35       A3         0
                text50                             2681     2681       5D         0
                text49                              803      803      150         0
                text48                             2F4F     2F4F       29         0
                text47                             2DC1     2DC1       10         0
                text46                             2197     2197       32         0
                text45                             2FD2     2FD2       2E         0
                text44                             18D4     18D4       6B         0
                text43                             1A1D     1A1D       73         0
                text42                             2136     2136       30         0
                text41                             2D51     2D51        9         0
                text40                             2FA5     2FA5       2D         0
                text39                             186A     186A       6A         0
                text38                             236F     236F       43         0
                text37                             1090     1090      129         0
                text36                             193F     193F       6D         0
                text35                             1BA1     1BA1       94         0
                text34                             1F0E     1F0E       F2         0
                text33                             24D7     24D7       50         0
                text32                             22AD     22AD       3E         0
                text31                             23B2     23B2       44         0
                text30                             2166     2166       31         0
                text29                             2E30     2E30       1B         0
                text28                             2E4B     2E4B       1B         0
                text27                             243D     243D       4D         0
                text26                             25D0     25D0       57         0
                text25                             2DFB     2DFB       1A         0
                text24                             2E66     2E66       1B         0
                text23                             248A     248A       4D         0
                text22                             2F28     2F28       27         0
                text21                             2E9E     2E9E       1F         0
                text20                             21FF     21FF       39         0
                text19                             2272     2272       3B         0
                text18                             2108     2108       2E         0
                text17                             2D93     2D93        E         0
                text16                             279D     279D       63         0
                text15                             11B9     11B9      204         0
                text14                             1B16     1B16       8B         0
                text13                             2EDD     2EDD       24         0
                text12                             15C5     15C5      23B         0
                text11                             13BD     13BD      208         0
                text10                             21C9     21C9       36         0
                text9                              1CD8     1CD8       AB         0
                text8                               C05      C05      3FB         0
                text7                                7E       7E      63C         0
                text6                              19AC     19AC       71         0
                text5                               953      953      2B2         0
                text4                              1001     1001       8F         0
                text3                               6BA      6BA      12A         0
                text2                              257B     257B       55         0
                text1                              1803     1803       67         0
                maintext                           1A90     1A90       86         0
                clrtext                            2D0C     2D0C        6         0
                inittext                           2D12     2D12        6         0
                idataBANK3                         2D3A     2D3A        7         0
                idataBANK2                         2D18     2D18        6         0
                idataCOMMON                         800      800        3         0

        CLASS   STRCODE        
                stringtext13                       309A     309A        4         0
                stringtext12                       3096     3096        4         0
                stringtext11                       3090     3090        6         0
                stringtext10                       3081     3081        F         0
                stringtext9                        304C     304C       21         0
                stringtext8                        302A     302A       22         0
                stringtext7                        3000     3000       2A         0
                stringtext6                        285D     285D       56         0
                stringtext5                        2800     2800       5D         0
                stringtext4                        2082     2082       63         0
                stringtext3                        2000     2000       82         0
                stringtext2                        306D     306D       14         0
                stringtext1                        28B3     28B3       30         0

        CLASS   STRING         

        CLASS   CONST          

        CLASS   ENTRY          

        CLASS   COMMON         
                cstackCOMMON                         70       70        6         1
                dataCOMMON                           76       76        3         1
                bssCOMMON                            79       79        1         1

        CLASS   BANK0          
                cstackBANK0                          20       20       50         1

        CLASS   BANK1          
                cstackBANK1                          A0       A0       4E         1
                bssBANK1                             EE       EE        1         1

        CLASS   BANK2          
                cstackBANK2                         120      120       2A         1
                dataBANK2                           168      168        6         1
                bssBANK2                            14A      14A       1E         1

        CLASS   BANK3          
                cstackBANK3                         1A0      1A0       3A         1
                dataBANK3                           1E6      1E6        7         1
                bssBANK3                            1DA      1DA        C         1

        CLASS   BANK4          
                bssBANK4                            220      220       3C         1

        CLASS   BANK5          
                bssBANK5                            2A0      2A0       34         1

        CLASS   BANK6          

        CLASS   BANK7          

        CLASS   BANK8          

        CLASS   BANK9          

        CLASS   BANK10         

        CLASS   BANK11         

        CLASS   BANK12         

        CLASS   BANK13         

        CLASS   BANK14         

        CLASS   BANK15         

        CLASS   BANK16         

        CLASS   BANK17         

        CLASS   BANK18         

        CLASS   BANK19         

        CLASS   BANK20         

        CLASS   BANK21         

        CLASS   BANK22         

        CLASS   BANK23         

        CLASS   BANK24         

        CLASS   BANK25         

        CLASS   BIGRAM         

        CLASS   RAM            

        CLASS   ABS1           
                abs_s1                               7E       7E        2         1

        CLASS   SFR0           

        CLASS   SFR1           

        CLASS   SFR2           

        CLASS   SFR3           

        CLASS   SFR4           

        CLASS   SFR5           

        CLASS   SFR6           

        CLASS   SFR7           

        CLASS   SFR8           

        CLASS   SFR9           

        CLASS   SFR10          

        CLASS   SFR11          

        CLASS   SFR12          

        CLASS   SFR13          

        CLASS   SFR14          

        CLASS   SFR15          

        CLASS   SFR16          

        CLASS   SFR17          

        CLASS   SFR18          

        CLASS   SFR19          

        CLASS   SFR20          

        CLASS   SFR21          

        CLASS   SFR22          

        CLASS   SFR23          

        CLASS   SFR24          

        CLASS   SFR25          

        CLASS   SFR26          

        CLASS   SFR27          

        CLASS   SFR28          

        CLASS   SFR29          

        CLASS   SFR30          

        CLASS   SFR31          

        CLASS   SFR32          

        CLASS   SFR33          

        CLASS   SFR34          

        CLASS   SFR35          

        CLASS   SFR36          

        CLASS   SFR37          

        CLASS   SFR38          

        CLASS   SFR39          

        CLASS   SFR40          

        CLASS   SFR41          

        CLASS   SFR42          

        CLASS   SFR43          

        CLASS   SFR44          

        CLASS   SFR45          

        CLASS   SFR46          

        CLASS   SFR47          

        CLASS   SFR48          

        CLASS   SFR49          

        CLASS   SFR50          

        CLASS   SFR51          

        CLASS   SFR52          

        CLASS   SFR53          

        CLASS   SFR54          

        CLASS   SFR55          

        CLASS   SFR56          

        CLASS   SFR57          

        CLASS   SFR58          

        CLASS   SFR59          

        CLASS   SFR60          

        CLASS   SFR61          

        CLASS   SFR62          

        CLASS   SFR63          

        CLASS   CONFIG         
                config                             8007     8007        5         4

        CLASS   IDLOC          

        CLASS   EEDATA         

        CLASS   BANK63         

        CLASS   BANK62         

        CLASS   BANK61         

        CLASS   BANK60         

        CLASS   BANK59         

        CLASS   BANK58         

        CLASS   BANK57         

        CLASS   BANK56         

        CLASS   BANK55         

        CLASS   BANK54         

        CLASS   BANK53         

        CLASS   BANK52         

        CLASS   BANK51         

        CLASS   BANK50         

        CLASS   BANK49         

        CLASS   BANK48         

        CLASS   BANK47         

        CLASS   BANK46         

        CLASS   BANK45         

        CLASS   BANK44         

        CLASS   BANK43         

        CLASS   BANK42         

        CLASS   BANK41         

        CLASS   BANK40         

        CLASS   BANK39         

        CLASS   BANK38         

        CLASS   BANK37         

        CLASS   BANK36         

        CLASS   BANK35         

        CLASS   BANK34         

        CLASS   BANK33         

        CLASS   BANK32         

        CLASS   BANK31         

        CLASS   BANK30         

        CLASS   BANK29         

        CLASS   BANK28         

        CLASS   BANK27         

        CLASS   BANK26         

        CLASS   STACK          



SEGMENTS        Name                           Load    Length   Top    Selector   Space  Class     Delta

                reset_vec                      000000  000003  000003         0       0  CODE        2
                text57                         000003  000001  000004         6       0  CODE        2
                intentry                       000004  0007FF  000803         8       0  CODE        2
                cstackBANK0                    000020  000050  000070        20       1  BANK0       1
                cstackCOMMON                   000070  00000A  00007A        70       1  COMMON      1
                cstackBANK1                    0000A0  00004F  0000EF        A0       1  BANK1       1
                cstackBANK2                    000120  00004E  00016E       120       1  BANK2       1
                cstackBANK3                    0001A0  00004D  0001ED       1A0       1  BANK3       1
                bssBANK4                       000220  00003C  00025C       220       1  BANK4       1
                bssBANK5                       0002A0  000034  0002D4       2A0       1  BANK5       1
                text49                         000803  000150  000953      1006       0  CODE        2
                text5                          000953  0002B2  000C05      12A6       0  CODE        2
                text8                          000C05  0003FC  001001      180A       0  CODE        2
                text4                          001001  00008F  001090      2002       0  CODE        2
                text37                         001090  000129  0011B9      2120       0  CODE        2
                heap                           0021C4  00062C  0027F0      21C4       7  HEAP        1
                text15                         0011B9  000204  0013BD      2372       0  CODE        2
                text11                         0013BD  000208  0015C5      277A       0  CODE        2
                text12                         0015C5  00023E  001803      2B8A       0  CODE        2
                text1                          001803  000067  00186A      3006       0  CODE        2
                text39                         00186A  00006A  0018D4      30D4       0  CODE        2
                text44                         0018D4  00006B  00193F      31A8       0  CODE        2
                text36                         00193F  00006D  0019AC      327E       0  CODE        2
                text6                          0019AC  000071  001A1D      3358       0  CODE        2
                text43                         001A1D  000073  001A90      343A       0  CODE        2
                maintext                       001A90  000086  001B16      3520       0  CODE        2
                text14                         001B16  00008B  001BA1      362C       0  CODE        2
                text35                         001BA1  000094  001C35      3742       0  CODE        2
                text51                         001C35  0000A3  001CD8      386A       0  CODE        2
                text9                          001CD8  0000AB  001D83      39B0       0  CODE        2
                text65                         001D83  0000BF  001E42      3B06       0  CODE        2
                text52                         001E42  0000CC  001F0E      3C84       0  CODE        2
                text34                         001F0E  0000F2  002000      3E1C       0  CODE        2
                stringtext3                    002000  0000E5  0020E5      4000       0  STRCODE     2
                text86                         0020E6  000022  002108      41CC       0  CODE        2
                text18                         002108  00002E  002136      4210       0  CODE        2
                text42                         002136  000030  002166      426C       0  CODE        2
                text30                         002166  000031  002197      42CC       0  CODE        2
                text46                         002197  000032  0021C9      432E       0  CODE        2
                text10                         0021C9  000036  0021FF      4392       0  CODE        2
                text20                         0021FF  000039  002238      43FE       0  CODE        2
                text61                         002238  00003A  002272      4470       0  CODE        2
                text19                         002272  00003B  0022AD      44E4       0  CODE        2
                text32                         0022AD  00003E  0022EB      455A       0  CODE        2
                text91                         0022EB  000041  00232C      45D6       0  CODE        2
                text81                         00232C  000043  00236F      4658       0  CODE        2
                text38                         00236F  000043  0023B2      46DE       0  CODE        2
                text31                         0023B2  000044  0023F6      4764       0  CODE        2
                text53                         0023F6  000047  00243D      47EC       0  CODE        2
                text27                         00243D  00004D  00248A      487A       0  CODE        2
                text23                         00248A  00004D  0024D7      4914       0  CODE        2
                text33                         0024D7  000050  002527      49AE       0  CODE        2
                text59                         002527  000054  00257B      4A4E       0  CODE        2
                text2                          00257B  000055  0025D0      4AF6       0  CODE        2
                text26                         0025D0  000057  002627      4BA0       0  CODE        2
                text68                         002627  00005A  002681      4C4E       0  CODE        2
                text50                         002681  00005D  0026DE      4D02       0  CODE        2
                text56                         0026DE  00005F  00273D      4DBC       0  CODE        2
                text60                         00273D  000060  00279D      4E7A       0  CODE        2
                text16                         00279D  000063  002800      4F3A       0  CODE        2
                stringtext5                    002800  0000E3  0028E3      5000       0  STRCODE     2
                text108                        002CB1  000003  002CB4      5962       0  CODE        2
                text107                        002CB4  000003  002CB7      5968       0  CODE        2
                text104                        002CB7  000003  002CBA      596E       0  CODE        2
                text102                        002CBA  000003  002CBD      5974       0  CODE        2
                text99                         002CBD  000003  002CC0      597A       0  CODE        2
                text98                         002CC0  000003  002CC3      5980       0  CODE        2
                text96                         002CC3  000003  002CC6      5986       0  CODE        2
                text109                        002CC6  000004  002CCA      598C       0  CODE        2
                text106                        002CCA  000004  002CCE      5994       0  CODE        2
                text103                        002CCE  000004  002CD2      599C       0  CODE        2
                text101                        002CD2  000004  002CD6      59A4       0  CODE        2
                text100                        002CD6  000004  002CDA      59AC       0  CODE        2
                text94                         002CDA  000004  002CDE      59B4       0  CODE        2
                text85                         002CDE  000004  002CE2      59BC       0  CODE        2
                text80                         002CE2  000004  002CE6      59C4       0  CODE        2
                text72                         002CE6  000004  002CEA      59CC       0  CODE        2
                text97                         002CEA  000005  002CEF      59D4       0  CODE        2
                text83                         002CEF  000005  002CF4      59DE       0  CODE        2
                text90                         002CF4  000006  002CFA      59E8       0  CODE        2
                text89                         002CFA  000006  002D00      59F4       0  CODE        2
                text82                         002D00  000006  002D06      5A00       0  CODE        2
                text70                         002D06  000006  002D0C      5A0C       0  CODE        2
                clrtext                        002D0C  000006  002D12      5A18       0  CODE        2
                inittext                       002D12  000006  002D18      5A24       0  CODE        2
                idataBANK2                     002D18  000006  002D1E      5A30       0  CODE        2
                text92                         002D1E  000007  002D25      5A3C       0  CODE        2
                text87                         002D25  000007  002D2C      5A4A       0  CODE        2
                text84                         002D2C  000007  002D33      5A58       0  CODE        2
                text62                         002D33  000007  002D3A      5A66       0  CODE        2
                idataBANK3                     002D3A  000007  002D41      5A74       0  CODE        2
                text93                         002D41  000008  002D49      5A82       0  CODE        2
                text88                         002D49  000008  002D51      5A92       0  CODE        2
                text41                         002D51  000009  002D5A      5AA2       0  CODE        2
                text77                         002D5A  00000A  002D64      5AB4       0  CODE        2
                text69                         002D64  00000B  002D6F      5AC8       0  CODE        2
                text76                         002D6F  00000C  002D7B      5ADE       0  CODE        2
                text75                         002D7B  00000C  002D87      5AF6       0  CODE        2
                text73                         002D87  00000C  002D93      5B0E       0  CODE        2
                text17                         002D93  00000E  002DA1      5B26       0  CODE        2
                text67                         002DA1  000010  002DB1      5B42       0  CODE        2
                text64                         002DB1  000010  002DC1      5B62       0  CODE        2
                text47                         002DC1  000010  002DD1      5B82       0  CODE        2
                text105                        002DD1  000014  002DE5      5BA2       0  CODE        2
                text71                         002DE5  000016  002DFB      5BCA       0  CODE        2
                text25                         002DFB  00001A  002E15      5BF6       0  CODE        2
                text54                         002E15  00001B  002E30      5C2A       0  CODE        2
                text29                         002E30  00001B  002E4B      5C60       0  CODE        2
                text28                         002E4B  00001B  002E66      5C96       0  CODE        2
                text24                         002E66  00001B  002E81      5CCC       0  CODE        2
                text74                         002E81  00001D  002E9E      5D02       0  CODE        2
                text21                         002E9E  00001F  002EBD      5D3C       0  CODE        2
                text66                         002EBD  000020  002EDD      5D7A       0  CODE        2
                text13                         002EDD  000024  002F01      5DBA       0  CODE        2
                text55                         002F01  000027  002F28      5E02       0  CODE        2
                text22                         002F28  000027  002F4F      5E50       0  CODE        2
                text48                         002F4F  000029  002F78      5E9E       0  CODE        2
                text95                         002F78  00002D  002FA5      5EF0       0  CODE        2
                text40                         002FA5  00002D  002FD2      5F4A       0  CODE        2
                text45                         002FD2  00002E  003000      5FA4       0  CODE        2
                stringtext7                    003000  00009E  00309E      6000       0  STRCODE     2


UNUSED ADDRESS RANGES

        Name                Unused          Largest block    Delta
        BANK1            000EF-000EF               1           1
        BANK10           00520-0056F              50           1
        BANK11           005A0-005EF              50           1
        BANK12           00620-0066F              50           1
        BANK13           006A0-006EF              50           1
        BANK14           00720-0076F              50           1
        BANK15           007A0-007EF              50           1
        BANK16           00820-0086F              50           1
        BANK17           008A0-008EF              50           1
        BANK18           00920-0096F              50           1
        BANK19           009A0-009EF              50           1
        BANK2            0016E-0016F               2           1
        BANK20           00A20-00A6F              50           1
        BANK21           00AA0-00AEF              50           1
        BANK22           00B20-00B6F              50           1
        BANK23           00BA0-00BEF              50           1
        BANK24           00C20-00C6F              50           1
        BANK25           00CA0-00CBF              20           1
        BANK3            001ED-001EF               3           1
        BANK4            0025C-0026F              14           1
        BANK5            002D4-002EF              1C           1
        BANK6            00320-0036F              50           1
        BANK7            003A0-003EF              50           1
        BANK8            00420-0046F              50           1
        BANK9            004A0-004EF              50           1
        BIGRAM           02000-027EF             7F0           1
        CODE             020E5-020E5               1           2
                         028E3-02CB0             3CE
                         0309E-03FFF             762
        COMMON           0007A-0007D               4           1
        CONST            020E5-020E5               1           2
                         028E3-02CB0             100
                         0309E-03FFF             100
        EEDATA           0F000-0F0FF             100           2
        ENTRY            020E5-020E5               1           2
                         028E3-02CB0             100
                         0309E-03FFF             100
        IDLOC            08000-08003               4           2
        RAM              000EF-000EF               1           1
                         0016E-0016F               2
                         001ED-001EF               3
                         0025C-0026F              14
                         002D4-002EF              1C
                         00320-0036F              50
                         003A0-003EF              50
                         00420-0046F              50
                         004A0-004EF              50
                         00520-0056F              50
                         005A0-005EF              50
                         00620-0066F              50
                         006A0-006EF              50
                         00720-0076F              50
                         007A0-007EF              50
                         00820-0086F              50
                         008A0-008EF              50
                         00920-0096F              50
                         009A0-009EF              50
                         00A20-00A6F              50
                         00AA0-00AEF              50
                         00B20-00B6F              50
                         00BA0-00BEF              50
                         00C20-00C6F              50
                         00CA0-00CBF              20
        SFR0             00000-0001F              20           1
        SFR1             00080-0009F              20           1
        SFR10            00500-0051F              20           1
        SFR11            00580-0059F              20           1
        SFR12            00600-0061F              20           1
        SFR13            00680-0069F              20           1
        SFR14            00700-0071F              20           1
        SFR15            00780-0079F              20           1
        SFR16            00800-0081F              20           1
        SFR17            00880-0089F              20           1
        SFR18            00900-0091F              20           1
        SFR19            00980-0099F              20           1
        SFR2             00100-0011F              20           1
        SFR20            00A00-00A1F              20           1
        SFR21            00A80-00A9F              20           1
        SFR22            00B00-00B1F              20           1
        SFR23            00B80-00B9F              20           1
        SFR24            00C00-00C1F              20           1
        SFR25            00C80-00C9F              20           1
        SFR26            00D00-00D6F              70           1
        SFR27            00D80-00DEF              70           1
        SFR28            00E00-00E6F              70           1
        SFR29            00E80-00EEF              70           1
        SFR3             00180-0019F              20           1
        SFR30            00F00-00F6F              70           1
        SFR31            00F80-00FEF              70           1
        SFR32            01000-0106F              70           1
        SFR33            01080-010EF              70           1
        SFR34            01100-0116F              70           1
        SFR35            01180-011EF              70           1
        SFR36            01200-0126F              70           1
        SFR37            01280-012EF              70           1
        SFR38            01300-0136F              70           1
        SFR39            01380-013EF              70           1
        SFR4             00200-0021F              20           1
        SFR40            01400-0146F              70           1
        SFR41            01480-014EF              70           1
        SFR42            01500-0156F              70           1
        SFR43            01580-015EF              70           1
        SFR44            01600-0166F              70           1
        SFR45            01680-016EF              70           1
        SFR46            01700-0176F              70           1
        SFR47            01780-017EF              70           1
        SFR48            01800-0186F              70           1
        SFR49            01880-018EF              70           1
        SFR5             00280-0029F              20           1
        SFR50            01900-0196F              70           1
        SFR51            01980-019EF              70           1
        SFR52            01A00-01A6F              70           1
        SFR53            01A80-01AEF              70           1
        SFR54            01B00-01B6F              70           1
        SFR55            01B80-01BEF              70           1
        SFR56            01C00-01C6F              70           1
        SFR57            01C80-01CEF              70           1
        SFR58            01D00-01D6F              70           1
        SFR59            01D80-01DEF              70           1
        SFR6             00300-0031F              20           1
        SFR60            01E00-01E6F              70           1
        SFR61            01E80-01EEF              70           1
        SFR62            01F00-01F6F              70           1
        SFR63            01F80-01FEF              70           1
        SFR7             00380-0039F              20           1
        SFR8             00400-0041F              20           1
        SFR9             00480-0049F              20           1
        STRCODE          020E5-020E5               1           2
                         028E3-02CB0             3CE
                         0309E-03FFF             F62
        STRING           020E5-020E5               1           2
                         028E3-02CB0             100
                         0309E-03FFF             100

                                  Symbol Table

?__Umul8_16                                          cstackCOMMON 00074
?___awdiv                                            cstackBANK0  00020
?___awmod                                            cstackBANK0  00020
?___fladd                                            cstackBANK0  00048
?___fldiv                                            cstackBANK0  0005C
?___flmul                                            cstackBANK0  0002E
?___flsub                                            cstackBANK1  000AD
?___fltol                                            cstackBANK0  0005C
?___wmul                                             cstackBANK0  00020
?___xxtofl                                           cstackBANK0  00020
?_abs                                                cstackBANK0  00026
?_compensate_humidity                                cstackBANK1  000B5
?_compensate_pressure                                cstackBANK1  000B5
?_compensate_temperature                             cstackBANK1  000B5
?_dtoa                                               cstackBANK0  00039
?_pad                                                cstackBANK0  0002F
?_printf                                             cstackBANK0  0005F
?_stoa                                               cstackBANK0  00029
?_strlen                                             cstackCOMMON 00074
?_strncmp                                            cstackBANK0  00020
?_vfpfcnvrt                                          cstackBANK0  00047
?_vfprintf                                           cstackBANK0  00057
EUSART1_FramingErrorCallbackRegister@callbackHandler cstackCOMMON 00074
EUSART1_OverrunErrorCallbackRegister@callbackHandler cstackCOMMON 00074
I2C2_CallbackRegister@callbackHandler                cstackCOMMON 00074
I2C2_DataTransmit@data                               cstackCOMMON 00070
I2C2_EVENT_ERROR@retEventState                       cstackCOMMON 00070
I2C2_EVENT_NACK@retEventState                        cstackCOMMON 00070
I2C2_EVENT_RX@retEventState                          cstackCOMMON 00071
I2C2_EVENT_TX@retEventState                          cstackCOMMON 00071
I2C2_Write@address                                   cstackBANK0  00020
I2C2_Write@data                                      cstackBANK0  00022
I2C2_Write@dataLength                                cstackBANK0  00023
I2C2_Write@retStatus                                 cstackCOMMON 00075
I2C2_WriteRead@address                               cstackBANK0  00020
I2C2_WriteRead@readData                              cstackBANK0  00025
I2C2_WriteRead@readLength                            cstackBANK0  00027
I2C2_WriteRead@retStatus                             cstackCOMMON 00075
I2C2_WriteRead@writeData                             cstackBANK0  00022
I2C2_WriteRead@writeLength                           cstackBANK0  00023
INT_SetInterruptHandler@InterruptHandler             cstackCOMMON 00074
_ACTCON                                              (abs)        00214
_ANSELA                                              (abs)        01E8C
_ANSELB                                              (abs)        01E96
_ANSELBbits                                          (abs)        01E96
_ANSELC                                              (abs)        01EA0
_ANSELD                                              (abs)        01EAA
_ANSELE                                              (abs)        01EB4
_BAUD1CON                                            (abs)        00612
_BAUD1CONbits                                        (abs)        00612
_CLOCK_Initialize                                    text77       02D5A
_DHT11_ERROR                                         dataCOMMON   00077
_DHT11_OK                                            dataCOMMON   00076
_EUSART1_AutoBaudQuery                               (abs)        00000
_EUSART1_AutoBaudSet                                 (abs)        00000
_EUSART1_DefaultFramingErrorCallback                 (abs)        00000
_EUSART1_DefaultOverrunErrorCallback                 (abs)        00000
_EUSART1_Deinitialize                                (abs)        00000
_EUSART1_ErrorGet                                    (abs)        00000
_EUSART1_FramingErrorCallbackRegister                text76       02D6F
_EUSART1_FramingErrorHandler                         bssBANK2     0015F
_EUSART1_Initialize                                  text74       02E81
_EUSART1_IsRxReady                                   (abs)        00000
_EUSART1_IsTxDone                                    (abs)        00000
_EUSART1_IsTxReady                                   (abs)        00000
_EUSART1_OverrunErrorCallbackRegister                text75       02D7B
_EUSART1_OverrunErrorHandler                         bssBANK2     0015D
_EUSART1_Read                                        (abs)        00000
_EUSART1_TransmitDisable                             (abs)        00000
_EUSART1_TransmitEnable                              (abs)        00000
_EUSART1_Write                                       (abs)        00000
_I2C2_AckSend                                        text103      02CCE
_I2C2_BusReset                                       text109      02CC6
_I2C2_Callback                                       bssBANK2     00165
_I2C2_CallbackRegister                               text73       02D87
_I2C2_Close                                          text105      02DD1
_I2C2_DataReceive                                    text102      02CBA
_I2C2_DataTransmit                                   text97       02CEA
_I2C2_DefaultCallback                                text110      01000
_I2C2_Deinitialize                                   (abs)        00000
_I2C2_ERROR_ISR                                      text85       02CDE
_I2C2_EVENT_ERROR                                    text89       02CFA
_I2C2_EVENT_IDLE                                     text94       02CDA
_I2C2_EVENT_NACK                                     text90       02CF4
_I2C2_EVENT_RESET                                    text87       02D25
_I2C2_EVENT_RX                                       text91       022EB
_I2C2_EVENT_SEND_RD_ADDR                             text93       02D41
_I2C2_EVENT_SEND_WR_ADDR                             text92       02D1E
_I2C2_EVENT_STOP                                     text88       02D49
_I2C2_EVENT_TX                                       text95       02F78
_I2C2_ErrorEventHandler                              text86       020E6
_I2C2_ErrorGet                                       (abs)        00000
_I2C2_ErrorInterruptClear                            text108      02CB1
_I2C2_EventHandler                                   text81       0232C
_I2C2_ISR                                            text80       02CE2
_I2C2_Initialize                                     text71       02DE5
_I2C2_InterruptClear                                 text107      02CB4
_I2C2_InterruptsEnable                               text72       02CE6
_I2C2_IsAddr                                         text84       02D2C
_I2C2_IsBusy                                         text64       02DB1
_I2C2_IsBusy$720                                     cstackCOMMON 00074
_I2C2_IsData                                         text83       02CEF
_I2C2_IsNack                                         text82       02D00
_I2C2_IsRxBufFull                                    text101      02CD2
_I2C2_NackSend                                       text100      02CD6
_I2C2_Read                                           (abs)        00000
_I2C2_ReceiveEnable                                  text99       02CBD
_I2C2_RestartDisable                                 text98       02CC0
_I2C2_RestartEnable                                  text96       02CC3
_I2C2_StartSend                                      text63       01800
_I2C2_StatusFlagsClear                               text106      02CCA
_I2C2_StopSend                                       text104      02CB7
_I2C2_Write                                          text40       02FA5
_I2C2_WriteRead                                      text61       02238
_I2C2_WriteStart                                     text62       02D33
_INLVLA                                              (abs)        01E90
_INLVLB                                              (abs)        01E9A
_INLVLC                                              (abs)        01EA4
_INLVLD                                              (abs)        01EAE
_INLVLE                                              (abs)        01EB8
_INTCONbits                                          (abs)        0000B
_INTERRUPT_Initialize                                text69       02D64
_INTERRUPT_InterruptManager                          intentry     00004
_INT_DefaultInterruptHandler                         (abs)        00000
_INT_InterruptHandler                                bssBANK2     00163
_INT_SetInterruptHandler                             text70       02D06
_IOCAF                                               (abs)        01E93
_IOCAN                                               (abs)        01E92
_IOCAP                                               (abs)        01E91
_IOCBF                                               (abs)        01E9D
_IOCBN                                               (abs)        01E9C
_IOCBP                                               (abs)        01E9B
_IOCCF                                               (abs)        01EA7
_IOCCN                                               (abs)        01EA6
_IOCCP                                               (abs)        01EA5
_IOCEF                                               (abs)        01EBB
_IOCEN                                               (abs)        01EBA
_IOCEP                                               (abs)        01EB9
_LATA                                                (abs)        00018
_LATB                                                (abs)        00019
_LATC                                                (abs)        0001A
_LATD                                                (abs)        0001B
_LATE                                                (abs)        0001C
_ODCONA                                              (abs)        01E8E
_ODCONB                                              (abs)        01E98
_ODCONC                                              (abs)        01EA2
_ODCOND                                              (abs)        01EAC
_ODCONE                                              (abs)        01EB6
_OSCCON2                                             (abs)        0020E
_OSCCON3                                             (abs)        0020F
_OSCEN                                               (abs)        00211
_OSCFRQ                                              (abs)        00213
_OSCSTAT                                             (abs)        00210
_OSCTUNE                                             (abs)        00212
_PIE0bits                                            (abs)        00096
_PIE4bits                                            (abs)        0009A
_PIN_MANAGER_IOC                                     text79       00002
_PIN_MANAGER_Initialize                              text68       02627
_PIR0bits                                            (abs)        0008C
_PIR3bits                                            (abs)        0008F
_PIR4bits                                            (abs)        00090
_RB1PPS                                              (abs)        01D95
_RB2PPS                                              (abs)        01D96
_RC1REG                                              (abs)        0060C
_RC1STA                                              (abs)        00610
_RC1STAbits                                          (abs)        00610
_RC6PPS                                              (abs)        01DA2
_RX1PPS                                              (abs)        01E41
_SLRCONA                                             (abs)        01E8F
_SLRCONB                                             (abs)        01E99
_SLRCONC                                             (abs)        01EA3
_SLRCOND                                             (abs)        01EAD
_SLRCONE                                             (abs)        01EB7
_SP1BRGH                                             (abs)        0060F
_SP1BRGL                                             (abs)        0060E
_SSP2ADD                                             (abs)        00697
_SSP2BUF                                             (abs)        00696
_SSP2CLKPPS                                          (abs)        01E4A
_SSP2CON1                                            (abs)        0069A
_SSP2CON1bits                                        (abs)        0069A
_SSP2CON2                                            (abs)        0069B
_SSP2CON2bits                                        (abs)        0069B
_SSP2CON3                                            (abs)        0069C
_SSP2DATPPS                                          (abs)        01E4B
_SSP2STAT                                            (abs)        00699
_SSP2STATbits                                        (abs)        00699
_SYSTEM_Initialize                                   text67       02DA1
_TRISA                                               (abs)        00012
_TRISB                                               (abs)        00013
_TRISC                                               (abs)        00014
_TRISD                                               (abs)        00015
_TRISE                                               (abs)        00016
_TX1REG                                              (abs)        0060D
_TX1STA                                              (abs)        00611
_TX1STAbits                                          (abs)        00611
_WPUA                                                (abs)        01E8D
_WPUB                                                (abs)        01E97
_WPUBbits                                            (abs)        01E97
_WPUC                                                (abs)        01EA1
_WPUD                                                (abs)        01EAB
_WPUE                                                (abs)        01EB5
__H__absolute__                                      __absolute__ 00000
__Habs1                                              abs1         00000
__Hbank0                                             bank0        00000
__Hbank1                                             bank1        00000
__Hbank10                                            bank10       00000
__Hbank11                                            bank11       00000
__Hbank12                                            bank12       00000
__Hbank13                                            bank13       00000
__Hbank14                                            bank14       00000
__Hbank15                                            bank15       00000
__Hbank16                                            bank16       00000
__Hbank17                                            bank17       00000
__Hbank18                                            bank18       00000
__Hbank19                                            bank19       00000
__Hbank2                                             bank2        00000
__Hbank20                                            bank20       00000
__Hbank21                                            bank21       00000
__Hbank22                                            bank22       00000
__Hbank23                                            bank23       00000
__Hbank24                                            bank24       00000
__Hbank25                                            bank25       00000
__Hbank26                                            bank26       00000
__Hbank27                                            bank27       00000
__Hbank28                                            bank28       00000
__Hbank29                                            bank29       00000
__Hbank3                                             bank3        00000
__Hbank30                                            bank30       00000
__Hbank31                                            bank31       00000
__Hbank32                                            bank32       00000
__Hbank33                                            bank33       00000
__Hbank34                                            bank34       00000
__Hbank35                                            bank35       00000
__Hbank36                                            bank36       00000
__Hbank37                                            bank37       00000
__Hbank38                                            bank38       00000
__Hbank39                                            bank39       00000
__Hbank4                                             bank4        00000
__Hbank40                                            bank40       00000
__Hbank41                                            bank41       00000
__Hbank42                                            bank42       00000
__Hbank43                                            bank43       00000
__Hbank44                                            bank44       00000
__Hbank45                                            bank45       00000
__Hbank46                                            bank46       00000
__Hbank47                                            bank47       00000
__Hbank48                                            bank48       00000
__Hbank49                                            bank49       00000
__Hbank5                                             bank5        00000
__Hbank50                                            bank50       00000
__Hbank51                                            bank51       00000
__Hbank52                                            bank52       00000
__Hbank53                                            bank53       00000
__Hbank54                                            bank54       00000
__Hbank55                                            bank55       00000
__Hbank56                                            bank56       00000
__Hbank57                                            bank57       00000
__Hbank58                                            bank58       00000
__Hbank59                                            bank59       00000
__Hbank6                                             bank6        00000
__Hbank60                                            bank60       00000
__Hbank61                                            bank61       00000
__Hbank62                                            bank62       00000
__Hbank63                                            bank63       00000
__Hbank7                                             bank7        00000
__Hbank8                                             bank8        00000
__Hbank9                                             bank9        00000
__Hbigram                                            bigram       00000
__HbssBANK1                                          bssBANK1     00000
__HbssBANK2                                          bssBANK2     00000
__HbssBANK3                                          bssBANK3     00000
__HbssBANK4                                          bssBANK4     00000
__HbssBANK5                                          bssBANK5     00000
__HbssCOMMON                                         bssCOMMON    00000
__Hcinit                                             cinit        0007E
__Hclrtext                                           clrtext      00000
__Hcode                                              code         00000
__Hcommon                                            common       00000
__Hconfig                                            config       0800C
__HcstackBANK0                                       cstackBANK0  00000
__HcstackBANK1                                       cstackBANK1  00000
__HcstackBANK2                                       cstackBANK2  00000
__HcstackBANK3                                       cstackBANK3  00000
__HcstackCOMMON                                      cstackCOMMON 00000
__HdataBANK2                                         dataBANK2    00000
__HdataBANK3                                         dataBANK3    00000
__HdataCOMMON                                        dataCOMMON   00000
__Heeprom_data                                       eeprom_data  00000
__Hend_init                                          end_init     00033
__Hfunctab                                           functab      00000
__Hheap                                              heap         027F0
__HidataBANK2                                        idataBANK2   00000
__HidataBANK3                                        idataBANK3   00000
__HidataCOMMON                                       idataCOMMON  00000
__Hinit                                              init         00031
__Hinittext                                          inittext     00000
__Hintentry                                          intentry     00031
__Hmaintext                                          maintext     00000
__Hpowerup                                           powerup      00000
__Hram                                               ram          00000
__Hreset_vec                                         reset_vec    00002
__Hsfr0                                              sfr0         00000
__Hsfr1                                              sfr1         00000
__Hsfr10                                             sfr10        00000
__Hsfr11                                             sfr11        00000
__Hsfr12                                             sfr12        00000
__Hsfr13                                             sfr13        00000
__Hsfr14                                             sfr14        00000
__Hsfr15                                             sfr15        00000
__Hsfr16                                             sfr16        00000
__Hsfr17                                             sfr17        00000
__Hsfr18                                             sfr18        00000
__Hsfr19                                             sfr19        00000
__Hsfr2                                              sfr2         00000
__Hsfr20                                             sfr20        00000
__Hsfr21                                             sfr21        00000
__Hsfr22                                             sfr22        00000
__Hsfr23                                             sfr23        00000
__Hsfr24                                             sfr24        00000
__Hsfr25                                             sfr25        00000
__Hsfr26                                             sfr26        00000
__Hsfr27                                             sfr27        00000
__Hsfr28                                             sfr28        00000
__Hsfr29                                             sfr29        00000
__Hsfr3                                              sfr3         00000
__Hsfr30                                             sfr30        00000
__Hsfr31                                             sfr31        00000
__Hsfr32                                             sfr32        00000
__Hsfr33                                             sfr33        00000
__Hsfr34                                             sfr34        00000
__Hsfr35                                             sfr35        00000
__Hsfr36                                             sfr36        00000
__Hsfr37                                             sfr37        00000
__Hsfr38                                             sfr38        00000
__Hsfr39                                             sfr39        00000
[...]
compensate_temperature@calib_data                    cstackBANK1  000B5
compensate_temperature@temperature                   cstackBANK1  000CA
compensate_temperature@temperature_max               cstackBANK1  000C1
compensate_temperature@temperature_min               cstackBANK1  000BD
compensate_temperature@uncomp_data                   cstackBANK1  000C5
compensate_temperature@var1                          cstackBANK1  000C6
compensate_temperature@var2                          cstackBANK1  000CE
dtoa@d                                               cstackBANK0  0003B
dtoa@fp                                              cstackBANK0  00039
dtoa@i                                               cstackBANK0  00045
dtoa@p                                               cstackBANK0  00040
dtoa@s                                               cstackBANK0  00044
dtoa@w                                               cstackBANK0  00042
end_of_initialization                                cinit        0007A
fill_filter_settings@reg_data                        cstackBANK0  00022
fill_filter_settings@settings                        cstackCOMMON 00074
fill_osr_press_settings@reg_data                     cstackBANK0  00022
fill_osr_press_settings@settings                     cstackCOMMON 00074
fill_osr_temp_settings@reg_data                      cstackBANK0  00022
fill_osr_temp_settings@settings                      cstackCOMMON 00074
fill_standby_settings@reg_data                       cstackBANK0  00022
fill_standby_settings@settings                       cstackCOMMON 00074
fputc@c                                              cstackBANK0  00020
fputc@fp                                             cstackBANK0  00022
fputs@c                                              cstackBANK0  0002C
fputs@fp                                             cstackCOMMON 00074
fputs@i                                              cstackBANK0  0002D
fputs@s                                              cstackBANK0  0002B
get_calib_data@calib_data                            cstackBANK1  000A9
get_calib_data@dev                                   cstackBANK1  000C4
get_calib_data@rslt                                  cstackBANK1  000C3
get_temperature@comp_data                            cstackBANK2  0013E
get_temperature@dev                                  cstackBANK2  0013A
get_temperature@idx                                  cstackBANK2  0013B
get_temperature@period                               cstackBANK2  00136
get_temperature@rslt                                 cstackBANK2  0013C
get_temperature@status_reg                           cstackBANK2  0013D
init_ram                                             inittext     02D12
int$flags                                            (abs)        0007E
interleave_reg_addr@index                            cstackBANK0  00027
interleave_reg_addr@len                              cstackBANK0  00022
interleave_reg_addr@reg_addr                         cstackBANK0  00026
interleave_reg_addr@reg_data                         cstackBANK0  00021
interleave_reg_addr@temp_buff                        cstackBANK0  00020
intlevel0                                            functab      00000
intlevel1                                            functab      00000
intlevel2                                            functab      00000
intlevel3                                            functab      00000
intlevel4                                            functab      00000
intlevel5                                            functab      00000
main@dev                                             cstackBANK3  001AB
main@period                                          cstackBANK3  001A0
main@rslt                                            cstackBANK3  001A4
main@sensor_mode                                     cstackBANK3  001A5
main@settings                                        cstackBANK3  001A6
null_ptr_check@dev                                   cstackBANK0  00021
null_ptr_check@rslt                                  cstackBANK0  00020
pad@buf                                              cstackBANK0  00031
pad@fp                                               cstackBANK0  0002F
pad@i                                                cstackBANK0  00035
pad@p                                                cstackBANK0  00032
pad@w                                                cstackBANK0  00037
parse_device_settings@reg_data                       cstackBANK0  00024
parse_device_settings@settings                       cstackCOMMON 00074
parse_humidity_calib_data@calib_data                 cstackBANK0  0002B
parse_humidity_calib_data@dev                        cstackCOMMON 00074
parse_humidity_calib_data@dig_h4_lsb                 cstackBANK0  00023
parse_humidity_calib_data@dig_h4_msb                 cstackBANK0  00025
parse_humidity_calib_data@dig_h5_lsb                 cstackBANK0  00027
parse_humidity_calib_data@dig_h5_msb                 cstackBANK0  00029
parse_humidity_calib_data@reg_data                   cstackBANK0  0002C
parse_sensor_data@data_lsb                           cstackBANK0  0002C
parse_sensor_data@data_msb                           cstackBANK0  00030
parse_sensor_data@data_xlsb                          cstackBANK0  00028
parse_sensor_data@reg_data                           cstackBANK0  00034
parse_sensor_data@uncomp_data                        cstackCOMMON 00074
parse_temp_press_calib_data@calib_data               cstackBANK0  00020
parse_temp_press_calib_data@dev                      cstackCOMMON 00074
parse_temp_press_calib_data@reg_data                 cstackBANK0  00021
printf@ap                                            cstackBANK0  00063
printf@fmt                                           cstackBANK0  0005F
put_device_to_sleep@dev                              cstackBANK1  000D1
put_device_to_sleep@reg_data                         cstackBANK1  000CD
put_device_to_sleep@rslt                             cstackBANK1  000D2
put_device_to_sleep@settings                         cstackBANK1  000D3
reload_device_settings@dev                           cstackBANK1  000CA
reload_device_settings@rslt                          cstackBANK1  000CC
reload_device_settings@settings                      cstackBANK1  000CB
reset_vec                                            reset_vec    00000
set_filter_standby_settings@desired_settings         cstackBANK1  000C1
set_filter_standby_settings@dev                      cstackBANK1  000C0
set_filter_standby_settings@reg_addr                 cstackBANK1  000C3
set_filter_standby_settings@reg_data                 cstackBANK1  000C4
set_filter_standby_settings@rslt                     cstackBANK1  000C2
set_filter_standby_settings@settings                 cstackBANK1  000BE
set_osr_humidity_settings@ctrl_hum                   cstackBANK1  000C1
set_osr_humidity_settings@ctrl_meas                  cstackBANK1  000C4
set_osr_humidity_settings@dev                        cstackBANK1  000C0
set_osr_humidity_settings@reg_addr                   cstackBANK1  000C3
set_osr_humidity_settings@rslt                       cstackBANK1  000C2
set_osr_humidity_settings@settings                   cstackBANK1  000BE
set_osr_press_temp_settings@desired_settings         cstackBANK1  000C1
set_osr_press_temp_settings@dev                      cstackBANK1  000C0
set_osr_press_temp_settings@reg_addr                 cstackBANK1  000C3
set_osr_press_temp_settings@reg_data                 cstackBANK1  000C4
set_osr_press_temp_settings@rslt                     cstackBANK1  000C2
set_osr_press_temp_settings@settings                 cstackBANK1  000BE
set_osr_settings@desired_settings                    cstackBANK1  000C9
set_osr_settings@dev                                 cstackBANK1  000C7
set_osr_settings@rslt                                cstackBANK1  000C8
set_osr_settings@settings                            cstackBANK1  000C5
start                                                init         00031
start_initialization                                 cinit        00033
stoa@F1157                                           dataBANK3    001E6
stoa@cp                                              cstackBANK0  00039
stoa@fp                                              cstackBANK0  00029
stoa@i                                               cstackBANK0  00037
stoa@l                                               cstackBANK0  0003C
stoa@nuls                                            cstackBANK0  0002E
stoa@p                                               cstackBANK0  0003A
stoa@s                                               cstackBANK0  0002B
stoa@w                                               cstackBANK0  00035
strlen@a                                             cstackBANK0  00020
strlen@s                                             cstackCOMMON 00074
strncmp@_l                                           cstackBANK0  00020
strncmp@_r                                           cstackBANK0  00022
strncmp@l                                            cstackBANK0  00026
strncmp@n                                            cstackBANK0  00024
strncmp@r                                            cstackBANK0  00028
vfpfcnvrt@ap                                         cstackBANK0  0004A
vfpfcnvrt@convarg                                    cstackBANK0  0004F
vfpfcnvrt@cp                                         cstackBANK0  00055
vfpfcnvrt@fmt                                        cstackBANK0  00049
vfpfcnvrt@fp                                         cstackBANK0  00047
vfprintf@ap                                          cstackBANK0  0005B
vfprintf@cfmt                                        cstackBANK0  0005D
vfprintf@fmt                                         cstackBANK0  00059
vfprintf@fp                                          cstackBANK0  00057
write_power_mode@dev                                 cstackBANK0  0006F
write_power_mode@reg_addr                            cstackBANK1  000C1
write_power_mode@rslt                                cstackBANK1  000C0
write_power_mode@sensor_mode                         cstackBANK1  000BF
write_power_mode@sensor_mode_reg_val                 cstackBANK1  000C2
wtemp0                                               (abs)        0007E


MODULE INFORMATION

Module		Function		Class		Link	Load	Size
C:\Program Files\Microchip\xc8\v2.41\pic\sources\c99\common\awmod.c
		___awmod       		CODE           	2527	0000	84

C:\Program Files\Microchip\xc8\v2.41\pic\sources\c99\common\awmod.c estimated size: 84

C:\Program Files\Microchip\xc8\v2.41\pic\sources\c99\common\flge.c
		___flge        		CODE           	1B16	0000	139

C:\Program Files\Microchip\xc8\v2.41\pic\sources\c99\common\flge.c estimated size: 139

C:\Program Files\Microchip\xc8\v2.41\pic\sources\c99\common\Umul8_16.c
		__Umul8_16     		CODE           	2EDD	0000	36

C:\Program Files\Microchip\xc8\v2.41\pic\sources\c99\common\Umul8_16.c estimated size: 36

C:\Program Files\Microchip\xc8\v2.41\pic\sources\c99\common\fltol.c
		___fltol       		CODE           	19AC	0000	113

C:\Program Files\Microchip\xc8\v2.41\pic\sources\c99\common\fltol.c estimated size: 113

C:\Program Files\Microchip\xc8\v2.41\pic\sources\c99\common\xxtofl.c
		___xxtofl      		CODE           	1CD8	0000	171

C:\Program Files\Microchip\xc8\v2.41\pic\sources\c99\common\xxtofl.c estimated size: 171

C:\Program Files\Microchip\xc8\v2.41\pic\sources\c99\common\strlen.c
		_strlen        		CODE           	2E15	0000	27

C:\Program Files\Microchip\xc8\v2.41\pic\sources\c99\common\strlen.c estimated size: 27

C:\Program Files\Microchip\xc8\v2.41\pic\sources\c99\common\nf_fputc.c
		_fputc         		CODE           	26DE	0000	95

C:\Program Files\Microchip\xc8\v2.41\pic\sources\c99\common\nf_fputc.c estimated size: 95

bme280.c
		_compensate_temperature		CODE           	0953	0000	690
		_bme280_get_sensor_data		CODE           	257B	0000	85
		_fill_filter_settings		CODE           	2E30	0000	27
		_parse_device_settings		CODE           	1A1D	0000	115
		_compensate_humidity		CODE           	0C05	0000	1019
		_fill_osr_temp_settings		CODE           	2E66	0000	27
		_fill_standby_settings		CODE           	2E4B	0000	27
		_bme280_get_regs		CODE           	18D4	0000	107
		_bme280_set_regs		CODE           	1090	0000	297
		_reload_device_settings		CODE           	2E9E	0000	31
		_fill_osr_press_settings		CODE           	2DFB	0000	26
		_bme280_get_sensor_mode		CODE           	2166	0000	49
		_bme280_set_sensor_mode		CODE           	2108	0000	46
		_put_device_to_sleep		CODE           	21FF	0000	57
		_compensate_pressure		CODE           	007E	0000	1596
		_set_filter_standby_settings		CODE           	243D	0000	77
		_get_calib_data		CODE           	24D7	0000	80
		_write_power_mode		CODE           	2272	0000	59
		_set_osr_press_temp_settings		CODE           	248A	0000	77
		_parse_sensor_data		CODE           	06BA	0000	298
		_set_osr_humidity_settings		CODE           	25D0	0000	87
		_parse_humidity_calib_data		CODE           	1BA1	0000	148
		_bme280_init   		CODE           	22AD	0000	62
		_null_ptr_check		CODE           	2FD2	0000	46
		_interleave_reg_addr		CODE           	236F	0000	67
		_bme280_cal_meas_delay		CODE           	1D83	0000	191
		_bme280_get_sensor_settings		CODE           	2136	0000	48
		_bme280_set_sensor_settings		CODE           	279D	0000	99
		_are_settings_changed		CODE           	2D93	0000	14
		_bme280_compensate_data		CODE           	1001	0000	143
		_set_osr_settings		CODE           	2F28	0000	39
		_parse_temp_press_calib_data		CODE           	1F0E	0000	242
		_bme280_soft_reset		CODE           	193F	0000	109

bme280.c estimated size: 6085

C:\Program Files\Microchip\xc8\v2.41\pic\sources\c99\common\sprcadd.c
		___flsub       		CODE           	21C9	0000	54
		___fladd       		CODE           	13BD	0000	520

C:\Program Files\Microchip\xc8\v2.41\pic\sources\c99\common\sprcadd.c estimated size: 574

mcc_generated_files/system/src/interrupt.c
		_INT_SetInterruptHandler		CODE           	2D06	0000	6
		_INTERRUPT_Initialize		CODE           	2D64	0000	11
		_INTERRUPT_InterruptManager		CODE           	0004	0000	45

mcc_generated_files/system/src/interrupt.c estimated size: 62

C:\Program Files\Microchip\xc8\v2.41\pic\sources\c99\common\awdiv.c
		___awdiv       		CODE           	273D	0000	96

C:\Program Files\Microchip\xc8\v2.41\pic\sources\c99\common\awdiv.c estimated size: 96

C:\Program Files\Microchip\xc8\v2.41\pic\sources\c99\common\abs.c
		_abs           		CODE           	07E4	0000	28

C:\Program Files\Microchip\xc8\v2.41\pic\sources\c99\common\abs.c estimated size: 28

C:\Program Files\Microchip\xc8\v2.41\pic\sources\c99\common\doprnt.c
		_vfpfcnvrt     		CODE           	0803	0000	336
		_pad           		CODE           	23F6	0000	71
		_dtoa          		CODE           	1E42	0000	204
		_vfprintf      		CODE           	2F4F	0000	41
		_stoa          		CODE           	1C35	0000	163

C:\Program Files\Microchip\xc8\v2.41\pic\sources\c99\common\doprnt.c estimated size: 815

mcc_generated_files/system/src/pins.c
		_PIN_MANAGER_Initialize		CODE           	2627	0000	90
		_PIN_MANAGER_IOC		CODE           	0002	0000	1

mcc_generated_files/system/src/pins.c estimated size: 91

shared
		__initialization		CODE           	0033	0000	71
		_UART1         		STRCODE        	0000	0000	0
		_I2C2_Host     		STRCODE        	0000	0000	0
		_i2c2_eventTable		STRCODE        	2000	0000	18

shared estimated size: 89

C:\Program Files\Microchip\xc8\v2.41\pic\sources\c99\common\Umul16.c
		___wmul        		CODE           	2EBD	0000	32

C:\Program Files\Microchip\xc8\v2.41\pic\sources\c99\common\Umul16.c estimated size: 32

C:\Program Files\Microchip\xc8\v2.41\pic\sources\c99\common\putch.c
		_putch         		CODE           	0003	0000	1

C:\Program Files\Microchip\xc8\v2.41\pic\sources\c99\common\putch.c estimated size: 1

C:\Program Files\Microchip\xc8\v2.41\pic\sources\c99\common\nf_fputs.c
		_fputs         		CODE           	2F01	0000	39

C:\Program Files\Microchip\xc8\v2.41\pic\sources\c99\common\nf_fputs.c estimated size: 39

mcc_generated_files/system/src/clock.c
		_CLOCK_Initialize		CODE           	2D5A	0000	10

mcc_generated_files/system/src/clock.c estimated size: 10

mcc_generated_files/i2c_host/src/mssp2.c
		_I2C2_DefaultCallback		CODE           	1000	0000	1
		_I2C2_WriteRead		CODE           	2238	0000	58
		_I2C2_StartSend		CODE           	1800	0000	3
		_I2C2_EVENT_SEND_WR_ADDR		CODE           	2D1E	0000	7
		_I2C2_NackSend 		CODE           	2CD6	0000	4
		_I2C2_ErrorEventHandler		CODE           	20E6	0000	34
		_I2C2_CallbackRegister		CODE           	2D87	0000	12
		_I2C2_EVENT_RESET		CODE           	2D25	0000	7
		_I2C2_EVENT_ERROR		CODE           	2CFA	0000	6
		_I2C2_ErrorInterruptClear		CODE           	2CB1	0000	3
		_I2C2_StatusFlagsClear		CODE           	2CCA	0000	4
		_I2C2_InterruptsEnable		CODE           	2CE6	0000	4
		_I2C2_InterruptClear		CODE           	2CB4	0000	3
		_I2C2_WriteStart		CODE           	2D33	0000	7
		_I2C2_EVENT_RX 		CODE           	22EB	0000	65
		_I2C2_EVENT_TX 		CODE           	2F78	0000	45
		_I2C2_ReceiveEnable		CODE           	2CBD	0000	3
		_I2C2_RestartEnable		CODE           	2CC3	0000	3
		_I2C2_ISR      		CODE           	2CE2	0000	4
		_I2C2_EventHandler		CODE           	232C	0000	67
		_I2C2_DataReceive		CODE           	2CBA	0000	3
		_I2C2_IsData   		CODE           	2CEF	0000	5
		_I2C2_IsNack   		CODE           	2D00	0000	6
		_I2C2_IsAddr   		CODE           	2D2C	0000	7
		_I2C2_IsBusy   		CODE           	2DB1	0000	16
		_I2C2_EVENT_IDLE		CODE           	2CDA	0000	4
		_I2C2_EVENT_NACK		CODE           	2CF4	0000	6
		_I2C2_EVENT_SEND_RD_ADDR		CODE           	2D41	0000	8
		_I2C2_EVENT_STOP		CODE           	2D49	0000	8
		_I2C2_BusReset 		CODE           	2CC6	0000	4
		_I2C2_Initialize		CODE           	2DE5	0000	22
		_I2C2_Close    		CODE           	2DD1	0000	20
		_I2C2_ERROR_ISR		CODE           	2CDE	0000	4
		_I2C2_IsRxBufFull		CODE           	2CD2	0000	4
		_I2C2_Write    		CODE           	2FA5	0000	45
		_I2C2_StopSend 		CODE           	2CB7	0000	3
		_I2C2_RestartDisable		CODE           	2CC0	0000	3
		_I2C2_DataTransmit		CODE           	2CEA	0000	5
		_I2C2_AckSend  		CODE           	2CCE	0000	4

mcc_generated_files/i2c_host/src/mssp2.c estimated size: 517

common.c
		_bme280_interface_selection		CODE           	23B2	0000	68
		_bme280_i2c_read		CODE           	2197	0000	50
		_bme280_delay_us		CODE           	2D51	0000	9
		_bme280_i2c_write		CODE           	186A	0000	106

common.c estimated size: 233

main.c
		_main          		CODE           	1A90	0000	134
		_get_temperature		CODE           	1803	0000	103

main.c estimated size: 237

C:\Program Files\Microchip\xc8\v2.41\pic\sources\c99\common\strncmp.c
		_strncmp       		CODE           	2681	0000	93

C:\Program Files\Microchip\xc8\v2.41\pic\sources\c99\common\strncmp.c estimated size: 93

mcc_generated_files/uart/src/eusart1.c
		_EUSART1_Initialize		CODE           	2E81	0000	29
		_EUSART1_FramingErrorCallbackRegister		CODE           	2D6F	0000	12
		_EUSART1_OverrunErrorCallbackRegister		CODE           	2D7B	0000	12

mcc_generated_files/uart/src/eusart1.c estimated size: 53

C:\Program Files\Microchip\xc8\v2.41\pic\sources\c99\common\sprcmul.c
		___flmul       		CODE           	15C5	0000	571

C:\Program Files\Microchip\xc8\v2.41\pic\sources\c99\common\sprcmul.c estimated size: 571

C:\Program Files\Microchip\xc8\v2.41\pic\sources\c99\common\printf.c
		_printf        		CODE           	2DC1	0000	16

C:\Program Files\Microchip\xc8\v2.41\pic\sources\c99\common\printf.c estimated size: 16

mcc_generated_files/system/src/system.c
		_SYSTEM_Initialize		CODE           	2DA1	0000	16

mcc_generated_files/system/src/system.c estimated size: 16

C:\Program Files\Microchip\xc8\v2.41\pic\sources\c99\common\sprcdiv.c
		___fldiv       		CODE           	11B9	0000	516

C:\Program Files\Microchip\xc8\v2.41\pic\sources\c99\common\sprcdiv.c estimated size: 516

