Microchip MPLAB XC8 Compiler V2.41

Linker command line:

-W-3 \
  --edf=C:/Program Files/Microchip/MPLABX/v6.10/packs/Microchip/PIC16F1xxxx_DFP/1.18.352/xc8\pic\dat\20230322162823_en.msgs \
  -cn -h+dist/default/debug\Third.X.debug.sym \
  --cmf=dist/default/debug\Third.X.debug.cmf -z -Q16F18076 \
  -oC:\Users\zmiller\AppData\Local\Temp\xcAs14rg.\driver_tmp_3.o \
  --defsym=__MPLAB_BUILD=1 --fixupoverflow=error \
  -Mdist/default/debug/Third.X.debug.map \
  --md=C:\Users\zmiller\AppData\Local\Temp\xcAs14rg.\driver_tmp_0.dat -E1 \
  -ver=XC8 Compiler --acfsm=1493 -AHEAP=0235Ch-027EFh -pheap=HEAP \
  -ACODE=00h-07FFhx8 -ASTRCODE=00h-03FFFh -ASTRING=00h-0FFhx64 \
  -ACONST=00h-0FFhx64 -AENTRY=00h-0FFhx64 -ACOMMON=070h-07Fh \
  -ABANK0=020h-06Fh -ABANK1=0A0h-0EFh -ABANK2=0120h-016Fh \
  -ABANK3=01A0h-01EFh -ABANK4=0220h-026Fh -ABANK5=02A0h-02EFh \
  -ABANK6=0320h-036Fh -ABANK7=03A0h-03EFh -ABANK8=0420h-046Fh \
  -ABANK9=04A0h-04EFh -ABANK10=0520h-056Fh -ABANK11=05A0h-05EFh \
  -ABANK12=0620h-066Fh -ABANK13=06A0h-06EFh -ABANK14=0720h-076Fh \
  -ABANK15=07A0h-07EFh -ABANK16=0820h-086Fh -ABANK17=08A0h-08EFh \
  -ABANK18=0920h-096Fh -ABANK19=09A0h-09EFh -ABANK20=0A20h-0A6Fh \
  -ABANK21=0AA0h-0AEFh -ABANK22=0B20h-0B6Fh -ABANK23=0BA0h-0BEFh \
  -ABANK24=0C20h-0C6Fh -ABANK25=0CA0h-0CBFh -ABIGRAM=02000h-027EFh \
  -ARAM=020h-06Fh,0A0h-0EFh,0120h-016Fh,01A0h-01EFh,0220h-026Fh,02A0h-02EFh,0320h-036Fh,03A0h-03EFh,0420h-046Fh,04A0h-04EFh,0520h-056Fh,05A0h-05EFh,0620h-066Fh,06A0h-06EFh,0720h-076Fh,07A0h-07EFh,0820h-086Fh,08A0h-08EFh,0920h-096Fh,09A0h-09EFh,0A20h-0A6Fh,0AA0h-0AEFh,0B20h-0B6Fh,0BA0h-0BEFh,0C20h-0C6Fh,0CA0h-0CBFh \
  -AABS1=020h-07Fh,0A0h-0EFh,0120h-016Fh,01A0h-01EFh,0220h-026Fh,02A0h-02EFh,0320h-036Fh,03A0h-03EFh,0420h-046Fh,04A0h-04EFh,0520h-056Fh,05A0h-05EFh,0620h-066Fh,06A0h-06EFh,0720h-076Fh,07A0h-07EFh,0820h-086Fh,08A0h-08EFh,0920h-096Fh,09A0h-09EFh,0A20h-0A6Fh,0AA0h-0AEFh,0B20h-0B6Fh,0BA0h-0BEFh,0C20h-0C6Fh,0CA0h-0CBFh \
  -ASFR0=00h-01Fh -ASFR1=080h-09Fh -ASFR2=0100h-011Fh -ASFR3=0180h-019Fh \
  -ASFR4=0200h-021Fh -ASFR5=0280h-029Fh -ASFR6=0300h-031Fh \
  -ASFR7=0380h-039Fh -ASFR8=0400h-041Fh -ASFR9=0480h-049Fh \
  -ASFR10=0500h-051Fh -ASFR11=0580h-059Fh -ASFR12=0600h-061Fh \
  -ASFR13=0680h-069Fh -ASFR14=0700h-071Fh -ASFR15=0780h-079Fh \
  -ASFR16=0800h-081Fh -ASFR17=0880h-089Fh -ASFR18=0900h-091Fh \
  -ASFR19=0980h-099Fh -ASFR20=0A00h-0A1Fh -ASFR21=0A80h-0A9Fh \
  -ASFR22=0B00h-0B1Fh -ASFR23=0B80h-0B9Fh -ASFR24=0C00h-0C1Fh \
  -ASFR25=0C80h-0C9Fh -ASFR26=0D00h-0D6Fh -ASFR27=0D80h-0DEFh \
  -ASFR28=0E00h-0E6Fh -ASFR29=0E80h-0EEFh -ASFR30=0F00h-0F6Fh \
  -ASFR31=0F80h-0FEFh -ASFR32=01000h-0106Fh -ASFR33=01080h-010EFh \
  -ASFR34=01100h-0116Fh -ASFR35=01180h-011EFh -ASFR36=01200h-0126Fh \
  -ASFR37=01280h-012EFh -ASFR38=01300h-0136Fh -ASFR39=01380h-013EFh \
  -ASFR40=01400h-0146Fh -ASFR41=01480h-014EFh -ASFR42=01500h-0156Fh \
  -ASFR43=01580h-015EFh -ASFR44=01600h-0166Fh -ASFR45=01680h-016EFh \
  -ASFR46=01700h-0176Fh -ASFR47=01780h-017EFh -ASFR48=01800h-0186Fh \
  -ASFR49=01880h-018EFh -ASFR50=01900h-0196Fh -ASFR51=01980h-019EFh \
  -ASFR52=01A00h-01A6Fh -ASFR53=01A80h-01AEFh -ASFR54=01B00h-01B6Fh \
  -ASFR55=01B80h-01BEFh -ASFR56=01C00h-01C6Fh -ASFR57=01C80h-01CEFh \
  -ASFR58=01D00h-01D6Fh -ASFR59=01D80h-01DEFh -ASFR60=01E00h-01E6Fh \
  -ASFR61=01E80h-01EEFh -ASFR62=01F00h-01F6Fh -ASFR63=01F80h-01FEFh \
  -ACONFIG=08007h-0800Bh -DCONFIG=2 -AIDLOC=08000h-08003h -DIDLOC=2 \
  -AEEDATA=00h-0FFh/0F000h -peeprom_data=EEDATA -DEEDATA=2 -DCODE=2 \
  -DSTRCODE=2 -DSTRING=2 -DCONST=2 -DENTRY=2 \
  -preset_vec=00h,intentry=04h,init,end_init -ppowerup=CODE -pcinit=CODE \
  -pfunctab=ENTRY -k \
  C:\Users\zmiller\AppData\Local\Temp\xcAs14rg.\driver_tmp_20.o \
  dist/default/debug\Third.X.debug.o 

Object code version is 3.11

Machine type is 16F18076



                Name                               Link     Load   Length Selector   Space Scale
C:\Users\zmiller\AppData\Local\Temp\xcAs14rg.\driver_tmp_20.o
                heap                               235C     235C      494     235C       7
                end_init                             31       31        2        8       0
                reset_vec                             0        0        2        0       0
                config                             8007     8007        5        0       4
dist/default/debug\Third.X.debug.o
                cinit                                33       33       57        8       0
                intentry                              4        4       2D        8       0
                text59_split_1                       8A       8A      710        8       0
                config                             8007     8007        5        0       4
                text135                            3BC5     3BC5        1     778A       0
                text134                            3BE3     3BE3        4     77C6       0
                text133                            3BC8     3BC8        3     7790       0
                text132                            3BCB     3BCB        3     7796       0
                text131                            3BE7     3BE7        4     77CE       0
                text130                            3D1B     3D1B       15     7A36       0
                text129                            3BCE     3BCE        3     779C       0
                text128                            3BEB     3BEB        4     77D6       0
                text127                            3BD1     3BD1        3     77A2       0
                text126                            3BEF     3BEF        4     77DE       0
                text125                            3BF3     3BF3        4     77E6       0
                text124                            3BD4     3BD4        3     77A8       0
                text123                            3BD7     3BD7        3     77AE       0
                text122                            3C0F     3C0F        5     781E       0
                text121                            3BDA     3BDA        3     77B4       0
                text120                            3FA0     3FA0       2F     7F40       0
                text119                            3BF7     3BF7        4     77EE       0
                text118                            3C5E     3C5E        8     78BC       0
                text117                            3C42     3C42        7     7884       0
                text116                            3199     3199       41     6332       0
                text115                            3C1E     3C1E        6     783C       0
                text114                            3C24     3C24        6     7848       0
                text113                            3C66     3C66        8     78CC       0
                text112                            3C49     3C49        7     7892       0
                text111                            1000     1000       23     1388       0
                text110                            3BFB     3BFB        4     77F6       0
                text109                            3C50     3C50        7     78A0       0
                text108                            3C14     3C14        5     7828       0
                text107                            3C2A     3C2A        6     7854       0
                text106                            31DA     31DA       43     63B4       0
                text105                            3BFF     3BFF        4     77FE       0
                text104                            3BC6     3BC6        1     778C       0
                text102                            3C76     3C76        A     78EC       0
                text101                            3CBC     3CBC        F     7978       0
                text100                            3CCB     3CCB        F     7996       0
                text99                             3DD1     3DD1       1E     7BA2       0
                text98                             3CDA     3CDA        F     79B4       0
                text97                             3C03     3C03        4     7806       0
                text96                             3001     3001       17     6002       0
                text95                             2000     2000        9     3A9C       0
                text94                             3C8A     3C8A        C     7914       0
                text93                             350D     350D       5A     6A1A       0
                text92                             3CF8     3CF8       10     79F0       0
                text91                             3BDD     3BDD        3     77BA       0
                text90                             3BE0     3BE0        3     77C0       0
                text89                             2800     2800        3     4BF0       0
                text88                             3CA2     3CA2        D     7944       0
                text87                             2B65     2B65       8B     56CA       0
                text86                             3E50     3E50       24     7CA0       0
                text85                             1B13     1B13      23B     3626       0
                text84                             3C96     3C96        C     792C       0
                text83                             25F8     25F8      208     4BF0       0
                text82                             30AF     30AF       36     615E       0
                text81                             114D     114D      2B8     229A       0
                text80                             3C6E     3C6E        8     78DC       0
                text79                             3BC7     3BC7        1     778E       0
                text78                             3C07     3C07        4     780E       0
                text77                             3EBD     3EBD       2C     7D7A       0
                text76                             3734     3734       60     6E68       0
                text75                             34B9     34B9       54     6972       0
                text74                             3DB5     3DB5       1C     7B6A       0
                text73                             3000     3000        1     5E24       0
                text72                             3413     3413       53     6826       0
                text71                             3E98     3E98       25     7D30       0
                text70                             3D30     3D30       1A     7A60       0
                text69                             3260     3260       44     64C0       0
                text68                             2009     2009       C5     4012       0
                text67                             23F4     23F4      204     47E8       0
                text66                             33C4     33C4       4F     6788       0
                text65                             282B     282B       71     5056       0
                text64                             2A66     2A66       7F     54CC       0
                text63                             20CE     20CE       FA     419C       0
                text62                             3E74     3E74       24     7CE8       0
                text61                             2803     2803       28     5006       0
                text60                             3DEF     3DEF       20     7BDE       0
                text59                             22D3     22D3      121     45A6       0
                text58                             2DC4     2DC4       A3     5B88       0
                text57                             361D     361D       5D     6C3A       0
                text56                             18E4     18E4      22F     31C8       0
                text55                             307C     307C       33     60F8       0
                text54                             3CE9     3CE9        F     79D2       0
                text53                             3018     3018       32     6030       0
                text52                             2D25     2D25       9F     5A4A       0
                text51                             3C0B     3C0B        4     7816       0
                text50                             3C19     3C19        5     7832       0
                text49                             2AE5     2AE5       80     55CA       0
                text48                             2BF0     2BF0       99     57E0       0
                text47                             3E0F     3E0F       20     7C1E       0
                text46                             2F12     2F12       EE     5E24       0
                text45                             3D08     3D08       13     7A10       0
                text44                              800      800        3     1000       0
                text43                             3C57     3C57        7     78AE       0
                text42                             315A     315A       3F     62B4       0
                text41                             311C     311C       3E     6238       0
                text40                             3F16     3F16       2E     7E2C       0
                text39                             289C     289C       71     5138       0
                text38                             297F     297F       73     52FE       0
                text37                             304A     304A       32     6094       0
                text36                             3C80     3C80        A     7900       0
                text35                             3FCF     3FCF       31     7F9E       0
                text34                             3794     3794       6C     6F28       0
                text33                             321D     321D       43     643A       0
                text32                              892      892      132     1124       0
                text31                             290D     290D       72     521A       0
                text30                             2C89     2C89       9C     5912       0
                text29                             21C8     21C8      10B     4390       0
                text28                             3567     3567       5A     6ACE       0
                text27                             32A4     32A4       47     6548       0
                text26                             3F44     3F44       2E     7E88       0
                text25                             3D64     3D64       1B     7AC8       0
                text24                             3D7F     3D7F       1B     7AFE       0
                text23                             367A     367A       5D     6CF4       0
                text22                              79A      79A       65        8       0
                text21                             3D4A     3D4A       1A     7A94       0
                text20                             3D9A     3D9A       1B     7B34       0
                text19                             36D7     36D7       5D     6DAE       0
                text18                             3F72     3F72       2E     7EE4       0
                text17                             3EE9     3EE9       2D     7DD2       0
                text16                             3332     3332       48     6664       0
                text15                             32EB     32EB       47     65D6       0
                text14                             30E5     30E5       37     61CA       0
                text13                             1800     1800        E     280A       0
                text12                             29F2     29F2       74     53E4       0
                text11                             337A     337A       4A     66F4       0
                text10                             3C30     3C30        6     7860       0
                text9                              2E67     2E67       AB     5CCE       0
                text8                              1405     1405      3FB     280A       0
                text7                               9C4      9C4      63C     1388       0
                text6                              1D4E     1D4E      2B2     3A9C       0
                text5                               803      803       8F     1006       0
                text4                              1023     1023      12A     2046       0
                text3                              35C1     35C1       5C     6B82       0
                text2                              3E2F     3E2F       21     7C5E       0
                text1                              3466     3466       53     68CC       0
                maintext                           180E     180E       D6     301C       0
                cstackBANK0                          20       20       50       20       1
                cstackCOMMON                         70       70        6       70       1
                cstackBANK1                          A0       A0       50       A0       1
                cstackBANK2                         120      120       50      120       1
                cstackBANK3                         1A0      1A0       3B      1A0       1
                cstackBANK4                         220      220       47      220       1
                cstackBANK5                         2A0      2A0       34      2A0       1
                cstackBANK10                        520      520       3C      520       1
                clrtext                            3C36     3C36        6     786C       0
                inittext                           3C3C     3C3C        6     7878       0
                bssBANK9                            4A0      4A0       32      4A0       1
                bssBANK8                            420      420       32      420       1
                bssBANK7                            3A0      3A0       50      3A0       1
                dataBANK6                           362      362        D      320       1
                bssBANK6                            320      320       42      320       1
                bssBANK5                            2D4      2D4       12      2A0       1
                bssBANK4                            267      267        8      220       1
                dataBANK3                           1EE      1EE        1      1A0       1
                bssBANK3                            1DB      1DB       13      1A0       1
                dataCOMMON                           78       78        2       70       1
                bssCOMMON                            76       76        2       70       1
                stringtext14                       38AC     38AC        3     7000       0
                stringtext13                       38A8     38A8        4     7000       0
                stringtext12                       38A4     38A4        4     7000       0
                stringtext11                       38A0     38A0        4     7000       0
                stringtext10                       389C     389C        4     7000       0
                stringtext9                        3896     3896        6     7000       0
                stringtext8                        388F     388F        7     7000       0
                stringtext7                        3886     3886        9     7000       0
                stringtext6                        387D     387D        9     7000       0
                stringtext5                        3871     3871        C     7000       0
                stringtext4                        3830     3830       1B     7000       0
                stringtext3                        385F     385F       12     7000       0
                stringtext2                        384B     384B       14     7000       0
                stringtext1                        3800     3800       30     7000       0
                idataBANK6                         3CAF     3CAF        D     795E       0
                idataBANK3                          7FF      7FF        1        8       0
                idataCOMMON                           2        2        2        0       0

TOTAL           Name                               Link     Load   Length     Space
        CLASS   HEAP           
                heap                               235C     235C      494         7

        CLASS   CODE           
                end_init                             31       31        2         0
                cinit                                33       33       57         0
                intentry                              4        4       2D         0
                reset_vec                             0        0        2         0
                text59_split_1                       8A       8A      710         0
                text135                            3BC5     3BC5        1         0
                text134                            3BE3     3BE3        4         0
                text133                            3BC8     3BC8        3         0
                text132                            3BCB     3BCB        3         0
                text131                            3BE7     3BE7        4         0
                text130                            3D1B     3D1B       15         0
                text129                            3BCE     3BCE        3         0
                text128                            3BEB     3BEB        4         0
                text127                            3BD1     3BD1        3         0
                text126                            3BEF     3BEF        4         0
                text125                            3BF3     3BF3        4         0
                text124                            3BD4     3BD4        3         0
                text123                            3BD7     3BD7        3         0
                text122                            3C0F     3C0F        5         0
                text121                            3BDA     3BDA        3         0
                text120                            3FA0     3FA0       2F         0
                text119                            3BF7     3BF7        4         0
                text118                            3C5E     3C5E        8         0
                text117                            3C42     3C42        7         0
                text116                            3199     3199       41         0
                text115                            3C1E     3C1E        6         0
                text114                            3C24     3C24        6         0
                text113                            3C66     3C66        8         0
                text112                            3C49     3C49        7         0
                text111                            1000     1000       23         0
                text110                            3BFB     3BFB        4         0
                text109                            3C50     3C50        7         0
                text108                            3C14     3C14        5         0
                text107                            3C2A     3C2A        6         0
                text106                            31DA     31DA       43         0
                text105                            3BFF     3BFF        4         0
                text104                            3BC6     3BC6        1         0
                text102                            3C76     3C76        A         0
                text101                            3CBC     3CBC        F         0
                text100                            3CCB     3CCB        F         0
                text99                             3DD1     3DD1       1E         0
                text98                             3CDA     3CDA        F         0
                text97                             3C03     3C03        4         0
                text96                             3001     3001       17         0
                text95                             2000     2000        9         0
                text94                             3C8A     3C8A        C         0
                text93                             350D     350D       5A         0
                text92                             3CF8     3CF8       10         0
                text91                             3BDD     3BDD        3         0
                text90                             3BE0     3BE0        3         0
                text89                             2800     2800        3         0
                text88                             3CA2     3CA2        D         0
                text87                             2B65     2B65       8B         0
                text86                             3E50     3E50       24         0
                text85                             1B13     1B13      23B         0
                text84                             3C96     3C96        C         0
                text83                             25F8     25F8      208         0
                text82                             30AF     30AF       36         0
                text81                             114D     114D      2B8         0
                text80                             3C6E     3C6E        8         0
                text79                             3BC7     3BC7        1         0
                text78                             3C07     3C07        4         0
                text77                             3EBD     3EBD       2C         0
                text76                             3734     3734       60         0
                text75                             34B9     34B9       54         0
                text74                             3DB5     3DB5       1C         0
                text73                             3000     3000        1         0
                text72                             3413     3413       53         0
                text71                             3E98     3E98       25         0
                text70                             3D30     3D30       1A         0
                text69                             3260     3260       44         0
                text68                             2009     2009       C5         0
                text67                             23F4     23F4      204         0
                text66                             33C4     33C4       4F         0
                text65                             282B     282B       71         0
                text64                             2A66     2A66       7F         0
                text63                             20CE     20CE       FA         0
                text62                             3E74     3E74       24         0
                text61                             2803     2803       28         0
                text60                             3DEF     3DEF       20         0
                text59                             22D3     22D3      121         0
                text58                             2DC4     2DC4       A3         0
                text57                             361D     361D       5D         0
                text56                             18E4     18E4      22F         0
                text55                             307C     307C       33         0
                text54                             3CE9     3CE9        F         0
                text53                             3018     3018       32         0
                text52                             2D25     2D25       9F         0
                text51                             3C0B     3C0B        4         0
                text50                             3C19     3C19        5         0
                text49                             2AE5     2AE5       80         0
                text48                             2BF0     2BF0       99         0
                text47                             3E0F     3E0F       20         0
                text46                             2F12     2F12       EE         0
                text45                             3D08     3D08       13         0
                text44                              800      800        3         0
                text43                             3C57     3C57        7         0
                text42                             315A     315A       3F         0
                text41                             311C     311C       3E         0
                text40                             3F16     3F16       2E         0
                text39                             289C     289C       71         0
                text38                             297F     297F       73         0
                text37                             304A     304A       32         0
                text36                             3C80     3C80        A         0
                text35                             3FCF     3FCF       31         0
                text34                             3794     3794       6C         0
                text33                             321D     321D       43         0
                text32                              892      892      132         0
                text31                             290D     290D       72         0
                text30                             2C89     2C89       9C         0
                text29                             21C8     21C8      10B         0
                text28                             3567     3567       5A         0
                text27                             32A4     32A4       47         0
                text26                             3F44     3F44       2E         0
                text25                             3D64     3D64       1B         0
                text24                             3D7F     3D7F       1B         0
                text23                             367A     367A       5D         0
                text22                              79A      79A       65         0
                text21                             3D4A     3D4A       1A         0
                text20                             3D9A     3D9A       1B         0
                text19                             36D7     36D7       5D         0
                text18                             3F72     3F72       2E         0
                text17                             3EE9     3EE9       2D         0
                text16                             3332     3332       48         0
                text15                             32EB     32EB       47         0
                text14                             30E5     30E5       37         0
                text13                             1800     1800        E         0
                text12                             29F2     29F2       74         0
                text11                             337A     337A       4A         0
                text10                             3C30     3C30        6         0
                text9                              2E67     2E67       AB         0
                text8                              1405     1405      3FB         0
                text7                               9C4      9C4      63C         0
                text6                              1D4E     1D4E      2B2         0
                text5                               803      803       8F         0
                text4                              1023     1023      12A         0
                text3                              35C1     35C1       5C         0
                text2                              3E2F     3E2F       21         0
                text1                              3466     3466       53         0
                maintext                           180E     180E       D6         0
                clrtext                            3C36     3C36        6         0
                inittext                           3C3C     3C3C        6         0
                idataBANK6                         3CAF     3CAF        D         0
                idataBANK3                          7FF      7FF        1         0
                idataCOMMON                           2        2        2         0

        CLASS   STRCODE        
                stringtext14                       38AC     38AC        3         0
                stringtext13                       38A8     38A8        4         0
                stringtext12                       38A4     38A4        4         0
                stringtext11                       38A0     38A0        4         0
                stringtext10                       389C     389C        4         0
                stringtext9                        3896     3896        6         0
                stringtext8                        388F     388F        7         0
                stringtext7                        3886     3886        9         0
                stringtext6                        387D     387D        9         0
                stringtext5                        3871     3871        C         0
                stringtext4                        3830     3830       1B         0
                stringtext3                        385F     385F       12         0
                stringtext2                        384B     384B       14         0
                stringtext1                        3800     3800       30         0

        CLASS   STRING         

        CLASS   CONST          

        CLASS   ENTRY          

        CLASS   COMMON         
                cstackCOMMON                         70       70        6         1
                dataCOMMON                           78       78        2         1
                bssCOMMON                            76       76        2         1

        CLASS   BANK0          
                cstackBANK0                          20       20       50         1

        CLASS   BANK1          
                cstackBANK1                          A0       A0       50         1

        CLASS   BANK2          
                cstackBANK2                         120      120       50         1

        CLASS   BANK3          
                cstackBANK3                         1A0      1A0       3B         1
                dataBANK3                           1EE      1EE        1         1
                bssBANK3                            1DB      1DB       13         1

        CLASS   BANK4          
                cstackBANK4                         220      220       47         1
                bssBANK4                            267      267        8         1

        CLASS   BANK5          
                cstackBANK5                         2A0      2A0       34         1
                bssBANK5                            2D4      2D4       12         1

        CLASS   BANK6          
                dataBANK6                           362      362        D         1
                bssBANK6                            320      320       42         1

        CLASS   BANK7          
                bssBANK7                            3A0      3A0       50         1

        CLASS   BANK8          
                bssBANK8                            420      420       32         1

        CLASS   BANK9          
                bssBANK9                            4A0      4A0       32         1

        CLASS   BANK10         
                cstackBANK10                        520      520       3C         1

        CLASS   BANK11         

        CLASS   BANK12         

        CLASS   BANK13         

        CLASS   BANK14         

        CLASS   BANK15         

        CLASS   BANK16         

        CLASS   BANK17         

        CLASS   BANK18         

        CLASS   BANK19         

        CLASS   BANK20         

        CLASS   BANK21         

        CLASS   BANK22         

        CLASS   BANK23         

        CLASS   BANK24         

        CLASS   BANK25         

        CLASS   BIGRAM         

        CLASS   RAM            

        CLASS   ABS1           
                abs_s1                               7E       7E        2         1

        CLASS   SFR0           

        CLASS   SFR1           

        CLASS   SFR2           

        CLASS   SFR3           

        CLASS   SFR4           

        CLASS   SFR5           

        CLASS   SFR6           

        CLASS   SFR7           

        CLASS   SFR8           

        CLASS   SFR9           

        CLASS   SFR10          

        CLASS   SFR11          

        CLASS   SFR12          

        CLASS   SFR13          

        CLASS   SFR14          

        CLASS   SFR15          

        CLASS   SFR16          

        CLASS   SFR17          

        CLASS   SFR18          

        CLASS   SFR19          

        CLASS   SFR20          

        CLASS   SFR21          

        CLASS   SFR22          

        CLASS   SFR23          

        CLASS   SFR24          

        CLASS   SFR25          

        CLASS   SFR26          

        CLASS   SFR27          

        CLASS   SFR28          

        CLASS   SFR29          

        CLASS   SFR30          

        CLASS   SFR31          

        CLASS   SFR32          

        CLASS   SFR33          

        CLASS   SFR34          

        CLASS   SFR35          

        CLASS   SFR36          

        CLASS   SFR37          

        CLASS   SFR38          

        CLASS   SFR39          

        CLASS   SFR40          

        CLASS   SFR41          

        CLASS   SFR42          

        CLASS   SFR43          

        CLASS   SFR44          

        CLASS   SFR45          

        CLASS   SFR46          

        CLASS   SFR47          

        CLASS   SFR48          

        CLASS   SFR49          

        CLASS   SFR50          

        CLASS   SFR51          

        CLASS   SFR52          

        CLASS   SFR53          

        CLASS   SFR54          

        CLASS   SFR55          

        CLASS   SFR56          

        CLASS   SFR57          

        CLASS   SFR58          

        CLASS   SFR59          

        CLASS   SFR60          

        CLASS   SFR61          

        CLASS   SFR62          

        CLASS   SFR63          

        CLASS   CONFIG         
                config                             8007     8007        5         4

        CLASS   IDLOC          

        CLASS   EEDATA         

        CLASS   BANK63         

        CLASS   BANK62         

        CLASS   BANK61         

        CLASS   BANK60         

        CLASS   BANK59         

        CLASS   BANK58         

        CLASS   BANK57         

        CLASS   BANK56         

        CLASS   BANK55         

        CLASS   BANK54         

        CLASS   BANK53         

        CLASS   BANK52         

        CLASS   BANK51         

        CLASS   BANK50         

        CLASS   BANK49         

        CLASS   BANK48         

        CLASS   BANK47         

        CLASS   BANK46         

        CLASS   BANK45         

        CLASS   BANK44         

        CLASS   BANK43         

        CLASS   BANK42         

        CLASS   BANK41         

        CLASS   BANK40         

        CLASS   BANK39         

        CLASS   BANK38         

        CLASS   BANK37         

        CLASS   BANK36         

        CLASS   BANK35         

        CLASS   BANK34         

        CLASS   BANK33         

        CLASS   BANK32         

        CLASS   BANK31         

        CLASS   BANK30         

        CLASS   BANK29         

        CLASS   BANK28         

        CLASS   BANK27         

        CLASS   BANK26         

        CLASS   STACK          



SEGMENTS        Name                           Load    Length   Top    Selector   Space  Class     Delta

                reset_vec                      000000  000004  000004         0       0  CODE        2
                intentry                       000004  0007FC  000800         8       0  CODE        2
                cstackBANK0                    000020  000050  000070        20       1  BANK0       1
                cstackCOMMON                   000070  00000A  00007A        70       1  COMMON      1
                cstackBANK1                    0000A0  000050  0000F0        A0       1  BANK1       1
                cstackBANK2                    000120  000050  000170       120       1  BANK2       1
                cstackBANK3                    0001A0  00004F  0001EF       1A0       1  BANK3       1
                cstackBANK4                    000220  00004F  00026F       220       1  BANK4       1
                cstackBANK5                    0002A0  000046  0002E6       2A0       1  BANK5       1
                bssBANK6                       000320  00004F  00036F       320       1  BANK6       1
                bssBANK7                       0003A0  000050  0003F0       3A0       1  BANK7       1
                bssBANK8                       000420  000032  000452       420       1  BANK8       1
                bssBANK9                       0004A0  000032  0004D2       4A0       1  BANK9       1
                cstackBANK10                   000520  00003C  00055C       520       1  BANK10      1
                text44                         000800  000003  000803      1000       0  CODE        2
                text5                          000803  00008F  000892      1006       0  CODE        2
                text32                         000892  000132  0009C4      1124       0  CODE        2
                text7                          0009C4  00065F  001023      1388       0  CODE        2
                text4                          001023  00012A  00114D      2046       0  CODE        2
                text81                         00114D  0002B8  001405      229A       0  CODE        2
                heap                           00235C  000494  0027F0      235C       7  HEAP        1
                text8                          001405  000409  00180E      280A       0  CODE        2
                maintext                       00180E  0000D6  0018E4      301C       0  CODE        2
                text56                         0018E4  00022F  001B13      31C8       0  CODE        2
                text85                         001B13  00023B  001D4E      3626       0  CODE        2
                text6                          001D4E  0002BB  002009      3A9C       0  CODE        2
                text68                         002009  0000C5  0020CE      4012       0  CODE        2
                text63                         0020CE  0000FA  0021C8      419C       0  CODE        2
                text29                         0021C8  00010B  0022D3      4390       0  CODE        2
                text59                         0022D3  000121  0023F4      45A6       0  CODE        2
                text67                         0023F4  000204  0025F8      47E8       0  CODE        2
                text83                         0025F8  00020B  002803      4BF0       0  CODE        2
                text61                         002803  000028  00282B      5006       0  CODE        2
                text65                         00282B  000071  00289C      5056       0  CODE        2
                text39                         00289C  000071  00290D      5138       0  CODE        2
                text31                         00290D  000072  00297F      521A       0  CODE        2
                text38                         00297F  000073  0029F2      52FE       0  CODE        2
                text12                         0029F2  000074  002A66      53E4       0  CODE        2
                text64                         002A66  00007F  002AE5      54CC       0  CODE        2
                text49                         002AE5  000080  002B65      55CA       0  CODE        2
                text87                         002B65  00008B  002BF0      56CA       0  CODE        2
                text48                         002BF0  000099  002C89      57E0       0  CODE        2
                text30                         002C89  00009C  002D25      5912       0  CODE        2
                text52                         002D25  00009F  002DC4      5A4A       0  CODE        2
                text58                         002DC4  0000A3  002E67      5B88       0  CODE        2
                text9                          002E67  0000AB  002F12      5CCE       0  CODE        2
                text46                         002F12  0000EF  003001      5E24       0  CODE        2
                text96                         003001  000017  003018      6002       0  CODE        2
                text53                         003018  000032  00304A      6030       0  CODE        2
                text37                         00304A  000032  00307C      6094       0  CODE        2
                text55                         00307C  000033  0030AF      60F8       0  CODE        2
                text82                         0030AF  000036  0030E5      615E       0  CODE        2
                text14                         0030E5  000037  00311C      61CA       0  CODE        2
                text41                         00311C  00003E  00315A      6238       0  CODE        2
                text42                         00315A  00003F  003199      62B4       0  CODE        2
                text116                        003199  000041  0031DA      6332       0  CODE        2
                text106                        0031DA  000043  00321D      63B4       0  CODE        2
                text33                         00321D  000043  003260      643A       0  CODE        2
                text69                         003260  000044  0032A4      64C0       0  CODE        2
                text27                         0032A4  000047  0032EB      6548       0  CODE        2
                text15                         0032EB  000047  003332      65D6       0  CODE        2
                text16                         003332  000048  00337A      6664       0  CODE        2
                text11                         00337A  00004A  0033C4      66F4       0  CODE        2
                text66                         0033C4  00004F  003413      6788       0  CODE        2
                text72                         003413  000053  003466      6826       0  CODE        2
                text1                          003466  000053  0034B9      68CC       0  CODE        2
                text75                         0034B9  000054  00350D      6972       0  CODE        2
                text93                         00350D  00005A  003567      6A1A       0  CODE        2
                text28                         003567  00005A  0035C1      6ACE       0  CODE        2
                text3                          0035C1  00005C  00361D      6B82       0  CODE        2
                text57                         00361D  00005D  00367A      6C3A       0  CODE        2
                text23                         00367A  00005D  0036D7      6CF4       0  CODE        2
                text19                         0036D7  00005D  003734      6DAE       0  CODE        2
                text76                         003734  000060  003794      6E68       0  CODE        2
                text34                         003794  00006C  003800      6F28       0  CODE        2
                stringtext1                    003800  0000AF  0038AF      7000       0  STRCODE     2
                text135                        003BC5  000001  003BC6      778A       0  CODE        2
                text104                        003BC6  000001  003BC7      778C       0  CODE        2
                text79                         003BC7  000001  003BC8      778E       0  CODE        2
                text133                        003BC8  000003  003BCB      7790       0  CODE        2
                text132                        003BCB  000003  003BCE      7796       0  CODE        2
                text129                        003BCE  000003  003BD1      779C       0  CODE        2
                text127                        003BD1  000003  003BD4      77A2       0  CODE        2
                text124                        003BD4  000003  003BD7      77A8       0  CODE        2
                text123                        003BD7  000003  003BDA      77AE       0  CODE        2
                text121                        003BDA  000003  003BDD      77B4       0  CODE        2
                text91                         003BDD  000003  003BE0      77BA       0  CODE        2
                text90                         003BE0  000003  003BE3      77C0       0  CODE        2
                text134                        003BE3  000004  003BE7      77C6       0  CODE        2
                text131                        003BE7  000004  003BEB      77CE       0  CODE        2
                text128                        003BEB  000004  003BEF      77D6       0  CODE        2
                text126                        003BEF  000004  003BF3      77DE       0  CODE        2
                text125                        003BF3  000004  003BF7      77E6       0  CODE        2
                text119                        003BF7  000004  003BFB      77EE       0  CODE        2
                text110                        003BFB  000004  003BFF      77F6       0  CODE        2
                text105                        003BFF  000004  003C03      77FE       0  CODE        2
                text97                         003C03  000004  003C07      7806       0  CODE        2
                text78                         003C07  000004  003C0B      780E       0  CODE        2
                text51                         003C0B  000004  003C0F      7816       0  CODE        2
                text122                        003C0F  000005  003C14      781E       0  CODE        2
                text108                        003C14  000005  003C19      7828       0  CODE        2
                text50                         003C19  000005  003C1E      7832       0  CODE        2
                text115                        003C1E  000006  003C24      783C       0  CODE        2
                text114                        003C24  000006  003C2A      7848       0  CODE        2
                text107                        003C2A  000006  003C30      7854       0  CODE        2
                text10                         003C30  000006  003C36      7860       0  CODE        2
                clrtext                        003C36  000006  003C3C      786C       0  CODE        2
                inittext                       003C3C  000006  003C42      7878       0  CODE        2
                text117                        003C42  000007  003C49      7884       0  CODE        2
                text112                        003C49  000007  003C50      7892       0  CODE        2
                text109                        003C50  000007  003C57      78A0       0  CODE        2
                text43                         003C57  000007  003C5E      78AE       0  CODE        2
                text118                        003C5E  000008  003C66      78BC       0  CODE        2
                text113                        003C66  000008  003C6E      78CC       0  CODE        2
                text80                         003C6E  000008  003C76      78DC       0  CODE        2
                text102                        003C76  00000A  003C80      78EC       0  CODE        2
                text36                         003C80  00000A  003C8A      7900       0  CODE        2
                text94                         003C8A  00000C  003C96      7914       0  CODE        2
                text84                         003C96  00000C  003CA2      792C       0  CODE        2
                text88                         003CA2  00000D  003CAF      7944       0  CODE        2
                idataBANK6                     003CAF  00000D  003CBC      795E       0  CODE        2
                text101                        003CBC  00000F  003CCB      7978       0  CODE        2
                text100                        003CCB  00000F  003CDA      7996       0  CODE        2
                text98                         003CDA  00000F  003CE9      79B4       0  CODE        2
                text54                         003CE9  00000F  003CF8      79D2       0  CODE        2
                text92                         003CF8  000010  003D08      79F0       0  CODE        2
                text45                         003D08  000013  003D1B      7A10       0  CODE        2
                text130                        003D1B  000015  003D30      7A36       0  CODE        2
                text70                         003D30  00001A  003D4A      7A60       0  CODE        2
                text21                         003D4A  00001A  003D64      7A94       0  CODE        2
                text25                         003D64  00001B  003D7F      7AC8       0  CODE        2
                text24                         003D7F  00001B  003D9A      7AFE       0  CODE        2
                text20                         003D9A  00001B  003DB5      7B34       0  CODE        2
                text74                         003DB5  00001C  003DD1      7B6A       0  CODE        2
                text99                         003DD1  00001E  003DEF      7BA2       0  CODE        2
                text60                         003DEF  000020  003E0F      7BDE       0  CODE        2
                text47                         003E0F  000020  003E2F      7C1E       0  CODE        2
                text2                          003E2F  000021  003E50      7C5E       0  CODE        2
                text86                         003E50  000024  003E74      7CA0       0  CODE        2
                text62                         003E74  000024  003E98      7CE8       0  CODE        2
                text71                         003E98  000025  003EBD      7D30       0  CODE        2
                text77                         003EBD  00002C  003EE9      7D7A       0  CODE        2
                text17                         003EE9  00002D  003F16      7DD2       0  CODE        2
                text40                         003F16  00002E  003F44      7E2C       0  CODE        2
                text26                         003F44  00002E  003F72      7E88       0  CODE        2
                text18                         003F72  00002E  003FA0      7EE4       0  CODE        2
                text120                        003FA0  00002F  003FCF      7F40       0  CODE        2
                text35                         003FCF  000031  004000      7F9E       0  CODE        2


UNUSED ADDRESS RANGES

        Name                Unused          Largest block    Delta
        BANK10           00055C-00056F               14           1
        BANK11           0005A0-0005EF               50           1
        BANK12           000620-00066F               50           1
        BANK13           0006A0-0006EF               50           1
        BANK14           000720-00076F               50           1
        BANK15           0007A0-0007EF               50           1
        BANK16           000820-00086F               50           1
        BANK17           0008A0-0008EF               50           1
        BANK18           000920-00096F               50           1
        BANK19           0009A0-0009EF               50           1
        BANK20           000A20-000A6F               50           1
        BANK21           000AA0-000AEF               50           1
        BANK22           000B20-000B6F               50           1
        BANK23           000BA0-000BEF               50           1
        BANK24           000C20-000C6F               50           1
        BANK25           000CA0-000CBF               20           1
        BANK3            0001EF-0001EF                1           1
        BANK4            00026F-00026F                1           1
        BANK5            0002E6-0002EF                A           1
        BANK6            00036F-00036F                1           1
        BANK8            000452-00046F               1E           1
        BANK9            0004D2-0004EF               1E           1
        BIGRAM           002000-0027EF              7F0           1
        CODE             0038AF-003BC4              316           2
        COMMON           00007A-00007D                4           1
        CONST            0038AF-003BC4              100           2
        EEDATA           00F000-00F0FF              100           2
        ENTRY            0038AF-003BC4              100           2
        IDLOC            008000-008003                4           2
        RAM              0001EF-0001EF                1           1
                         00026F-00026F                1
                         0002E6-0002EF                A
                         00036F-00036F                1
                         000452-00046F               1E
                         0004D2-0004EF               1E
                         00055C-00056F               14
                         0005A0-0005EF               50
                         000620-00066F               50
                         0006A0-0006EF               50
                         000720-00076F               50
                         0007A0-0007EF               50
                         000820-00086F               50
                         0008A0-0008EF               50
                         000920-00096F               50
                         0009A0-0009EF               50
                         000A20-000A6F               50
                         000AA0-000AEF               50
                         000B20-000B6F               50
                         000BA0-000BEF               50
                         000C20-000C6F               50
                         000CA0-000CBF               20
        SFR0             000000-00001F               20           1
        SFR1             000080-00009F               20           1
        SFR10            000500-00051F               20           1
        SFR11            000580-00059F               20           1
        SFR12            000600-00061F               20           1
        SFR13            000680-00069F               20           1
        SFR14            000700-00071F               20           1
        SFR15            000780-00079F               20           1
        SFR16            000800-00081F               20           1
        SFR17            000880-00089F               20           1
        SFR18            000900-00091F               20           1
        SFR19            000980-00099F               20           1
        SFR2             000100-00011F               20           1
        SFR20            000A00-000A1F               20           1
        SFR21            000A80-000A9F               20           1
        SFR22            000B00-000B1F               20           1
        SFR23            000B80-000B9F               20           1
        SFR24            000C00-000C1F               20           1
        SFR25            000C80-000C9F               20           1
        SFR26            000D00-000D6F               70           1
        SFR27            000D80-000DEF               70           1
        SFR28            000E00-000E6F               70           1
        SFR29            000E80-000EEF               70           1
        SFR3             000180-00019F               20           1
        SFR30            000F00-000F6F               70           1
        SFR31            000F80-000FEF               70           1
        SFR32            001000-00106F               70           1
        SFR33            001080-0010EF               70           1
        SFR34            001100-00116F               70           1
        SFR35            001180-0011EF               70           1
        SFR36            001200-00126F               70           1
        SFR37            001280-0012EF               70           1
        SFR38            001300-00136F               70           1
        SFR39            001380-0013EF               70           1
        SFR4             000200-00021F               20           1
        SFR40            001400-00146F               70           1
        SFR41            001480-0014EF               70           1
        SFR42            001500-00156F               70           1
        SFR43            001580-0015EF               70           1
        SFR44            001600-00166F               70           1
        SFR45            001680-0016EF               70           1
        SFR46            001700-00176F               70           1
        SFR47            001780-0017EF               70           1
        SFR48            001800-00186F               70           1
        SFR49            001880-0018EF               70           1
        SFR5             000280-00029F               20           1
        SFR50            001900-00196F               70           1
        SFR51            001980-0019EF               70           1
        SFR52            001A00-001A6F               70           1
        SFR53            001A80-001AEF               70           1
        SFR54            001B00-001B6F               70           1
        SFR55            001B80-001BEF               70           1
        SFR56            001C00-001C6F               70           1
        SFR57            001C80-001CEF               70           1
        SFR58            001D00-001D6F               70           1
        SFR59            001D80-001DEF               70           1
        SFR6             000300-00031F               20           1
        SFR60            001E00-001E6F               70           1
        SFR61            001E80-001EEF               70           1
        SFR62            001F00-001F6F               70           1
        SFR63            001F80-001FEF               70           1
        SFR7             000380-00039F               20           1
        SFR8             000400-00041F               20           1
        SFR9             000480-00049F               20           1
        STRCODE          0038AF-003BC4              316           2
        STRING           0038AF-003BC4              100           2

                                  Symbol Table

?__Umul8_16                                          cstackBANK0  000020
?___awdiv                                            cstackBANK0  000020
?___awmod                                            cstackBANK0  000020
?___fladd                                            cstackBANK0  000048
?___fldiv                                            cstackBANK0  00005C
?___flmul                                            cstackBANK0  00002E
?___flneg                                            cstackBANK0  000020
?___flsub                                            cstackBANK1  0000AD
?___fltol                                            cstackBANK0  00005C
?___fpclassifyf                                      cstackBANK0  000020
?___xxtofl                                           cstackBANK0  000020
?_abs                                                cstackBANK0  000027
?_compensate_humidity                                cstackBANK1  0000B5
?_compensate_pressure                                cstackBANK1  0000B5
?_compensate_temperature                             cstackBANK1  0000B5
?_dtoa                                               cstackBANK0  000038
?_efgtoa                                             cstackBANK1  0000BD
?_floorf                                             cstackBANK0  000069
?_labs                                               cstackBANK0  000020
?_pad                                                cstackBANK0  00002F
?_printf                                             cstackBANK2  000155
?_roundf                                             cstackBANK1  0000B5
?_snprintf                                           cstackBANK2  000155
?_sprintf                                            cstackBANK2  000155
?_stoa                                               cstackBANK0  000028
?_strcmp                                             cstackBANK0  000020
?_strlen                                             cstackBANK0  000020
?_strncmp                                            cstackBANK0  000020
?_vfpfcnvrt                                          cstackBANK2  000150
?_vfprintf                                           cstackBANK2  000152
?_weather_dev                                        cstackBANK4  000220
?_weather_read                                       cstackBANK3  0001B6
EUSART1_FramingErrorCallbackRegister@callbackHandler cstackBANK0  000020
EUSART1_OverrunErrorCallbackRegister@callbackHandler cstackBANK0  000020
EUSART1_Write@txData                                 cstackBANK0  000020
I2C2_CallbackRegister@callbackHandler                cstackBANK0  000020
I2C2_DataTransmit@data                               cstackCOMMON 000070
I2C2_EVENT_ERROR@retEventState                       cstackCOMMON 000070
I2C2_EVENT_NACK@retEventState                        cstackCOMMON 000070
I2C2_EVENT_RX@retEventState                          cstackCOMMON 000071
I2C2_EVENT_TX@retEventState                          cstackCOMMON 000073
I2C2_Write@address                                   cstackBANK0  000021
I2C2_Write@data                                      cstackBANK0  000023
I2C2_Write@dataLength                                cstackBANK0  000024
I2C2_Write@retStatus                                 cstackBANK0  000026
I2C2_WriteRead@address                               cstackBANK0  000021
I2C2_WriteRead@readData                              cstackBANK0  000026
I2C2_WriteRead@readLength                            cstackBANK0  000028
I2C2_WriteRead@retStatus                             cstackBANK0  00002A
I2C2_WriteRead@writeData                             cstackBANK0  000023
I2C2_WriteRead@writeLength                           cstackBANK0  000024
INT_SetInterruptHandler@InterruptHandler             cstackBANK0  000020
_ACTCON                                              (abs)        000214
_ANSELA                                              (abs)        001E8C
_ANSELB                                              (abs)        001E96
_ANSELC                                              (abs)        001EA0
_ANSELD                                              (abs)        001EAA
_ANSELDbits                                          (abs)        001EAA
_ANSELE                                              (abs)        001EB4
_BAUD1CON                                            (abs)        000612
_BAUD1CONbits                                        (abs)        000612
_CLOCK_Initialize                                    text102      003C76
_DHT11_ERROR                                         dataCOMMON   000079
_DHT11_OK                                            dataCOMMON   000078
_EUSART1_AutoBaudQuery                               (abs)        000000
_EUSART1_AutoBaudSet                                 (abs)        000000
_EUSART1_DefaultFramingErrorCallback                 text79       003BC7
_EUSART1_DefaultOverrunErrorCallback                 text78       003C07
_EUSART1_Deinitialize                                (abs)        000000
_EUSART1_Enable                                      text91       003BDD
_EUSART1_ErrorGet                                    (abs)        000000
_EUSART1_FramingErrorCallbackRegister                text101      003CBC
_EUSART1_FramingErrorHandler                         bssBANK4     00026B
_EUSART1_Initialize                                  text99       003DD1
_EUSART1_IsRxReady                                   text80       003C6E
_EUSART1_IsTxDone                                    text51       003C0B
_EUSART1_IsTxReady                                   (abs)        000000
_EUSART1_OverrunErrorCallbackRegister                text100      003CCB
_EUSART1_OverrunErrorHandler                         bssBANK4     000269
_EUSART1_Read                                        text77       003EBD
_EUSART1_ReceiveEnable                               text90       003BE0
_EUSART1_TransmitDisable                             (abs)        000000
_EUSART1_TransmitEnable                              text89       002800
_EUSART1_Write                                       text50       003C19
_I2C2_AckSend                                        text128      003BEB
_I2C2_BusReset                                       text134      003BE3
_I2C2_Callback                                       bssBANK5     0002E4
_I2C2_CallbackRegister                               text98       003CDA
_I2C2_Close                                          text130      003D1B
_I2C2_DataReceive                                    text127      003BD1
_I2C2_DataTransmit                                   text122      003C0F
_I2C2_DefaultCallback                                text135      003BC5
_I2C2_Deinitialize                                   (abs)        000000
_I2C2_ERROR_ISR                                      text110      003BFB
_I2C2_EVENT_ERROR                                    text114      003C24
_I2C2_EVENT_IDLE                                     text119      003BF7
_I2C2_EVENT_NACK                                     text115      003C1E
_I2C2_EVENT_RESET                                    text112      003C49
_I2C2_EVENT_RX                                       text116      003199
_I2C2_EVENT_SEND_RD_ADDR                             text118      003C5E
_I2C2_EVENT_SEND_WR_ADDR                             text117      003C42
_I2C2_EVENT_STOP                                     text113      003C66
_I2C2_EVENT_TX                                       text120      003FA0
_I2C2_ErrorEventHandler                              text111      001000
_I2C2_ErrorGet                                       (abs)        000000
_I2C2_ErrorInterruptClear                            text133      003BC8
_I2C2_EventHandler                                   text106      0031DA
_I2C2_ISR                                            text105      003BFF
_I2C2_Initialize                                     text96       003001
_I2C2_InterruptClear                                 text132      003BCB
_I2C2_InterruptsEnable                               text97       003C03
_I2C2_IsAddr                                         text109      003C50
_I2C2_IsBusy                                         text45       003D08
_I2C2_IsBusy$720                                     cstackBANK0  000020
_I2C2_IsData                                         text108      003C14
_I2C2_IsNack                                         text107      003C2A
_I2C2_IsRxBufFull                                    text126      003BEF
_I2C2_NackSend                                       text125      003BF3
_I2C2_Read                                           (abs)        000000
_I2C2_ReceiveEnable                                  text124      003BD4
_I2C2_RestartDisable                                 text123      003BD7
_I2C2_RestartEnable                                  text121      003BDA
_I2C2_StartSend                                      text44       000800
_I2C2_StatusFlagsClear                               text131      003BE7
_I2C2_StopSend                                       text129      003BCE
_I2C2_Write                                          text35       003FCF
_I2C2_WriteRead                                      text42       00315A
_I2C2_WriteStart                                     text43       003C57
_INLVLA                                              (abs)        001E90
_INLVLB                                              (abs)        001E9A
_INLVLC                                              (abs)        001EA4
_INLVLD                                              (abs)        001EAE
_INLVLE                                              (abs)        001EB8
_INTCONbits                                          (abs)        00000B
_INTERRUPT_Initialize                                text94       003C8A
_INTERRUPT_InterruptManager                          intentry     000004
_INT_DefaultInterruptHandler                         (abs)        000000
_INT_InterruptHandler                                bssBANK4     00026D
_INT_SetInterruptHandler                             text95       002000
_IOCAF                                               (abs)        001E93
_IOCAN                                               (abs)        001E92
_IOCAP                                               (abs)        001E91
_IOCBF                                               (abs)        001E9D
_IOCBN                                               (abs)        001E9C
_IOCBP                                               (abs)        001E9B
_IOCCF                                               (abs)        001EA7
_IOCCN                                               (abs)        001EA6
_IOCCP                                               (abs)        001EA5
_IOCEF                                               (abs)        001EBB
_IOCEN                                               (abs)        001EBA
_IOCEP                                               (abs)        001EB9
_LATA                                                (abs)        000018
_LATAbits                                            (abs)        000018
_LATB                                                (abs)        000019
_LATC                                                (abs)        00001A
_LATD                                                (abs)        00001B
_LATE                                                (abs)        00001C
_ODCONA                                              (abs)        001E8E
_ODCONB                                              (abs)        001E98
_ODCONC                                              (abs)        001EA2
_ODCOND                                              (abs)        001EAC
_ODCONE                                              (abs)        001EB6
_OSCCON2                                             (abs)        00020E
_OSCCON3                                             (abs)        00020F
_OSCEN                                               (abs)        000211
_OSCFRQ                                              (abs)        000213
_OSCSTAT                                             (abs)        000210
_OSCTUNE                                             (abs)        000212
_PIE0bits                                            (abs)        000096
_PIE4bits                                            (abs)        00009A
_PIN_MANAGER_IOC                                     text104      003BC6
_PIN_MANAGER_Initialize                              text93       00350D
_PIR0bits                                            (abs)        00008C
_PIR3bits                                            (abs)        00008F
_PIR4bits                                            (abs)        000090
_RC1REG                                              (abs)        00060C
_RC1STA                                              (abs)        000610
_RC1STAbits                                          (abs)        000610
_RC2PPS                                              (abs)        001D9E
_RD2PPS                                              (abs)        001DA6
_RD3PPS                                              (abs)        001DA7
_RX1PPS                                              (abs)        001E41
_SLRCONA                                             (abs)        001E8F
_SLRCONB                                             (abs)        001E99
_SLRCONC                                             (abs)        001EA3
_SLRCOND                                             (abs)        001EAD
_SLRCONE                                             (abs)        001EB7
_SP1BRGH                                             (abs)        00060F
_SP1BRGL                                             (abs)        00060E
_SSP2ADD                                             (abs)        000697
_SSP2BUF                                             (abs)        000696
_SSP2CLKPPS                                          (abs)        001E4A
_SSP2CON1                                            (abs)        00069A
_SSP2CON1bits                                        (abs)        00069A
_SSP2CON2                                            (abs)        00069B
_SSP2CON2bits                                        (abs)        00069B
_SSP2CON3                                            (abs)        00069C
_SSP2DATPPS                                          (abs)        001E4B
_SSP2STAT                                            (abs)        000699
_SSP2STATbits                                        (abs)        000699
_SYSTEM_Initialize                                   text92       003CF8
_TRISA                                               (abs)        000012
_TRISB                                               (abs)        000013
_TRISBbits                                           (abs)        000013
_TRISC                                               (abs)        000014
_TRISCbits                                           (abs)        000014
_TRISD                                               (abs)        000015
_TRISE                                               (abs)        000016
_TX1REG                                              (abs)        00060D
_TX1STA                                              (abs)        000611
_TX1STAbits                                          (abs)        000611
_WPUA                                                (abs)        001E8D
_WPUB                                                (abs)        001E97
_WPUC                                                (abs)        001EA1
_WPUD                                                (abs)        001EAB
_WPUDbits                                            (abs)        001EAB
_WPUE                                                (abs)        001EB5
__H__absolute__                                      __absolute__ 000000
__Habs1                                              abs1         000000
__Hbank0                                             bank0        000000
__Hbank1                                             bank1        000000
__Hbank10                                            bank10       000000
__Hbank11                                            bank11       000000
[...]
roundf@e                                             cstackBANK1  0000BD
roundf@u                                             cstackBANK1  0000C3
roundf@x                                             cstackBANK1  0000B5
roundf@y                                             cstackBANK1  0000C7
rylr998_read@byte                                    cstackBANK3  0001D8
rylr998_read@carriage_found                          cstackBANK3  0001D5
rylr998_read@data                                    cstackBANK3  0001A0
rylr998_read@i                                       cstackBANK3  0001D7
rylr998_read@newline_found                           cstackBANK3  0001D6
rylr998_read@success                                 cstackBANK3  0001D2
rylr998_send@address                                 cstackBANK4  00025C
rylr998_send@buffer                                  cstackBANK4  000220
rylr998_send@metric                                  cstackBANK2  000161
rylr998_send@payload_size                            cstackBANK4  000265
rylr998_send@rounded                                 cstackBANK4  00025D
rylr998_send@t                                       cstackBANK4  000252
rylr998_send@tag                                     cstackBANK2  00015F
rylr998_write@c                                      cstackBANK1  0000D7
rylr998_write@carriage_found                         cstackBANK1  0000DB
rylr998_write@data                                   cstackBANK1  0000DA
rylr998_write@i                                      cstackBANK1  0000DD
rylr998_write@newline_found                          cstackBANK1  0000DC
set_filter_standby_settings@desired_settings         cstackBANK1  0000DE
set_filter_standby_settings@dev                      cstackBANK2  000169
set_filter_standby_settings@reg_addr                 cstackBANK1  0000E0
set_filter_standby_settings@reg_data                 cstackBANK1  0000E1
set_filter_standby_settings@rslt                     cstackBANK1  0000DF
set_filter_standby_settings@settings                 cstackBANK2  000167
set_osr_humidity_settings@ctrl_hum                   cstackBANK1  0000DE
set_osr_humidity_settings@ctrl_meas                  cstackBANK1  0000E1
set_osr_humidity_settings@dev                        cstackBANK2  000169
set_osr_humidity_settings@reg_addr                   cstackBANK1  0000E0
set_osr_humidity_settings@rslt                       cstackBANK1  0000DF
set_osr_humidity_settings@settings                   cstackBANK2  000167
set_osr_press_temp_settings@desired_settings         cstackBANK1  0000DE
set_osr_press_temp_settings@dev                      cstackBANK2  000169
set_osr_press_temp_settings@reg_addr                 cstackBANK1  0000E0
set_osr_press_temp_settings@reg_data                 cstackBANK1  0000E1
set_osr_press_temp_settings@rslt                     cstackBANK1  0000DF
set_osr_press_temp_settings@settings                 cstackBANK2  000167
set_osr_settings@desired_settings                    cstackBANK1  0000E3
set_osr_settings@dev                                 cstackBANK2  00016D
set_osr_settings@rslt                                cstackBANK1  0000E2
set_osr_settings@settings                            cstackBANK2  00016B
snprintf@ap                                          cstackBANK1  0000DE
snprintf@cnt                                         cstackBANK1  0000DC
snprintf@f                                           cstackBANK1  0000DF
snprintf@fmt                                         cstackBANK2  000159
snprintf@n                                           cstackBANK2  000157
snprintf@s                                           cstackBANK2  000155
sprintf@ap                                           cstackBANK1  0000D8
sprintf@f                                            cstackBANK1  0000D9
sprintf@fmt                                          cstackBANK2  000155
sprintf@s                                            cstackBANK1  0000D7
start                                                init         000031
start_initialization                                 cinit        000033
stoa@F1180                                           dataBANK6    000362
stoa@cp                                              cstackBANK0  000038
stoa@fp                                              cstackBANK0  000037
stoa@i                                               cstackBANK0  000035
stoa@l                                               cstackBANK0  00003C
stoa@nuls                                            cstackBANK0  00002C
stoa@p                                               cstackBANK0  00003A
stoa@s                                               cstackBANK0  000028
stoa@w                                               cstackBANK0  000033
strcmp@l                                             cstackBANK0  000020
strcmp@r                                             cstackBANK0  000022
strcpy@d                                             cstackBANK0  000026
strcpy@dest                                          cstackBANK0  000027
strcpy@s                                             cstackBANK0  000024
strcpy@src                                           cstackBANK0  000020
strlen@a                                             cstackBANK0  000023
strlen@s                                             cstackBANK0  000020
strncmp@_l                                           cstackBANK0  000020
strncmp@_r                                           cstackBANK0  000022
strncmp@l                                            cstackBANK0  000027
strncmp@n                                            cstackBANK0  000024
strncmp@r                                            cstackBANK0  000029
vfpfcnvrt@ap                                         cstackBANK2  000151
vfpfcnvrt@c                                          cstackBANK1  0000D0
vfpfcnvrt@convarg                                    cstackBANK1  0000CC
vfpfcnvrt@cp                                         cstackBANK1  0000D2
vfpfcnvrt@fmt                                        cstackBANK2  000150
vfpfcnvrt@fp                                         cstackBANK1  0000D1
vfprintf@ap                                          cstackBANK2  000154
vfprintf@cfmt                                        cstackBANK1  0000D5
vfprintf@fmt                                         cstackBANK2  000152
vfprintf@fp                                          cstackBANK1  0000D4
weather_dev@dev                                      cstackBANK5  0002A5
weather_dev@settings                                 cstackBANK5  0002A0
weather_is_measurement_done@dev                      cstackBANK1  0000DE
weather_is_measurement_done@status_reg               cstackBANK1  0000DF
weather_read@comp_data                               cstackBANK3  0001C6
weather_read@dev                                     cstackBANK3  0001C5
weather_read@rslt                                    cstackBANK3  0001C4
write_power_mode@dev                                 cstackBANK2  000167
write_power_mode@reg_addr                            cstackBANK1  0000E0
write_power_mode@rslt                                cstackBANK1  0000DF
write_power_mode@sensor_mode                         cstackBANK1  0000DE
write_power_mode@sensor_mode_reg_val                 cstackBANK1  0000E1
wtemp0                                               (abs)        00007E


MODULE INFORMATION

Module		Function		Class		Link	Load	Size
C:\Program Files\Microchip\xc8\v2.41\pic\sources\c99\common\__fpclassifyf.c
		___fpclassifyf 		CODE           	2A66	0000	127

C:\Program Files\Microchip\xc8\v2.41\pic\sources\c99\common\__fpclassifyf.c estimated size: 127

C:\Program Files\Microchip\xc8\v2.41\pic\sources\c99\common\awmod.c
		___awmod       		CODE           	34B9	0000	84

C:\Program Files\Microchip\xc8\v2.41\pic\sources\c99\common\awmod.c estimated size: 84

C:\Program Files\Microchip\xc8\v2.41\pic\sources\c99\common\floorf.c
		_floorf        		CODE           	20CE	0000	250

C:\Program Files\Microchip\xc8\v2.41\pic\sources\c99\common\floorf.c estimated size: 250

C:\Program Files\Microchip\xc8\v2.41\pic\sources\c99\common\roundf.c
		_roundf        		CODE           	114D	0000	696

C:\Program Files\Microchip\xc8\v2.41\pic\sources\c99\common\roundf.c estimated size: 696

C:\Program Files\Microchip\xc8\v2.41\pic\sources\c99\common\flge.c
		___flge        		CODE           	2B65	0000	139

C:\Program Files\Microchip\xc8\v2.41\pic\sources\c99\common\flge.c estimated size: 139

C:\Program Files\Microchip\xc8\v2.41\pic\sources\c99\common\Umul8_16.c
		__Umul8_16     		CODE           	3E50	0000	36

C:\Program Files\Microchip\xc8\v2.41\pic\sources\c99\common\Umul8_16.c estimated size: 36

weather.c
		_bme280_i2c_read		CODE           	311C	0000	62
		_bme280_delay_us		CODE           	3C80	0000	10
		_bme280_i2c_write		CODE           	3794	0000	108
		_weather_dev   		CODE           	337A	0000	74
		_weather_read  		CODE           	3466	0000	83
		_weather_init  		CODE           	3C30	0000	6
		_weather_is_measurement_done		CODE           	3E2F	0000	33

weather.c estimated size: 376

C:\Program Files\Microchip\xc8\v2.41\pic\sources\c99\common\fltol.c
		___fltol       		CODE           	282B	0000	113

C:\Program Files\Microchip\xc8\v2.41\pic\sources\c99\common\fltol.c estimated size: 113

C:\Program Files\Microchip\xc8\v2.41\pic\sources\c99\common\xxtofl.c
		___xxtofl      		CODE           	2E67	0000	171

C:\Program Files\Microchip\xc8\v2.41\pic\sources\c99\common\xxtofl.c estimated size: 171

C:\Program Files\Microchip\xc8\v2.41\pic\sources\c99\common\strlen.c
		_strlen        		CODE           	3D30	0000	26

C:\Program Files\Microchip\xc8\v2.41\pic\sources\c99\common\strlen.c estimated size: 26

C:\Program Files\Microchip\xc8\v2.41\pic\sources\c99\common\nf_fputc.c
		_fputc         		CODE           	3413	0000	83

C:\Program Files\Microchip\xc8\v2.41\pic\sources\c99\common\nf_fputc.c estimated size: 83

C:\Program Files\Microchip\xc8\v2.41\pic\sources\c99\common\strcmp.c
		_strcmp        		CODE           	3018	0000	50

C:\Program Files\Microchip\xc8\v2.41\pic\sources\c99\common\strcmp.c estimated size: 50

C:\Program Files\Microchip\xc8\v2.41\pic\sources\c99\common\strcpy.c
		_strcpy        		CODE           	3DEF	0000	32

C:\Program Files\Microchip\xc8\v2.41\pic\sources\c99\common\strcpy.c estimated size: 32

C:\Program Files\Microchip\xc8\v2.41\pic\sources\c99\common\nf_sprintf.c
		_sprintf       		CODE           	3E0F	0000	32

C:\Program Files\Microchip\xc8\v2.41\pic\sources\c99\common\nf_sprintf.c estimated size: 32

bme280.c
		_compensate_temperature		CODE           	1D4E	0000	690
		_bme280_get_sensor_data		CODE           	35C1	0000	92
		_fill_filter_settings		CODE           	3D64	0000	27
		_parse_device_settings		CODE           	297F	0000	115
		_compensate_humidity		CODE           	1405	0000	1019
		_fill_osr_temp_settings		CODE           	3D9A	0000	27
		_fill_standby_settings		CODE           	3D7F	0000	27
		_bme280_get_regs		CODE           	289C	0000	113
		_bme280_set_regs		CODE           	0892	0000	306
		_reload_device_settings		CODE           	3EE9	0000	45
		_fill_osr_press_settings		CODE           	3D4A	0000	26
		_bme280_get_sensor_mode		CODE           	3F44	0000	46
		_bme280_set_sensor_mode		CODE           	30E5	0000	55
		_put_device_to_sleep		CODE           	3332	0000	72
		_compensate_pressure		CODE           	09C4	0000	1596
		_set_filter_standby_settings		CODE           	367A	0000	93
		_get_calib_data		CODE           	3567	0000	90
		_write_power_mode		CODE           	32EB	0000	71
		_set_osr_press_temp_settings		CODE           	36D7	0000	93
		_parse_sensor_data		CODE           	1023	0000	298
		_set_osr_humidity_settings		CODE           	079A	0000	101
		_parse_humidity_calib_data		CODE           	2C89	0000	156
		_bme280_init   		CODE           	32A4	0000	71
		_null_ptr_check		CODE           	3F16	0000	46
		_interleave_reg_addr		CODE           	321D	0000	67
		_bme280_get_sensor_settings		CODE           	304A	0000	50
		_bme280_set_sensor_settings		CODE           	29F2	0000	116
		_are_settings_changed		CODE           	1800	0000	14
		_bme280_compensate_data		CODE           	0803	0000	143
		_set_osr_settings		CODE           	3F72	0000	46
		_parse_temp_press_calib_data		CODE           	21C8	0000	267
		_bme280_soft_reset		CODE           	290D	0000	114

bme280.c estimated size: 6092

C:\Program Files\Microchip\xc8\v2.41\pic\sources\c99\common\sprcadd.c
		___flsub       		CODE           	30AF	0000	54
		___fladd       		CODE           	25F8	0000	520

C:\Program Files\Microchip\xc8\v2.41\pic\sources\c99\common\sprcadd.c estimated size: 574

mcc_generated_files/system/src/interrupt.c
		_INT_SetInterruptHandler		CODE           	2000	0000	9
		_INTERRUPT_Initialize		CODE           	3C8A	0000	12
		_INTERRUPT_InterruptManager		CODE           	0004	0000	45

mcc_generated_files/system/src/interrupt.c estimated size: 66

C:\Program Files\Microchip\xc8\v2.41\pic\sources\c99\common\awdiv.c
		___awdiv       		CODE           	3734	0000	96

C:\Program Files\Microchip\xc8\v2.41\pic\sources\c99\common\awdiv.c estimated size: 96

C:\Program Files\Microchip\xc8\v2.41\pic\sources\c99\common\abs.c
		_abs           		CODE           	3DB5	0000	28

C:\Program Files\Microchip\xc8\v2.41\pic\sources\c99\common\abs.c estimated size: 28

C:\Program Files\Microchip\xc8\v2.41\pic\sources\c99\common\doprnt.c
		_vfpfcnvrt     		CODE           	18E4	0000	559
		_efgtoa        		CODE           	22D3	0000	2097
		_pad           		CODE           	3260	0000	68
		_dtoa          		CODE           	2009	0000	197
		_vfprintf      		CODE           	307C	0000	51
		_stoa          		CODE           	2DC4	0000	163

C:\Program Files\Microchip\xc8\v2.41\pic\sources\c99\common\doprnt.c estimated size: 3135

C:\Program Files\Microchip\xc8\v2.41\pic\sources\c99\common\flneg.c
		___flneg       		CODE           	3C96	0000	12

C:\Program Files\Microchip\xc8\v2.41\pic\sources\c99\common\flneg.c estimated size: 12

C:\Program Files\Microchip\xc8\v2.41\pic\sources\c99\common\fleq.c
		___fleq        		CODE           	33C4	0000	79

C:\Program Files\Microchip\xc8\v2.41\pic\sources\c99\common\fleq.c estimated size: 79

mcc_generated_files/system/src/pins.c
		_PIN_MANAGER_Initialize		CODE           	350D	0000	90
		_PIN_MANAGER_IOC		CODE           	3BC6	0000	1

mcc_generated_files/system/src/pins.c estimated size: 91

shared
		__initialization		CODE           	0033	0000	83
		_UART1         		STRCODE        	0000	0000	0
		_I2C2_Host     		STRCODE        	0000	0000	0
		_toint         		STRCODE        	0000	0000	0
		_i2c2_eventTable		STRCODE        	385F	0000	18

shared estimated size: 101

C:\Program Files\Microchip\xc8\v2.41\pic\sources\c99\common\memcpy.c
		_memcpy        		CODE           	2803	0000	40

C:\Program Files\Microchip\xc8\v2.41\pic\sources\c99\common\memcpy.c estimated size: 40

rylr998.c
		_rylr998_read  		CODE           	2D25	0000	159
		_rylr998_send  		CODE           	2F12	0000	238
		_rylr998_init  		CODE           	3CA2	0000	13
		_rylr998_write 		CODE           	2AE5	0000	128

rylr998.c estimated size: 538

C:\Program Files\Microchip\xc8\v2.41\pic\sources\c99\common\putch.c
		_putch         		CODE           	3000	0000	1

C:\Program Files\Microchip\xc8\v2.41\pic\sources\c99\common\putch.c estimated size: 1

C:\Program Files\Microchip\xc8\v2.41\pic\sources\c99\common\nf_fputs.c
		_fputs         		CODE           	3E98	0000	37

C:\Program Files\Microchip\xc8\v2.41\pic\sources\c99\common\nf_fputs.c estimated size: 37

mcc_generated_files/system/src/clock.c
		_CLOCK_Initialize		CODE           	3C76	0000	10

mcc_generated_files/system/src/clock.c estimated size: 10

mcc_generated_files/i2c_host/src/mssp2.c
		_I2C2_DefaultCallback		CODE           	3BC5	0000	1
		_I2C2_WriteRead		CODE           	315A	0000	63
		_I2C2_StartSend		CODE           	0800	0000	3
		_I2C2_EVENT_SEND_WR_ADDR		CODE           	3C42	0000	7
		_I2C2_NackSend 		CODE           	3BF3	0000	4
		_I2C2_ErrorEventHandler		CODE           	1000	0000	35
		_I2C2_CallbackRegister		CODE           	3CDA	0000	15
		_I2C2_EVENT_RESET		CODE           	3C49	0000	7
		_I2C2_EVENT_ERROR		CODE           	3C24	0000	6
		_I2C2_ErrorInterruptClear		CODE           	3BC8	0000	3
		_I2C2_StatusFlagsClear		CODE           	3BE7	0000	4
		_I2C2_InterruptsEnable		CODE           	3C03	0000	4
		_I2C2_InterruptClear		CODE           	3BCB	0000	3
		_I2C2_WriteStart		CODE           	3C57	0000	7
		_I2C2_EVENT_RX 		CODE           	3199	0000	65
		_I2C2_EVENT_TX 		CODE           	3FA0	0000	47
		_I2C2_ReceiveEnable		CODE           	3BD4	0000	3
		_I2C2_RestartEnable		CODE           	3BDA	0000	3
		_I2C2_ISR      		CODE           	3BFF	0000	4
		_I2C2_EventHandler		CODE           	31DA	0000	67
		_I2C2_DataReceive		CODE           	3BD1	0000	3
		_I2C2_IsData   		CODE           	3C14	0000	5
		_I2C2_IsNack   		CODE           	3C2A	0000	6
		_I2C2_IsAddr   		CODE           	3C50	0000	7
		_I2C2_IsBusy   		CODE           	3D08	0000	19
		_I2C2_EVENT_IDLE		CODE           	3BF7	0000	4
		_I2C2_EVENT_NACK		CODE           	3C1E	0000	6
		_I2C2_EVENT_SEND_RD_ADDR		CODE           	3C5E	0000	8
		_I2C2_EVENT_STOP		CODE           	3C66	0000	8
		_I2C2_BusReset 		CODE           	3BE3	0000	4
		_I2C2_Initialize		CODE           	3001	0000	23
		_I2C2_Close    		CODE           	3D1B	0000	21
		_I2C2_ERROR_ISR		CODE           	3BFB	0000	4
		_I2C2_IsRxBufFull		CODE           	3BEF	0000	4
		_I2C2_Write    		CODE           	3FCF	0000	49
		_I2C2_StopSend 		CODE           	3BCE	0000	3
		_I2C2_RestartDisable		CODE           	3BD7	0000	3
		_I2C2_DataTransmit		CODE           	3C0F	0000	5
		_I2C2_AckSend  		CODE           	3BEB	0000	4

mcc_generated_files/i2c_host/src/mssp2.c estimated size: 537

C:\Program Files\Microchip\xc8\v2.41\pic\sources\c99\common\labs.c
		_labs          		CODE           	3E74	0000	36

C:\Program Files\Microchip\xc8\v2.41\pic\sources\c99\common\labs.c estimated size: 36

main.c
		_main          		CODE           	180E	0000	214

main.c estimated size: 214

C:\Program Files\Microchip\xc8\v2.41\pic\sources\c99\common\strncmp.c
		_strncmp       		CODE           	361D	0000	93

C:\Program Files\Microchip\xc8\v2.41\pic\sources\c99\common\strncmp.c estimated size: 93

mcc_generated_files/uart/src/eusart1.c
		_EUSART1_Initialize		CODE           	3DD1	0000	30
		_EUSART1_DefaultFramingErrorCallback		CODE           	3BC7	0000	1
		_EUSART1_Read  		CODE           	3EBD	0000	44
		_EUSART1_ReceiveEnable		CODE           	3BE0	0000	3
		_EUSART1_IsTxDone		CODE           	3C0B	0000	4
		_EUSART1_Write 		CODE           	3C19	0000	5
		_EUSART1_TransmitEnable		CODE           	2800	0000	3
		_EUSART1_Enable		CODE           	3BDD	0000	3
		_EUSART1_FramingErrorCallbackRegister		CODE           	3CBC	0000	15
		_EUSART1_IsRxReady		CODE           	3C6E	0000	8
		_EUSART1_OverrunErrorCallbackRegister		CODE           	3CCB	0000	15
		_EUSART1_DefaultOverrunErrorCallback		CODE           	3C07	0000	4

mcc_generated_files/uart/src/eusart1.c estimated size: 135

C:\Program Files\Microchip\xc8\v2.41\pic\sources\c99\common\sprcmul.c
		___flmul       		CODE           	1B13	0000	571

C:\Program Files\Microchip\xc8\v2.41\pic\sources\c99\common\sprcmul.c estimated size: 571

C:\Program Files\Microchip\xc8\v2.41\pic\sources\c99\common\printf.c
		_printf        		CODE           	3CE9	0000	15

C:\Program Files\Microchip\xc8\v2.41\pic\sources\c99\common\printf.c estimated size: 15

mcc_generated_files/system/src/system.c
		_SYSTEM_Initialize		CODE           	3CF8	0000	16

mcc_generated_files/system/src/system.c estimated size: 16

C:\Program Files\Microchip\xc8\v2.41\pic\sources\c99\common\sprcdiv.c
		___fldiv       		CODE           	23F4	0000	516

C:\Program Files\Microchip\xc8\v2.41\pic\sources\c99\common\sprcdiv.c estimated size: 516

C:\Program Files\Microchip\xc8\v2.41\pic\sources\c99\common\nf_snprintf.c
		_snprintf      		CODE           	2BF0	0000	153

C:\Program Files\Microchip\xc8\v2.41\pic\sources\c99\common\nf_snprintf.c estimated size: 153

