Microchip MPLAB XC8 Compiler V2.41

Linker command line:

-W-3 \
  --edf=C:/Program Files/Microchip/MPLABX/v6.10/packs/Microchip/PIC16F1xxxx_DFP/1.18.352/xc8\pic\dat\20230322162823_en.msgs \
  -cn -h+dist/default/debug\Third.X.debug.sym \
  --cmf=dist/default/debug\Third.X.debug.cmf -z -Q16F18076 \
  -oC:\Users\zmiller\AppData\Local\Temp\xcAs12qo.\driver_tmp_3.o \
  --defsym=__MPLAB_BUILD=1 --fixupoverflow=error \
  -Mdist/default/debug/Third.X.debug.map \
  --md=C:\Users\zmiller\AppData\Local\Temp\xcAs12qo.\driver_tmp_0.dat -E1 \
  -ver=XC8 Compiler --acfsm=1493 -AHEAP=02352h-027EFh -pheap=HEAP \
  -ACODE=00h-07FFhx8 -ASTRCODE=00h-03FFFh -ASTRING=00h-0FFhx64 \
  -ACONST=00h-0FFhx64 -AENTRY=00h-0FFhx64 -ACOMMON=070h-07Fh \
  -ABANK0=020h-06Fh -ABANK1=0A0h-0EFh -ABANK2=0120h-016Fh \
  -ABANK3=01A0h-01EFh -ABANK4=0220h-026Fh -ABANK5=02A0h-02EFh \
  -ABANK6=0320h-036Fh -ABANK7=03A0h-03EFh -ABANK8=0420h-046Fh \
  -ABANK9=04A0h-04EFh -ABANK10=0520h-056Fh -ABANK11=05A0h-05EFh \
  -ABANK12=0620h-066Fh -ABANK13=06A0h-06EFh -ABANK14=0720h-076Fh \
  -ABANK15=07A0h-07EFh -ABANK16=0820h-086Fh -ABANK17=08A0h-08EFh \
  -ABANK18=0920h-096Fh -ABANK19=09A0h-09EFh -ABANK20=0A20h-0A6Fh \
  -ABANK21=0AA0h-0AEFh -ABANK22=0B20h-0B6Fh -ABANK23=0BA0h-0BEFh \
  -ABANK24=0C20h-0C6Fh -ABANK25=0CA0h-0CBFh -ABIGRAM=02000h-027EFh \
  -ARAM=020h-06Fh,0A0h-0EFh,0120h-016Fh,01A0h-01EFh,0220h-026Fh,02A0h-02EFh,0320h-036Fh,03A0h-03EFh,0420h-046Fh,04A0h-04EFh,0520h-056Fh,05A0h-05EFh,0620h-066Fh,06A0h-06EFh,0720h-076Fh,07A0h-07EFh,0820h-086Fh,08A0h-08EFh,0920h-096Fh,09A0h-09EFh,0A20h-0A6Fh,0AA0h-0AEFh,0B20h-0B6Fh,0BA0h-0BEFh,0C20h-0C6Fh,0CA0h-0CBFh \
  -AABS1=020h-07Fh,0A0h-0EFh,0120h-016Fh,01A0h-01EFh,0220h-026Fh,02A0h-02EFh,0320h-036Fh,03A0h-03EFh,0420h-046Fh,04A0h-04EFh,0520h-056Fh,05A0h-05EFh,0620h-066Fh,06A0h-06EFh,0720h-076Fh,07A0h-07EFh,0820h-086Fh,08A0h-08EFh,0920h-096Fh,09A0h-09EFh,0A20h-0A6Fh,0AA0h-0AEFh,0B20h-0B6Fh,0BA0h-0BEFh,0C20h-0C6Fh,0CA0h-0CBFh \
  -ASFR0=00h-01Fh -ASFR1=080h-09Fh -ASFR2=0100h-011Fh -ASFR3=0180h-019Fh \
  -ASFR4=0200h-021Fh -ASFR5=0280h-029Fh -ASFR6=0300h-031Fh \
  -ASFR7=0380h-039Fh -ASFR8=0400h-041Fh -ASFR9=0480h-049Fh \
  -ASFR10=0500h-051Fh -ASFR11=0580h-059Fh -ASFR12=0600h-061Fh \
  -ASFR13=0680h-069Fh -ASFR14=0700h-071Fh -ASFR15=0780h-079Fh \
  -ASFR16=0800h-081Fh -ASFR17=0880h-089Fh -ASFR18=0900h-091Fh \
  -ASFR19=0980h-099Fh -ASFR20=0A00h-0A1Fh -ASFR21=0A80h-0A9Fh \
  -ASFR22=0B00h-0B1Fh -ASFR23=0B80h-0B9Fh -ASFR24=0C00h-0C1Fh \
  -ASFR25=0C80h-0C9Fh -ASFR26=0D00h-0D6Fh -ASFR27=0D80h-0DEFh \
  -ASFR28=0E00h-0E6Fh -ASFR29=0E80h-0EEFh -ASFR30=0F00h-0F6Fh \
  -ASFR31=0F80h-0FEFh -ASFR32=01000h-0106Fh -ASFR33=01080h-010EFh \
  -ASFR34=01100h-0116Fh -ASFR35=01180h-011EFh -ASFR36=01200h-0126Fh \
  -ASFR37=01280h-012EFh -ASFR38=01300h-0136Fh -ASFR39=01380h-013EFh \
  -ASFR40=01400h-0146Fh -ASFR41=01480h-014EFh -ASFR42=01500h-0156Fh \
  -ASFR43=01580h-015EFh -ASFR44=01600h-0166Fh -ASFR45=01680h-016EFh \
  -ASFR46=01700h-0176Fh -ASFR47=01780h-017EFh -ASFR48=01800h-0186Fh \
  -ASFR49=01880h-018EFh -ASFR50=01900h-0196Fh -ASFR51=01980h-019EFh \
  -ASFR52=01A00h-01A6Fh -ASFR53=01A80h-01AEFh -ASFR54=01B00h-01B6Fh \
  -ASFR55=01B80h-01BEFh -ASFR56=01C00h-01C6Fh -ASFR57=01C80h-01CEFh \
  -ASFR58=01D00h-01D6Fh -ASFR59=01D80h-01DEFh -ASFR60=01E00h-01E6Fh \
  -ASFR61=01E80h-01EEFh -ASFR62=01F00h-01F6Fh -ASFR63=01F80h-01FEFh \
  -ACONFIG=08007h-0800Bh -DCONFIG=2 -AIDLOC=08000h-08003h -DIDLOC=2 \
  -AEEDATA=00h-0FFh/0F000h -peeprom_data=EEDATA -DEEDATA=2 -DCODE=2 \
  -DSTRCODE=2 -DSTRING=2 -DCONST=2 -DENTRY=2 \
  -preset_vec=00h,intentry=04h,init,end_init -ppowerup=CODE -pcinit=CODE \
  -pfunctab=ENTRY -k \
  C:\Users\zmiller\AppData\Local\Temp\xcAs12qo.\driver_tmp_20.o \
  dist/default/debug\Third.X.debug.o 

Object code version is 3.11

Machine type is 16F18076



                Name                               Link     Load   Length Selector   Space Scale
C:\Users\zmiller\AppData\Local\Temp\xcAs12qo.\driver_tmp_20.o
                heap                               2352     2352      49E     2352       7
                end_init                             31       31        2        8       0
                reset_vec                             0        0        2        0       0
                config                             8007     8007        5        0       4
dist/default/debug\Third.X.debug.o
                cinit                                33       33       6B        8       0
                intentry                              4        4       2D        8       0
                text65_split_1                       9E       9E      710        8       0
                config                             8007     8007        5        0       4
                text136                             800      800        1        8       0
                text135                            3AEE     3AEE        4     75DC       0
                text134                            3ACA     3ACA        3     7594       0
                text133                            3ACD     3ACD        3     759A       0
                text132                            3AF2     3AF2        4     75E4       0
                text131                            3074     3074       14     60E8       0
                text130                            3AD0     3AD0        3     75A0       0
                text129                            3AF6     3AF6        4     75EC       0
                text128                            3AD3     3AD3        3     75A6       0
                text127                            3AFA     3AFA        4     75F4       0
                text126                            3AFE     3AFE        4     75FC       0
                text125                            3AD6     3AD6        3     75AC       0
                text124                            3AD9     3AD9        3     75B2       0
                text123                            3B16     3B16        5     762C       0
                text122                            3ADC     3ADC        3     75B8       0
                text121                            3EDD     3EDD       2F     7DBA       0
                text120                            3B02     3B02        4     7604       0
                text119                            3B6C     3B6C        8     76D8       0
                text118                            3B49     3B49        7     7692       0
                text117                            30C1     30C1       3A     6182       0
                text116                            3B25     3B25        6     764A       0
                text115                            3B2B     3B2B        6     7656       0
                text114                            3B74     3B74        8     76E8       0
                text113                            3B50     3B50        7     76A0       0
                text112                            3D52     3D52       23     7AA4       0
                text111                            3B06     3B06        4     760C       0
                text110                            3B57     3B57        7     76AE       0
                text109                            3B1B     3B1B        5     7636       0
                text108                            3B31     3B31        6     7662       0
                text107                            31B5     31B5       43     636A       0
                text106                            3B0A     3B0A        4     7614       0
                text105                             801      801        1     1002       0
                text103                            3B8D     3B8D        A     771A       0
                text102                            3BC7     3BC7        F     778E       0
                text101                            3BD6     3BD6        F     77AC       0
                text100                            3CF4     3CF4       1E     79E8       0
                text99                             3BE5     3BE5        F     77CA       0
                text98                             3B0E     3B0E        4     761C       0
                text97                             3C18     3C18       17     7830       0
                text96                             3B84     3B84        9     7708       0
                text95                             3BA1     3BA1        C     7742       0
                text94                             35A5     35A5       5A     6B4A       0
                text93                             1800     1800       10     2744       0
                text92                             3C05     3C05       13     780A       0
                text91                             3ADF     3ADF        3     75BE       0
                text90                             3B5E     3B5E        7     76BC       0
                text89                             30FB     30FB       3B     61F6       0
                text88                             2804     2804       60     5008       0
                text87                             339D     339D       54     673A       0
                text86                             3C49     3C49       1C     7892       0
                text85                                2        2        1        0       0
                text84                             34F3     34F3       59     69E6       0
                text83                             3DE0     3DE0       25     7BC0       0
                text82                             3C2F     3C2F       1A     785E       0
                text81                             323B     323B       44     6476       0
                text80                             1810     1810       C5     3020       0
                text79                             244E     244E      1AA     489C       0
                text78                             334E     334E       4F     669C       0
                text77                             2AB5     2AB5       8B     556A       0
                text76                             3D98     3D98       24     7B30       0
                text75                             18D5     18D5      23B     31AA       0
                text74                             3BAD     3BAD        C     775A       0
                text73                             25F8     25F8      208     4BF0       0
                text72                             3D12     3D12       20     7A24       0
                text71                             2864     2864       71     50C8       0
                text70                             2A36     2A36       7F     546C       0
                text69                             2F06     2F06       FA     5E0C       0
                text68                             3DBC     3DBC       24     7B78       0
                text67                             3E05     3E05       28     7C0A       0
                text66                             3D32     3D32       20     7A64       0
                text65                             2203     2203      121     4406       0
                text64                             2DA6     2DA6       A3     5B4C       0
                text63                             35FF     35FF       5D     6BFE       0
                text62                             1B10     1B10      24C     3620       0
                text61                             3FCD     3FCD       33     7F9A       0
                text60                             3BF4     3BF4       11     77E8       0
                text59                             3088     3088       39     6110       0
                text58                             3EAF     3EAF       2E     7D5E       0
                text57                             28D5     28D5       74     51AA       0
                text56                             29BE     29BE       78     537C       0
                text55                             3F0C     3F0C       2F     7E18       0
                text54                             3B97     3B97        A     772E       0
                text53                             3F3B     3F3B       30     7E76       0
                text52                             36BB     36BB       6A     6D76       0
                text51                             32C3     32C3       45     6586       0
                text50                              827      827      136     104E       0
                text49                             3790     3790       70     6F20       0
                text48                             2BD2     2BD2       9C     57A4       0
                text47                             20F8     20F8      10B     41F0       0
                text46                              7AE      7AE       52        8       0
                text45                             3174     3174       41     62E8       0
                text44                             327F     327F       44     64FE       0
                text43                             3E2D     3E2D       2B     7C5A       0
                text42                             3C9D     3C9D       1D     793A       0
                text41                             3CBA     3CBA       1D     7974       0
                text40                             3445     3445       57     688A       0
                text39                             365C     365C       5F     6CB8       0
                text38                             3C65     3C65       1C     78CA       0
                text37                             3CD7     3CD7       1D     79AE       0
                text36                             349C     349C       57     6938       0
                text35                             3E58     3E58       2B     7CB0       0
                text34                              802      802       25     1004       0
                text33                             3136     3136       3E     626C       0
                text32                             31F8     31F8       43     63F0       0
                text31                             3F6B     3F6B       30     7ED6       0
                text30                             3BB9     3BB9        E     7772       0
                text29                             3725     3725       6B     6E4A       0
                text28                             3308     3308       46     6610       0
                text27                             100D     100D       AB     201A       0
                text26                             13A2     13A2      45E     2744       0
                text25                              95D      95D      6A3     12BA       0
                text24                             10B8     10B8      2EA     2170       0
                text23                             2B40     2B40       92     5680       0
                text22                             2324     2324      12A     4648       0
                text21                             354C     354C       59     6A98       0
                text20                             3C81     3C81       1C     7902       0
                text19                             33F1     33F1       54     67E2       0
                text18                             3B7C     3B7C        8     76F8       0
                text17                                3        3        1        6       0
                text16                             3B12     3B12        4     7624       0
                text15                             3E83     3E83       2C     7D06       0
                text14                             3F9B     3F9B       32     7F36       0
                text13                             2C6E     2C6E       9C     58DC       0
                text12                             1D5C     1D5C      2A4     3AB8       0
                text11                             2D0A     2D0A       9C     5A14       0
                text10                             3D75     3D75       23     7AEA       0
                text9                              2800     2800        4     4BF0       0
                text8                              3B20     3B20        5     7640       0
                text7                              2949     2949       75     5292       0
                text6                              2006     2006       F2     400C       0
                text5                              3B37     3B37        6     766E       0
                text4                              3AE2     3AE2        3     75C4       0
                text3                              3AE5     3AE5        3     75CA       0
                text2                              3AE8     3AE8        3     75D0       0
                text1                              1000     1000        D     12BA       0
                maintext                           2E49     2E49       BD     5C92       0
                cstackBANK0                          20       20       50       20       1
                cstackCOMMON                         70       70        6       70       1
                cstackBANK1                          A0       A0       4E       A0       1
                cstackBANK2                         120      120       50      120       1
                cstackBANK3                         1A0      1A0       3F      1A0       1
                cstackBANK4                         220      220       47      220       1
                cstackBANK5                         2A0      2A0       37      2A0       1
                cstackBANK6                         320      320       3C      320       1
                clrtext                            3B3D     3B3D        6     767A       0
                inittext                           3B43     3B43        6     7686       0
                bssBANK10                           520      520       32      520       1
                bssBANK9                            4A0      4A0       32      4A0       1
                bssBANK8                            420      420       50      420       1
                bssBANK7                            3A0      3A0       50      3A0       1
                dataBANK6                           368      368        7      320       1
                bssBANK6                            35C      35C        C      320       1
                dataBANK5                           2E9      2E9        6      2A0       1
                bssBANK5                            2D7      2D7       12      2A0       1
                bssBANK4                            267      267        8      220       1
                bssBANK3                            1DF      1DF       11      1A0       1
                dataCOMMON                           79       79        3       70       1
                bssCOMMON                            76       76        3       70       1
                stringtext23                       3A3E     3A3E        3     7000       0
                stringtext22                       3A3A     3A3A        4     7000       0
                stringtext21                       3A36     3A36        4     7000       0
                stringtext20                       3A32     3A32        4     7000       0
                stringtext19                       3A2E     3A2E        4     7000       0
                stringtext18                       3A2A     3A2A        4     7000       0
                stringtext17                       3A24     3A24        6     7000       0
                stringtext16                       3A1D     3A1D        7     7000       0
                stringtext15                       3A14     3A14        9     7000       0
                stringtext14                       3A0B     3A0B        9     7000       0
                stringtext13                       39FF     39FF        C     7000       0
                stringtext12                       39F0     39F0        F     7000       0
                stringtext11                       39B3     39B3       17     7000       0
                stringtext10                       3992     3992       21     7000       0
                stringtext9                        3970     3970       22     7000       0
                stringtext8                        3946     3946       2A     7000       0
                stringtext7                        38C0     38C0       56     7000       0
                stringtext6                        3863     3863       5D     7000       0
                stringtext5                        3800     3800       63     7000       0
                stringtext4                        3000     3000       74     6000       0
                stringtext3                        39DE     39DE       12     7000       0
                stringtext2                        39CA     39CA       14     7000       0
                stringtext1                        3916     3916       30     7000       0
                idataBANK6                         3B65     3B65        7     76CA       0
                idataBANK5                         2000     2000        6     3AB8       0
                idataCOMMON                        3AEB     3AEB        3     75D6       0

TOTAL           Name                               Link     Load   Length     Space
        CLASS   HEAP           
                heap                               2352     2352      49E         7

        CLASS   CODE           
                end_init                             31       31        2         0
                cinit                                33       33       6B         0
                intentry                              4        4       2D         0
                reset_vec                             0        0        2         0
                text65_split_1                       9E       9E      710         0
                text136                             800      800        1         0
                text135                            3AEE     3AEE        4         0
                text134                            3ACA     3ACA        3         0
                text133                            3ACD     3ACD        3         0
                text132                            3AF2     3AF2        4         0
                text131                            3074     3074       14         0
                text130                            3AD0     3AD0        3         0
                text129                            3AF6     3AF6        4         0
                text128                            3AD3     3AD3        3         0
                text127                            3AFA     3AFA        4         0
                text126                            3AFE     3AFE        4         0
                text125                            3AD6     3AD6        3         0
                text124                            3AD9     3AD9        3         0
                text123                            3B16     3B16        5         0
                text122                            3ADC     3ADC        3         0
                text121                            3EDD     3EDD       2F         0
                text120                            3B02     3B02        4         0
                text119                            3B6C     3B6C        8         0
                text118                            3B49     3B49        7         0
                text117                            30C1     30C1       3A         0
                text116                            3B25     3B25        6         0
                text115                            3B2B     3B2B        6         0
                text114                            3B74     3B74        8         0
                text113                            3B50     3B50        7         0
                text112                            3D52     3D52       23         0
                text111                            3B06     3B06        4         0
                text110                            3B57     3B57        7         0
                text109                            3B1B     3B1B        5         0
                text108                            3B31     3B31        6         0
                text107                            31B5     31B5       43         0
                text106                            3B0A     3B0A        4         0
                text105                             801      801        1         0
                text103                            3B8D     3B8D        A         0
                text102                            3BC7     3BC7        F         0
                text101                            3BD6     3BD6        F         0
                text100                            3CF4     3CF4       1E         0
                text99                             3BE5     3BE5        F         0
                text98                             3B0E     3B0E        4         0
                text97                             3C18     3C18       17         0
                text96                             3B84     3B84        9         0
                text95                             3BA1     3BA1        C         0
                text94                             35A5     35A5       5A         0
                text93                             1800     1800       10         0
                text92                             3C05     3C05       13         0
                text91                             3ADF     3ADF        3         0
                text90                             3B5E     3B5E        7         0
                text89                             30FB     30FB       3B         0
                text88                             2804     2804       60         0
                text87                             339D     339D       54         0
                text86                             3C49     3C49       1C         0
                text85                                2        2        1         0
                text84                             34F3     34F3       59         0
                text83                             3DE0     3DE0       25         0
                text82                             3C2F     3C2F       1A         0
                text81                             323B     323B       44         0
                text80                             1810     1810       C5         0
                text79                             244E     244E      1AA         0
                text78                             334E     334E       4F         0
                text77                             2AB5     2AB5       8B         0
                text76                             3D98     3D98       24         0
                text75                             18D5     18D5      23B         0
                text74                             3BAD     3BAD        C         0
                text73                             25F8     25F8      208         0
                text72                             3D12     3D12       20         0
                text71                             2864     2864       71         0
                text70                             2A36     2A36       7F         0
                text69                             2F06     2F06       FA         0
                text68                             3DBC     3DBC       24         0
                text67                             3E05     3E05       28         0
                text66                             3D32     3D32       20         0
                text65                             2203     2203      121         0
                text64                             2DA6     2DA6       A3         0
                text63                             35FF     35FF       5D         0
                text62                             1B10     1B10      24C         0
                text61                             3FCD     3FCD       33         0
                text60                             3BF4     3BF4       11         0
                text59                             3088     3088       39         0
                text58                             3EAF     3EAF       2E         0
                text57                             28D5     28D5       74         0
                text56                             29BE     29BE       78         0
                text55                             3F0C     3F0C       2F         0
                text54                             3B97     3B97        A         0
                text53                             3F3B     3F3B       30         0
                text52                             36BB     36BB       6A         0
                text51                             32C3     32C3       45         0
                text50                              827      827      136         0
                text49                             3790     3790       70         0
                text48                             2BD2     2BD2       9C         0
                text47                             20F8     20F8      10B         0
                text46                              7AE      7AE       52         0
                text45                             3174     3174       41         0
                text44                             327F     327F       44         0
                text43                             3E2D     3E2D       2B         0
                text42                             3C9D     3C9D       1D         0
                text41                             3CBA     3CBA       1D         0
                text40                             3445     3445       57         0
                text39                             365C     365C       5F         0
                text38                             3C65     3C65       1C         0
                text37                             3CD7     3CD7       1D         0
                text36                             349C     349C       57         0
                text35                             3E58     3E58       2B         0
                text34                              802      802       25         0
                text33                             3136     3136       3E         0
                text32                             31F8     31F8       43         0
                text31                             3F6B     3F6B       30         0
                text30                             3BB9     3BB9        E         0
                text29                             3725     3725       6B         0
                text28                             3308     3308       46         0
                text27                             100D     100D       AB         0
                text26                             13A2     13A2      45E         0
                text25                              95D      95D      6A3         0
                text24                             10B8     10B8      2EA         0
                text23                             2B40     2B40       92         0
                text22                             2324     2324      12A         0
                text21                             354C     354C       59         0
                text20                             3C81     3C81       1C         0
                text19                             33F1     33F1       54         0
                text18                             3B7C     3B7C        8         0
                text17                                3        3        1         0
                text16                             3B12     3B12        4         0
                text15                             3E83     3E83       2C         0
                text14                             3F9B     3F9B       32         0
                text13                             2C6E     2C6E       9C         0
                text12                             1D5C     1D5C      2A4         0
                text11                             2D0A     2D0A       9C         0
                text10                             3D75     3D75       23         0
                text9                              2800     2800        4         0
                text8                              3B20     3B20        5         0
                text7                              2949     2949       75         0
                text6                              2006     2006       F2         0
                text5                              3B37     3B37        6         0
                text4                              3AE2     3AE2        3         0
                text3                              3AE5     3AE5        3         0
                text2                              3AE8     3AE8        3         0
                text1                              1000     1000        D         0
                maintext                           2E49     2E49       BD         0
                clrtext                            3B3D     3B3D        6         0
                inittext                           3B43     3B43        6         0
                idataBANK6                         3B65     3B65        7         0
                idataBANK5                         2000     2000        6         0
                idataCOMMON                        3AEB     3AEB        3         0

        CLASS   STRCODE        
                stringtext23                       3A3E     3A3E        3         0
                stringtext22                       3A3A     3A3A        4         0
                stringtext21                       3A36     3A36        4         0
                stringtext20                       3A32     3A32        4         0
                stringtext19                       3A2E     3A2E        4         0
                stringtext18                       3A2A     3A2A        4         0
                stringtext17                       3A24     3A24        6         0
                stringtext16                       3A1D     3A1D        7         0
                stringtext15                       3A14     3A14        9         0
                stringtext14                       3A0B     3A0B        9         0
                stringtext13                       39FF     39FF        C         0
                stringtext12                       39F0     39F0        F         0
                stringtext11                       39B3     39B3       17         0
                stringtext10                       3992     3992       21         0
                stringtext9                        3970     3970       22         0
                stringtext8                        3946     3946       2A         0
                stringtext7                        38C0     38C0       56         0
                stringtext6                        3863     3863       5D         0
                stringtext5                        3800     3800       63         0
                stringtext4                        3000     3000       74         0
                stringtext3                        39DE     39DE       12         0
                stringtext2                        39CA     39CA       14         0
                stringtext1                        3916     3916       30         0

        CLASS   STRING         

        CLASS   CONST          

        CLASS   ENTRY          

        CLASS   COMMON         
                cstackCOMMON                         70       70        6         1
                dataCOMMON                           79       79        3         1
                bssCOMMON                            76       76        3         1

        CLASS   BANK0          
                cstackBANK0                          20       20       50         1

        CLASS   BANK1          
                cstackBANK1                          A0       A0       4E         1

        CLASS   BANK2          
                cstackBANK2                         120      120       50         1

        CLASS   BANK3          
                cstackBANK3                         1A0      1A0       3F         1
                bssBANK3                            1DF      1DF       11         1

        CLASS   BANK4          
                cstackBANK4                         220      220       47         1
                bssBANK4                            267      267        8         1

        CLASS   BANK5          
                cstackBANK5                         2A0      2A0       37         1
                dataBANK5                           2E9      2E9        6         1
                bssBANK5                            2D7      2D7       12         1

        CLASS   BANK6          
                cstackBANK6                         320      320       3C         1
                dataBANK6                           368      368        7         1
                bssBANK6                            35C      35C        C         1

        CLASS   BANK7          
                bssBANK7                            3A0      3A0       50         1

        CLASS   BANK8          
                bssBANK8                            420      420       50         1

        CLASS   BANK9          
                bssBANK9                            4A0      4A0       32         1

        CLASS   BANK10         
                bssBANK10                           520      520       32         1

        CLASS   BANK11         

        CLASS   BANK12         

        CLASS   BANK13         

        CLASS   BANK14         

        CLASS   BANK15         

        CLASS   BANK16         

        CLASS   BANK17         

        CLASS   BANK18         

        CLASS   BANK19         

        CLASS   BANK20         

        CLASS   BANK21         

        CLASS   BANK22         

        CLASS   BANK23         

        CLASS   BANK24         

        CLASS   BANK25         

        CLASS   BIGRAM         

        CLASS   RAM            

        CLASS   ABS1           
                abs_s1                               7E       7E        2         1

        CLASS   SFR0           

        CLASS   SFR1           

        CLASS   SFR2           

        CLASS   SFR3           

        CLASS   SFR4           

        CLASS   SFR5           

        CLASS   SFR6           

        CLASS   SFR7           

        CLASS   SFR8           

        CLASS   SFR9           

        CLASS   SFR10          

        CLASS   SFR11          

        CLASS   SFR12          

        CLASS   SFR13          

        CLASS   SFR14          

        CLASS   SFR15          

        CLASS   SFR16          

        CLASS   SFR17          

        CLASS   SFR18          

        CLASS   SFR19          

        CLASS   SFR20          

        CLASS   SFR21          

        CLASS   SFR22          

        CLASS   SFR23          

        CLASS   SFR24          

        CLASS   SFR25          

        CLASS   SFR26          

        CLASS   SFR27          

        CLASS   SFR28          

        CLASS   SFR29          

        CLASS   SFR30          

        CLASS   SFR31          

        CLASS   SFR32          

        CLASS   SFR33          

        CLASS   SFR34          

        CLASS   SFR35          

        CLASS   SFR36          

        CLASS   SFR37          

        CLASS   SFR38          

        CLASS   SFR39          

        CLASS   SFR40          

        CLASS   SFR41          

        CLASS   SFR42          

        CLASS   SFR43          

        CLASS   SFR44          

        CLASS   SFR45          

        CLASS   SFR46          

        CLASS   SFR47          

        CLASS   SFR48          

        CLASS   SFR49          

        CLASS   SFR50          

        CLASS   SFR51          

        CLASS   SFR52          

        CLASS   SFR53          

        CLASS   SFR54          

        CLASS   SFR55          

        CLASS   SFR56          

        CLASS   SFR57          

        CLASS   SFR58          

        CLASS   SFR59          

        CLASS   SFR60          

        CLASS   SFR61          

        CLASS   SFR62          

        CLASS   SFR63          

        CLASS   CONFIG         
                config                             8007     8007        5         4

        CLASS   IDLOC          

        CLASS   EEDATA         

        CLASS   BANK63         

        CLASS   BANK62         

        CLASS   BANK61         

        CLASS   BANK60         

        CLASS   BANK59         

        CLASS   BANK58         

        CLASS   BANK57         

        CLASS   BANK56         

        CLASS   BANK55         

        CLASS   BANK54         

        CLASS   BANK53         

        CLASS   BANK52         

        CLASS   BANK51         

        CLASS   BANK50         

        CLASS   BANK49         

        CLASS   BANK48         

        CLASS   BANK47         

        CLASS   BANK46         

        CLASS   BANK45         

        CLASS   BANK44         

        CLASS   BANK43         

        CLASS   BANK42         

        CLASS   BANK41         

        CLASS   BANK40         

        CLASS   BANK39         

        CLASS   BANK38         

        CLASS   BANK37         

        CLASS   BANK36         

        CLASS   BANK35         

        CLASS   BANK34         

        CLASS   BANK33         

        CLASS   BANK32         

        CLASS   BANK31         

        CLASS   BANK30         

        CLASS   BANK29         

        CLASS   BANK28         

        CLASS   BANK27         

        CLASS   BANK26         

        CLASS   STACK          



SEGMENTS        Name                           Load    Length   Top    Selector   Space  Class     Delta

                reset_vec                      000000  000003  000003         0       0  CODE        2
                text17                         000003  000001  000004         6       0  CODE        2
                intentry                       000004  0007FD  000801         8       0  CODE        2
                cstackBANK0                    000020  000050  000070        20       1  BANK0       1
                cstackCOMMON                   000070  00000C  00007C        70       1  COMMON      1
                cstackBANK1                    0000A0  00004E  0000EE        A0       1  BANK1       1
                cstackBANK2                    000120  000050  000170       120       1  BANK2       1
                cstackBANK3                    0001A0  000050  0001F0       1A0       1  BANK3       1
                cstackBANK4                    000220  00004F  00026F       220       1  BANK4       1
                cstackBANK5                    0002A0  00004F  0002EF       2A0       1  BANK5       1
                cstackBANK6                    000320  00004F  00036F       320       1  BANK6       1
                bssBANK7                       0003A0  000050  0003F0       3A0       1  BANK7       1
                bssBANK8                       000420  000050  000470       420       1  BANK8       1
                bssBANK9                       0004A0  000032  0004D2       4A0       1  BANK9       1
                bssBANK10                      000520  000032  000552       520       1  BANK10      1
                text105                        000801  000001  000802      1002       0  CODE        2
                text34                         000802  000025  000827      1004       0  CODE        2
                text50                         000827  000136  00095D      104E       0  CODE        2
                text25                         00095D  0006B0  00100D      12BA       0  CODE        2
                text27                         00100D  0000AB  0010B8      201A       0  CODE        2
                text24                         0010B8  0002EA  0013A2      2170       0  CODE        2
                heap                           002352  00049E  0027F0      2352       7  HEAP        1
                text26                         0013A2  00046E  001810      2744       0  CODE        2
                text80                         001810  0000C5  0018D5      3020       0  CODE        2
                text75                         0018D5  00023B  001B10      31AA       0  CODE        2
                text62                         001B10  00024C  001D5C      3620       0  CODE        2
                text12                         001D5C  0002AA  002006      3AB8       0  CODE        2
                text6                          002006  0000F2  0020F8      400C       0  CODE        2
                text47                         0020F8  00010B  002203      41F0       0  CODE        2
                text65                         002203  000121  002324      4406       0  CODE        2
                text22                         002324  00012A  00244E      4648       0  CODE        2
                text79                         00244E  0001AA  0025F8      489C       0  CODE        2
                text73                         0025F8  00020C  002804      4BF0       0  CODE        2
                text88                         002804  000060  002864      5008       0  CODE        2
                text71                         002864  000071  0028D5      50C8       0  CODE        2
                text57                         0028D5  000074  002949      51AA       0  CODE        2
                text7                          002949  000075  0029BE      5292       0  CODE        2
                text56                         0029BE  000078  002A36      537C       0  CODE        2
                text70                         002A36  00007F  002AB5      546C       0  CODE        2
                text77                         002AB5  00008B  002B40      556A       0  CODE        2
                text23                         002B40  000092  002BD2      5680       0  CODE        2
                text48                         002BD2  00009C  002C6E      57A4       0  CODE        2
                text13                         002C6E  00009C  002D0A      58DC       0  CODE        2
                text11                         002D0A  00009C  002DA6      5A14       0  CODE        2
                text64                         002DA6  0000A3  002E49      5B4C       0  CODE        2
                maintext                       002E49  0000BD  002F06      5C92       0  CODE        2
                text69                         002F06  0000FA  003000      5E0C       0  CODE        2
                stringtext4                    003000  000074  003074      6000       0  STRCODE     2
                text131                        003074  000014  003088      60E8       0  CODE        2
                text59                         003088  000039  0030C1      6110       0  CODE        2
                text117                        0030C1  00003A  0030FB      6182       0  CODE        2
                text89                         0030FB  00003B  003136      61F6       0  CODE        2
                text33                         003136  00003E  003174      626C       0  CODE        2
                text45                         003174  000041  0031B5      62E8       0  CODE        2
                text107                        0031B5  000043  0031F8      636A       0  CODE        2
                text32                         0031F8  000043  00323B      63F0       0  CODE        2
                text81                         00323B  000044  00327F      6476       0  CODE        2
                text44                         00327F  000044  0032C3      64FE       0  CODE        2
                text51                         0032C3  000045  003308      6586       0  CODE        2
                text28                         003308  000046  00334E      6610       0  CODE        2
                text78                         00334E  00004F  00339D      669C       0  CODE        2
                text87                         00339D  000054  0033F1      673A       0  CODE        2
                text19                         0033F1  000054  003445      67E2       0  CODE        2
                text40                         003445  000057  00349C      688A       0  CODE        2
                text36                         00349C  000057  0034F3      6938       0  CODE        2
                text84                         0034F3  000059  00354C      69E6       0  CODE        2
                text21                         00354C  000059  0035A5      6A98       0  CODE        2
                text94                         0035A5  00005A  0035FF      6B4A       0  CODE        2
                text63                         0035FF  00005D  00365C      6BFE       0  CODE        2
                text39                         00365C  00005F  0036BB      6CB8       0  CODE        2
                text52                         0036BB  00006A  003725      6D76       0  CODE        2
                text29                         003725  00006B  003790      6E4A       0  CODE        2
                text49                         003790  000070  003800      6F20       0  CODE        2
                stringtext5                    003800  000241  003A41      7000       0  STRCODE     2
                text134                        003ACA  000003  003ACD      7594       0  CODE        2
                text133                        003ACD  000003  003AD0      759A       0  CODE        2
                text130                        003AD0  000003  003AD3      75A0       0  CODE        2
                text128                        003AD3  000003  003AD6      75A6       0  CODE        2
                text125                        003AD6  000003  003AD9      75AC       0  CODE        2
                text124                        003AD9  000003  003ADC      75B2       0  CODE        2
                text122                        003ADC  000003  003ADF      75B8       0  CODE        2
                text91                         003ADF  000003  003AE2      75BE       0  CODE        2
                text4                          003AE2  000003  003AE5      75C4       0  CODE        2
                text3                          003AE5  000003  003AE8      75CA       0  CODE        2
                text2                          003AE8  000003  003AEB      75D0       0  CODE        2
                idataCOMMON                    003AEB  000003  003AEE      75D6       0  CODE        2
                text135                        003AEE  000004  003AF2      75DC       0  CODE        2
                text132                        003AF2  000004  003AF6      75E4       0  CODE        2
                text129                        003AF6  000004  003AFA      75EC       0  CODE        2
                text127                        003AFA  000004  003AFE      75F4       0  CODE        2
                text126                        003AFE  000004  003B02      75FC       0  CODE        2
                text120                        003B02  000004  003B06      7604       0  CODE        2
                text111                        003B06  000004  003B0A      760C       0  CODE        2
                text106                        003B0A  000004  003B0E      7614       0  CODE        2
                text98                         003B0E  000004  003B12      761C       0  CODE        2
                text16                         003B12  000004  003B16      7624       0  CODE        2
                text123                        003B16  000005  003B1B      762C       0  CODE        2
                text109                        003B1B  000005  003B20      7636       0  CODE        2
                text8                          003B20  000005  003B25      7640       0  CODE        2
                text116                        003B25  000006  003B2B      764A       0  CODE        2
                text115                        003B2B  000006  003B31      7656       0  CODE        2
                text108                        003B31  000006  003B37      7662       0  CODE        2
                text5                          003B37  000006  003B3D      766E       0  CODE        2
                clrtext                        003B3D  000006  003B43      767A       0  CODE        2
                inittext                       003B43  000006  003B49      7686       0  CODE        2
                text118                        003B49  000007  003B50      7692       0  CODE        2
                text113                        003B50  000007  003B57      76A0       0  CODE        2
                text110                        003B57  000007  003B5E      76AE       0  CODE        2
                text90                         003B5E  000007  003B65      76BC       0  CODE        2
                idataBANK6                     003B65  000007  003B6C      76CA       0  CODE        2
                text119                        003B6C  000008  003B74      76D8       0  CODE        2
                text114                        003B74  000008  003B7C      76E8       0  CODE        2
                text18                         003B7C  000008  003B84      76F8       0  CODE        2
                text96                         003B84  000009  003B8D      7708       0  CODE        2
                text103                        003B8D  00000A  003B97      771A       0  CODE        2
                text54                         003B97  00000A  003BA1      772E       0  CODE        2
                text95                         003BA1  00000C  003BAD      7742       0  CODE        2
                text74                         003BAD  00000C  003BB9      775A       0  CODE        2
                text30                         003BB9  00000E  003BC7      7772       0  CODE        2
                text102                        003BC7  00000F  003BD6      778E       0  CODE        2
                text101                        003BD6  00000F  003BE5      77AC       0  CODE        2
                text99                         003BE5  00000F  003BF4      77CA       0  CODE        2
                text60                         003BF4  000011  003C05      77E8       0  CODE        2
                text92                         003C05  000013  003C18      780A       0  CODE        2
                text97                         003C18  000017  003C2F      7830       0  CODE        2
                text82                         003C2F  00001A  003C49      785E       0  CODE        2
                text86                         003C49  00001C  003C65      7892       0  CODE        2
                text38                         003C65  00001C  003C81      78CA       0  CODE        2
                text20                         003C81  00001C  003C9D      7902       0  CODE        2
                text42                         003C9D  00001D  003CBA      793A       0  CODE        2
                text41                         003CBA  00001D  003CD7      7974       0  CODE        2
                text37                         003CD7  00001D  003CF4      79AE       0  CODE        2
                text100                        003CF4  00001E  003D12      79E8       0  CODE        2
                text72                         003D12  000020  003D32      7A24       0  CODE        2
                text66                         003D32  000020  003D52      7A64       0  CODE        2
                text112                        003D52  000023  003D75      7AA4       0  CODE        2
                text10                         003D75  000023  003D98      7AEA       0  CODE        2
                text76                         003D98  000024  003DBC      7B30       0  CODE        2
                text68                         003DBC  000024  003DE0      7B78       0  CODE        2
                text83                         003DE0  000025  003E05      7BC0       0  CODE        2
                text67                         003E05  000028  003E2D      7C0A       0  CODE        2
                text43                         003E2D  00002B  003E58      7C5A       0  CODE        2
                text35                         003E58  00002B  003E83      7CB0       0  CODE        2
                text15                         003E83  00002C  003EAF      7D06       0  CODE        2
                text58                         003EAF  00002E  003EDD      7D5E       0  CODE        2
                text121                        003EDD  00002F  003F0C      7DBA       0  CODE        2
                text55                         003F0C  00002F  003F3B      7E18       0  CODE        2
                text53                         003F3B  000030  003F6B      7E76       0  CODE        2
                text31                         003F6B  000030  003F9B      7ED6       0  CODE        2
                text14                         003F9B  000032  003FCD      7F36       0  CODE        2
                text61                         003FCD  000033  004000      7F9A       0  CODE        2


UNUSED ADDRESS RANGES

        Name                Unused          Largest block    Delta
        BANK1            0000EE-0000EF                2           1
        BANK10           000552-00056F               1E           1
        BANK11           0005A0-0005EF               50           1
        BANK12           000620-00066F               50           1
        BANK13           0006A0-0006EF               50           1
        BANK14           000720-00076F               50           1
        BANK15           0007A0-0007EF               50           1
        BANK16           000820-00086F               50           1
        BANK17           0008A0-0008EF               50           1
        BANK18           000920-00096F               50           1
        BANK19           0009A0-0009EF               50           1
        BANK20           000A20-000A6F               50           1
        BANK21           000AA0-000AEF               50           1
        BANK22           000B20-000B6F               50           1
        BANK23           000BA0-000BEF               50           1
        BANK24           000C20-000C6F               50           1
        BANK25           000CA0-000CBF               20           1
        BANK4            00026F-00026F                1           1
        BANK5            0002EF-0002EF                1           1
        BANK6            00036F-00036F                1           1
        BANK9            0004D2-0004EF               1E           1
        BIGRAM           002000-0027EF              7F0           1
        CODE             003A41-003AC9               89           2
        COMMON           00007C-00007D                2           1
        CONST            003A41-003AC9               89           2
        EEDATA           00F000-00F0FF              100           2
        ENTRY            003A41-003AC9               89           2
        IDLOC            008000-008003                4           2
        RAM              0000EE-0000EF                2           1
                         00026F-00026F                1
                         0002EF-0002EF                1
                         00036F-00036F                1
                         0004D2-0004EF               1E
                         000552-00056F               1E
                         0005A0-0005EF               50
                         000620-00066F               50
                         0006A0-0006EF               50
                         000720-00076F               50
                         0007A0-0007EF               50
                         000820-00086F               50
                         0008A0-0008EF               50
                         000920-00096F               50
                         0009A0-0009EF               50
                         000A20-000A6F               50
                         000AA0-000AEF               50
                         000B20-000B6F               50
                         000BA0-000BEF               50
                         000C20-000C6F               50
                         000CA0-000CBF               20
        SFR0             000000-00001F               20           1
        SFR1             000080-00009F               20           1
        SFR10            000500-00051F               20           1
        SFR11            000580-00059F               20           1
        SFR12            000600-00061F               20           1
        SFR13            000680-00069F               20           1
        SFR14            000700-00071F               20           1
        SFR15            000780-00079F               20           1
        SFR16            000800-00081F               20           1
        SFR17            000880-00089F               20           1
        SFR18            000900-00091F               20           1
        SFR19            000980-00099F               20           1
        SFR2             000100-00011F               20           1
        SFR20            000A00-000A1F               20           1
        SFR21            000A80-000A9F               20           1
        SFR22            000B00-000B1F               20           1
        SFR23            000B80-000B9F               20           1
        SFR24            000C00-000C1F               20           1
        SFR25            000C80-000C9F               20           1
        SFR26            000D00-000D6F               70           1
        SFR27            000D80-000DEF               70           1
        SFR28            000E00-000E6F               70           1
        SFR29            000E80-000EEF               70           1
        SFR3             000180-00019F               20           1
        SFR30            000F00-000F6F               70           1
        SFR31            000F80-000FEF               70           1
        SFR32            001000-00106F               70           1
        SFR33            001080-0010EF               70           1
        SFR34            001100-00116F               70           1
        SFR35            001180-0011EF               70           1
        SFR36            001200-00126F               70           1
        SFR37            001280-0012EF               70           1
        SFR38            001300-00136F               70           1
        SFR39            001380-0013EF               70           1
        SFR4             000200-00021F               20           1
        SFR40            001400-00146F               70           1
        SFR41            001480-0014EF               70           1
        SFR42            001500-00156F               70           1
        SFR43            001580-0015EF               70           1
        SFR44            001600-00166F               70           1
        SFR45            001680-0016EF               70           1
        SFR46            001700-00176F               70           1
        SFR47            001780-0017EF               70           1
        SFR48            001800-00186F               70           1
        SFR49            001880-0018EF               70           1
        SFR5             000280-00029F               20           1
        SFR50            001900-00196F               70           1
        SFR51            001980-0019EF               70           1
        SFR52            001A00-001A6F               70           1
        SFR53            001A80-001AEF               70           1
        SFR54            001B00-001B6F               70           1
        SFR55            001B80-001BEF               70           1
        SFR56            001C00-001C6F               70           1
        SFR57            001C80-001CEF               70           1
        SFR58            001D00-001D6F               70           1
        SFR59            001D80-001DEF               70           1
        SFR6             000300-00031F               20           1
        SFR60            001E00-001E6F               70           1
        SFR61            001E80-001EEF               70           1
        SFR62            001F00-001F6F               70           1
        SFR63            001F80-001FEF               70           1
        SFR7             000380-00039F               20           1
        SFR8             000400-00041F               20           1
        SFR9             000480-00049F               20           1
        STRCODE          003A41-003AC9               89           2
        STRING           003A41-003AC9               89           2

                                  Symbol Table

?__Umul8_16                                          cstackBANK0  000020
?___awdiv                                            cstackBANK0  000020
?___awmod                                            cstackBANK0  000020
?___fladd                                            cstackBANK0  000048
?___fldiv                                            cstackBANK1  0000B2
?___flmul                                            cstackBANK0  00002E
?___flneg                                            cstackBANK0  000020
?___flsub                                            cstackBANK0  00005C
?___fltol                                            cstackBANK0  00005C
?___fpclassifyf                                      cstackBANK0  000020
?___xxtofl                                           cstackBANK0  000020
?_abs                                                cstackBANK0  000027
?_compensate_humidity                                cstackBANK0  00006C
?_compensate_pressure                                cstackBANK0  00006C
?_compensate_temperature                             cstackBANK0  00006C
?_dtoa                                               cstackBANK0  000038
?_efgtoa                                             cstackBANK1  0000DC
?_floorf                                             cstackBANK0  00006C
?_get_bme280                                         cstackBANK4  000220
?_get_temperature                                    cstackBANK3  0001CC
?_labs                                               cstackBANK0  000020
?_pad                                                cstackBANK0  00002F
?_printf                                             cstackBANK2  00015E
?_roundf                                             cstackBANK0  000064
?_snprintf                                           cstackBANK2  00015E
?_sprintf                                            cstackBANK2  00015E
?_stoa                                               cstackBANK0  000028
?_strcmp                                             cstackBANK0  000020
?_strlen                                             cstackBANK0  000020
?_strncmp                                            cstackBANK0  000020
?_vfpfcnvrt                                          cstackBANK1  0000E5
?_vfprintf                                           cstackBANK1  0000EB
EUSART1_FramingErrorCallbackRegister@callbackHandler cstackBANK0  000020
EUSART1_OverrunErrorCallbackRegister@callbackHandler cstackBANK0  000020
EUSART1_Write@txData                                 cstackBANK0  000020
I2C2_CallbackRegister@callbackHandler                cstackBANK0  000020
I2C2_DataTransmit@data                               cstackCOMMON 000070
I2C2_EVENT_ERROR@retEventState                       cstackCOMMON 000070
I2C2_EVENT_NACK@retEventState                        cstackCOMMON 000070
I2C2_EVENT_RX@retEventState                          cstackCOMMON 000071
I2C2_EVENT_TX@retEventState                          cstackCOMMON 000073
I2C2_Write@address                                   cstackBANK0  000021
I2C2_Write@data                                      cstackBANK0  000023
I2C2_Write@dataLength                                cstackBANK0  000024
I2C2_Write@retStatus                                 cstackBANK0  000026
I2C2_WriteRead@address                               cstackBANK0  000021
I2C2_WriteRead@readData                              cstackBANK0  000026
I2C2_WriteRead@readLength                            cstackBANK0  000027
I2C2_WriteRead@retStatus                             cstackBANK0  000029
I2C2_WriteRead@writeData                             cstackBANK0  000023
I2C2_WriteRead@writeLength                           cstackBANK0  000024
INT_SetInterruptHandler@InterruptHandler             cstackBANK0  000020
_ACTCON                                              (abs)        000214
_ANSELA                                              (abs)        001E8C
_ANSELB                                              (abs)        001E96
_ANSELBbits                                          (abs)        001E96
_ANSELC                                              (abs)        001EA0
_ANSELD                                              (abs)        001EAA
_ANSELE                                              (abs)        001EB4
_BAUD1CON                                            (abs)        000612
_BAUD1CONbits                                        (abs)        000612
_CLOCK_Initialize                                    text103      003B8D
_DHT11_ERROR                                         dataCOMMON   00007A
_DHT11_OK                                            dataCOMMON   000079
_EUSART1_AutoBaudQuery                               (abs)        000000
_EUSART1_AutoBaudSet                                 (abs)        000000
_EUSART1_DefaultFramingErrorCallback                 text17       000003
_EUSART1_DefaultOverrunErrorCallback                 text16       003B12
_EUSART1_Deinitialize                                (abs)        000000
_EUSART1_Enable                                      text4        003AE2
_EUSART1_ErrorGet                                    (abs)        000000
_EUSART1_FramingErrorCallbackRegister                text102      003BC7
_EUSART1_FramingErrorHandler                         bssBANK4     00026B
_EUSART1_Initialize                                  text100      003CF4
_EUSART1_IsRxReady                                   text18       003B7C
_EUSART1_IsTxDone                                    text9        002800
_EUSART1_IsTxReady                                   (abs)        000000
_EUSART1_OverrunErrorCallbackRegister                text101      003BD6
_EUSART1_OverrunErrorHandler                         bssBANK4     000269
_EUSART1_Read                                        text15       003E83
_EUSART1_ReceiveEnable                               text3        003AE5
_EUSART1_TransmitDisable                             (abs)        000000
_EUSART1_TransmitEnable                              text2        003AE8
_EUSART1_Write                                       text8        003B20
_I2C2_AckSend                                        text129      003AF6
_I2C2_BusReset                                       text135      003AEE
_I2C2_Callback                                       bssBANK5     0002E7
_I2C2_CallbackRegister                               text99       003BE5
_I2C2_Close                                          text131      003074
_I2C2_DataReceive                                    text128      003AD3
_I2C2_DataTransmit                                   text123      003B16
_I2C2_DefaultCallback                                text136      000800
_I2C2_Deinitialize                                   (abs)        000000
_I2C2_ERROR_ISR                                      text111      003B06
_I2C2_EVENT_ERROR                                    text115      003B2B
_I2C2_EVENT_IDLE                                     text120      003B02
_I2C2_EVENT_NACK                                     text116      003B25
_I2C2_EVENT_RESET                                    text113      003B50
_I2C2_EVENT_RX                                       text117      0030C1
_I2C2_EVENT_SEND_RD_ADDR                             text119      003B6C
_I2C2_EVENT_SEND_WR_ADDR                             text118      003B49
_I2C2_EVENT_STOP                                     text114      003B74
_I2C2_EVENT_TX                                       text121      003EDD
_I2C2_ErrorEventHandler                              text112      003D52
_I2C2_ErrorGet                                       (abs)        000000
_I2C2_ErrorInterruptClear                            text134      003ACA
_I2C2_EventHandler                                   text107      0031B5
_I2C2_ISR                                            text106      003B0A
_I2C2_Initialize                                     text97       003C18
_I2C2_InterruptClear                                 text133      003ACD
_I2C2_InterruptsEnable                               text98       003B0E
_I2C2_IsAddr                                         text110      003B57
_I2C2_IsBusy                                         text92       003C05
_I2C2_IsBusy$720                                     cstackBANK0  000020
_I2C2_IsData                                         text109      003B1B
_I2C2_IsNack                                         text108      003B31
_I2C2_IsRxBufFull                                    text127      003AFA
_I2C2_NackSend                                       text126      003AFE
_I2C2_Read                                           (abs)        000000
_I2C2_ReceiveEnable                                  text125      003AD6
_I2C2_RestartDisable                                 text124      003AD9
_I2C2_RestartEnable                                  text122      003ADC
_I2C2_StartSend                                      text91       003ADF
_I2C2_StatusFlagsClear                               text132      003AF2
_I2C2_StopSend                                       text130      003AD0
_I2C2_Write                                          text53       003F3B
_I2C2_WriteRead                                      text89       0030FB
_I2C2_WriteStart                                     text90       003B5E
_INLVLA                                              (abs)        001E90
_INLVLB                                              (abs)        001E9A
_INLVLC                                              (abs)        001EA4
_INLVLD                                              (abs)        001EAE
_INLVLE                                              (abs)        001EB8
_INTCONbits                                          (abs)        00000B
_INTERRUPT_Initialize                                text95       003BA1
_INTERRUPT_InterruptManager                          intentry     000004
_INT_DefaultInterruptHandler                         (abs)        000000
_INT_InterruptHandler                                bssBANK4     00026D
_INT_SetInterruptHandler                             text96       003B84
_IOCAF                                               (abs)        001E93
_IOCAN                                               (abs)        001E92
_IOCAP                                               (abs)        001E91
_IOCBF                                               (abs)        001E9D
_IOCBN                                               (abs)        001E9C
_IOCBP                                               (abs)        001E9B
_IOCCF                                               (abs)        001EA7
_IOCCN                                               (abs)        001EA6
_IOCCP                                               (abs)        001EA5
_IOCEF                                               (abs)        001EBB
_IOCEN                                               (abs)        001EBA
_IOCEP                                               (abs)        001EB9
_LATA                                                (abs)        000018
_LATB                                                (abs)        000019
_LATC                                                (abs)        00001A
_LATD                                                (abs)        00001B
_LATE                                                (abs)        00001C
_ODCONA                                              (abs)        001E8E
_ODCONB                                              (abs)        001E98
_ODCONC                                              (abs)        001EA2
_ODCOND                                              (abs)        001EAC
_ODCONE                                              (abs)        001EB6
_OSCCON2                                             (abs)        00020E
_OSCCON3                                             (abs)        00020F
_OSCEN                                               (abs)        000211
_OSCFRQ                                              (abs)        000213
_OSCSTAT                                             (abs)        000210
_OSCTUNE                                             (abs)        000212
_PIE0bits                                            (abs)        000096
_PIE4bits                                            (abs)        00009A
_PIN_MANAGER_IOC                                     text105      000801
_PIN_MANAGER_Initialize                              text94       0035A5
_PIR0bits                                            (abs)        00008C
_PIR3bits                                            (abs)        00008F
_PIR4bits                                            (abs)        000090
_RB1PPS                                              (abs)        001D95
_RB2PPS                                              (abs)        001D96
_RC1REG                                              (abs)        00060C
_RC1STA                                              (abs)        000610
_RC1STAbits                                          (abs)        000610
_RC6PPS                                              (abs)        001DA2
_RX1PPS                                              (abs)        001E41
_SLRCONA                                             (abs)        001E8F
_SLRCONB                                             (abs)        001E99
_SLRCONC                                             (abs)        001EA3
_SLRCOND                                             (abs)        001EAD
_SLRCONE                                             (abs)        001EB7
_SP1BRGH                                             (abs)        00060F
_SP1BRGL                                             (abs)        00060E
_SSP2ADD                                             (abs)        000697
_SSP2BUF                                             (abs)        000696
_SSP2CLKPPS                                          (abs)        001E4A
_SSP2CON1                                            (abs)        00069A
_SSP2CON1bits                                        (abs)        00069A
_SSP2CON2                                            (abs)        00069B
[...]
put_device_to_sleep@rslt                             cstackBANK3  0001C1
put_device_to_sleep@settings                         cstackBANK3  0001C2
read_lora@byte                                       cstackBANK3  0001D8
read_lora@carriage_found                             cstackBANK3  0001D5
read_lora@data                                       cstackBANK3  0001A0
read_lora@i                                          cstackBANK3  0001D7
read_lora@newline_found                              cstackBANK3  0001D6
read_lora@success                                    cstackBANK3  0001D2
reload_device_settings@dev                           cstackBANK3  0001B7
reload_device_settings@rslt                          cstackBANK3  0001BA
reload_device_settings@settings                      cstackBANK3  0001B9
reset_vec                                            reset_vec    000000
roundf@F527                                          bssBANK5     0002D7
roundf@e                                             cstackBANK1  0000A4
roundf@u                                             cstackBANK1  0000AA
roundf@x                                             cstackBANK0  000064
roundf@y                                             cstackBANK1  0000AE
send@address                                         cstackBANK4  00025C
send@buffer                                          cstackBANK4  000220
send@metric                                          cstackBANK3  0001DB
send@payload_size                                    cstackBANK4  000265
send@rounded                                         cstackBANK4  00025D
send@t                                               cstackBANK4  000252
send@tag                                             cstackBANK3  0001D9
set_filter_standby_settings@desired_settings         cstackBANK3  0001AD
set_filter_standby_settings@dev                      cstackBANK3  0001AB
set_filter_standby_settings@reg_addr                 cstackBANK3  0001AF
set_filter_standby_settings@reg_data                 cstackBANK3  0001B0
set_filter_standby_settings@rslt                     cstackBANK3  0001AE
set_filter_standby_settings@settings                 cstackBANK3  0001A9
set_osr_humidity_settings@ctrl_hum                   cstackBANK3  0001AD
set_osr_humidity_settings@ctrl_meas                  cstackBANK3  0001B0
set_osr_humidity_settings@dev                        cstackBANK3  0001AB
set_osr_humidity_settings@reg_addr                   cstackBANK3  0001AF
set_osr_humidity_settings@rslt                       cstackBANK3  0001AE
set_osr_humidity_settings@settings                   cstackBANK3  0001A9
set_osr_press_temp_settings@desired_settings         cstackBANK3  0001AD
set_osr_press_temp_settings@dev                      cstackBANK3  0001AB
set_osr_press_temp_settings@reg_addr                 cstackBANK3  0001AF
set_osr_press_temp_settings@reg_data                 cstackBANK3  0001B0
set_osr_press_temp_settings@rslt                     cstackBANK3  0001AE
set_osr_press_temp_settings@settings                 cstackBANK3  0001A9
set_osr_settings@desired_settings                    cstackBANK3  0001B6
set_osr_settings@dev                                 cstackBANK3  0001B3
set_osr_settings@rslt                                cstackBANK3  0001B5
set_osr_settings@settings                            cstackBANK3  0001B1
snprintf@ap                                          cstackBANK3  0001A4
snprintf@cnt                                         cstackBANK3  0001A2
snprintf@f                                           cstackBANK3  0001A5
snprintf@fmt                                         cstackBANK2  000162
snprintf@n                                           cstackBANK2  000160
snprintf@s                                           cstackBANK2  00015E
sprintf@ap                                           cstackBANK3  0001A1
sprintf@f                                            cstackBANK3  0001A2
sprintf@fmt                                          cstackBANK2  00015E
sprintf@s                                            cstackBANK3  0001A0
start                                                init         000031
start_initialization                                 cinit        000033
stoa@F1180                                           dataBANK6    000368
stoa@cp                                              cstackBANK0  000038
stoa@fp                                              cstackBANK0  000037
stoa@i                                               cstackBANK0  000035
stoa@l                                               cstackBANK0  00003C
stoa@nuls                                            cstackBANK0  00002C
stoa@p                                               cstackBANK0  00003A
stoa@s                                               cstackBANK0  000028
stoa@w                                               cstackBANK0  000033
strcmp@l                                             cstackBANK0  000020
strcmp@r                                             cstackBANK0  000022
strcpy@d                                             cstackBANK0  000027
strcpy@dest                                          cstackBANK0  000026
strcpy@s                                             cstackBANK0  000024
strcpy@src                                           cstackBANK0  000020
strlen@a                                             cstackBANK0  000023
strlen@s                                             cstackBANK0  000020
strncmp@_l                                           cstackBANK0  000020
strncmp@_r                                           cstackBANK0  000022
strncmp@l                                            cstackBANK0  000027
strncmp@n                                            cstackBANK0  000024
strncmp@r                                            cstackBANK0  000029
vfpfcnvrt@ap                                         cstackBANK1  0000E6
vfpfcnvrt@c                                          cstackBANK2  000156
vfpfcnvrt@convarg                                    cstackBANK2  000152
vfpfcnvrt@cp                                         cstackBANK2  000158
vfpfcnvrt@fmt                                        cstackBANK1  0000E5
vfpfcnvrt@fp                                         cstackBANK2  000157
vfprintf@ap                                          cstackBANK1  0000ED
vfprintf@cfmt                                        cstackBANK2  00015C
vfprintf@fmt                                         cstackBANK1  0000EB
vfprintf@fp                                          cstackBANK2  00015B
write_lora@c                                         cstackBANK2  000164
write_lora@carriage_found                            cstackBANK2  000168
write_lora@data                                      cstackBANK2  000167
write_lora@i                                         cstackBANK2  00016A
write_lora@newline_found                             cstackBANK2  000169
write_power_mode@dev                                 cstackBANK3  0001A9
write_power_mode@reg_addr                            cstackBANK3  0001AD
write_power_mode@rslt                                cstackBANK3  0001AC
write_power_mode@sensor_mode                         cstackBANK3  0001AB
write_power_mode@sensor_mode_reg_val                 cstackBANK3  0001AE
wtemp0                                               (abs)        00007E


MODULE INFORMATION

Module		Function		Class		Link	Load	Size
C:\Program Files\Microchip\xc8\v2.41\pic\sources\c99\common\__fpclassifyf.c
		___fpclassifyf 		CODE           	2A36	0000	127

C:\Program Files\Microchip\xc8\v2.41\pic\sources\c99\common\__fpclassifyf.c estimated size: 127

C:\Program Files\Microchip\xc8\v2.41\pic\sources\c99\common\awmod.c
		___awmod       		CODE           	339D	0000	84

C:\Program Files\Microchip\xc8\v2.41\pic\sources\c99\common\awmod.c estimated size: 84

C:\Program Files\Microchip\xc8\v2.41\pic\sources\c99\common\floorf.c
		_floorf        		CODE           	2F06	0000	250

C:\Program Files\Microchip\xc8\v2.41\pic\sources\c99\common\floorf.c estimated size: 250

C:\Program Files\Microchip\xc8\v2.41\pic\sources\c99\common\roundf.c
		_roundf        		CODE           	1D5C	0000	676

C:\Program Files\Microchip\xc8\v2.41\pic\sources\c99\common\roundf.c estimated size: 676

C:\Program Files\Microchip\xc8\v2.41\pic\sources\c99\common\flge.c
		___flge        		CODE           	2AB5	0000	139

C:\Program Files\Microchip\xc8\v2.41\pic\sources\c99\common\flge.c estimated size: 139

C:\Program Files\Microchip\xc8\v2.41\pic\sources\c99\common\Umul8_16.c
		__Umul8_16     		CODE           	3D98	0000	36

C:\Program Files\Microchip\xc8\v2.41\pic\sources\c99\common\Umul8_16.c estimated size: 36

C:\Program Files\Microchip\xc8\v2.41\pic\sources\c99\common\fltol.c
		___fltol       		CODE           	2864	0000	113

C:\Program Files\Microchip\xc8\v2.41\pic\sources\c99\common\fltol.c estimated size: 113

C:\Program Files\Microchip\xc8\v2.41\pic\sources\c99\common\xxtofl.c
		___xxtofl      		CODE           	100D	0000	171

C:\Program Files\Microchip\xc8\v2.41\pic\sources\c99\common\xxtofl.c estimated size: 171

C:\Program Files\Microchip\xc8\v2.41\pic\sources\c99\common\strlen.c
		_strlen        		CODE           	3C2F	0000	26

C:\Program Files\Microchip\xc8\v2.41\pic\sources\c99\common\strlen.c estimated size: 26

C:\Program Files\Microchip\xc8\v2.41\pic\sources\c99\common\nf_fputc.c
		_fputc         		CODE           	34F3	0000	89

C:\Program Files\Microchip\xc8\v2.41\pic\sources\c99\common\nf_fputc.c estimated size: 89

C:\Program Files\Microchip\xc8\v2.41\pic\sources\c99\common\strcmp.c
		_strcmp        		CODE           	3F9B	0000	50

C:\Program Files\Microchip\xc8\v2.41\pic\sources\c99\common\strcmp.c estimated size: 50

C:\Program Files\Microchip\xc8\v2.41\pic\sources\c99\common\strcpy.c
		_strcpy        		CODE           	3D32	0000	32

C:\Program Files\Microchip\xc8\v2.41\pic\sources\c99\common\strcpy.c estimated size: 32

C:\Program Files\Microchip\xc8\v2.41\pic\sources\c99\common\nf_sprintf.c
		_sprintf       		CODE           	3D75	0000	35

C:\Program Files\Microchip\xc8\v2.41\pic\sources\c99\common\nf_sprintf.c estimated size: 35

bme280.c
		_compensate_temperature		CODE           	10B8	0000	746
		_bme280_get_sensor_data		CODE           	354C	0000	89
		_fill_filter_settings		CODE           	3C9D	0000	29
		_parse_device_settings		CODE           	29BE	0000	120
		_compensate_humidity		CODE           	13A2	0000	1118
		_fill_osr_temp_settings		CODE           	3CD7	0000	29
		_fill_standby_settings		CODE           	3CBA	0000	29
		_bme280_get_regs		CODE           	28D5	0000	116
		_bme280_set_regs		CODE           	0827	0000	310
		_reload_device_settings		CODE           	0802	0000	37
		_fill_osr_press_settings		CODE           	3C65	0000	28
		_bme280_get_sensor_mode		CODE           	3E2D	0000	43
		_bme280_set_sensor_mode		CODE           	3F6B	0000	48
		_put_device_to_sleep		CODE           	3136	0000	62
		_compensate_pressure		CODE           	095D	0000	1699
		_set_filter_standby_settings		CODE           	3445	0000	87
		_get_calib_data		CODE           	07AE	0000	82
		_write_power_mode		CODE           	31F8	0000	67
		_set_osr_press_temp_settings		CODE           	349C	0000	87
		_parse_sensor_data		CODE           	2324	0000	298
		_set_osr_humidity_settings		CODE           	365C	0000	95
		_parse_humidity_calib_data		CODE           	2BD2	0000	156
		_bme280_init   		CODE           	3174	0000	65
		_null_ptr_check		CODE           	3EAF	0000	46
		_interleave_reg_addr		CODE           	32C3	0000	69
		_bme280_get_sensor_settings		CODE           	3F0C	0000	47
		_bme280_set_sensor_settings		CODE           	3725	0000	107
		_are_settings_changed		CODE           	3BB9	0000	14
		_bme280_compensate_data		CODE           	2B40	0000	146
		_set_osr_settings		CODE           	3E58	0000	43
		_parse_temp_press_calib_data		CODE           	20F8	0000	267
		_bme280_soft_reset		CODE           	3790	0000	112

bme280.c estimated size: 6291

C:\Program Files\Microchip\xc8\v2.41\pic\sources\c99\common\sprcadd.c
		___flsub       		CODE           	3D12	0000	32
		___fladd       		CODE           	25F8	0000	520

C:\Program Files\Microchip\xc8\v2.41\pic\sources\c99\common\sprcadd.c estimated size: 552

mcc_generated_files/system/src/interrupt.c
		_INT_SetInterruptHandler		CODE           	3B84	0000	9
		_INTERRUPT_Initialize		CODE           	3BA1	0000	12
		_INTERRUPT_InterruptManager		CODE           	0004	0000	45

mcc_generated_files/system/src/interrupt.c estimated size: 66

C:\Program Files\Microchip\xc8\v2.41\pic\sources\c99\common\awdiv.c
		___awdiv       		CODE           	2804	0000	96

C:\Program Files\Microchip\xc8\v2.41\pic\sources\c99\common\awdiv.c estimated size: 96

C:\Program Files\Microchip\xc8\v2.41\pic\sources\c99\common\abs.c
		_abs           		CODE           	3C49	0000	28

C:\Program Files\Microchip\xc8\v2.41\pic\sources\c99\common\abs.c estimated size: 28

C:\Program Files\Microchip\xc8\v2.41\pic\sources\c99\common\doprnt.c
		_vfpfcnvrt     		CODE           	1B10	0000	588
		_efgtoa        		CODE           	2203	0000	2097
		_pad           		CODE           	323B	0000	68
		_dtoa          		CODE           	1810	0000	197
		_vfprintf      		CODE           	3FCD	0000	51
		_stoa          		CODE           	2DA6	0000	163

C:\Program Files\Microchip\xc8\v2.41\pic\sources\c99\common\doprnt.c estimated size: 3164

C:\Program Files\Microchip\xc8\v2.41\pic\sources\c99\common\flneg.c
		___flneg       		CODE           	3BAD	0000	12

C:\Program Files\Microchip\xc8\v2.41\pic\sources\c99\common\flneg.c estimated size: 12

C:\Program Files\Microchip\xc8\v2.41\pic\sources\c99\common\fleq.c
		___fleq        		CODE           	334E	0000	79

C:\Program Files\Microchip\xc8\v2.41\pic\sources\c99\common\fleq.c estimated size: 79

mcc_generated_files/system/src/pins.c
		_PIN_MANAGER_Initialize		CODE           	35A5	0000	90
		_PIN_MANAGER_IOC		CODE           	0801	0000	1

mcc_generated_files/system/src/pins.c estimated size: 91

shared
		__initialization		CODE           	0033	0000	103
		_UART1         		STRCODE        	0000	0000	0
		_I2C2_Host     		STRCODE        	0000	0000	0
		_toint         		STRCODE        	0000	0000	0
		_i2c2_eventTable		STRCODE        	39DE	0000	18

shared estimated size: 121

C:\Program Files\Microchip\xc8\v2.41\pic\sources\c99\common\memcpy.c
		_memcpy        		CODE           	3E05	0000	40

C:\Program Files\Microchip\xc8\v2.41\pic\sources\c99\common\memcpy.c estimated size: 40

C:\Program Files\Microchip\xc8\v2.41\pic\sources\c99\common\putch.c
		_putch         		CODE           	0002	0000	1

C:\Program Files\Microchip\xc8\v2.41\pic\sources\c99\common\putch.c estimated size: 1

C:\Program Files\Microchip\xc8\v2.41\pic\sources\c99\common\nf_fputs.c
		_fputs         		CODE           	3DE0	0000	37

C:\Program Files\Microchip\xc8\v2.41\pic\sources\c99\common\nf_fputs.c estimated size: 37

mcc_generated_files/system/src/clock.c
		_CLOCK_Initialize		CODE           	3B8D	0000	10

mcc_generated_files/system/src/clock.c estimated size: 10

mcc_generated_files/i2c_host/src/mssp2.c
		_I2C2_DefaultCallback		CODE           	0800	0000	1
		_I2C2_WriteRead		CODE           	30FB	0000	59
		_I2C2_StartSend		CODE           	3ADF	0000	3
		_I2C2_EVENT_SEND_WR_ADDR		CODE           	3B49	0000	7
		_I2C2_NackSend 		CODE           	3AFE	0000	4
		_I2C2_ErrorEventHandler		CODE           	3D52	0000	35
		_I2C2_CallbackRegister		CODE           	3BE5	0000	15
		_I2C2_EVENT_RESET		CODE           	3B50	0000	7
		_I2C2_EVENT_ERROR		CODE           	3B2B	0000	6
		_I2C2_ErrorInterruptClear		CODE           	3ACA	0000	3
		_I2C2_StatusFlagsClear		CODE           	3AF2	0000	4
		_I2C2_InterruptsEnable		CODE           	3B0E	0000	4
		_I2C2_InterruptClear		CODE           	3ACD	0000	3
		_I2C2_WriteStart		CODE           	3B5E	0000	7
		_I2C2_EVENT_RX 		CODE           	30C1	0000	58
		_I2C2_EVENT_TX 		CODE           	3EDD	0000	47
		_I2C2_ReceiveEnable		CODE           	3AD6	0000	3
		_I2C2_RestartEnable		CODE           	3ADC	0000	3
		_I2C2_ISR      		CODE           	3B0A	0000	4
		_I2C2_EventHandler		CODE           	31B5	0000	67
		_I2C2_DataReceive		CODE           	3AD3	0000	3
		_I2C2_IsData   		CODE           	3B1B	0000	5
		_I2C2_IsNack   		CODE           	3B31	0000	6
		_I2C2_IsAddr   		CODE           	3B57	0000	7
		_I2C2_IsBusy   		CODE           	3C05	0000	19
		_I2C2_EVENT_IDLE		CODE           	3B02	0000	4
		_I2C2_EVENT_NACK		CODE           	3B25	0000	6
		_I2C2_EVENT_SEND_RD_ADDR		CODE           	3B6C	0000	8
		_I2C2_EVENT_STOP		CODE           	3B74	0000	8
		_I2C2_BusReset 		CODE           	3AEE	0000	4
		_I2C2_Initialize		CODE           	3C18	0000	23
		_I2C2_Close    		CODE           	3074	0000	20
		_I2C2_ERROR_ISR		CODE           	3B06	0000	4
		_I2C2_IsRxBufFull		CODE           	3AFA	0000	4
		_I2C2_Write    		CODE           	3F3B	0000	48
		_I2C2_StopSend 		CODE           	3AD0	0000	3
		_I2C2_RestartDisable		CODE           	3AD9	0000	3
		_I2C2_DataTransmit		CODE           	3B16	0000	5
		_I2C2_AckSend  		CODE           	3AF6	0000	4

mcc_generated_files/i2c_host/src/mssp2.c estimated size: 524

common.c
		_bme280_interface_selection		CODE           	327F	0000	68
		_bme280_i2c_read		CODE           	3088	0000	57
		_bme280_delay_us		CODE           	3B97	0000	10
		_bme280_i2c_write		CODE           	36BB	0000	106

common.c estimated size: 241

C:\Program Files\Microchip\xc8\v2.41\pic\sources\c99\common\labs.c
		_labs          		CODE           	3DBC	0000	36

C:\Program Files\Microchip\xc8\v2.41\pic\sources\c99\common\labs.c estimated size: 36

main.c
		_read_lora     		CODE           	2C6E	0000	156
		_main          		CODE           	2E49	0000	189
		_get_bme280    		CODE           	3308	0000	70
		_write_lora    		CODE           	2949	0000	117
		_get_temperature		CODE           	33F1	0000	84
		_setup_lora    		CODE           	1000	0000	13
		_send          		CODE           	2006	0000	242
		_setup_bme280  		CODE           	3B37	0000	6
		_is_measurement_done		CODE           	3C81	0000	28

main.c estimated size: 905

C:\Program Files\Microchip\xc8\v2.41\pic\sources\c99\common\strncmp.c
		_strncmp       		CODE           	35FF	0000	93

C:\Program Files\Microchip\xc8\v2.41\pic\sources\c99\common\strncmp.c estimated size: 93

mcc_generated_files/uart/src/eusart1.c
		_EUSART1_Initialize		CODE           	3CF4	0000	30
		_EUSART1_DefaultFramingErrorCallback		CODE           	0003	0000	1
		_EUSART1_Read  		CODE           	3E83	0000	44
		_EUSART1_ReceiveEnable		CODE           	3AE5	0000	3
		_EUSART1_IsTxDone		CODE           	2800	0000	4
		_EUSART1_Write 		CODE           	3B20	0000	5
		_EUSART1_TransmitEnable		CODE           	3AE8	0000	3
		_EUSART1_Enable		CODE           	3AE2	0000	3
		_EUSART1_FramingErrorCallbackRegister		CODE           	3BC7	0000	15
		_EUSART1_IsRxReady		CODE           	3B7C	0000	8
		_EUSART1_OverrunErrorCallbackRegister		CODE           	3BD6	0000	15
		_EUSART1_DefaultOverrunErrorCallback		CODE           	3B12	0000	4

mcc_generated_files/uart/src/eusart1.c estimated size: 135

C:\Program Files\Microchip\xc8\v2.41\pic\sources\c99\common\sprcmul.c
		___flmul       		CODE           	18D5	0000	571

C:\Program Files\Microchip\xc8\v2.41\pic\sources\c99\common\sprcmul.c estimated size: 571

C:\Program Files\Microchip\xc8\v2.41\pic\sources\c99\common\printf.c
		_printf        		CODE           	3BF4	0000	17

C:\Program Files\Microchip\xc8\v2.41\pic\sources\c99\common\printf.c estimated size: 17

mcc_generated_files/system/src/system.c
		_SYSTEM_Initialize		CODE           	1800	0000	16

mcc_generated_files/system/src/system.c estimated size: 16

C:\Program Files\Microchip\xc8\v2.41\pic\sources\c99\common\sprcdiv.c
		___fldiv       		CODE           	244E	0000	426

C:\Program Files\Microchip\xc8\v2.41\pic\sources\c99\common\sprcdiv.c estimated size: 426

C:\Program Files\Microchip\xc8\v2.41\pic\sources\c99\common\nf_snprintf.c
		_snprintf      		CODE           	2D0A	0000	156

C:\Program Files\Microchip\xc8\v2.41\pic\sources\c99\common\nf_snprintf.c estimated size: 156

