Microchip MPLAB XC8 Compiler V2.41

Linker command line:

-W-3 \
  --edf=C:/Program Files/Microchip/MPLABX/v6.10/packs/Microchip/PIC16F1xxxx_DFP/1.18.352/xc8\pic\dat\20230322162823_en.msgs \
  -cn -h+dist/default/debug\Third.X.debug.sym \
  --cmf=dist/default/debug\Third.X.debug.cmf -z -Q16F18076 \
  -oC:\Users\zmiller\AppData\Local\Temp\xcBsmgg.1\driver_tmp_3.o \
  --defsym=__MPLAB_BUILD=1 --fixupoverflow=error \
  -Mdist/default/debug/Third.X.debug.map \
  --md=C:\Users\zmiller\AppData\Local\Temp\xcBsmgg.1\driver_tmp_0.dat -E1 \
  -ver=XC8 Compiler --acfsm=1493 -ACODE=00h-07FFhx8 -ASTRCODE=00h-03FFFh \
  -ASTRING=00h-0FFhx64 -ACONST=00h-0FFhx64 -AENTRY=00h-0FFhx64 \
  -ACOMMON=070h-07Fh -ABANK0=020h-06Fh -ABANK1=0A0h-0EFh \
  -ABANK2=0120h-016Fh -ABANK3=01A0h-01EFh -ABANK4=0220h-026Fh \
  -ABANK5=02A0h-02EFh -ABANK6=0320h-036Fh -ABANK7=03A0h-03EFh \
  -ABANK8=0420h-046Fh -ABANK9=04A0h-04EFh -ABANK10=0520h-056Fh \
  -ABANK11=05A0h-05EFh -ABANK12=0620h-066Fh -ABANK13=06A0h-06EFh \
  -ABANK14=0720h-076Fh -ABANK15=07A0h-07EFh -ABANK16=0820h-086Fh \
  -ABANK17=08A0h-08EFh -ABANK18=0920h-096Fh -ABANK19=09A0h-09EFh \
  -ABANK20=0A20h-0A6Fh -ABANK21=0AA0h-0AEFh -ABANK22=0B20h-0B6Fh \
  -ABANK23=0BA0h-0BEFh -ABANK24=0C20h-0C6Fh -ABANK25=0CA0h-0CBFh \
  -ABIGRAM=02000h-027EFh \
  -ARAM=020h-06Fh,0A0h-0EFh,0120h-016Fh,01A0h-01EFh,0220h-026Fh,02A0h-02EFh,0320h-036Fh,03A0h-03EFh,0420h-046Fh,04A0h-04EFh,0520h-056Fh,05A0h-05EFh,0620h-066Fh,06A0h-06EFh,0720h-076Fh,07A0h-07EFh,0820h-086Fh,08A0h-08EFh,0920h-096Fh,09A0h-09EFh,0A20h-0A6Fh,0AA0h-0AEFh,0B20h-0B6Fh,0BA0h-0BEFh,0C20h-0C6Fh,0CA0h-0CBFh \
  -AABS1=020h-07Fh,0A0h-0EFh,0120h-016Fh,01A0h-01EFh,0220h-026Fh,02A0h-02EFh,0320h-036Fh,03A0h-03EFh,0420h-046Fh,04A0h-04EFh,0520h-056Fh,05A0h-05EFh,0620h-066Fh,06A0h-06EFh,0720h-076Fh,07A0h-07EFh,0820h-086Fh,08A0h-08EFh,0920h-096Fh,09A0h-09EFh,0A20h-0A6Fh,0AA0h-0AEFh,0B20h-0B6Fh,0BA0h-0BEFh,0C20h-0C6Fh,0CA0h-0CBFh \
  -ASFR0=00h-01Fh -ASFR1=080h-09Fh -ASFR2=0100h-011Fh -ASFR3=0180h-019Fh \
  -ASFR4=0200h-021Fh -ASFR5=0280h-029Fh -ASFR6=0300h-031Fh \
  -ASFR7=0380h-039Fh -ASFR8=0400h-041Fh -ASFR9=0480h-049Fh \
  -ASFR10=0500h-051Fh -ASFR11=0580h-059Fh -ASFR12=0600h-061Fh \
  -ASFR13=0680h-069Fh -ASFR14=0700h-071Fh -ASFR15=0780h-079Fh \
  -ASFR16=0800h-081Fh -ASFR17=0880h-089Fh -ASFR18=0900h-091Fh \
  -ASFR19=0980h-099Fh -ASFR20=0A00h-0A1Fh -ASFR21=0A80h-0A9Fh \
  -ASFR22=0B00h-0B1Fh -ASFR23=0B80h-0B9Fh -ASFR24=0C00h-0C1Fh \
  -ASFR25=0C80h-0C9Fh -ASFR26=0D00h-0D6Fh -ASFR27=0D80h-0DEFh \
  -ASFR28=0E00h-0E6Fh -ASFR29=0E80h-0EEFh -ASFR30=0F00h-0F6Fh \
  -ASFR31=0F80h-0FEFh -ASFR32=01000h-0106Fh -ASFR33=01080h-010EFh \
  -ASFR34=01100h-0116Fh -ASFR35=01180h-011EFh -ASFR36=01200h-0126Fh \
  -ASFR37=01280h-012EFh -ASFR38=01300h-0136Fh -ASFR39=01380h-013EFh \
  -ASFR40=01400h-0146Fh -ASFR41=01480h-014EFh -ASFR42=01500h-0156Fh \
  -ASFR43=01580h-015EFh -ASFR44=01600h-0166Fh -ASFR45=01680h-016EFh \
  -ASFR46=01700h-0176Fh -ASFR47=01780h-017EFh -ASFR48=01800h-0186Fh \
  -ASFR49=01880h-018EFh -ASFR50=01900h-0196Fh -ASFR51=01980h-019EFh \
  -ASFR52=01A00h-01A6Fh -ASFR53=01A80h-01AEFh -ASFR54=01B00h-01B6Fh \
  -ASFR55=01B80h-01BEFh -ASFR56=01C00h-01C6Fh -ASFR57=01C80h-01CEFh \
  -ASFR58=01D00h-01D6Fh -ASFR59=01D80h-01DEFh -ASFR60=01E00h-01E6Fh \
  -ASFR61=01E80h-01EEFh -ASFR62=01F00h-01F6Fh -ASFR63=01F80h-01FEFh \
  -ACONFIG=08007h-0800Bh -DCONFIG=2 -AIDLOC=08000h-08003h -DIDLOC=2 \
  -AEEDATA=00h-0FFh/0F000h -peeprom_data=EEDATA -DEEDATA=2 -DCODE=2 \
  -DSTRCODE=2 -DSTRING=2 -DCONST=2 -DENTRY=2 \
  -preset_vec=00h,intentry=04h,init,end_init -ppowerup=CODE -pcinit=CODE \
  -pfunctab=ENTRY -k \
  C:\Users\zmiller\AppData\Local\Temp\xcBsmgg.1\driver_tmp_20.o \
  dist/default/debug\Third.X.debug.o 

Object code version is 3.11

Machine type is 16F18076



                Name                               Link     Load   Length Selector   Space Scale
C:\Users\zmiller\AppData\Local\Temp\xcBsmgg.1\driver_tmp_20.o
                end_init                             3D       3D        2        8       0
                reset_vec                             0        0        2        0       0
                config                             8007     8007        5        0       4
dist/default/debug\Third.X.debug.o
                cinit                                3F       3F       51        8       0
                intentry                              4        4       39        8       0
                config                             8007     8007        5        0       4
                text161                            3C67     3C67        1     78CE       0
                text160                            3C94     3C94        4     7928       0
                text159                            3C6A     3C6A        3     78D4       0
                text158                            3C6D     3C6D        3     78DA       0
                text157                            3C98     3C98        4     7930       0
                text156                            3E31     3E31       14     7C62       0
                text155                            3C70     3C70        3     78E0       0
                text154                            3C9C     3C9C        4     7938       0
                text153                            3C73     3C73        3     78E6       0
                text152                            3CA0     3CA0        4     7940       0
                text151                            3CA4     3CA4        4     7948       0
                text150                            3C76     3C76        3     78EC       0
                text149                            3C79     3C79        3     78F2       0
                text148                            3CC8     3CC8        5     7990       0
                text147                            3C7C     3C7C        3     78F8       0
                text146                            313C     313C       2D     6278       0
                text145                            3CA8     3CA8        4     7950       0
                text144                            3D32     3D32        8     7A64       0
                text143                            3D01     3D01        7     7A02       0
                text142                            33CC     33CC       41     6798       0
                text141                            3CD7     3CD7        6     79AE       0
                text140                            3CDD     3CDD        6     79BA       0
                text139                            3D3A     3D3A        8     7A74       0
                text138                            3D08     3D08        7     7A10       0
                text137                            3005     3005       23     600A       0
                text136                            3CAC     3CAC        4     7958       0
                text135                            3D0F     3D0F        7     7A1E       0
                text134                            3CCD     3CCD        5     799A       0
                text133                            3CE3     3CE3        6     79C6       0
                text132                            340D     340D       43     681A       0
                text131                            3CB0     3CB0        4     7960       0
                text130                            3C68     3C68        1     78D0       0
                text129                            3C7F     3C7F        3     78FE       0
                text128                            3CB4     3CB4        4     7968       0
                text127                            3D65     3D65        A     7ACA       0
                text126                            3E20     3E20       11     7C40       0
                text125                            3C69     3C69        1     78D2       0
                text124                            3DF1     3DF1        F     7BE2       0
                text122                            3D6F     3D6F        A     7ADE       0
                text121                            3DA5     3DA5        C     7B4A       0
                text120                            3DB1     3DB1        C     7B62       0
                text119                            3F2A     3F2A       1C     7E54       0
                text118                            3DBD     3DBD        C     7B7A       0
                text117                            3CB8     3CB8        4     7970       0
                text116                            3E45     3E45       16     7C8A       0
                text115                            3CE9     3CE9        6     79D2       0
                text114                            3D79     3D79        B     7AF2       0
                text113                            3C82     3C82        3     7904       0
                text112                            3CBC     3CBC        4     7978       0
                text111                            37A6     37A6       5A     6F4C       0
                text110                            3CEF     3CEF        6     79DE       0
                text109                            3E5B     3E5B       16     7CB6       0
                text108                            3CC0     3CC0        4     7980       0
                text107                            3E71     3E71       19     7CE2       0
                text106                            3D4A     3D4A        9     7A94       0
                text105                            3DE3     3DE3        E     7BC6       0
                text104                            3CD2     3CD2        5     79A4       0
                text103                            3250     3250       30     64A0       0
                text102                            3C85     3C85        3     790A       0
                text101                            3C88     3C88        3     7910       0
                text100                            3C8B     3C8B        3     7916       0
                text99                             3D42     3D42        8     7A84       0
                text98                             3E00     3E00       10     7C00       0
                text97                             2DA0     2DA0       8B     5B40       0
                text96                             1000     1000       24     10CC       0
                text95                             1B33     1B33      23B     3666       0
                text94                             3D84     3D84        B     7B08       0
                text93                             192B     192B      208     3256       0
                text92                             3F9E     3F9E       20     7F3C       0
                text91                             1D6E     1D6E      292     3ADC       0
                text90                             1800     1800        1     280A       0
                text89                             3CC4     3CC4        4     7988       0
                text88                             3110     3110       2C     6220       0
                text87                             31C3     31C3       2F     6386       0
                text86                             3D16     3D16        7     7A2C       0
                text85                             2800     2800        4     4BF8       0
                text84                             3D8F     3D8F        B     7B1E       0
                text83                             3E10     3E10       10     7C20       0
                text82                             3D9A     3D9A        B     7B34       0
                text81                             3C8E     3C8E        3     791C       0
                text80                             3000     3000        5     5EBA       0
                text79                             3D1D     3D1D        7     7A3A       0
                text78                             3D24     3D24        7     7A48       0
                text77                             2000     2000        4     3ADC       0
                text76                              7F6      7F6        A        8       0
                text75                             3028     3028       23     6050       0
                text74                             2EBF     2EBF       9E     5D7E       0
                text73                              800      800        4        8       0
                text72                             2C1C     2C1C       7F     5838       0
                text71                             28BB     28BB       60     5176       0
                text70                             36A2     36A2       54     6D44       0
                text69                             3F46     3F46       1C     7E8C       0
                text68                                2        2        1        0       0
                text67                             374D     374D       59     6E9A       0
                text66                             306E     306E       25     60DC       0
                text65                             3EBE     3EBE       1B     7D7C       0
                text64                             34D6     34D6       44     69AC       0
                text63                             20AF     20AF       C5     415E       0
                text62                             25FC     25FC      204     4BF8       0
                text61                             3563     3563       4F     6AC6       0
                text60                             2ABD     2ABD       71     557A       0
                text59                             2C9B     2C9B       7F     5936       0
                text58                             1024     1024      141     2048       0
                text57                             3FDE     3FDE       22     7FBC       0
                text56                             3093     3093       28     6126       0
                text55                             3FBE     3FBE       20     7F7C       0
                text54                              866      866      79A     10CC       0
                text53                             2F5D     2F5D       A3     5EBA       0
                text52                             285E     285E       5D     50BC       0
                text51                             242F     242F      1CD     485E       0
                text50                             3169     3169       2D     62D2       0
                text49                             2BA1     2BA1       7B     5742       0
                text48                             3F62     3F62       1E     7EC4       0
                text47                             2174     2174       DE     42E8       0
                text46                             3C91     3C91        3     7922       0
                text45                             3D2B     3D2B        7     7A56       0
                text44                             3316     3316       3A     662C       0
                text43                             31F2     31F2       2F     63E4       0
                text42                             3221     3221       2F     6442       0
                text41                             291B     291B       61     5236       0
                text40                             2B2E     2B2E       73     565C       0
                text39                             3280     3280       30     6500       0
                text38                             3D53     3D53        9     7AA6       0
                text37                             3196     3196       2D     632C       0
                text36                             2A4E     2A4E       6F     549C       0
                text35                             3450     3450       43     68A0       0
                text34                              6C4      6C4      132        8       0
                text33                             297C     297C       69     52F8       0
                text32                             2E2B     2E2B       94     5C56       0
                text31                             233E     233E       F1     467C       0
                text30                             3650     3650       52     6CA0       0
                text29                             3493     3493       43     6926       0
                text28                             30BB     30BB       2A     6176       0
                text27                             3ED9     3ED9       1B     7DB2       0
                text26                             3EF4     3EF4       1B     7DE8       0
                text25                             35B2     35B2       4F     6B64       0
                text24                             36F6     36F6       57     6DEC       0
                text23                             3E8A     3E8A       1A     7D14       0
                text22                             3F0F     3F0F       1B     7E1E       0
                text21                             3601     3601       4F     6C02       0
                text20                             30E5     30E5       2B     61CA       0
                text19                             304B     304B       23     6096       0
                text18                             338C     338C       40     6718       0
                text17                             3350     3350       3C     66A0       0
                text16                             32B0     32B0       30     6560       0
                text15                             3DC9     3DC9        D     7B92       0
                text14                             29E5     29E5       69     53CA       0
                text13                             351A     351A       49     6A34       0
                text12                             3D5C     3D5C        9     7AB8       0
                text11                             2004     2004       AB     4008       0
                text10                             1405     1405      3FB     280A       0
                text9                                90       90      634        8       0
                text8                              1165     1165      2A0     22CA       0
                text7                              2D1A     2D1A       86     5A34       0
                text6                              1801     1801      12A     3002       0
                text5                              2804     2804       5A     5008       0
                text4                              3F80     3F80       1E     7F00       0
                text3                               804      804       62     1008       0
                text2                              3EA4     3EA4       1A     7D48       0
                text1                              32E0     32E0       36     65C0       0
                maintext                           2252     2252       EC     44A4       0
                cstackBANK0                          20       20       50       20       1
                cstackCOMMON                         70       70        8       70       1
                cstackBANK1                          A0       A0       50       A0       1
                cstackBANK2                         120      120       50      120       1
                cstackBANK3                         1A0      1A0       42      1A0       1
                cstackBANK4                         220      220       46      220       1
                clrtext                            3CF5     3CF5        6     79EA       0
                inittext                           3CFB     3CFB        6     79F6       0
                bssBANK9                            4A0      4A0       3C      4A0       1
                bssBANK8                            420      420       3C      420       1
                bssBANK7                            3A0      3A0       2E      3A0       1
                bssBANK6                            320      320       50      320       1
                dataBANK5                           2D3      2D3        D      2A0       1
                bssBANK5                            2A0      2A0       33      2A0       1
                bssBANK4                            266      266        9      220       1
                bssBANK3                            1E2      1E2        E      1A0       1
                dataCOMMON                           7D       7D        1       70       1
                bssCOMMON                            78       78        5       70       1
                stringtext15                       38C3     38C3        3     7000       0
                stringtext14                       38BF     38BF        4     7000       0
                stringtext13                       38BB     38BB        4     7000       0
                stringtext12                       38B7     38B7        4     7000       0
                stringtext11                       38B3     38B3        4     7000       0
                stringtext10                       38AA     38AA        9     7000       0
                stringtext9                        38A1     38A1        9     7000       0
                stringtext8                        3898     3898        9     7000       0
                stringtext7                        388D     388D        B     7000       0
                stringtext6                        3881     3881        C     7000       0
                stringtext5                        3830     3830       1F     7000       0
                stringtext4                        3875     3875        C     7000       0
                stringtext3                        3863     3863       12     7000       0
                stringtext2                        384F     384F       14     7000       0
                stringtext1                        3800     3800       30     7000       0
                idataBANK5                         3DD6     3DD6        D     7BAC       0
                idataCOMMON                           3        3        1        6       0

TOTAL           Name                               Link     Load   Length     Space
        CLASS   CODE           
                end_init                             3D       3D        2         0
                cinit                                3F       3F       51         0
                intentry                              4        4       39         0
                reset_vec                             0        0        2         0
                text161                            3C67     3C67        1         0
                text160                            3C94     3C94        4         0
                text159                            3C6A     3C6A        3         0
                text158                            3C6D     3C6D        3         0
                text157                            3C98     3C98        4         0
                text156                            3E31     3E31       14         0
                text155                            3C70     3C70        3         0
                text154                            3C9C     3C9C        4         0
                text153                            3C73     3C73        3         0
                text152                            3CA0     3CA0        4         0
                text151                            3CA4     3CA4        4         0
                text150                            3C76     3C76        3         0
                text149                            3C79     3C79        3         0
                text148                            3CC8     3CC8        5         0
                text147                            3C7C     3C7C        3         0
                text146                            313C     313C       2D         0
                text145                            3CA8     3CA8        4         0
                text144                            3D32     3D32        8         0
                text143                            3D01     3D01        7         0
                text142                            33CC     33CC       41         0
                text141                            3CD7     3CD7        6         0
                text140                            3CDD     3CDD        6         0
                text139                            3D3A     3D3A        8         0
                text138                            3D08     3D08        7         0
                text137                            3005     3005       23         0
                text136                            3CAC     3CAC        4         0
                text135                            3D0F     3D0F        7         0
                text134                            3CCD     3CCD        5         0
                text133                            3CE3     3CE3        6         0
                text132                            340D     340D       43         0
                text131                            3CB0     3CB0        4         0
                text130                            3C68     3C68        1         0
                text129                            3C7F     3C7F        3         0
                text128                            3CB4     3CB4        4         0
                text127                            3D65     3D65        A         0
                text126                            3E20     3E20       11         0
                text125                            3C69     3C69        1         0
                text124                            3DF1     3DF1        F         0
                text122                            3D6F     3D6F        A         0
                text121                            3DA5     3DA5        C         0
                text120                            3DB1     3DB1        C         0
                text119                            3F2A     3F2A       1C         0
                text118                            3DBD     3DBD        C         0
                text117                            3CB8     3CB8        4         0
                text116                            3E45     3E45       16         0
                text115                            3CE9     3CE9        6         0
                text114                            3D79     3D79        B         0
                text113                            3C82     3C82        3         0
                text112                            3CBC     3CBC        4         0
                text111                            37A6     37A6       5A         0
                text110                            3CEF     3CEF        6         0
                text109                            3E5B     3E5B       16         0
                text108                            3CC0     3CC0        4         0
                text107                            3E71     3E71       19         0
                text106                            3D4A     3D4A        9         0
                text105                            3DE3     3DE3        E         0
                text104                            3CD2     3CD2        5         0
                text103                            3250     3250       30         0
                text102                            3C85     3C85        3         0
                text101                            3C88     3C88        3         0
                text100                            3C8B     3C8B        3         0
                text99                             3D42     3D42        8         0
                text98                             3E00     3E00       10         0
                text97                             2DA0     2DA0       8B         0
                text96                             1000     1000       24         0
                text95                             1B33     1B33      23B         0
                text94                             3D84     3D84        B         0
                text93                             192B     192B      208         0
                text92                             3F9E     3F9E       20         0
                text91                             1D6E     1D6E      292         0
                text90                             1800     1800        1         0
                text89                             3CC4     3CC4        4         0
                text88                             3110     3110       2C         0
                text87                             31C3     31C3       2F         0
                text86                             3D16     3D16        7         0
                text85                             2800     2800        4         0
                text84                             3D8F     3D8F        B         0
                text83                             3E10     3E10       10         0
                text82                             3D9A     3D9A        B         0
                text81                             3C8E     3C8E        3         0
                text80                             3000     3000        5         0
                text79                             3D1D     3D1D        7         0
                text78                             3D24     3D24        7         0
                text77                             2000     2000        4         0
                text76                              7F6      7F6        A         0
                text75                             3028     3028       23         0
                text74                             2EBF     2EBF       9E         0
                text73                              800      800        4         0
                text72                             2C1C     2C1C       7F         0
                text71                             28BB     28BB       60         0
                text70                             36A2     36A2       54         0
                text69                             3F46     3F46       1C         0
                text68                                2        2        1         0
                text67                             374D     374D       59         0
                text66                             306E     306E       25         0
                text65                             3EBE     3EBE       1B         0
                text64                             34D6     34D6       44         0
                text63                             20AF     20AF       C5         0
                text62                             25FC     25FC      204         0
                text61                             3563     3563       4F         0
                text60                             2ABD     2ABD       71         0
                text59                             2C9B     2C9B       7F         0
                text58                             1024     1024      141         0
                text57                             3FDE     3FDE       22         0
                text56                             3093     3093       28         0
                text55                             3FBE     3FBE       20         0
                text54                              866      866      79A         0
                text53                             2F5D     2F5D       A3         0
                text52                             285E     285E       5D         0
                text51                             242F     242F      1CD         0
                text50                             3169     3169       2D         0
                text49                             2BA1     2BA1       7B         0
                text48                             3F62     3F62       1E         0
                text47                             2174     2174       DE         0
                text46                             3C91     3C91        3         0
                text45                             3D2B     3D2B        7         0
                text44                             3316     3316       3A         0
                text43                             31F2     31F2       2F         0
                text42                             3221     3221       2F         0
                text41                             291B     291B       61         0
                text40                             2B2E     2B2E       73         0
                text39                             3280     3280       30         0
                text38                             3D53     3D53        9         0
                text37                             3196     3196       2D         0
                text36                             2A4E     2A4E       6F         0
                text35                             3450     3450       43         0
                text34                              6C4      6C4      132         0
                text33                             297C     297C       69         0
                text32                             2E2B     2E2B       94         0
                text31                             233E     233E       F1         0
                text30                             3650     3650       52         0
                text29                             3493     3493       43         0
                text28                             30BB     30BB       2A         0
                text27                             3ED9     3ED9       1B         0
                text26                             3EF4     3EF4       1B         0
                text25                             35B2     35B2       4F         0
                text24                             36F6     36F6       57         0
                text23                             3E8A     3E8A       1A         0
                text22                             3F0F     3F0F       1B         0
                text21                             3601     3601       4F         0
                text20                             30E5     30E5       2B         0
                text19                             304B     304B       23         0
                text18                             338C     338C       40         0
                text17                             3350     3350       3C         0
                text16                             32B0     32B0       30         0
                text15                             3DC9     3DC9        D         0
                text14                             29E5     29E5       69         0
                text13                             351A     351A       49         0
                text12                             3D5C     3D5C        9         0
                text11                             2004     2004       AB         0
                text10                             1405     1405      3FB         0
                text9                                90       90      634         0
                text8                              1165     1165      2A0         0
                text7                              2D1A     2D1A       86         0
                text6                              1801     1801      12A         0
                text5                              2804     2804       5A         0
                text4                              3F80     3F80       1E         0
                text3                               804      804       62         0
                text2                              3EA4     3EA4       1A         0
                text1                              32E0     32E0       36         0
                maintext                           2252     2252       EC         0
                clrtext                            3CF5     3CF5        6         0
                inittext                           3CFB     3CFB        6         0
                idataBANK5                         3DD6     3DD6        D         0
                idataCOMMON                           3        3        1         0

        CLASS   STRCODE        
                stringtext15                       38C3     38C3        3         0
                stringtext14                       38BF     38BF        4         0
                stringtext13                       38BB     38BB        4         0
                stringtext12                       38B7     38B7        4         0
                stringtext11                       38B3     38B3        4         0
                stringtext10                       38AA     38AA        9         0
                stringtext9                        38A1     38A1        9         0
                stringtext8                        3898     3898        9         0
                stringtext7                        388D     388D        B         0
                stringtext6                        3881     3881        C         0
                stringtext5                        3830     3830       1F         0
                stringtext4                        3875     3875        C         0
                stringtext3                        3863     3863       12         0
                stringtext2                        384F     384F       14         0
                stringtext1                        3800     3800       30         0

        CLASS   STRING         

        CLASS   CONST          

        CLASS   ENTRY          

        CLASS   COMMON         
                cstackCOMMON                         70       70        8         1
                dataCOMMON                           7D       7D        1         1
                bssCOMMON                            78       78        5         1

        CLASS   BANK0          
                cstackBANK0                          20       20       50         1

        CLASS   BANK1          
                cstackBANK1                          A0       A0       50         1

        CLASS   BANK2          
                cstackBANK2                         120      120       50         1

        CLASS   BANK3          
                cstackBANK3                         1A0      1A0       42         1
                bssBANK3                            1E2      1E2        E         1

        CLASS   BANK4          
                cstackBANK4                         220      220       46         1
                bssBANK4                            266      266        9         1

        CLASS   BANK5          
                dataBANK5                           2D3      2D3        D         1
                bssBANK5                            2A0      2A0       33         1

        CLASS   BANK6          
                bssBANK6                            320      320       50         1

        CLASS   BANK7          
                bssBANK7                            3A0      3A0       2E         1

        CLASS   BANK8          
                bssBANK8                            420      420       3C         1

        CLASS   BANK9          
                bssBANK9                            4A0      4A0       3C         1

        CLASS   BANK10         

        CLASS   BANK11         

        CLASS   BANK12         

        CLASS   BANK13         

        CLASS   BANK14         

        CLASS   BANK15         

        CLASS   BANK16         

        CLASS   BANK17         

        CLASS   BANK18         

        CLASS   BANK19         

        CLASS   BANK20         

        CLASS   BANK21         

        CLASS   BANK22         

        CLASS   BANK23         

        CLASS   BANK24         

        CLASS   BANK25         

        CLASS   BIGRAM         

        CLASS   RAM            

        CLASS   ABS1           
                abs_s1                               7E       7E        2         1

        CLASS   SFR0           

        CLASS   SFR1           

        CLASS   SFR2           

        CLASS   SFR3           

        CLASS   SFR4           

        CLASS   SFR5           

        CLASS   SFR6           

        CLASS   SFR7           

        CLASS   SFR8           

        CLASS   SFR9           

        CLASS   SFR10          

        CLASS   SFR11          

        CLASS   SFR12          

        CLASS   SFR13          

        CLASS   SFR14          

        CLASS   SFR15          

        CLASS   SFR16          

        CLASS   SFR17          

        CLASS   SFR18          

        CLASS   SFR19          

        CLASS   SFR20          

        CLASS   SFR21          

        CLASS   SFR22          

        CLASS   SFR23          

        CLASS   SFR24          

        CLASS   SFR25          

        CLASS   SFR26          

        CLASS   SFR27          

        CLASS   SFR28          

        CLASS   SFR29          

        CLASS   SFR30          

        CLASS   SFR31          

        CLASS   SFR32          

        CLASS   SFR33          

        CLASS   SFR34          

        CLASS   SFR35          

        CLASS   SFR36          

        CLASS   SFR37          

        CLASS   SFR38          

        CLASS   SFR39          

        CLASS   SFR40          

        CLASS   SFR41          

        CLASS   SFR42          

        CLASS   SFR43          

        CLASS   SFR44          

        CLASS   SFR45          

        CLASS   SFR46          

        CLASS   SFR47          

        CLASS   SFR48          

        CLASS   SFR49          

        CLASS   SFR50          

        CLASS   SFR51          

        CLASS   SFR52          

        CLASS   SFR53          

        CLASS   SFR54          

        CLASS   SFR55          

        CLASS   SFR56          

        CLASS   SFR57          

        CLASS   SFR58          

        CLASS   SFR59          

        CLASS   SFR60          

        CLASS   SFR61          

        CLASS   SFR62          

        CLASS   SFR63          

        CLASS   CONFIG         
                config                             8007     8007        5         4

        CLASS   IDLOC          

        CLASS   EEDATA         

        CLASS   BANK63         

        CLASS   BANK62         

        CLASS   BANK61         

        CLASS   BANK60         

        CLASS   BANK59         

        CLASS   BANK58         

        CLASS   BANK57         

        CLASS   BANK56         

        CLASS   BANK55         

        CLASS   BANK54         

        CLASS   BANK53         

        CLASS   BANK52         

        CLASS   BANK51         

        CLASS   BANK50         

        CLASS   BANK49         

        CLASS   BANK48         

        CLASS   BANK47         

        CLASS   BANK46         

        CLASS   BANK45         

        CLASS   BANK44         

        CLASS   BANK43         

        CLASS   BANK42         

        CLASS   BANK41         

        CLASS   BANK40         

        CLASS   BANK39         

        CLASS   BANK38         

        CLASS   BANK37         

        CLASS   BANK36         

        CLASS   BANK35         

        CLASS   BANK34         

        CLASS   BANK33         

        CLASS   BANK32         

        CLASS   BANK31         

        CLASS   BANK30         

        CLASS   BANK29         

        CLASS   BANK28         

        CLASS   BANK27         

        CLASS   BANK26         

        CLASS   HEAP           

        CLASS   STACK          



SEGMENTS        Name                           Load    Length   Top    Selector   Space  Class     Delta

                reset_vec                      000000  000003  000003         0       0  CODE        2
                idataCOMMON                    000003  000001  000004         6       0  CODE        2
                intentry                       000004  000800  000804         8       0  CODE        2
                cstackBANK0                    000020  000050  000070        20       1  BANK0       1
                cstackCOMMON                   000070  00000E  00007E        70       1  COMMON      1
                cstackBANK1                    0000A0  000050  0000F0        A0       1  BANK1       1
                cstackBANK2                    000120  000050  000170       120       1  BANK2       1
                cstackBANK3                    0001A0  000050  0001F0       1A0       1  BANK3       1
                cstackBANK4                    000220  00004F  00026F       220       1  BANK4       1
                bssBANK5                       0002A0  000040  0002E0       2A0       1  BANK5       1
                bssBANK6                       000320  000050  000370       320       1  BANK6       1
                bssBANK7                       0003A0  00002E  0003CE       3A0       1  BANK7       1
                bssBANK8                       000420  00003C  00045C       420       1  BANK8       1
                bssBANK9                       0004A0  00003C  0004DC       4A0       1  BANK9       1
                text3                          000804  000062  000866      1008       0  CODE        2
                text54                         000866  0007BE  001024      10CC       0  CODE        2
                text58                         001024  000141  001165      2048       0  CODE        2
                text8                          001165  0002A0  001405      22CA       0  CODE        2
                text10                         001405  0003FC  001801      280A       0  CODE        2
                text6                          001801  00012A  00192B      3002       0  CODE        2
                text93                         00192B  000208  001B33      3256       0  CODE        2
                text95                         001B33  00023B  001D6E      3666       0  CODE        2
                text91                         001D6E  000296  002004      3ADC       0  CODE        2
                text11                         002004  0000AB  0020AF      4008       0  CODE        2
                text63                         0020AF  0000C5  002174      415E       0  CODE        2
                text47                         002174  0000DE  002252      42E8       0  CODE        2
                maintext                       002252  0000EC  00233E      44A4       0  CODE        2
                text31                         00233E  0000F1  00242F      467C       0  CODE        2
                text51                         00242F  0001CD  0025FC      485E       0  CODE        2
                text62                         0025FC  000208  002804      4BF8       0  CODE        2
                text5                          002804  00005A  00285E      5008       0  CODE        2
                text52                         00285E  00005D  0028BB      50BC       0  CODE        2
                text71                         0028BB  000060  00291B      5176       0  CODE        2
                text41                         00291B  000061  00297C      5236       0  CODE        2
                text33                         00297C  000069  0029E5      52F8       0  CODE        2
                text14                         0029E5  000069  002A4E      53CA       0  CODE        2
                text36                         002A4E  00006F  002ABD      549C       0  CODE        2
                text60                         002ABD  000071  002B2E      557A       0  CODE        2
                text40                         002B2E  000073  002BA1      565C       0  CODE        2
                text49                         002BA1  00007B  002C1C      5742       0  CODE        2
                text72                         002C1C  00007F  002C9B      5838       0  CODE        2
                text59                         002C9B  00007F  002D1A      5936       0  CODE        2
                text7                          002D1A  000086  002DA0      5A34       0  CODE        2
                text97                         002DA0  00008B  002E2B      5B40       0  CODE        2
                text32                         002E2B  000094  002EBF      5C56       0  CODE        2
                text74                         002EBF  00009E  002F5D      5D7E       0  CODE        2
                text53                         002F5D  0000A8  003005      5EBA       0  CODE        2
                text137                        003005  000023  003028      600A       0  CODE        2
                text75                         003028  000023  00304B      6050       0  CODE        2
                text19                         00304B  000023  00306E      6096       0  CODE        2
                text66                         00306E  000025  003093      60DC       0  CODE        2
                text56                         003093  000028  0030BB      6126       0  CODE        2
                text28                         0030BB  00002A  0030E5      6176       0  CODE        2
                text20                         0030E5  00002B  003110      61CA       0  CODE        2
                text88                         003110  00002C  00313C      6220       0  CODE        2
                text146                        00313C  00002D  003169      6278       0  CODE        2
                text50                         003169  00002D  003196      62D2       0  CODE        2
                text37                         003196  00002D  0031C3      632C       0  CODE        2
                text87                         0031C3  00002F  0031F2      6386       0  CODE        2
                text43                         0031F2  00002F  003221      63E4       0  CODE        2
                text42                         003221  00002F  003250      6442       0  CODE        2
                text103                        003250  000030  003280      64A0       0  CODE        2
                text39                         003280  000030  0032B0      6500       0  CODE        2
                text16                         0032B0  000030  0032E0      6560       0  CODE        2
                text1                          0032E0  000036  003316      65C0       0  CODE        2
                text44                         003316  00003A  003350      662C       0  CODE        2
                text17                         003350  00003C  00338C      66A0       0  CODE        2
                text18                         00338C  000040  0033CC      6718       0  CODE        2
                text142                        0033CC  000041  00340D      6798       0  CODE        2
                text132                        00340D  000043  003450      681A       0  CODE        2
                text35                         003450  000043  003493      68A0       0  CODE        2
                text29                         003493  000043  0034D6      6926       0  CODE        2
                text64                         0034D6  000044  00351A      69AC       0  CODE        2
                text13                         00351A  000049  003563      6A34       0  CODE        2
                text61                         003563  00004F  0035B2      6AC6       0  CODE        2
                text25                         0035B2  00004F  003601      6B64       0  CODE        2
                text21                         003601  00004F  003650      6C02       0  CODE        2
                text30                         003650  000052  0036A2      6CA0       0  CODE        2
                text70                         0036A2  000054  0036F6      6D44       0  CODE        2
                text24                         0036F6  000057  00374D      6DEC       0  CODE        2
                text67                         00374D  000059  0037A6      6E9A       0  CODE        2
                text111                        0037A6  00005A  003800      6F4C       0  CODE        2
                stringtext1                    003800  0000C6  0038C6      7000       0  STRCODE     2
                text161                        003C67  000001  003C68      78CE       0  CODE        2
                text130                        003C68  000001  003C69      78D0       0  CODE        2
                text125                        003C69  000001  003C6A      78D2       0  CODE        2
                text159                        003C6A  000003  003C6D      78D4       0  CODE        2
                text158                        003C6D  000003  003C70      78DA       0  CODE        2
                text155                        003C70  000003  003C73      78E0       0  CODE        2
                text153                        003C73  000003  003C76      78E6       0  CODE        2
                text150                        003C76  000003  003C79      78EC       0  CODE        2
                text149                        003C79  000003  003C7C      78F2       0  CODE        2
                text147                        003C7C  000003  003C7F      78F8       0  CODE        2
                text129                        003C7F  000003  003C82      78FE       0  CODE        2
                text113                        003C82  000003  003C85      7904       0  CODE        2
                text102                        003C85  000003  003C88      790A       0  CODE        2
                text101                        003C88  000003  003C8B      7910       0  CODE        2
                text100                        003C8B  000003  003C8E      7916       0  CODE        2
                text81                         003C8E  000003  003C91      791C       0  CODE        2
                text46                         003C91  000003  003C94      7922       0  CODE        2
                text160                        003C94  000004  003C98      7928       0  CODE        2
                text157                        003C98  000004  003C9C      7930       0  CODE        2
                text154                        003C9C  000004  003CA0      7938       0  CODE        2
                text152                        003CA0  000004  003CA4      7940       0  CODE        2
                text151                        003CA4  000004  003CA8      7948       0  CODE        2
                text145                        003CA8  000004  003CAC      7950       0  CODE        2
                text136                        003CAC  000004  003CB0      7958       0  CODE        2
                text131                        003CB0  000004  003CB4      7960       0  CODE        2
                text128                        003CB4  000004  003CB8      7968       0  CODE        2
                text117                        003CB8  000004  003CBC      7970       0  CODE        2
                text112                        003CBC  000004  003CC0      7978       0  CODE        2
                text108                        003CC0  000004  003CC4      7980       0  CODE        2
                text89                         003CC4  000004  003CC8      7988       0  CODE        2
                text148                        003CC8  000005  003CCD      7990       0  CODE        2
                text134                        003CCD  000005  003CD2      799A       0  CODE        2
                text104                        003CD2  000005  003CD7      79A4       0  CODE        2
                text141                        003CD7  000006  003CDD      79AE       0  CODE        2
                text140                        003CDD  000006  003CE3      79BA       0  CODE        2
                text133                        003CE3  000006  003CE9      79C6       0  CODE        2
                text115                        003CE9  000006  003CEF      79D2       0  CODE        2
                text110                        003CEF  000006  003CF5      79DE       0  CODE        2
                clrtext                        003CF5  000006  003CFB      79EA       0  CODE        2
                inittext                       003CFB  000006  003D01      79F6       0  CODE        2
                text143                        003D01  000007  003D08      7A02       0  CODE        2
                text138                        003D08  000007  003D0F      7A10       0  CODE        2
                text135                        003D0F  000007  003D16      7A1E       0  CODE        2
                text86                         003D16  000007  003D1D      7A2C       0  CODE        2
                text79                         003D1D  000007  003D24      7A3A       0  CODE        2
                text78                         003D24  000007  003D2B      7A48       0  CODE        2
                text45                         003D2B  000007  003D32      7A56       0  CODE        2
                text144                        003D32  000008  003D3A      7A64       0  CODE        2
                text139                        003D3A  000008  003D42      7A74       0  CODE        2
                text99                         003D42  000008  003D4A      7A84       0  CODE        2
                text106                        003D4A  000009  003D53      7A94       0  CODE        2
                text38                         003D53  000009  003D5C      7AA6       0  CODE        2
                text12                         003D5C  000009  003D65      7AB8       0  CODE        2
                text127                        003D65  00000A  003D6F      7ACA       0  CODE        2
                text122                        003D6F  00000A  003D79      7ADE       0  CODE        2
                text114                        003D79  00000B  003D84      7AF2       0  CODE        2
                text94                         003D84  00000B  003D8F      7B08       0  CODE        2
                text84                         003D8F  00000B  003D9A      7B1E       0  CODE        2
                text82                         003D9A  00000B  003DA5      7B34       0  CODE        2
                text121                        003DA5  00000C  003DB1      7B4A       0  CODE        2
                text120                        003DB1  00000C  003DBD      7B62       0  CODE        2
                text118                        003DBD  00000C  003DC9      7B7A       0  CODE        2
                text15                         003DC9  00000D  003DD6      7B92       0  CODE        2
                idataBANK5                     003DD6  00000D  003DE3      7BAC       0  CODE        2
                text105                        003DE3  00000E  003DF1      7BC6       0  CODE        2
                text124                        003DF1  00000F  003E00      7BE2       0  CODE        2
                text98                         003E00  000010  003E10      7C00       0  CODE        2
                text83                         003E10  000010  003E20      7C20       0  CODE        2
                text126                        003E20  000011  003E31      7C40       0  CODE        2
                text156                        003E31  000014  003E45      7C62       0  CODE        2
                text116                        003E45  000016  003E5B      7C8A       0  CODE        2
                text109                        003E5B  000016  003E71      7CB6       0  CODE        2
                text107                        003E71  000019  003E8A      7CE2       0  CODE        2
                text23                         003E8A  00001A  003EA4      7D14       0  CODE        2
                text2                          003EA4  00001A  003EBE      7D48       0  CODE        2
                text65                         003EBE  00001B  003ED9      7D7C       0  CODE        2
                text27                         003ED9  00001B  003EF4      7DB2       0  CODE        2
                text26                         003EF4  00001B  003F0F      7DE8       0  CODE        2
                text22                         003F0F  00001B  003F2A      7E1E       0  CODE        2
                text119                        003F2A  00001C  003F46      7E54       0  CODE        2
                text69                         003F46  00001C  003F62      7E8C       0  CODE        2
                text48                         003F62  00001E  003F80      7EC4       0  CODE        2
                text4                          003F80  00001E  003F9E      7F00       0  CODE        2
                text92                         003F9E  000020  003FBE      7F3C       0  CODE        2
                text55                         003FBE  000020  003FDE      7F7C       0  CODE        2
                text57                         003FDE  000022  004000      7FBC       0  CODE        2


UNUSED ADDRESS RANGES

        Name                Unused          Largest block    Delta
        BANK10           00520-0056F              50           1
        BANK11           005A0-005EF              50           1
        BANK12           00620-0066F              50           1
        BANK13           006A0-006EF              50           1
        BANK14           00720-0076F              50           1
        BANK15           007A0-007EF              50           1
        BANK16           00820-0086F              50           1
        BANK17           008A0-008EF              50           1
        BANK18           00920-0096F              50           1
        BANK19           009A0-009EF              50           1
        BANK20           00A20-00A6F              50           1
        BANK21           00AA0-00AEF              50           1
        BANK22           00B20-00B6F              50           1
        BANK23           00BA0-00BEF              50           1
        BANK24           00C20-00C6F              50           1
        BANK25           00CA0-00CBF              20           1
        BANK4            0026F-0026F               1           1
        BANK5            002E0-002EF              10           1
        BANK7            003CE-003EF              22           1
        BANK8            0045C-0046F              14           1
        BANK9            004DC-004EF              14           1
        BIGRAM           02000-027EF             7F0           1
        CODE             038C6-03C66             3A1           2
        CONST            038C6-03C66             100           2
        EEDATA           0F000-0F0FF             100           2
        ENTRY            038C6-03C66             100           2
        IDLOC            08000-08003               4           2
        RAM              0026F-0026F               1           1
                         002E0-002EF              10
                         003CE-003EF              22
                         0045C-0046F              14
                         004DC-004EF              14
                         00520-0056F              50
                         005A0-005EF              50
                         00620-0066F              50
                         006A0-006EF              50
                         00720-0076F              50
                         007A0-007EF              50
                         00820-0086F              50
                         008A0-008EF              50
                         00920-0096F              50
                         009A0-009EF              50
                         00A20-00A6F              50
                         00AA0-00AEF              50
                         00B20-00B6F              50
                         00BA0-00BEF              50
                         00C20-00C6F              50
                         00CA0-00CBF              20
        SFR0             00000-0001F              20           1
        SFR1             00080-0009F              20           1
        SFR10            00500-0051F              20           1
        SFR11            00580-0059F              20           1
        SFR12            00600-0061F              20           1
        SFR13            00680-0069F              20           1
        SFR14            00700-0071F              20           1
        SFR15            00780-0079F              20           1
        SFR16            00800-0081F              20           1
        SFR17            00880-0089F              20           1
        SFR18            00900-0091F              20           1
        SFR19            00980-0099F              20           1
        SFR2             00100-0011F              20           1
        SFR20            00A00-00A1F              20           1
        SFR21            00A80-00A9F              20           1
        SFR22            00B00-00B1F              20           1
        SFR23            00B80-00B9F              20           1
        SFR24            00C00-00C1F              20           1
        SFR25            00C80-00C9F              20           1
        SFR26            00D00-00D6F              70           1
        SFR27            00D80-00DEF              70           1
        SFR28            00E00-00E6F              70           1
        SFR29            00E80-00EEF              70           1
        SFR3             00180-0019F              20           1
        SFR30            00F00-00F6F              70           1
        SFR31            00F80-00FEF              70           1
        SFR32            01000-0106F              70           1
        SFR33            01080-010EF              70           1
        SFR34            01100-0116F              70           1
        SFR35            01180-011EF              70           1
        SFR36            01200-0126F              70           1
        SFR37            01280-012EF              70           1
        SFR38            01300-0136F              70           1
        SFR39            01380-013EF              70           1
        SFR4             00200-0021F              20           1
        SFR40            01400-0146F              70           1
        SFR41            01480-014EF              70           1
        SFR42            01500-0156F              70           1
        SFR43            01580-015EF              70           1
        SFR44            01600-0166F              70           1
        SFR45            01680-016EF              70           1
        SFR46            01700-0176F              70           1
        SFR47            01780-017EF              70           1
        SFR48            01800-0186F              70           1
        SFR49            01880-018EF              70           1
        SFR5             00280-0029F              20           1
        SFR50            01900-0196F              70           1
        SFR51            01980-019EF              70           1
        SFR52            01A00-01A6F              70           1
        SFR53            01A80-01AEF              70           1
        SFR54            01B00-01B6F              70           1
        SFR55            01B80-01BEF              70           1
        SFR56            01C00-01C6F              70           1
        SFR57            01C80-01CEF              70           1
        SFR58            01D00-01D6F              70           1
        SFR59            01D80-01DEF              70           1
        SFR6             00300-0031F              20           1
        SFR60            01E00-01E6F              70           1
        SFR61            01E80-01EEF              70           1
        SFR62            01F00-01F6F              70           1
        SFR63            01F80-01FEF              70           1
        SFR7             00380-0039F              20           1
        SFR8             00400-0041F              20           1
        SFR9             00480-0049F              20           1
        STRCODE          038C6-03C66             3A1           2
        STRING           038C6-03C66             100           2

                                  Symbol Table

?__Umul8_16                                          cstackCOMMON 00074
?___awdiv                                            cstackCOMMON 00074
?___awmod                                            cstackCOMMON 00074
?___fladd                                            cstackBANK0  00044
?___fldiv                                            cstackBANK0  00058
?___flmul                                            cstackBANK0  0002A
?___flneg                                            cstackCOMMON 00074
?___flsub                                            cstackBANK0  00065
?___fltol                                            cstackBANK0  00058
?___fpclassifyf                                      cstackCOMMON 00074
?___xxtofl                                           cstackCOMMON 00074
?_abs                                                cstackBANK0  00023
?_compensate_humidity                                cstackBANK1  000AD
?_compensate_pressure                                cstackBANK1  000AD
?_compensate_temperature                             cstackBANK1  000AD
?_dtoa                                               cstackBANK0  00034
?_efgtoa                                             cstackBANK1  000B7
?_floorf                                             cstackBANK0  00065
?_labs                                               cstackCOMMON 00074
?_pad                                                cstackBANK0  0002B
?_roundf                                             cstackBANK1  000AD
?_snprintf                                           cstackBANK2  00136
?_sprintf                                            cstackBANK2  00136
?_stoa                                               cstackBANK0  00025
?_strcmp                                             cstackCOMMON 00074
?_strlen                                             cstackCOMMON 00074
?_strncmp                                            cstackBANK0  00020
?_vfpfcnvrt                                          cstackBANK2  00120
?_vfprintf                                           cstackBANK2  00130
?_weather_dev                                        cstackBANK2  00120
EEPROM_Read@address                                  cstackCOMMON 00074
EEPROM_Write@address                                 cstackCOMMON 00074
EEPROM_Write@data                                    cstackCOMMON 00076
EEPROM_Write@globalInterruptBitValue                 cstackCOMMON 00077
EUSART1_FramingErrorCallbackRegister@callbackHandler cstackCOMMON 00074
EUSART1_OverrunErrorCallbackRegister@callbackHandler cstackCOMMON 00074
EUSART1_Write@txData                                 cstackCOMMON 00074
I2C2_CallbackRegister@callbackHandler                cstackCOMMON 00074
I2C2_DataTransmit@data                               cstackCOMMON 00070
I2C2_EVENT_ERROR@retEventState                       cstackCOMMON 00070
I2C2_EVENT_NACK@retEventState                        cstackCOMMON 00070
I2C2_EVENT_RX@retEventState                          cstackCOMMON 00071
I2C2_EVENT_TX@retEventState                          cstackCOMMON 00071
I2C2_Write@address                                   cstackBANK0  00020
I2C2_Write@data                                      cstackBANK0  00022
I2C2_Write@dataLength                                cstackBANK0  00023
I2C2_Write@retStatus                                 cstackCOMMON 00075
I2C2_WriteRead@address                               cstackBANK0  00020
I2C2_WriteRead@readData                              cstackBANK0  00025
I2C2_WriteRead@readLength                            cstackBANK0  00027
I2C2_WriteRead@retStatus                             cstackCOMMON 00075
I2C2_WriteRead@writeData                             cstackBANK0  00022
I2C2_WriteRead@writeLength                           cstackBANK0  00023
INT_SetInterruptHandler@InterruptHandler             cstackCOMMON 00074
NVM_UnlockKeySet@unlockKey                           cstackCOMMON 00074
TMR6_OverflowCallbackRegister@InterruptHandler       cstackCOMMON 00074
_ACTCON                                              (abs)        00214
_ANSELA                                              (abs)        01E8C
_ANSELB                                              (abs)        01E96
_ANSELC                                              (abs)        01EA0
_ANSELD                                              (abs)        01EAA
_ANSELDbits                                          (abs)        01EAA
_ANSELE                                              (abs)        01EB4
_BAUD1CON                                            (abs)        00612
_BAUD1CONbits                                        (abs)        00612
_CLOCK_Initialize                                    text122      03D6F
_EEPROM_Read                                         text106      03D4A
_EEPROM_Write                                        text2        03EA4
_EUSART1_AutoBaudQuery                               (abs)        00000
_EUSART1_AutoBaudSet                                 (abs)        00000
_EUSART1_DefaultFramingErrorCallback                 text90       01800
_EUSART1_DefaultOverrunErrorCallback                 text89       03CC4
_EUSART1_Deinitialize                                (abs)        00000
_EUSART1_Enable                                      text102      03C85
_EUSART1_ErrorGet                                    (abs)        00000
_EUSART1_FramingErrorCallbackRegister                text121      03DA5
_EUSART1_FramingErrorHandler                         bssBANK4     0026A
_EUSART1_Initialize                                  text119      03F2A
_EUSART1_IsRxReady                                   text86       03D16
_EUSART1_IsTxDone                                    text85       02800
_EUSART1_IsTxReady                                   (abs)        00000
_EUSART1_OverrunErrorCallbackRegister                text120      03DB1
_EUSART1_OverrunErrorHandler                         bssBANK4     00268
_EUSART1_Read                                        text88       03110
_EUSART1_ReceiveEnable                               text101      03C88
_EUSART1_TransmitDisable                             (abs)        00000
_EUSART1_TransmitEnable                              text100      03C8B
_EUSART1_Write                                       text73       00800
_I2C2_AckSend                                        text154      03C9C
_I2C2_BusReset                                       text160      03C94
_I2C2_Callback                                       bssBANK5     002D1
_I2C2_CallbackRegister                               text118      03DBD
_I2C2_Close                                          text156      03E31
_I2C2_DataReceive                                    text153      03C73
_I2C2_DataTransmit                                   text148      03CC8
_I2C2_DefaultCallback                                text161      03C67
_I2C2_Deinitialize                                   (abs)        00000
_I2C2_ERROR_ISR                                      text136      03CAC
_I2C2_EVENT_ERROR                                    text140      03CDD
_I2C2_EVENT_IDLE                                     text145      03CA8
_I2C2_EVENT_NACK                                     text141      03CD7
_I2C2_EVENT_RESET                                    text138      03D08
_I2C2_EVENT_RX                                       text142      033CC
_I2C2_EVENT_SEND_RD_ADDR                             text144      03D32
_I2C2_EVENT_SEND_WR_ADDR                             text143      03D01
_I2C2_EVENT_STOP                                     text139      03D3A
_I2C2_EVENT_TX                                       text146      0313C
_I2C2_ErrorEventHandler                              text137      03005
_I2C2_ErrorGet                                       (abs)        00000
_I2C2_ErrorInterruptClear                            text159      03C6A
_I2C2_EventHandler                                   text132      0340D
_I2C2_ISR                                            text131      03CB0
_I2C2_Initialize                                     text116      03E45
_I2C2_InterruptClear                                 text158      03C6D
_I2C2_InterruptsEnable                               text117      03CB8
_I2C2_IsAddr                                         text135      03D0F
_I2C2_IsBusy                                         text83       03E10
_I2C2_IsBusy$720                                     cstackCOMMON 00074
_I2C2_IsData                                         text134      03CCD
_I2C2_IsNack                                         text133      03CE3
_I2C2_IsRxBufFull                                    text152      03CA0
_I2C2_NackSend                                       text151      03CA4
_I2C2_Read                                           (abs)        00000
_I2C2_ReceiveEnable                                  text150      03C76
_I2C2_RestartDisable                                 text149      03C79
_I2C2_RestartEnable                                  text147      03C7C
_I2C2_StartSend                                      text46       03C91
_I2C2_StatusFlagsClear                               text157      03C98
_I2C2_StopSend                                       text155      03C70
_I2C2_Write                                          text37       03196
_I2C2_WriteRead                                      text44       03316
_I2C2_WriteStart                                     text45       03D2B
_INLVLA                                              (abs)        01E90
_INLVLB                                              (abs)        01E9A
_INLVLC                                              (abs)        01EA4
_INLVLD                                              (abs)        01EAE
_INLVLE                                              (abs)        01EB8
_INTCONbits                                          (abs)        0000B
_INTERRUPT_Initialize                                text114      03D79
_INTERRUPT_InterruptManager                          intentry     00004
_INT_DefaultInterruptHandler                         (abs)        00000
_INT_InterruptHandler                                bssBANK4     0026C
_INT_SetInterruptHandler                             text115      03CE9
_IOCAF                                               (abs)        01E93
_IOCAN                                               (abs)        01E92
_IOCAP                                               (abs)        01E91
_IOCBF                                               (abs)        01E9D
_IOCBN                                               (abs)        01E9C
_IOCBP                                               (abs)        01E9B
_IOCCF                                               (abs)        01EA7
_IOCCN                                               (abs)        01EA6
_IOCCP                                               (abs)        01EA5
_IOCEF                                               (abs)        01EBB
[...]
set_filter_standby_settings@reg_addr                 cstackBANK0  0005A
set_filter_standby_settings@reg_data                 cstackBANK0  0005B
set_filter_standby_settings@rslt                     cstackBANK0  00059
set_filter_standby_settings@settings                 cstackBANK0  00054
set_osr_humidity_settings@ctrl_hum                   cstackBANK0  00058
set_osr_humidity_settings@ctrl_meas                  cstackBANK0  00059
set_osr_humidity_settings@dev                        cstackBANK0  00056
set_osr_humidity_settings@reg_addr                   cstackBANK0  0005B
set_osr_humidity_settings@rslt                       cstackBANK0  0005A
set_osr_humidity_settings@settings                   cstackBANK0  00054
set_osr_press_temp_settings@desired_settings         cstackBANK0  00058
set_osr_press_temp_settings@dev                      cstackBANK0  00056
set_osr_press_temp_settings@reg_addr                 cstackBANK0  0005A
set_osr_press_temp_settings@reg_data                 cstackBANK0  0005B
set_osr_press_temp_settings@rslt                     cstackBANK0  00059
set_osr_press_temp_settings@settings                 cstackBANK0  00054
set_osr_settings@desired_settings                    cstackBANK0  00061
set_osr_settings@dev                                 cstackBANK0  0005E
set_osr_settings@rslt                                cstackBANK0  00060
set_osr_settings@settings                            cstackBANK0  0005C
snprintf@ap                                          cstackBANK2  00147
snprintf@cnt                                         cstackBANK2  00148
snprintf@f                                           cstackBANK2  0014A
snprintf@fmt                                         cstackBANK2  0013A
snprintf@n                                           cstackBANK2  00138
snprintf@s                                           cstackBANK2  00136
sprintf@ap                                           cstackBANK2  00144
sprintf@f                                            cstackBANK2  00145
sprintf@fmt                                          cstackBANK2  00136
sprintf@s                                            cstackBANK2  00143
start                                                init         0003D
start_initialization                                 cinit        0003F
stoa@F1180                                           dataBANK5    002D3
stoa@cp                                              cstackBANK0  00035
stoa@fp                                              cstackBANK0  00034
stoa@i                                               cstackBANK0  00032
stoa@l                                               cstackBANK0  00039
stoa@nuls                                            cstackBANK0  00029
stoa@p                                               cstackBANK0  00037
stoa@s                                               cstackBANK0  00025
stoa@w                                               cstackBANK0  00030
strcmp@l                                             cstackCOMMON 00074
strcmp@r                                             cstackCOMMON 00076
strcpy@d                                             cstackBANK0  00022
strcpy@dest                                          cstackBANK0  00023
strcpy@s                                             cstackBANK0  00020
strcpy@src                                           cstackCOMMON 00074
strlen@a                                             cstackBANK0  00020
strlen@s                                             cstackCOMMON 00074
strncmp@_l                                           cstackBANK0  00020
strncmp@_r                                           cstackBANK0  00022
strncmp@l                                            cstackBANK0  00026
strncmp@n                                            cstackBANK0  00024
strncmp@r                                            cstackBANK0  00028
timeout_wait@StatusHandler                           cstackCOMMON 00075
vfpfcnvrt@ap                                         cstackBANK2  00121
vfpfcnvrt@c                                          cstackBANK2  0012C
vfpfcnvrt@convarg                                    cstackBANK2  00128
vfpfcnvrt@cp                                         cstackBANK2  0012E
vfpfcnvrt@fmt                                        cstackBANK2  00120
vfpfcnvrt@fp                                         cstackBANK2  0012D
vfprintf@ap                                          cstackBANK2  00132
vfprintf@cfmt                                        cstackBANK2  00134
vfprintf@fmt                                         cstackBANK2  00130
vfprintf@fp                                          cstackBANK2  00133
weather_dev@dev                                      cstackBANK3  001A5
weather_dev@settings                                 cstackBANK3  001A0
weather_is_measurement_done@dev                      cstackBANK0  00040
weather_is_measurement_done@status_reg               cstackBANK0  00041
weather_read@dev                                     cstackBANK1  000EC
weather_read@rslt                                    cstackBANK1  000ED
weather_read@weather                                 cstackBANK1  000E9
write_eeprom@address                                 cstackBANK0  00020
write_eeprom@data                                    cstackBANK0  00022
write_eeprom@i                                       cstackBANK0  00027
write_eeprom@size                                    cstackBANK0  00024
write_power_mode@dev                                 cstackBANK0  00054
write_power_mode@reg_addr                            cstackBANK0  00059
write_power_mode@rslt                                cstackBANK0  00058
write_power_mode@sensor_mode                         cstackBANK0  00057
write_power_mode@sensor_mode_reg_val                 cstackBANK0  0005A
wtemp0                                               (abs)        0007E


MODULE INFORMATION

Module		Function		Class		Link	Load	Size
C:\Program Files\Microchip\xc8\v2.41\pic\sources\c99\common\__fpclassifyf.c
		___fpclassifyf 		CODE           	2C9B	0000	127

C:\Program Files\Microchip\xc8\v2.41\pic\sources\c99\common\__fpclassifyf.c estimated size: 127

C:\Program Files\Microchip\xc8\v2.41\pic\sources\c99\common\awmod.c
		___awmod       		CODE           	36A2	0000	84

C:\Program Files\Microchip\xc8\v2.41\pic\sources\c99\common\awmod.c estimated size: 84

C:\Program Files\Microchip\xc8\v2.41\pic\sources\c99\common\floorf.c
		_floorf        		CODE           	1024	0000	321

C:\Program Files\Microchip\xc8\v2.41\pic\sources\c99\common\floorf.c estimated size: 321

C:\Program Files\Microchip\xc8\v2.41\pic\sources\c99\common\roundf.c
		_roundf        		CODE           	1D6E	0000	658

C:\Program Files\Microchip\xc8\v2.41\pic\sources\c99\common\roundf.c estimated size: 658

C:\Program Files\Microchip\xc8\v2.41\pic\sources\c99\common\flge.c
		___flge        		CODE           	2DA0	0000	139

C:\Program Files\Microchip\xc8\v2.41\pic\sources\c99\common\flge.c estimated size: 139

C:\Program Files\Microchip\xc8\v2.41\pic\sources\c99\common\Umul8_16.c
		__Umul8_16     		CODE           	1000	0000	36

C:\Program Files\Microchip\xc8\v2.41\pic\sources\c99\common\Umul8_16.c estimated size: 36

weather.c
		_bme280_i2c_read		CODE           	31F2	0000	47
		_bme280_delay_us		CODE           	3D53	0000	9
		_bme280_i2c_write		CODE           	2A4E	0000	111
		_weather_dev   		CODE           	351A	0000	73
		_weather_read  		CODE           	0804	0000	98
		_weather_init  		CODE           	3D5C	0000	9
		_weather_is_measurement_done		CODE           	3F80	0000	30

weather.c estimated size: 377

C:\Program Files\Microchip\xc8\v2.41\pic\sources\c99\common\fltol.c
		___fltol       		CODE           	2ABD	0000	113

C:\Program Files\Microchip\xc8\v2.41\pic\sources\c99\common\fltol.c estimated size: 113

C:\Program Files\Microchip\xc8\v2.41\pic\sources\c99\common\xxtofl.c
		___xxtofl      		CODE           	2004	0000	171

C:\Program Files\Microchip\xc8\v2.41\pic\sources\c99\common\xxtofl.c estimated size: 171

mcc_generated_files/system/src/watchdog.c
		_WDT_Initialize		CODE           	3CC0	0000	4

mcc_generated_files/system/src/watchdog.c estimated size: 4

C:\Program Files\Microchip\xc8\v2.41\pic\sources\c99\common\strlen.c
		_strlen        		CODE           	3EBE	0000	27

C:\Program Files\Microchip\xc8\v2.41\pic\sources\c99\common\strlen.c estimated size: 27

C:\Program Files\Microchip\xc8\v2.41\pic\sources\c99\common\nf_fputc.c
		_fputc         		CODE           	374D	0000	89

C:\Program Files\Microchip\xc8\v2.41\pic\sources\c99\common\nf_fputc.c estimated size: 89

C:\Program Files\Microchip\xc8\v2.41\pic\sources\c99\common\strcmp.c
		_strcmp        		CODE           	31C3	0000	47

C:\Program Files\Microchip\xc8\v2.41\pic\sources\c99\common\strcmp.c estimated size: 47

C:\Program Files\Microchip\xc8\v2.41\pic\sources\c99\common\strcpy.c
		_strcpy        		CODE           	3FBE	0000	32

C:\Program Files\Microchip\xc8\v2.41\pic\sources\c99\common\strcpy.c estimated size: 32

C:\Program Files\Microchip\xc8\v2.41\pic\sources\c99\common\nf_sprintf.c
		_sprintf       		CODE           	3F62	0000	30

C:\Program Files\Microchip\xc8\v2.41\pic\sources\c99\common\nf_sprintf.c estimated size: 30

bme280.c
		_compensate_temperature		CODE           	1165	0000	672
		_bme280_get_sensor_data		CODE           	2804	0000	90
		_fill_filter_settings		CODE           	3ED9	0000	27
		_parse_device_settings		CODE           	2B2E	0000	115
		_compensate_humidity		CODE           	1405	0000	1019
		_fill_osr_temp_settings		CODE           	3F0F	0000	27
		_fill_standby_settings		CODE           	3EF4	0000	27
		_bme280_get_regs		CODE           	291B	0000	97
		_bme280_set_regs		CODE           	06C4	0000	306
		_reload_device_settings		CODE           	304B	0000	35
		_fill_osr_press_settings		CODE           	3E8A	0000	26
		_bme280_get_sensor_mode		CODE           	30BB	0000	42
		_bme280_set_sensor_mode		CODE           	32B0	0000	48
		_put_device_to_sleep		CODE           	338C	0000	64
		_compensate_pressure		CODE           	0090	0000	1588
		_set_filter_standby_settings		CODE           	35B2	0000	79
		_get_calib_data		CODE           	3650	0000	82
		_write_power_mode		CODE           	3350	0000	60
		_set_osr_press_temp_settings		CODE           	3601	0000	79
		_parse_sensor_data		CODE           	1801	0000	298
		_set_osr_humidity_settings		CODE           	36F6	0000	87
		_parse_humidity_calib_data		CODE           	2E2B	0000	148
		_bme280_init   		CODE           	3493	0000	67
		_null_ptr_check		CODE           	3221	0000	47
		_interleave_reg_addr		CODE           	3450	0000	67
		_bme280_get_sensor_settings		CODE           	3280	0000	48
		_bme280_set_sensor_settings		CODE           	29E5	0000	105
		_are_settings_changed		CODE           	3DC9	0000	13
		_bme280_compensate_data		CODE           	2D1A	0000	134
		_set_osr_settings		CODE           	30E5	0000	43
		_parse_temp_press_calib_data		CODE           	233E	0000	241
		_bme280_soft_reset		CODE           	297C	0000	105

bme280.c estimated size: 5886

C:\Program Files\Microchip\xc8\v2.41\pic\sources\c99\common\sprcadd.c
		___flsub       		CODE           	3F9E	0000	32
		___fladd       		CODE           	192B	0000	520

C:\Program Files\Microchip\xc8\v2.41\pic\sources\c99\common\sprcadd.c estimated size: 552

mcc_generated_files/system/src/interrupt.c
		_INT_SetInterruptHandler		CODE           	3CE9	0000	6
		_INTERRUPT_Initialize		CODE           	3D79	0000	11
		_INTERRUPT_InterruptManager		CODE           	0004	0000	57

mcc_generated_files/system/src/interrupt.c estimated size: 74

C:\Program Files\Microchip\xc8\v2.41\pic\sources\c99\common\awdiv.c
		___awdiv       		CODE           	28BB	0000	96

C:\Program Files\Microchip\xc8\v2.41\pic\sources\c99\common\awdiv.c estimated size: 96

C:\Program Files\Microchip\xc8\v2.41\pic\sources\c99\common\abs.c
		_abs           		CODE           	3F46	0000	28

C:\Program Files\Microchip\xc8\v2.41\pic\sources\c99\common\abs.c estimated size: 28

C:\Program Files\Microchip\xc8\v2.41\pic\sources\c99\common\doprnt.c
		_vfpfcnvrt     		CODE           	242F	0000	461
		_efgtoa        		CODE           	0866	0000	1946
		_pad           		CODE           	34D6	0000	68
		_dtoa          		CODE           	20AF	0000	197
		_vfprintf      		CODE           	3169	0000	45
		_stoa          		CODE           	2F5D	0000	163

C:\Program Files\Microchip\xc8\v2.41\pic\sources\c99\common\doprnt.c estimated size: 2880

timeout.c
		_timer_increment		CODE           	3E20	0000	17
		_timeout_wait  		CODE           	3028	0000	35
		_timeout_init  		CODE           	3D42	0000	8
		_timeout_stop  		CODE           	2000	0000	4
		_timeout_start 		CODE           	3D1D	0000	7
		_timeot_reset  		CODE           	3000	0000	5
		_timeout_timed_out		CODE           	07F6	0000	10

timeout.c estimated size: 86

C:\Program Files\Microchip\xc8\v2.41\pic\sources\c99\common\flneg.c
		___flneg       		CODE           	3D84	0000	11

C:\Program Files\Microchip\xc8\v2.41\pic\sources\c99\common\flneg.c estimated size: 11

C:\Program Files\Microchip\xc8\v2.41\pic\sources\c99\common\fleq.c
		___fleq        		CODE           	3563	0000	79

C:\Program Files\Microchip\xc8\v2.41\pic\sources\c99\common\fleq.c estimated size: 79

mcc_generated_files/nvm/src/nvm.c
		_NVM_UnlockKeySet		CODE           	3CD2	0000	5
		_NVM_Initialize		CODE           	3CBC	0000	4
		_EEPROM_Read   		CODE           	3D4A	0000	9
		_EEPROM_Write  		CODE           	3EA4	0000	26
		_NVM_StatusClear		CODE           	3C82	0000	3
		_NVM_IsBusy    		CODE           	3DE3	0000	14

mcc_generated_files/nvm/src/nvm.c estimated size: 61

mcc_generated_files/system/src/pins.c
		_PIN_MANAGER_Initialize		CODE           	37A6	0000	90
		_PIN_MANAGER_IOC		CODE           	3C68	0000	1

mcc_generated_files/system/src/pins.c estimated size: 91

shared
		i1_timeout_timed_out		CODE           	3D65	0000	10
		__initialization		CODE           	003F	0000	77
		_UART1         		STRCODE        	0000	0000	0
		_I2C2_Host     		STRCODE        	0000	0000	0
		_toint         		STRCODE        	0000	0000	0
		_i2c2_eventTable		STRCODE        	3863	0000	18
		_TimeoutTimer  		STRCODE        	0000	0000	0
		i1_timeout_stop		CODE           	3CB4	0000	4
		i1_TMR6_Stop   		CODE           	3C7F	0000	3

shared estimated size: 112

mcc_generated_files/timer/src/tmr6.c
		_TMR6_ISR      		CODE           	3DF1	0000	15
		_TMR6_Initialize		CODE           	3E5B	0000	22
		_TMR6_Stop     		CODE           	3D24	0000	7
		_TMR6_Start    		CODE           	3C8E	0000	3
		_TMR6_OverflowCallbackRegister		CODE           	3CEF	0000	6
		_TMR6_DefaultOverflowCallback		CODE           	3C69	0000	1

mcc_generated_files/timer/src/tmr6.c estimated size: 54

C:\Program Files\Microchip\xc8\v2.41\pic\sources\c99\common\memcpy.c
		_memcpy        		CODE           	3093	0000	40

C:\Program Files\Microchip\xc8\v2.41\pic\sources\c99\common\memcpy.c estimated size: 40

rylr998.c
		_rylr998_read  		CODE           	2EBF	0000	158
		_rylr998_send  		CODE           	2174	0000	222
		_rylr998_init  		CODE           	3E00	0000	16
		_rylr998_write 		CODE           	2C1C	0000	127
		_rylr998_rx_busy		CODE           	3D9A	0000	11
		_rylr998_tx_busy		CODE           	3D8F	0000	11

rylr998.c estimated size: 545

C:\Program Files\Microchip\xc8\v2.41\pic\sources\c99\common\putch.c
		_putch         		CODE           	0002	0000	1

C:\Program Files\Microchip\xc8\v2.41\pic\sources\c99\common\putch.c estimated size: 1

C:\Program Files\Microchip\xc8\v2.41\pic\sources\c99\common\nf_fputs.c
		_fputs         		CODE           	306E	0000	37

C:\Program Files\Microchip\xc8\v2.41\pic\sources\c99\common\nf_fputs.c estimated size: 37

mcc_generated_files/system/src/clock.c
		_CLOCK_Initialize		CODE           	3D6F	0000	10

mcc_generated_files/system/src/clock.c estimated size: 10

mcc_generated_files/i2c_host/src/mssp2.c
		_I2C2_DefaultCallback		CODE           	3C67	0000	1
		_I2C2_WriteRead		CODE           	3316	0000	58
		_I2C2_StartSend		CODE           	3C91	0000	3
		_I2C2_EVENT_SEND_WR_ADDR		CODE           	3D01	0000	7
		_I2C2_NackSend 		CODE           	3CA4	0000	4
		_I2C2_ErrorEventHandler		CODE           	3005	0000	35
		_I2C2_CallbackRegister		CODE           	3DBD	0000	12
		_I2C2_EVENT_RESET		CODE           	3D08	0000	7
		_I2C2_EVENT_ERROR		CODE           	3CDD	0000	6
		_I2C2_ErrorInterruptClear		CODE           	3C6A	0000	3
		_I2C2_StatusFlagsClear		CODE           	3C98	0000	4
		_I2C2_InterruptsEnable		CODE           	3CB8	0000	4
		_I2C2_InterruptClear		CODE           	3C6D	0000	3
		_I2C2_WriteStart		CODE           	3D2B	0000	7
		_I2C2_EVENT_RX 		CODE           	33CC	0000	65
		_I2C2_EVENT_TX 		CODE           	313C	0000	45
		_I2C2_ReceiveEnable		CODE           	3C76	0000	3
		_I2C2_RestartEnable		CODE           	3C7C	0000	3
		_I2C2_ISR      		CODE           	3CB0	0000	4
		_I2C2_EventHandler		CODE           	340D	0000	67
		_I2C2_DataReceive		CODE           	3C73	0000	3
		_I2C2_IsData   		CODE           	3CCD	0000	5
		_I2C2_IsNack   		CODE           	3CE3	0000	6
		_I2C2_IsAddr   		CODE           	3D0F	0000	7
		_I2C2_IsBusy   		CODE           	3E10	0000	16
		_I2C2_EVENT_IDLE		CODE           	3CA8	0000	4
		_I2C2_EVENT_NACK		CODE           	3CD7	0000	6
		_I2C2_EVENT_SEND_RD_ADDR		CODE           	3D32	0000	8
		_I2C2_EVENT_STOP		CODE           	3D3A	0000	8
		_I2C2_BusReset 		CODE           	3C94	0000	4
		_I2C2_Initialize		CODE           	3E45	0000	22
		_I2C2_Close    		CODE           	3E31	0000	20
		_I2C2_ERROR_ISR		CODE           	3CAC	0000	4
		_I2C2_IsRxBufFull		CODE           	3CA0	0000	4
		_I2C2_Write    		CODE           	3196	0000	45
		_I2C2_StopSend 		CODE           	3C70	0000	3
		_I2C2_RestartDisable		CODE           	3C79	0000	3
		_I2C2_DataTransmit		CODE           	3CC8	0000	5
		_I2C2_AckSend  		CODE           	3C9C	0000	4

mcc_generated_files/i2c_host/src/mssp2.c estimated size: 518

C:\Program Files\Microchip\xc8\v2.41\pic\sources\c99\common\labs.c
		_labs          		CODE           	3FDE	0000	34

C:\Program Files\Microchip\xc8\v2.41\pic\sources\c99\common\labs.c estimated size: 34

main.c
		_main          		CODE           	2252	0000	236
		_read_eeprom   		CODE           	3250	0000	48
		_write_eeprom  		CODE           	32E0	0000	54

main.c estimated size: 338

C:\Program Files\Microchip\xc8\v2.41\pic\sources\c99\common\strncmp.c
		_strncmp       		CODE           	285E	0000	93

C:\Program Files\Microchip\xc8\v2.41\pic\sources\c99\common\strncmp.c estimated size: 93

mcc_generated_files/uart/src/eusart1.c
		_EUSART1_Initialize		CODE           	3F2A	0000	28
		_EUSART1_DefaultFramingErrorCallback		CODE           	1800	0000	1
		_EUSART1_Read  		CODE           	3110	0000	44
		_EUSART1_ReceiveEnable		CODE           	3C88	0000	3
		_EUSART1_IsTxDone		CODE           	2800	0000	4
		_EUSART1_Write 		CODE           	0800	0000	4
		_EUSART1_TransmitEnable		CODE           	3C8B	0000	3
		_EUSART1_Enable		CODE           	3C85	0000	3
		_EUSART1_FramingErrorCallbackRegister		CODE           	3DA5	0000	12
		_EUSART1_IsRxReady		CODE           	3D16	0000	7
		_EUSART1_OverrunErrorCallbackRegister		CODE           	3DB1	0000	12
		_EUSART1_DefaultOverrunErrorCallback		CODE           	3CC4	0000	4

mcc_generated_files/uart/src/eusart1.c estimated size: 125

C:\Program Files\Microchip\xc8\v2.41\pic\sources\c99\common\sprcmul.c
		___flmul       		CODE           	1B33	0000	571

C:\Program Files\Microchip\xc8\v2.41\pic\sources\c99\common\sprcmul.c estimated size: 571

mcc_generated_files/system/src/system.c
		_SYSTEM_Initialize		CODE           	3E71	0000	25

mcc_generated_files/system/src/system.c estimated size: 25

C:\Program Files\Microchip\xc8\v2.41\pic\sources\c99\common\sprcdiv.c
		___fldiv       		CODE           	25FC	0000	516

C:\Program Files\Microchip\xc8\v2.41\pic\sources\c99\common\sprcdiv.c estimated size: 516

C:\Program Files\Microchip\xc8\v2.41\pic\sources\c99\common\nf_snprintf.c
		_snprintf      		CODE           	2BA1	0000	123

C:\Program Files\Microchip\xc8\v2.41\pic\sources\c99\common\nf_snprintf.c estimated size: 123

