Microchip MPLAB XC8 Compiler V2.41

Linker command line:

-W-3 \
  --edf=C:/Program Files/Microchip/MPLABX/v6.10/packs/Microchip/PIC16F1xxxx_DFP/1.18.352/xc8\pic\dat\20230322162823_en.msgs \
  -cn -h+dist/default/production\Third.X.production.sym \
  --cmf=dist/default/production\Third.X.production.cmf -z -Q16F18076 \
  -oC:\Users\zmiller\AppData\Local\Temp\xcAse58.\driver_tmp_3.o \
  --defsym=__MPLAB_BUILD=1 --fixupoverflow=error \
  -Mdist/default/production/Third.X.production.map \
  --md=C:\Users\zmiller\AppData\Local\Temp\xcAse58.\driver_tmp_0.dat -E1 \
  -ver=XC8 Compiler --acfsm=1493 -AHEAP=02352h-027EFh -pheap=HEAP \
  -ACODE=00h-07FFhx8 -ASTRCODE=00h-03FFFh -ASTRING=00h-0FFhx64 \
  -ACONST=00h-0FFhx64 -AENTRY=00h-0FFhx64 -ACOMMON=070h-07Fh \
  -ABANK0=020h-06Fh -ABANK1=0A0h-0EFh -ABANK2=0120h-016Fh \
  -ABANK3=01A0h-01EFh -ABANK4=0220h-026Fh -ABANK5=02A0h-02EFh \
  -ABANK6=0320h-036Fh -ABANK7=03A0h-03EFh -ABANK8=0420h-046Fh \
  -ABANK9=04A0h-04EFh -ABANK10=0520h-056Fh -ABANK11=05A0h-05EFh \
  -ABANK12=0620h-066Fh -ABANK13=06A0h-06EFh -ABANK14=0720h-076Fh \
  -ABANK15=07A0h-07EFh -ABANK16=0820h-086Fh -ABANK17=08A0h-08EFh \
  -ABANK18=0920h-096Fh -ABANK19=09A0h-09EFh -ABANK20=0A20h-0A6Fh \
  -ABANK21=0AA0h-0AEFh -ABANK22=0B20h-0B6Fh -ABANK23=0BA0h-0BEFh \
  -ABANK24=0C20h-0C6Fh -ABANK25=0CA0h-0CBFh -ABIGRAM=02000h-027EFh \
  -ARAM=020h-06Fh,0A0h-0EFh,0120h-016Fh,01A0h-01EFh,0220h-026Fh,02A0h-02EFh,0320h-036Fh,03A0h-03EFh,0420h-046Fh,04A0h-04EFh,0520h-056Fh,05A0h-05EFh,0620h-066Fh,06A0h-06EFh,0720h-076Fh,07A0h-07EFh,0820h-086Fh,08A0h-08EFh,0920h-096Fh,09A0h-09EFh,0A20h-0A6Fh,0AA0h-0AEFh,0B20h-0B6Fh,0BA0h-0BEFh,0C20h-0C6Fh,0CA0h-0CBFh \
  -AABS1=020h-07Fh,0A0h-0EFh,0120h-016Fh,01A0h-01EFh,0220h-026Fh,02A0h-02EFh,0320h-036Fh,03A0h-03EFh,0420h-046Fh,04A0h-04EFh,0520h-056Fh,05A0h-05EFh,0620h-066Fh,06A0h-06EFh,0720h-076Fh,07A0h-07EFh,0820h-086Fh,08A0h-08EFh,0920h-096Fh,09A0h-09EFh,0A20h-0A6Fh,0AA0h-0AEFh,0B20h-0B6Fh,0BA0h-0BEFh,0C20h-0C6Fh,0CA0h-0CBFh \
  -ASFR0=00h-01Fh -ASFR1=080h-09Fh -ASFR2=0100h-011Fh -ASFR3=0180h-019Fh \
  -ASFR4=0200h-021Fh -ASFR5=0280h-029Fh -ASFR6=0300h-031Fh \
  -ASFR7=0380h-039Fh -ASFR8=0400h-041Fh -ASFR9=0480h-049Fh \
  -ASFR10=0500h-051Fh -ASFR11=0580h-059Fh -ASFR12=0600h-061Fh \
  -ASFR13=0680h-069Fh -ASFR14=0700h-071Fh -ASFR15=0780h-079Fh \
  -ASFR16=0800h-081Fh -ASFR17=0880h-089Fh -ASFR18=0900h-091Fh \
  -ASFR19=0980h-099Fh -ASFR20=0A00h-0A1Fh -ASFR21=0A80h-0A9Fh \
  -ASFR22=0B00h-0B1Fh -ASFR23=0B80h-0B9Fh -ASFR24=0C00h-0C1Fh \
  -ASFR25=0C80h-0C9Fh -ASFR26=0D00h-0D6Fh -ASFR27=0D80h-0DEFh \
  -ASFR28=0E00h-0E6Fh -ASFR29=0E80h-0EEFh -ASFR30=0F00h-0F6Fh \
  -ASFR31=0F80h-0FEFh -ASFR32=01000h-0106Fh -ASFR33=01080h-010EFh \
  -ASFR34=01100h-0116Fh -ASFR35=01180h-011EFh -ASFR36=01200h-0126Fh \
  -ASFR37=01280h-012EFh -ASFR38=01300h-0136Fh -ASFR39=01380h-013EFh \
  -ASFR40=01400h-0146Fh -ASFR41=01480h-014EFh -ASFR42=01500h-0156Fh \
  -ASFR43=01580h-015EFh -ASFR44=01600h-0166Fh -ASFR45=01680h-016EFh \
  -ASFR46=01700h-0176Fh -ASFR47=01780h-017EFh -ASFR48=01800h-0186Fh \
  -ASFR49=01880h-018EFh -ASFR50=01900h-0196Fh -ASFR51=01980h-019EFh \
  -ASFR52=01A00h-01A6Fh -ASFR53=01A80h-01AEFh -ASFR54=01B00h-01B6Fh \
  -ASFR55=01B80h-01BEFh -ASFR56=01C00h-01C6Fh -ASFR57=01C80h-01CEFh \
  -ASFR58=01D00h-01D6Fh -ASFR59=01D80h-01DEFh -ASFR60=01E00h-01E6Fh \
  -ASFR61=01E80h-01EEFh -ASFR62=01F00h-01F6Fh -ASFR63=01F80h-01FEFh \
  -ACONFIG=08007h-0800Bh -DCONFIG=2 -AIDLOC=08000h-08003h -DIDLOC=2 \
  -AEEDATA=00h-0FFh/0F000h -peeprom_data=EEDATA -DEEDATA=2 -DCODE=2 \
  -DSTRCODE=2 -DSTRING=2 -DCONST=2 -DENTRY=2 \
  -preset_vec=00h,intentry=04h,init,end_init -ppowerup=CODE -pcinit=CODE \
  -pfunctab=ENTRY -k \
  C:\Users\zmiller\AppData\Local\Temp\xcAse58.\driver_tmp_20.o \
  dist/default/production\Third.X.production.o 

Object code version is 3.11

Machine type is 16F18076



                Name                               Link     Load   Length Selector   Space Scale
C:\Users\zmiller\AppData\Local\Temp\xcAse58.\driver_tmp_20.o
                heap                               2352     2352      49E     2352       7
                end_init                             31       31        2        8       0
                reset_vec                             0        0        2        0       0
                config                             8007     8007        5        0       4
dist/default/production\Third.X.production.o
                cinit                                33       33       5D        8       0
                intentry                              4        4       2D        8       0
                text61_split_1                       90       90      710        8       0
                config                             8007     8007        5        0       4
                text144                            3B23     3B23        1     7646       0
                text143                            3B4B     3B4B        4     7696       0
                text142                            3B27     3B27        3     764E       0
                text141                            3B2A     3B2A        3     7654       0
                text140                            3B4F     3B4F        4     769E       0
                text139                            3CD6     3CD6       15     79AC       0
                text138                            3B2D     3B2D        3     765A       0
                text137                            3B53     3B53        4     76A6       0
                text136                            3B30     3B30        3     7660       0
                text135                            3B57     3B57        4     76AE       0
                text134                            3B5B     3B5B        4     76B6       0
                text133                            3B33     3B33        3     7666       0
                text132                            3B36     3B36        3     766C       0
                text131                            3B7B     3B7B        5     76F6       0
                text130                            3B39     3B39        3     7672       0
                text129                            3F70     3F70       2F     7EE0       0
                text128                            3B5F     3B5F        4     76BE       0
                text127                            3BD0     3BD0        8     77A0       0
                text126                            3BB4     3BB4        7     7768       0
                text125                            31BF     31BF       41     637E       0
                text124                            3B8A     3B8A        6     7714       0
                text123                            3B90     3B90        6     7720       0
                text122                            3BD8     3BD8        8     77B0       0
                text121                            3BBB     3BBB        7     7776       0
                text120                            1800     1800       23     280A       0
                text119                            3B63     3B63        4     76C6       0
                text118                            3BC2     3BC2        7     7784       0
                text117                            3B80     3B80        5     7700       0
                text116                            3B96     3B96        6     772C       0
                text115                            3200     3200       43     6400       0
                text114                            3B67     3B67        4     76CE       0
                text113                            3B24     3B24        1     7648       0
                text111                            3B9C     3B9C        6     7738       0
                text110                            3BF1     3BF1        A     77E2       0
                text109                            3C52     3C52        F     78A4       0
                text108                            3C61     3C61        F     78C2       0
                text107                            3DB9     3DB9       1E     7B72       0
                text106                            3C70     3C70        F     78E0       0
                text105                            3B6B     3B6B        4     76D6       0
                text104                            3D01     3D01       17     7A02       0
                text103                            3BE8     3BE8        9     77D0       0
                text102                            3C05     3C05        C     780A       0
                text101                            3B3C     3B3C        3     7678       0
                text100                            3B6F     3B6F        4     76DE       0
                text99                             355E     355E       5A     6ABC       0
                text98                             3B73     3B73        4     76E6       0
                text97                             3CEB     3CEB       16     79D6       0
                text96                             3C1D     3C1D        D     783A       0
                text95                             3C8E     3C8E       11     791C       0
                text94                             3C9F     3C9F       11     793E       0
                text93                             3B3F     3B3F        3     767E       0
                text92                             3B42     3B42        3     7684       0
                text91                             3B45     3B45        3     768A       0
                text90                             3C2A     3C2A        D     7854       0
                text89                             2A7F     2A7F       8B     54FE       0
                text88                             3E57     3E57       24     7CAE       0
                text87                             1B13     1B13      23B     3626       0
                text86                             3C11     3C11        C     7822       0
                text85                             25F8     25F8      208     4BF0       0
                text84                             3091     3091       36     6122       0
                text83                             114D     114D      2B8     229A       0
                text82                             3BE0     3BE0        8     77C0       0
                text81                             3B25     3B25        1     764A       0
                text80                             3B77     3B77        4     76EE       0
                text79                             3F16     3F16       2C     7E2C       0
                text78                              7A0      7A0       60        8       0
                text77                             3406     3406       54     680C       0
                text76                             3D9D     3D9D       1C     7B3A       0
                text75                             3B26     3B26        1     764C       0
                text74                             33B3     33B3       53     6766       0
                text73                             3E9F     3E9F       25     7D3E       0
                text72                             3D18     3D18       1A     7A30       0
                text71                             3286     3286       44     650C       0
                text70                             1823     1823       C1     3046       0
                text69                             23F4     23F4      204     47E8       0
                text68                             3312     3312       4F     6624       0
                text67                             289C     289C       71     5138       0
                text66                             2980     2980       7F     5300       0
                text65                             2F06     2F06       FA     5E0C       0
                text64                             3E7B     3E7B       24     7CF6       0
                text63                             3EC4     3EC4       28     7D88       0
                text62                             3DF6     3DF6       20     7BEC       0
                text61                             21AE     21AE      11D     435C       0
                text60                             2CCE     2CCE       9F     599C       0
                text59                             366D     366D       5D     6CDA       0
                text58                             18E4     18E4      22F     31C8       0
                text57                             305E     305E       33     60BC       0
                text56                             3C7F     3C7F        F     78FE       0
                text55                             302C     302C       32     6058       0
                text54                             2004     2004       9F     4008       0
                text53                             2000     2000        4     3A9C       0
                text52                             3B85     3B85        5     770A       0
                text51                             29FF     29FF       80     53FE       0
                text50                             2B99     2B99       99     5732       0
                text49                             3E16     3E16       20     7C2C       0
                text48                             2E18     2E18       EE     5C30       0
                text47                             3CB0     3CB0       13     7960       0
                text46                             3B48     3B48        3     7690       0
                text45                             3BC9     3BC9        7     7792       0
                text44                             3180     3180       3F     6300       0
                text43                             3104     3104       3E     6208       0
                text42                             3F42     3F42       2E     7E84       0
                text41                             36CA     36CA       63     6D94       0
                text40                             290D     290D       73     521A       0
                text39                             3F9F     3F9F       30     7F3E       0
                text38                             3BFB     3BFB        A     77F6       0
                text37                             3FCF     3FCF       31     7F9E       0
                text36                             3794     3794       6C     6F28       0
                text35                             3243     3243       43     6486       0
                text34                             22CB     22CB      129     4596       0
                text33                             282D     282D       6F     505A       0
                text32                             2C32     2C32       9C     5864       0
                text31                             20A3     20A3      10B     4146       0
                text30                             345A     345A       56     68B4       0
                text29                              801      801       41     1002       0
                text28                             3000     3000       2C     5E0C       0
                text27                             3D4C     3D4C       1B     7A98       0
                text26                             3D67     3D67       1B     7ACE       0
                text25                             34B0     34B0       57     6960       0
                text24                             3612     3612       5B     6C24       0
                text23                             3D32     3D32       1A     7A64       0
                text22                             3D82     3D82       1B     7B04       0
                text21                             3507     3507       57     6A0E       0
                text20                             3EEC     3EEC       2A     7DD8       0
                text19                             3E36     3E36       21     7C6C       0
                text18                             3142     3142       3E     6284       0
                text17                             30C7     30C7       3D     618E       0
                text16                             2800     2800       2D     4BF0       0
                text15                             3C44     3C44        E     7888       0
                text14                             372D     372D       67     6E5A       0
                text13                             32CA     32CA       48     6594       0
                text12                             3BA2     3BA2        6     7744       0
                text11                             2D6D     2D6D       AB     5ADA       0
                text10                             1405     1405      3FB     280A       0
                text9                               9C4      9C4      63C     1388       0
                text8                              1D4E     1D4E      2B2     3A9C       0
                text7                              2B0A     2B0A       8F     5614       0
                text6                              1023     1023      12A     2046       0
                text5                              35B8     35B8       5A     6B70       0
                text4                              3DD7     3DD7       1F     7BAE       0
                text3                              3361     3361       52     66C2       0
                text2                              1000     1000       23     1388       0
                text1                              3CC3     3CC3       13     7986       0
                maintext                            842      842      182     1084       0
                cstackBANK0                          20       20       50       20       1
                cstackCOMMON                         76       76        6       70       1
                cstackBANK1                          A0       A0       50       A0       1
                cstackBANK2                         120      120       4F      120       1
                cstackBANK3                         1A0      1A0       4D      1A0       1
                cstackBANK4                         220      220       47      220       1
                cstackBANK5                         2A0      2A0       44      2A0       1
                clrtext                            3BA8     3BA8        6     7750       0
                inittext                           3BAE     3BAE        6     775C       0
                bssBANK10                           520      520       32      520       1
                bssBANK9                            4A0      4A0       32      4A0       1
                bssBANK8                            420      420       2E      420       1
                bssBANK7                            3A0      3A0       50      3A0       1
                dataBANK6                           352      352        D      320       1
                bssBANK6                            320      320       32      320       1
                bssBANK5                            2E4      2E4        A      2A0       1
                bssBANK4                            267      267        9      220       1
                dataBANK3                           1EF      1EF        1      1A0       1
                bssBANK3                            1ED      1ED        2      1A0       1
                dataCOMMON                           7C       7C        2       70       1
                bssCOMMON                            70       70        6       70       1
                stringtext14                       38AC     38AC        3     7000       0
                stringtext13                       38A8     38A8        4     7000       0
                stringtext12                       38A4     38A4        4     7000       0
                stringtext11                       38A0     38A0        4     7000       0
                stringtext10                       389C     389C        4     7000       0
                stringtext9                        3896     3896        6     7000       0
                stringtext8                        388F     388F        7     7000       0
                stringtext7                        3886     3886        9     7000       0
                stringtext6                        387D     387D        9     7000       0
                stringtext5                        3871     3871        C     7000       0
                stringtext4                        3830     3830       1B     7000       0
                stringtext3                        385F     385F       12     7000       0
                stringtext2                        384B     384B       14     7000       0
                stringtext1                        3800     3800       30     7000       0
                idataBANK6                         3C37     3C37        D     786E       0
                idataBANK3                          800      800        1        8       0
                idataCOMMON                           2        2        2        0       0

TOTAL           Name                               Link     Load   Length     Space
        CLASS   HEAP           
                heap                               2352     2352      49E         7

        CLASS   CODE           
                end_init                             31       31        2         0
                cinit                                33       33       5D         0
                intentry                              4        4       2D         0
                reset_vec                             0        0        2         0
                text61_split_1                       90       90      710         0
                text144                            3B23     3B23        1         0
                text143                            3B4B     3B4B        4         0
                text142                            3B27     3B27        3         0
                text141                            3B2A     3B2A        3         0
                text140                            3B4F     3B4F        4         0
                text139                            3CD6     3CD6       15         0
                text138                            3B2D     3B2D        3         0
                text137                            3B53     3B53        4         0
                text136                            3B30     3B30        3         0
                text135                            3B57     3B57        4         0
                text134                            3B5B     3B5B        4         0
                text133                            3B33     3B33        3         0
                text132                            3B36     3B36        3         0
                text131                            3B7B     3B7B        5         0
                text130                            3B39     3B39        3         0
                text129                            3F70     3F70       2F         0
                text128                            3B5F     3B5F        4         0
                text127                            3BD0     3BD0        8         0
                text126                            3BB4     3BB4        7         0
                text125                            31BF     31BF       41         0
                text124                            3B8A     3B8A        6         0
                text123                            3B90     3B90        6         0
                text122                            3BD8     3BD8        8         0
                text121                            3BBB     3BBB        7         0
                text120                            1800     1800       23         0
                text119                            3B63     3B63        4         0
                text118                            3BC2     3BC2        7         0
                text117                            3B80     3B80        5         0
                text116                            3B96     3B96        6         0
                text115                            3200     3200       43         0
                text114                            3B67     3B67        4         0
                text113                            3B24     3B24        1         0
                text111                            3B9C     3B9C        6         0
                text110                            3BF1     3BF1        A         0
                text109                            3C52     3C52        F         0
                text108                            3C61     3C61        F         0
                text107                            3DB9     3DB9       1E         0
                text106                            3C70     3C70        F         0
                text105                            3B6B     3B6B        4         0
                text104                            3D01     3D01       17         0
                text103                            3BE8     3BE8        9         0
                text102                            3C05     3C05        C         0
                text101                            3B3C     3B3C        3         0
                text100                            3B6F     3B6F        4         0
                text99                             355E     355E       5A         0
                text98                             3B73     3B73        4         0
                text97                             3CEB     3CEB       16         0
                text96                             3C1D     3C1D        D         0
                text95                             3C8E     3C8E       11         0
                text94                             3C9F     3C9F       11         0
                text93                             3B3F     3B3F        3         0
                text92                             3B42     3B42        3         0
                text91                             3B45     3B45        3         0
                text90                             3C2A     3C2A        D         0
                text89                             2A7F     2A7F       8B         0
                text88                             3E57     3E57       24         0
                text87                             1B13     1B13      23B         0
                text86                             3C11     3C11        C         0
                text85                             25F8     25F8      208         0
                text84                             3091     3091       36         0
                text83                             114D     114D      2B8         0
                text82                             3BE0     3BE0        8         0
                text81                             3B25     3B25        1         0
                text80                             3B77     3B77        4         0
                text79                             3F16     3F16       2C         0
                text78                              7A0      7A0       60         0
                text77                             3406     3406       54         0
                text76                             3D9D     3D9D       1C         0
                text75                             3B26     3B26        1         0
                text74                             33B3     33B3       53         0
                text73                             3E9F     3E9F       25         0
                text72                             3D18     3D18       1A         0
                text71                             3286     3286       44         0
                text70                             1823     1823       C1         0
                text69                             23F4     23F4      204         0
                text68                             3312     3312       4F         0
                text67                             289C     289C       71         0
                text66                             2980     2980       7F         0
                text65                             2F06     2F06       FA         0
                text64                             3E7B     3E7B       24         0
                text63                             3EC4     3EC4       28         0
                text62                             3DF6     3DF6       20         0
                text61                             21AE     21AE      11D         0
                text60                             2CCE     2CCE       9F         0
                text59                             366D     366D       5D         0
                text58                             18E4     18E4      22F         0
                text57                             305E     305E       33         0
                text56                             3C7F     3C7F        F         0
                text55                             302C     302C       32         0
                text54                             2004     2004       9F         0
                text53                             2000     2000        4         0
                text52                             3B85     3B85        5         0
                text51                             29FF     29FF       80         0
                text50                             2B99     2B99       99         0
                text49                             3E16     3E16       20         0
                text48                             2E18     2E18       EE         0
                text47                             3CB0     3CB0       13         0
                text46                             3B48     3B48        3         0
                text45                             3BC9     3BC9        7         0
                text44                             3180     3180       3F         0
                text43                             3104     3104       3E         0
                text42                             3F42     3F42       2E         0
                text41                             36CA     36CA       63         0
                text40                             290D     290D       73         0
                text39                             3F9F     3F9F       30         0
                text38                             3BFB     3BFB        A         0
                text37                             3FCF     3FCF       31         0
                text36                             3794     3794       6C         0
                text35                             3243     3243       43         0
                text34                             22CB     22CB      129         0
                text33                             282D     282D       6F         0
                text32                             2C32     2C32       9C         0
                text31                             20A3     20A3      10B         0
                text30                             345A     345A       56         0
                text29                              801      801       41         0
                text28                             3000     3000       2C         0
                text27                             3D4C     3D4C       1B         0
                text26                             3D67     3D67       1B         0
                text25                             34B0     34B0       57         0
                text24                             3612     3612       5B         0
                text23                             3D32     3D32       1A         0
                text22                             3D82     3D82       1B         0
                text21                             3507     3507       57         0
                text20                             3EEC     3EEC       2A         0
                text19                             3E36     3E36       21         0
                text18                             3142     3142       3E         0
                text17                             30C7     30C7       3D         0
                text16                             2800     2800       2D         0
                text15                             3C44     3C44        E         0
                text14                             372D     372D       67         0
                text13                             32CA     32CA       48         0
                text12                             3BA2     3BA2        6         0
                text11                             2D6D     2D6D       AB         0
                text10                             1405     1405      3FB         0
                text9                               9C4      9C4      63C         0
                text8                              1D4E     1D4E      2B2         0
                text7                              2B0A     2B0A       8F         0
                text6                              1023     1023      12A         0
                text5                              35B8     35B8       5A         0
                text4                              3DD7     3DD7       1F         0
                text3                              3361     3361       52         0
                text2                              1000     1000       23         0
                text1                              3CC3     3CC3       13         0
                maintext                            842      842      182         0
                clrtext                            3BA8     3BA8        6         0
                inittext                           3BAE     3BAE        6         0
                idataBANK6                         3C37     3C37        D         0
                idataBANK3                          800      800        1         0
                idataCOMMON                           2        2        2         0

        CLASS   STRCODE        
                stringtext14                       38AC     38AC        3         0
                stringtext13                       38A8     38A8        4         0
                stringtext12                       38A4     38A4        4         0
                stringtext11                       38A0     38A0        4         0
                stringtext10                       389C     389C        4         0
                stringtext9                        3896     3896        6         0
                stringtext8                        388F     388F        7         0
                stringtext7                        3886     3886        9         0
                stringtext6                        387D     387D        9         0
                stringtext5                        3871     3871        C         0
                stringtext4                        3830     3830       1B         0
                stringtext3                        385F     385F       12         0
                stringtext2                        384B     384B       14         0
                stringtext1                        3800     3800       30         0

        CLASS   STRING         

        CLASS   CONST          

        CLASS   ENTRY          

        CLASS   COMMON         
                cstackCOMMON                         76       76        6         1
                dataCOMMON                           7C       7C        2         1
                bssCOMMON                            70       70        6         1

        CLASS   BANK0          
                cstackBANK0                          20       20       50         1

        CLASS   BANK1          
                cstackBANK1                          A0       A0       50         1

        CLASS   BANK2          
                cstackBANK2                         120      120       4F         1

        CLASS   BANK3          
                cstackBANK3                         1A0      1A0       4D         1
                dataBANK3                           1EF      1EF        1         1
                bssBANK3                            1ED      1ED        2         1

        CLASS   BANK4          
                cstackBANK4                         220      220       47         1
                bssBANK4                            267      267        9         1

        CLASS   BANK5          
                cstackBANK5                         2A0      2A0       44         1
                bssBANK5                            2E4      2E4        A         1

        CLASS   BANK6          
                dataBANK6                           352      352        D         1
                bssBANK6                            320      320       32         1

        CLASS   BANK7          
                bssBANK7                            3A0      3A0       50         1

        CLASS   BANK8          
                bssBANK8                            420      420       2E         1

        CLASS   BANK9          
                bssBANK9                            4A0      4A0       32         1

        CLASS   BANK10         
                bssBANK10                           520      520       32         1

        CLASS   BANK11         

        CLASS   BANK12         

        CLASS   BANK13         

        CLASS   BANK14         

        CLASS   BANK15         

        CLASS   BANK16         

        CLASS   BANK17         

        CLASS   BANK18         

        CLASS   BANK19         

        CLASS   BANK20         

        CLASS   BANK21         

        CLASS   BANK22         

        CLASS   BANK23         

        CLASS   BANK24         

        CLASS   BANK25         

        CLASS   BIGRAM         

        CLASS   RAM            

        CLASS   ABS1           
                abs_s1                               7E       7E        2         1

        CLASS   SFR0           

        CLASS   SFR1           

        CLASS   SFR2           

        CLASS   SFR3           

        CLASS   SFR4           

        CLASS   SFR5           

        CLASS   SFR6           

        CLASS   SFR7           

        CLASS   SFR8           

        CLASS   SFR9           

        CLASS   SFR10          

        CLASS   SFR11          

        CLASS   SFR12          

        CLASS   SFR13          

        CLASS   SFR14          

        CLASS   SFR15          

        CLASS   SFR16          

        CLASS   SFR17          

        CLASS   SFR18          

        CLASS   SFR19          

        CLASS   SFR20          

        CLASS   SFR21          

        CLASS   SFR22          

        CLASS   SFR23          

        CLASS   SFR24          

        CLASS   SFR25          

        CLASS   SFR26          

        CLASS   SFR27          

        CLASS   SFR28          

        CLASS   SFR29          

        CLASS   SFR30          

        CLASS   SFR31          

        CLASS   SFR32          

        CLASS   SFR33          

        CLASS   SFR34          

        CLASS   SFR35          

        CLASS   SFR36          

        CLASS   SFR37          

        CLASS   SFR38          

        CLASS   SFR39          

        CLASS   SFR40          

        CLASS   SFR41          

        CLASS   SFR42          

        CLASS   SFR43          

        CLASS   SFR44          

        CLASS   SFR45          

        CLASS   SFR46          

        CLASS   SFR47          

        CLASS   SFR48          

        CLASS   SFR49          

        CLASS   SFR50          

        CLASS   SFR51          

        CLASS   SFR52          

        CLASS   SFR53          

        CLASS   SFR54          

        CLASS   SFR55          

        CLASS   SFR56          

        CLASS   SFR57          

        CLASS   SFR58          

        CLASS   SFR59          

        CLASS   SFR60          

        CLASS   SFR61          

        CLASS   SFR62          

        CLASS   SFR63          

        CLASS   CONFIG         
                config                             8007     8007        5         4

        CLASS   IDLOC          

        CLASS   EEDATA         

        CLASS   BANK63         

        CLASS   BANK62         

        CLASS   BANK61         

        CLASS   BANK60         

        CLASS   BANK59         

        CLASS   BANK58         

        CLASS   BANK57         

        CLASS   BANK56         

        CLASS   BANK55         

        CLASS   BANK54         

        CLASS   BANK53         

        CLASS   BANK52         

        CLASS   BANK51         

        CLASS   BANK50         

        CLASS   BANK49         

        CLASS   BANK48         

        CLASS   BANK47         

        CLASS   BANK46         

        CLASS   BANK45         

        CLASS   BANK44         

        CLASS   BANK43         

        CLASS   BANK42         

        CLASS   BANK41         

        CLASS   BANK40         

        CLASS   BANK39         

        CLASS   BANK38         

        CLASS   BANK37         

        CLASS   BANK36         

        CLASS   BANK35         

        CLASS   BANK34         

        CLASS   BANK33         

        CLASS   BANK32         

        CLASS   BANK31         

        CLASS   BANK30         

        CLASS   BANK29         

        CLASS   BANK28         

        CLASS   BANK27         

        CLASS   BANK26         

        CLASS   STACK          



SEGMENTS        Name                           Load    Length   Top    Selector   Space  Class     Delta

                reset_vec                      000000  000004  000004         0       0  CODE        2
                intentry                       000004  0007FD  000801         8       0  CODE        2
                cstackBANK0                    000020  000050  000070        20       1  BANK0       1
                bssCOMMON                      000070  00000E  00007E        70       1  COMMON      1
                cstackBANK1                    0000A0  000050  0000F0        A0       1  BANK1       1
                cstackBANK2                    000120  00004F  00016F       120       1  BANK2       1
                cstackBANK3                    0001A0  000050  0001F0       1A0       1  BANK3       1
                cstackBANK4                    000220  000050  000270       220       1  BANK4       1
                cstackBANK5                    0002A0  00004E  0002EE       2A0       1  BANK5       1
                bssBANK6                       000320  00003F  00035F       320       1  BANK6       1
                bssBANK7                       0003A0  000050  0003F0       3A0       1  BANK7       1
                bssBANK8                       000420  00002E  00044E       420       1  BANK8       1
                bssBANK9                       0004A0  000032  0004D2       4A0       1  BANK9       1
                bssBANK10                      000520  000032  000552       520       1  BANK10      1
                text29                         000801  000041  000842      1002       0  CODE        2
                maintext                       000842  000182  0009C4      1084       0  CODE        2
                text9                          0009C4  00065F  001023      1388       0  CODE        2
                text6                          001023  00012A  00114D      2046       0  CODE        2
                text83                         00114D  0002B8  001405      229A       0  CODE        2
                heap                           002352  00049E  0027F0      2352       7  HEAP        1
                text10                         001405  00041E  001823      280A       0  CODE        2
                text70                         001823  0000C1  0018E4      3046       0  CODE        2
                text58                         0018E4  00022F  001B13      31C8       0  CODE        2
                text87                         001B13  00023B  001D4E      3626       0  CODE        2
                text8                          001D4E  0002B6  002004      3A9C       0  CODE        2
                text54                         002004  00009F  0020A3      4008       0  CODE        2
                text31                         0020A3  00010B  0021AE      4146       0  CODE        2
                text61                         0021AE  00011D  0022CB      435C       0  CODE        2
                text34                         0022CB  000129  0023F4      4596       0  CODE        2
                text69                         0023F4  000204  0025F8      47E8       0  CODE        2
                text85                         0025F8  000235  00282D      4BF0       0  CODE        2
                text33                         00282D  00006F  00289C      505A       0  CODE        2
                text67                         00289C  000071  00290D      5138       0  CODE        2
                text40                         00290D  000073  002980      521A       0  CODE        2
                text66                         002980  00007F  0029FF      5300       0  CODE        2
                text51                         0029FF  000080  002A7F      53FE       0  CODE        2
                text89                         002A7F  00008B  002B0A      54FE       0  CODE        2
                text7                          002B0A  00008F  002B99      5614       0  CODE        2
                text50                         002B99  000099  002C32      5732       0  CODE        2
                text32                         002C32  00009C  002CCE      5864       0  CODE        2
                text60                         002CCE  00009F  002D6D      599C       0  CODE        2
                text11                         002D6D  0000AB  002E18      5ADA       0  CODE        2
                text48                         002E18  0000EE  002F06      5C30       0  CODE        2
                text65                         002F06  000126  00302C      5E0C       0  CODE        2
                text55                         00302C  000032  00305E      6058       0  CODE        2
                text57                         00305E  000033  003091      60BC       0  CODE        2
                text84                         003091  000036  0030C7      6122       0  CODE        2
                text17                         0030C7  00003D  003104      618E       0  CODE        2
                text43                         003104  00003E  003142      6208       0  CODE        2
                text18                         003142  00003E  003180      6284       0  CODE        2
                text44                         003180  00003F  0031BF      6300       0  CODE        2
                text125                        0031BF  000041  003200      637E       0  CODE        2
                text115                        003200  000043  003243      6400       0  CODE        2
                text35                         003243  000043  003286      6486       0  CODE        2
                text71                         003286  000044  0032CA      650C       0  CODE        2
                text13                         0032CA  000048  003312      6594       0  CODE        2
                text68                         003312  00004F  003361      6624       0  CODE        2
                text3                          003361  000052  0033B3      66C2       0  CODE        2
                text74                         0033B3  000053  003406      6766       0  CODE        2
                text77                         003406  000054  00345A      680C       0  CODE        2
                text30                         00345A  000056  0034B0      68B4       0  CODE        2
                text25                         0034B0  000057  003507      6960       0  CODE        2
                text21                         003507  000057  00355E      6A0E       0  CODE        2
                text99                         00355E  00005A  0035B8      6ABC       0  CODE        2
                text5                          0035B8  00005A  003612      6B70       0  CODE        2
                text24                         003612  00005B  00366D      6C24       0  CODE        2
                text59                         00366D  00005D  0036CA      6CDA       0  CODE        2
                text41                         0036CA  000063  00372D      6D94       0  CODE        2
                text14                         00372D  000067  003794      6E5A       0  CODE        2
                text36                         003794  00006C  003800      6F28       0  CODE        2
                stringtext1                    003800  0000AF  0038AF      7000       0  STRCODE     2
                text144                        003B23  000001  003B24      7646       0  CODE        2
                text113                        003B24  000001  003B25      7648       0  CODE        2
                text81                         003B25  000001  003B26      764A       0  CODE        2
                text75                         003B26  000001  003B27      764C       0  CODE        2
                text142                        003B27  000003  003B2A      764E       0  CODE        2
                text141                        003B2A  000003  003B2D      7654       0  CODE        2
                text138                        003B2D  000003  003B30      765A       0  CODE        2
                text136                        003B30  000003  003B33      7660       0  CODE        2
                text133                        003B33  000003  003B36      7666       0  CODE        2
                text132                        003B36  000003  003B39      766C       0  CODE        2
                text130                        003B39  000003  003B3C      7672       0  CODE        2
                text101                        003B3C  000003  003B3F      7678       0  CODE        2
                text93                         003B3F  000003  003B42      767E       0  CODE        2
                text92                         003B42  000003  003B45      7684       0  CODE        2
                text91                         003B45  000003  003B48      768A       0  CODE        2
                text46                         003B48  000003  003B4B      7690       0  CODE        2
                text143                        003B4B  000004  003B4F      7696       0  CODE        2
                text140                        003B4F  000004  003B53      769E       0  CODE        2
                text137                        003B53  000004  003B57      76A6       0  CODE        2
                text135                        003B57  000004  003B5B      76AE       0  CODE        2
                text134                        003B5B  000004  003B5F      76B6       0  CODE        2
                text128                        003B5F  000004  003B63      76BE       0  CODE        2
                text119                        003B63  000004  003B67      76C6       0  CODE        2
                text114                        003B67  000004  003B6B      76CE       0  CODE        2
                text105                        003B6B  000004  003B6F      76D6       0  CODE        2
                text100                        003B6F  000004  003B73      76DE       0  CODE        2
                text98                         003B73  000004  003B77      76E6       0  CODE        2
                text80                         003B77  000004  003B7B      76EE       0  CODE        2
                text131                        003B7B  000005  003B80      76F6       0  CODE        2
                text117                        003B80  000005  003B85      7700       0  CODE        2
                text52                         003B85  000005  003B8A      770A       0  CODE        2
                text124                        003B8A  000006  003B90      7714       0  CODE        2
                text123                        003B90  000006  003B96      7720       0  CODE        2
                text116                        003B96  000006  003B9C      772C       0  CODE        2
                text111                        003B9C  000006  003BA2      7738       0  CODE        2
                text12                         003BA2  000006  003BA8      7744       0  CODE        2
                clrtext                        003BA8  000006  003BAE      7750       0  CODE        2
                inittext                       003BAE  000006  003BB4      775C       0  CODE        2
                text126                        003BB4  000007  003BBB      7768       0  CODE        2
                text121                        003BBB  000007  003BC2      7776       0  CODE        2
                text118                        003BC2  000007  003BC9      7784       0  CODE        2
                text45                         003BC9  000007  003BD0      7792       0  CODE        2
                text127                        003BD0  000008  003BD8      77A0       0  CODE        2
                text122                        003BD8  000008  003BE0      77B0       0  CODE        2
                text82                         003BE0  000008  003BE8      77C0       0  CODE        2
                text103                        003BE8  000009  003BF1      77D0       0  CODE        2
                text110                        003BF1  00000A  003BFB      77E2       0  CODE        2
                text38                         003BFB  00000A  003C05      77F6       0  CODE        2
                text102                        003C05  00000C  003C11      780A       0  CODE        2
                text86                         003C11  00000C  003C1D      7822       0  CODE        2
                text96                         003C1D  00000D  003C2A      783A       0  CODE        2
                text90                         003C2A  00000D  003C37      7854       0  CODE        2
                idataBANK6                     003C37  00000D  003C44      786E       0  CODE        2
                text15                         003C44  00000E  003C52      7888       0  CODE        2
                text109                        003C52  00000F  003C61      78A4       0  CODE        2
                text108                        003C61  00000F  003C70      78C2       0  CODE        2
                text106                        003C70  00000F  003C7F      78E0       0  CODE        2
                text56                         003C7F  00000F  003C8E      78FE       0  CODE        2
                text95                         003C8E  000011  003C9F      791C       0  CODE        2
                text94                         003C9F  000011  003CB0      793E       0  CODE        2
                text47                         003CB0  000013  003CC3      7960       0  CODE        2
                text1                          003CC3  000013  003CD6      7986       0  CODE        2
                text139                        003CD6  000015  003CEB      79AC       0  CODE        2
                text97                         003CEB  000016  003D01      79D6       0  CODE        2
                text104                        003D01  000017  003D18      7A02       0  CODE        2
                text72                         003D18  00001A  003D32      7A30       0  CODE        2
                text23                         003D32  00001A  003D4C      7A64       0  CODE        2
                text27                         003D4C  00001B  003D67      7A98       0  CODE        2
                text26                         003D67  00001B  003D82      7ACE       0  CODE        2
                text22                         003D82  00001B  003D9D      7B04       0  CODE        2
                text76                         003D9D  00001C  003DB9      7B3A       0  CODE        2
                text107                        003DB9  00001E  003DD7      7B72       0  CODE        2
                text4                          003DD7  00001F  003DF6      7BAE       0  CODE        2
                text62                         003DF6  000020  003E16      7BEC       0  CODE        2
                text49                         003E16  000020  003E36      7C2C       0  CODE        2
                text19                         003E36  000021  003E57      7C6C       0  CODE        2
                text88                         003E57  000024  003E7B      7CAE       0  CODE        2
                text64                         003E7B  000024  003E9F      7CF6       0  CODE        2
                text73                         003E9F  000025  003EC4      7D3E       0  CODE        2
                text63                         003EC4  000028  003EEC      7D88       0  CODE        2
                text20                         003EEC  00002A  003F16      7DD8       0  CODE        2
                text79                         003F16  00002C  003F42      7E2C       0  CODE        2
                text42                         003F42  00002E  003F70      7E84       0  CODE        2
                text129                        003F70  00002F  003F9F      7EE0       0  CODE        2
                text39                         003F9F  000030  003FCF      7F3E       0  CODE        2
                text37                         003FCF  000031  004000      7F9E       0  CODE        2


UNUSED ADDRESS RANGES

        Name                Unused          Largest block    Delta
        BANK10           000552-00056F               1E           1
        BANK11           0005A0-0005EF               50           1
        BANK12           000620-00066F               50           1
        BANK13           0006A0-0006EF               50           1
        BANK14           000720-00076F               50           1
        BANK15           0007A0-0007EF               50           1
        BANK16           000820-00086F               50           1
        BANK17           0008A0-0008EF               50           1
        BANK18           000920-00096F               50           1
        BANK19           0009A0-0009EF               50           1
        BANK2            00016F-00016F                1           1
        BANK20           000A20-000A6F               50           1
        BANK21           000AA0-000AEF               50           1
        BANK22           000B20-000B6F               50           1
        BANK23           000BA0-000BEF               50           1
        BANK24           000C20-000C6F               50           1
        BANK25           000CA0-000CBF               20           1
        BANK5            0002EE-0002EF                2           1
        BANK6            00035F-00036F               11           1
        BANK8            00044E-00046F               22           1
        BANK9            0004D2-0004EF               1E           1
        BIGRAM           002000-0027EF              7F0           1
        CODE             0038AF-003B22              274           2
        CONST            0038AF-003B22              100           2
        EEDATA           00F000-00F0FF              100           2
        ENTRY            0038AF-003B22              100           2
        IDLOC            008000-008003                4           2
        RAM              00016F-00016F                1           1
                         0002EE-0002EF                2
                         00035F-00036F               11
                         00044E-00046F               22
                         0004D2-0004EF               1E
                         000552-00056F               1E
                         0005A0-0005EF               50
                         000620-00066F               50
                         0006A0-0006EF               50
                         000720-00076F               50
                         0007A0-0007EF               50
                         000820-00086F               50
                         0008A0-0008EF               50
                         000920-00096F               50
                         0009A0-0009EF               50
                         000A20-000A6F               50
                         000AA0-000AEF               50
                         000B20-000B6F               50
                         000BA0-000BEF               50
                         000C20-000C6F               50
                         000CA0-000CBF               20
        SFR0             000000-00001F               20           1
        SFR1             000080-00009F               20           1
        SFR10            000500-00051F               20           1
        SFR11            000580-00059F               20           1
        SFR12            000600-00061F               20           1
        SFR13            000680-00069F               20           1
        SFR14            000700-00071F               20           1
        SFR15            000780-00079F               20           1
        SFR16            000800-00081F               20           1
        SFR17            000880-00089F               20           1
        SFR18            000900-00091F               20           1
        SFR19            000980-00099F               20           1
        SFR2             000100-00011F               20           1
        SFR20            000A00-000A1F               20           1
        SFR21            000A80-000A9F               20           1
        SFR22            000B00-000B1F               20           1
        SFR23            000B80-000B9F               20           1
        SFR24            000C00-000C1F               20           1
        SFR25            000C80-000C9F               20           1
        SFR26            000D00-000D6F               70           1
        SFR27            000D80-000DEF               70           1
        SFR28            000E00-000E6F               70           1
        SFR29            000E80-000EEF               70           1
        SFR3             000180-00019F               20           1
        SFR30            000F00-000F6F               70           1
        SFR31            000F80-000FEF               70           1
        SFR32            001000-00106F               70           1
        SFR33            001080-0010EF               70           1
        SFR34            001100-00116F               70           1
        SFR35            001180-0011EF               70           1
        SFR36            001200-00126F               70           1
        SFR37            001280-0012EF               70           1
        SFR38            001300-00136F               70           1
        SFR39            001380-0013EF               70           1
        SFR4             000200-00021F               20           1
        SFR40            001400-00146F               70           1
        SFR41            001480-0014EF               70           1
        SFR42            001500-00156F               70           1
        SFR43            001580-0015EF               70           1
        SFR44            001600-00166F               70           1
        SFR45            001680-0016EF               70           1
        SFR46            001700-00176F               70           1
        SFR47            001780-0017EF               70           1
        SFR48            001800-00186F               70           1
        SFR49            001880-0018EF               70           1
        SFR5             000280-00029F               20           1
        SFR50            001900-00196F               70           1
        SFR51            001980-0019EF               70           1
        SFR52            001A00-001A6F               70           1
        SFR53            001A80-001AEF               70           1
        SFR54            001B00-001B6F               70           1
        SFR55            001B80-001BEF               70           1
        SFR56            001C00-001C6F               70           1
        SFR57            001C80-001CEF               70           1
        SFR58            001D00-001D6F               70           1
        SFR59            001D80-001DEF               70           1
        SFR6             000300-00031F               20           1
        SFR60            001E00-001E6F               70           1
        SFR61            001E80-001EEF               70           1
        SFR62            001F00-001F6F               70           1
        SFR63            001F80-001FEF               70           1
        SFR7             000380-00039F               20           1
        SFR8             000400-00041F               20           1
        SFR9             000480-00049F               20           1
        STRCODE          0038AF-003B22              274           2
        STRING           0038AF-003B22              100           2

                                  Symbol Table

?__Umul8_16                                          cstackBANK0  000020
?___awdiv                                            cstackBANK0  000020
?___awmod                                            cstackBANK0  000020
?___fladd                                            cstackBANK0  000048
?___fldiv                                            cstackBANK0  00005C
?___flmul                                            cstackBANK0  00002E
?___flneg                                            cstackBANK0  000020
?___flsub                                            cstackBANK1  0000AD
?___fltol                                            cstackBANK0  00005C
?___fpclassifyf                                      cstackBANK0  000020
?___xxtofl                                           cstackBANK0  000020
?_abs                                                cstackBANK0  000027
?_compensate_humidity                                cstackBANK1  0000B5
?_compensate_pressure                                cstackBANK1  0000B5
?_compensate_temperature                             cstackBANK1  0000B5
?_dtoa                                               cstackBANK0  000038
?_efgtoa                                             cstackBANK1  0000BD
?_floorf                                             cstackBANK0  000069
?_labs                                               cstackBANK0  000020
?_pad                                                cstackBANK0  00002F
?_printf                                             cstackBANK2  000155
?_roundf                                             cstackBANK1  0000B5
?_snprintf                                           cstackBANK2  000155
?_sprintf                                            cstackBANK2  000155
?_stoa                                               cstackBANK0  000028
?_strcmp                                             cstackBANK0  000020
?_strlen                                             cstackBANK0  000020
?_strncmp                                            cstackBANK0  000020
?_vfpfcnvrt                                          cstackBANK2  000150
?_vfprintf                                           cstackBANK2  000152
?_weather_dev                                        cstackBANK3  0001BC
?_weather_read                                       cstackBANK3  0001B6
EEPROM_Read@address                                  cstackBANK0  000020
EEPROM_Write@address                                 cstackBANK0  000020
EEPROM_Write@data                                    cstackBANK0  000022
EEPROM_Write@globalInterruptBitValue                 cstackBANK0  000023
EUSART1_FramingErrorCallbackRegister@callbackHandler cstackBANK0  000020
EUSART1_OverrunErrorCallbackRegister@callbackHandler cstackBANK0  000020
EUSART1_Write@txData                                 cstackBANK0  000020
I2C2_CallbackRegister@callbackHandler                cstackBANK0  000020
I2C2_DataTransmit@data                               cstackCOMMON 000076
I2C2_EVENT_ERROR@retEventState                       cstackCOMMON 000076
I2C2_EVENT_NACK@retEventState                        cstackCOMMON 000076
I2C2_EVENT_RX@retEventState                          cstackCOMMON 000077
I2C2_EVENT_TX@retEventState                          cstackCOMMON 000079
I2C2_Write@address                                   cstackBANK0  000021
I2C2_Write@data                                      cstackBANK0  000023
I2C2_Write@dataLength                                cstackBANK0  000024
I2C2_Write@retStatus                                 cstackBANK0  000026
I2C2_WriteRead@address                               cstackBANK0  000021
I2C2_WriteRead@readData                              cstackBANK0  000026
I2C2_WriteRead@readLength                            cstackBANK0  000028
I2C2_WriteRead@retStatus                             cstackBANK0  00002A
I2C2_WriteRead@writeData                             cstackBANK0  000023
I2C2_WriteRead@writeLength                           cstackBANK0  000024
INT_SetInterruptHandler@InterruptHandler             cstackBANK0  000020
NVM_UnlockKeySet@unlockKey                           cstackBANK0  000020
_ACTCON                                              (abs)        000214
_ANSELA                                              (abs)        001E8C
_ANSELB                                              (abs)        001E96
_ANSELC                                              (abs)        001EA0
_ANSELD                                              (abs)        001EAA
_ANSELDbits                                          (abs)        001EAA
_ANSELE                                              (abs)        001EB4
_BAUD1CON                                            (abs)        000612
_BAUD1CONbits                                        (abs)        000612
_CLOCK_Initialize                                    text110      003BF1
_DHT11_ERROR                                         dataCOMMON   00007D
_DHT11_OK                                            dataCOMMON   00007C
_EEPROM_Read                                         text96       003C1D
_EEPROM_Write                                        text2        001000
_EUSART1_AutoBaudQuery                               (abs)        000000
_EUSART1_AutoBaudSet                                 (abs)        000000
_EUSART1_DefaultFramingErrorCallback                 text81       003B25
_EUSART1_DefaultOverrunErrorCallback                 text80       003B77
_EUSART1_Deinitialize                                (abs)        000000
_EUSART1_Enable                                      text93       003B3F
_EUSART1_ErrorGet                                    (abs)        000000
_EUSART1_FramingErrorCallbackRegister                text109      003C52
_EUSART1_FramingErrorHandler                         bssBANK4     00026B
_EUSART1_Initialize                                  text107      003DB9
_EUSART1_IsRxReady                                   text82       003BE0
_EUSART1_IsTxDone                                    text53       002000
_EUSART1_IsTxReady                                   (abs)        000000
_EUSART1_OverrunErrorCallbackRegister                text108      003C61
_EUSART1_OverrunErrorHandler                         bssBANK4     000269
_EUSART1_Read                                        text79       003F16
_EUSART1_ReceiveEnable                               text92       003B42
_EUSART1_TransmitDisable                             (abs)        000000
_EUSART1_TransmitEnable                              text91       003B45
_EUSART1_Write                                       text52       003B85
_I2C2_AckSend                                        text137      003B53
_I2C2_BusReset                                       text143      003B4B
_I2C2_Callback                                       bssBANK5     0002EC
_I2C2_CallbackRegister                               text106      003C70
_I2C2_Close                                          text139      003CD6
_I2C2_DataReceive                                    text136      003B30
_I2C2_DataTransmit                                   text131      003B7B
_I2C2_DefaultCallback                                text144      003B23
_I2C2_Deinitialize                                   (abs)        000000
_I2C2_ERROR_ISR                                      text119      003B63
_I2C2_EVENT_ERROR                                    text123      003B90
_I2C2_EVENT_IDLE                                     text128      003B5F
_I2C2_EVENT_NACK                                     text124      003B8A
_I2C2_EVENT_RESET                                    text121      003BBB
_I2C2_EVENT_RX                                       text125      0031BF
_I2C2_EVENT_SEND_RD_ADDR                             text127      003BD0
_I2C2_EVENT_SEND_WR_ADDR                             text126      003BB4
_I2C2_EVENT_STOP                                     text122      003BD8
_I2C2_EVENT_TX                                       text129      003F70
_I2C2_ErrorEventHandler                              text120      001800
_I2C2_ErrorGet                                       (abs)        000000
_I2C2_ErrorInterruptClear                            text142      003B27
_I2C2_EventHandler                                   text115      003200
_I2C2_ISR                                            text114      003B67
_I2C2_Initialize                                     text104      003D01
_I2C2_InterruptClear                                 text141      003B2A
_I2C2_InterruptsEnable                               text105      003B6B
_I2C2_IsAddr                                         text118      003BC2
_I2C2_IsBusy                                         text47       003CB0
_I2C2_IsBusy$720                                     cstackBANK0  000020
_I2C2_IsData                                         text117      003B80
_I2C2_IsNack                                         text116      003B96
_I2C2_IsRxBufFull                                    text135      003B57
_I2C2_NackSend                                       text134      003B5B
_I2C2_Read                                           (abs)        000000
_I2C2_ReceiveEnable                                  text133      003B33
_I2C2_RestartDisable                                 text132      003B36
_I2C2_RestartEnable                                  text130      003B39
_I2C2_StartSend                                      text46       003B48
_I2C2_StatusFlagsClear                               text140      003B4F
_I2C2_StopSend                                       text138      003B2D
_I2C2_Write                                          text37       003FCF
_I2C2_WriteRead                                      text44       003180
_I2C2_WriteStart                                     text45       003BC9
_INLVLA                                              (abs)        001E90
_INLVLB                                              (abs)        001E9A
_INLVLC                                              (abs)        001EA4
_INLVLD                                              (abs)        001EAE
_INLVLE                                              (abs)        001EB8
_INTCONbits                                          (abs)        00000B
_INTERRUPT_Initialize                                text102      003C05
_INTERRUPT_InterruptManager                          intentry     000004
_INT_DefaultInterruptHandler                         (abs)        000000
_INT_InterruptHandler                                bssBANK4     00026D
_INT_SetInterruptHandler                             text103      003BE8
_IOCAF                                               (abs)        001E93
_IOCAN                                               (abs)        001E92
_IOCAP                                               (abs)        001E91
_IOCBF                                               (abs)        001E9D
_IOCBN                                               (abs)        001E9C
_IOCBP                                               (abs)        001E9B
_IOCCF                                               (abs)        001EA7
_IOCCN                                               (abs)        001EA6
_IOCCP                                               (abs)        001EA5
_IOCEF                                               (abs)        001EBB
_IOCEN                                               (abs)        001EBA
_IOCEP                                               (abs)        001EB9
_LATA                                                (abs)        000018
_LATAbits                                            (abs)        000018
_LATB                                                (abs)        000019
_LATC                                                (abs)        00001A
_LATD                                                (abs)        00001B
_LATE                                                (abs)        00001C
_NVMADRH                                             (abs)        001C8D
_NVMADRL                                             (abs)        001C8C
_NVMCON1bits                                         (abs)        001C90
_NVMCON2                                             (abs)        001C91
_NVMDATL                                             (abs)        001C8E
_NVM_Initialize                                      text100      003B6F
_NVM_IsBusy                                          text95       003C8E
_NVM_IsBusy$2951                                     cstackBANK0  000020
_NVM_StatusClear                                     text101      003B3C
_NVM_UnlockKeySet                                    text111      003B9C
_ODCONA                                              (abs)        001E8E
_ODCONB                                              (abs)        001E98
_ODCONC                                              (abs)        001EA2
_ODCOND                                              (abs)        001EAC
_ODCONE                                              (abs)        001EB6
_OSCCON2                                             (abs)        00020E
_OSCCON3                                             (abs)        00020F
_OSCEN                                               (abs)        000211
_OSCFRQ                                              (abs)        000213
_OSCSTAT                                             (abs)        000210
_OSCTUNE                                             (abs)        000212
_PIE0bits                                            (abs)        000096
_PIE4bits                                            (abs)        00009A
_PIN_MANAGER_IOC                                     text113      003B24
_PIN_MANAGER_Initialize                              text99       00355E
_PIR0bits                                            (abs)        00008C
_PIR3bits                                            (abs)        00008F
[...]
rylr998_send@buffer                                  cstackBANK4  000220
rylr998_send@metric                                  cstackBANK2  000161
rylr998_send@payload_size                            cstackBANK4  000265
rylr998_send@rounded                                 cstackBANK4  00025D
rylr998_send@t                                       cstackBANK4  000252
rylr998_send@tag                                     cstackBANK2  00015F
rylr998_write@c                                      cstackBANK1  0000D7
rylr998_write@carriage_found                         cstackBANK1  0000DB
rylr998_write@data                                   cstackBANK1  0000DA
rylr998_write@i                                      cstackBANK1  0000DD
rylr998_write@newline_found                          cstackBANK1  0000DC
set_filter_standby_settings@desired_settings         cstackBANK1  0000DB
set_filter_standby_settings@dev                      cstackBANK2  000168
set_filter_standby_settings@reg_addr                 cstackBANK1  0000DD
set_filter_standby_settings@reg_data                 cstackBANK1  0000DE
set_filter_standby_settings@rslt                     cstackBANK1  0000DC
set_filter_standby_settings@settings                 cstackBANK2  000166
set_osr_humidity_settings@ctrl_hum                   cstackBANK1  0000DB
set_osr_humidity_settings@ctrl_meas                  cstackBANK1  0000DE
set_osr_humidity_settings@dev                        cstackBANK2  000168
set_osr_humidity_settings@reg_addr                   cstackBANK1  0000DD
set_osr_humidity_settings@rslt                       cstackBANK1  0000DC
set_osr_humidity_settings@settings                   cstackBANK2  000166
set_osr_press_temp_settings@desired_settings         cstackBANK1  0000DB
set_osr_press_temp_settings@dev                      cstackBANK2  000168
set_osr_press_temp_settings@reg_addr                 cstackBANK1  0000DD
set_osr_press_temp_settings@reg_data                 cstackBANK1  0000DE
set_osr_press_temp_settings@rslt                     cstackBANK1  0000DC
set_osr_press_temp_settings@settings                 cstackBANK2  000166
set_osr_settings@desired_settings                    cstackBANK1  0000E0
set_osr_settings@dev                                 cstackBANK2  00016B
set_osr_settings@rslt                                cstackBANK1  0000DF
set_osr_settings@settings                            cstackBANK2  000169
snprintf@ap                                          cstackBANK1  0000DE
snprintf@cnt                                         cstackBANK1  0000DC
snprintf@f                                           cstackBANK1  0000DF
snprintf@fmt                                         cstackBANK2  000159
snprintf@n                                           cstackBANK2  000157
snprintf@s                                           cstackBANK2  000155
sprintf@ap                                           cstackBANK1  0000D8
sprintf@f                                            cstackBANK1  0000D9
sprintf@fmt                                          cstackBANK2  000155
sprintf@s                                            cstackBANK1  0000D7
start                                                init         000031
start_initialization                                 cinit        000033
stoa@F1180                                           dataBANK6    000352
stoa@cp                                              cstackBANK0  000038
stoa@fp                                              cstackBANK0  000037
stoa@i                                               cstackBANK0  000035
stoa@l                                               cstackBANK0  00003C
stoa@nuls                                            cstackBANK0  00002C
stoa@p                                               cstackBANK0  00003A
stoa@s                                               cstackBANK0  000028
stoa@w                                               cstackBANK0  000033
strcmp@l                                             cstackBANK0  000020
strcmp@r                                             cstackBANK0  000022
strcpy@d                                             cstackBANK0  000026
strcpy@dest                                          cstackBANK0  000027
strcpy@s                                             cstackBANK0  000024
strcpy@src                                           cstackBANK0  000020
strlen@a                                             cstackBANK0  000023
strlen@s                                             cstackBANK0  000020
strncmp@_l                                           cstackBANK0  000020
strncmp@_r                                           cstackBANK0  000022
strncmp@l                                            cstackBANK0  000027
strncmp@n                                            cstackBANK0  000024
strncmp@r                                            cstackBANK0  000029
vfpfcnvrt@ap                                         cstackBANK2  000151
vfpfcnvrt@c                                          cstackBANK1  0000D0
vfpfcnvrt@convarg                                    cstackBANK1  0000CC
vfpfcnvrt@cp                                         cstackBANK1  0000D2
vfpfcnvrt@fmt                                        cstackBANK2  000150
vfpfcnvrt@fp                                         cstackBANK1  0000D1
vfprintf@ap                                          cstackBANK2  000154
vfprintf@cfmt                                        cstackBANK1  0000D5
vfprintf@fmt                                         cstackBANK2  000152
vfprintf@fp                                          cstackBANK1  0000D4
weather_dev@dev                                      cstackBANK4  000225
weather_dev@settings                                 cstackBANK4  000220
weather_is_measurement_done@dev                      cstackBANK1  0000DB
weather_is_measurement_done@status_reg               cstackBANK1  0000DC
weather_read@comp_data                               cstackBANK3  0001C4
weather_read@dev                                     cstackBANK3  0001C3
weather_read@rslt                                    cstackBANK3  0001C2
write_eeprom@address                                 cstackBANK0  000024
write_eeprom@data                                    cstackBANK0  000026
write_power_mode@dev                                 cstackBANK2  000166
write_power_mode@reg_addr                            cstackBANK1  0000DE
write_power_mode@rslt                                cstackBANK1  0000DD
write_power_mode@sensor_mode                         cstackBANK1  0000DC
write_power_mode@sensor_mode_reg_val                 cstackBANK1  0000DF
wtemp0                                               (abs)        00007E


MODULE INFORMATION

Module		Function		Class		Link	Load	Size
C:\Program Files\Microchip\xc8\v2.41\pic\sources\c99\common\__fpclassifyf.c
		___fpclassifyf 		CODE           	2980	0000	127

C:\Program Files\Microchip\xc8\v2.41\pic\sources\c99\common\__fpclassifyf.c estimated size: 127

C:\Program Files\Microchip\xc8\v2.41\pic\sources\c99\common\awmod.c
		___awmod       		CODE           	3406	0000	84

C:\Program Files\Microchip\xc8\v2.41\pic\sources\c99\common\awmod.c estimated size: 84

C:\Program Files\Microchip\xc8\v2.41\pic\sources\c99\common\floorf.c
		_floorf        		CODE           	2F06	0000	250

C:\Program Files\Microchip\xc8\v2.41\pic\sources\c99\common\floorf.c estimated size: 250

C:\Program Files\Microchip\xc8\v2.41\pic\sources\c99\common\roundf.c
		_roundf        		CODE           	114D	0000	696

C:\Program Files\Microchip\xc8\v2.41\pic\sources\c99\common\roundf.c estimated size: 696

C:\Program Files\Microchip\xc8\v2.41\pic\sources\c99\common\flge.c
		___flge        		CODE           	2A7F	0000	139

C:\Program Files\Microchip\xc8\v2.41\pic\sources\c99\common\flge.c estimated size: 139

C:\Program Files\Microchip\xc8\v2.41\pic\sources\c99\common\Umul8_16.c
		__Umul8_16     		CODE           	3E57	0000	36

C:\Program Files\Microchip\xc8\v2.41\pic\sources\c99\common\Umul8_16.c estimated size: 36

weather.c
		_bme280_i2c_read		CODE           	3104	0000	62
		_bme280_delay_us		CODE           	3BFB	0000	10
		_bme280_i2c_write		CODE           	3794	0000	108
		_weather_dev   		CODE           	32CA	0000	72
		_weather_read  		CODE           	3361	0000	82
		_weather_init  		CODE           	3BA2	0000	6
		_weather_is_measurement_done		CODE           	3DD7	0000	31

weather.c estimated size: 371

C:\Program Files\Microchip\xc8\v2.41\pic\sources\c99\common\fltol.c
		___fltol       		CODE           	289C	0000	113

C:\Program Files\Microchip\xc8\v2.41\pic\sources\c99\common\fltol.c estimated size: 113

C:\Program Files\Microchip\xc8\v2.41\pic\sources\c99\common\xxtofl.c
		___xxtofl      		CODE           	2D6D	0000	171

C:\Program Files\Microchip\xc8\v2.41\pic\sources\c99\common\xxtofl.c estimated size: 171

mcc_generated_files/system/src/watchdog.c
		_WDT_Initialize		CODE           	3B73	0000	4

mcc_generated_files/system/src/watchdog.c estimated size: 4

C:\Program Files\Microchip\xc8\v2.41\pic\sources\c99\common\strlen.c
		_strlen        		CODE           	3D18	0000	26

C:\Program Files\Microchip\xc8\v2.41\pic\sources\c99\common\strlen.c estimated size: 26

C:\Program Files\Microchip\xc8\v2.41\pic\sources\c99\common\nf_fputc.c
		_fputc         		CODE           	33B3	0000	83

C:\Program Files\Microchip\xc8\v2.41\pic\sources\c99\common\nf_fputc.c estimated size: 83

C:\Program Files\Microchip\xc8\v2.41\pic\sources\c99\common\strcmp.c
		_strcmp        		CODE           	302C	0000	50

C:\Program Files\Microchip\xc8\v2.41\pic\sources\c99\common\strcmp.c estimated size: 50

C:\Program Files\Microchip\xc8\v2.41\pic\sources\c99\common\strcpy.c
		_strcpy        		CODE           	3DF6	0000	32

C:\Program Files\Microchip\xc8\v2.41\pic\sources\c99\common\strcpy.c estimated size: 32

C:\Program Files\Microchip\xc8\v2.41\pic\sources\c99\common\nf_sprintf.c
		_sprintf       		CODE           	3E16	0000	32

C:\Program Files\Microchip\xc8\v2.41\pic\sources\c99\common\nf_sprintf.c estimated size: 32

bme280.c
		_compensate_temperature		CODE           	1D4E	0000	690
		_bme280_get_sensor_data		CODE           	35B8	0000	90
		_fill_filter_settings		CODE           	3D4C	0000	27
		_parse_device_settings		CODE           	290D	0000	115
		_compensate_humidity		CODE           	1405	0000	1019
		_fill_osr_temp_settings		CODE           	3D82	0000	27
		_fill_standby_settings		CODE           	3D67	0000	27
		_bme280_get_regs		CODE           	36CA	0000	99
		_bme280_set_regs		CODE           	22CB	0000	297
		_reload_device_settings		CODE           	3E36	0000	33
		_fill_osr_press_settings		CODE           	3D32	0000	26
		_bme280_get_sensor_mode		CODE           	3000	0000	44
		_bme280_set_sensor_mode		CODE           	2800	0000	45
		_put_device_to_sleep		CODE           	3142	0000	62
		_compensate_pressure		CODE           	09C4	0000	1596
		_set_filter_standby_settings		CODE           	34B0	0000	87
		_get_calib_data		CODE           	345A	0000	86
		_write_power_mode		CODE           	30C7	0000	61
		_set_osr_press_temp_settings		CODE           	3507	0000	87
		_parse_sensor_data		CODE           	1023	0000	298
		_set_osr_humidity_settings		CODE           	3612	0000	91
		_parse_humidity_calib_data		CODE           	2C32	0000	156
		_bme280_init   		CODE           	0801	0000	65
		_null_ptr_check		CODE           	3F42	0000	46
		_interleave_reg_addr		CODE           	3243	0000	67
		_bme280_get_sensor_settings		CODE           	3F9F	0000	48
		_bme280_set_sensor_settings		CODE           	372D	0000	103
		_are_settings_changed		CODE           	3C44	0000	14
		_bme280_compensate_data		CODE           	2B0A	0000	143
		_set_osr_settings		CODE           	3EEC	0000	42
		_parse_temp_press_calib_data		CODE           	20A3	0000	267
		_bme280_soft_reset		CODE           	282D	0000	111

bme280.c estimated size: 5969

C:\Program Files\Microchip\xc8\v2.41\pic\sources\c99\common\sprcadd.c
		___flsub       		CODE           	3091	0000	54
		___fladd       		CODE           	25F8	0000	520

C:\Program Files\Microchip\xc8\v2.41\pic\sources\c99\common\sprcadd.c estimated size: 574

mcc_generated_files/system/src/interrupt.c
		_INT_SetInterruptHandler		CODE           	3BE8	0000	9
		_INTERRUPT_Initialize		CODE           	3C05	0000	12
		_INTERRUPT_InterruptManager		CODE           	0004	0000	45

mcc_generated_files/system/src/interrupt.c estimated size: 66

C:\Program Files\Microchip\xc8\v2.41\pic\sources\c99\common\awdiv.c
		___awdiv       		CODE           	07A0	0000	96

C:\Program Files\Microchip\xc8\v2.41\pic\sources\c99\common\awdiv.c estimated size: 96

C:\Program Files\Microchip\xc8\v2.41\pic\sources\c99\common\abs.c
		_abs           		CODE           	3D9D	0000	28

C:\Program Files\Microchip\xc8\v2.41\pic\sources\c99\common\abs.c estimated size: 28

C:\Program Files\Microchip\xc8\v2.41\pic\sources\c99\common\doprnt.c
		_vfpfcnvrt     		CODE           	18E4	0000	559
		_efgtoa        		CODE           	21AE	0000	2093
		_pad           		CODE           	3286	0000	68
		_dtoa          		CODE           	1823	0000	193
		_vfprintf      		CODE           	305E	0000	51
		_stoa          		CODE           	2CCE	0000	159

C:\Program Files\Microchip\xc8\v2.41\pic\sources\c99\common\doprnt.c estimated size: 3123

C:\Program Files\Microchip\xc8\v2.41\pic\sources\c99\common\flneg.c
		___flneg       		CODE           	3C11	0000	12

C:\Program Files\Microchip\xc8\v2.41\pic\sources\c99\common\flneg.c estimated size: 12

C:\Program Files\Microchip\xc8\v2.41\pic\sources\c99\common\fleq.c
		___fleq        		CODE           	3312	0000	79

C:\Program Files\Microchip\xc8\v2.41\pic\sources\c99\common\fleq.c estimated size: 79

mcc_generated_files/nvm/src/nvm.c
		_NVM_UnlockKeySet		CODE           	3B9C	0000	6
		_NVM_Initialize		CODE           	3B6F	0000	4
		_EEPROM_Read   		CODE           	3C1D	0000	13
		_EEPROM_Write  		CODE           	1000	0000	35
		_NVM_StatusClear		CODE           	3B3C	0000	3
		_NVM_IsBusy    		CODE           	3C8E	0000	17

mcc_generated_files/nvm/src/nvm.c estimated size: 78

mcc_generated_files/system/src/pins.c
		_PIN_MANAGER_Initialize		CODE           	355E	0000	90
		_PIN_MANAGER_IOC		CODE           	3B24	0000	1

mcc_generated_files/system/src/pins.c estimated size: 91

shared
		__initialization		CODE           	0033	0000	89
		_UART1         		STRCODE        	0000	0000	0
		_I2C2_Host     		STRCODE        	0000	0000	0
		_toint         		STRCODE        	0000	0000	0
		_i2c2_eventTable		STRCODE        	385F	0000	18

shared estimated size: 107

C:\Program Files\Microchip\xc8\v2.41\pic\sources\c99\common\memcpy.c
		_memcpy        		CODE           	3EC4	0000	40

C:\Program Files\Microchip\xc8\v2.41\pic\sources\c99\common\memcpy.c estimated size: 40

rylr998.c
		_rylr998_read  		CODE           	2004	0000	159
		_rylr998_send  		CODE           	2E18	0000	238
		_rylr998_init  		CODE           	3C2A	0000	13
		_rylr998_write 		CODE           	29FF	0000	128

rylr998.c estimated size: 538

C:\Program Files\Microchip\xc8\v2.41\pic\sources\c99\common\putch.c
		_putch         		CODE           	3B26	0000	1

C:\Program Files\Microchip\xc8\v2.41\pic\sources\c99\common\putch.c estimated size: 1

C:\Program Files\Microchip\xc8\v2.41\pic\sources\c99\common\nf_fputs.c
		_fputs         		CODE           	3E9F	0000	37

C:\Program Files\Microchip\xc8\v2.41\pic\sources\c99\common\nf_fputs.c estimated size: 37

mcc_generated_files/system/src/clock.c
		_CLOCK_Initialize		CODE           	3BF1	0000	10

mcc_generated_files/system/src/clock.c estimated size: 10

mcc_generated_files/i2c_host/src/mssp2.c
		_I2C2_DefaultCallback		CODE           	3B23	0000	1
		_I2C2_WriteRead		CODE           	3180	0000	63
		_I2C2_StartSend		CODE           	3B48	0000	3
		_I2C2_EVENT_SEND_WR_ADDR		CODE           	3BB4	0000	7
		_I2C2_NackSend 		CODE           	3B5B	0000	4
		_I2C2_ErrorEventHandler		CODE           	1800	0000	35
		_I2C2_CallbackRegister		CODE           	3C70	0000	15
		_I2C2_EVENT_RESET		CODE           	3BBB	0000	7
		_I2C2_EVENT_ERROR		CODE           	3B90	0000	6
		_I2C2_ErrorInterruptClear		CODE           	3B27	0000	3
		_I2C2_StatusFlagsClear		CODE           	3B4F	0000	4
		_I2C2_InterruptsEnable		CODE           	3B6B	0000	4
		_I2C2_InterruptClear		CODE           	3B2A	0000	3
		_I2C2_WriteStart		CODE           	3BC9	0000	7
		_I2C2_EVENT_RX 		CODE           	31BF	0000	65
		_I2C2_EVENT_TX 		CODE           	3F70	0000	47
		_I2C2_ReceiveEnable		CODE           	3B33	0000	3
		_I2C2_RestartEnable		CODE           	3B39	0000	3
		_I2C2_ISR      		CODE           	3B67	0000	4
		_I2C2_EventHandler		CODE           	3200	0000	67
		_I2C2_DataReceive		CODE           	3B30	0000	3
		_I2C2_IsData   		CODE           	3B80	0000	5
		_I2C2_IsNack   		CODE           	3B96	0000	6
		_I2C2_IsAddr   		CODE           	3BC2	0000	7
		_I2C2_IsBusy   		CODE           	3CB0	0000	19
		_I2C2_EVENT_IDLE		CODE           	3B5F	0000	4
		_I2C2_EVENT_NACK		CODE           	3B8A	0000	6
		_I2C2_EVENT_SEND_RD_ADDR		CODE           	3BD0	0000	8
		_I2C2_EVENT_STOP		CODE           	3BD8	0000	8
		_I2C2_BusReset 		CODE           	3B4B	0000	4
		_I2C2_Initialize		CODE           	3D01	0000	23
		_I2C2_Close    		CODE           	3CD6	0000	21
		_I2C2_ERROR_ISR		CODE           	3B63	0000	4
		_I2C2_IsRxBufFull		CODE           	3B57	0000	4
		_I2C2_Write    		CODE           	3FCF	0000	49
		_I2C2_StopSend 		CODE           	3B2D	0000	3
		_I2C2_RestartDisable		CODE           	3B36	0000	3
		_I2C2_DataTransmit		CODE           	3B7B	0000	5
		_I2C2_AckSend  		CODE           	3B53	0000	4

mcc_generated_files/i2c_host/src/mssp2.c estimated size: 537

C:\Program Files\Microchip\xc8\v2.41\pic\sources\c99\common\labs.c
		_labs          		CODE           	3E7B	0000	36

C:\Program Files\Microchip\xc8\v2.41\pic\sources\c99\common\labs.c estimated size: 36

main.c
		_main          		CODE           	0842	0000	386
		_read_eeprom   		CODE           	3C9F	0000	17
		_write_eeprom  		CODE           	3CC3	0000	19

main.c estimated size: 422

C:\Program Files\Microchip\xc8\v2.41\pic\sources\c99\common\strncmp.c
		_strncmp       		CODE           	366D	0000	93

C:\Program Files\Microchip\xc8\v2.41\pic\sources\c99\common\strncmp.c estimated size: 93

mcc_generated_files/uart/src/eusart1.c
		_EUSART1_Initialize		CODE           	3DB9	0000	30
		_EUSART1_DefaultFramingErrorCallback		CODE           	3B25	0000	1
		_EUSART1_Read  		CODE           	3F16	0000	44
		_EUSART1_ReceiveEnable		CODE           	3B42	0000	3
		_EUSART1_IsTxDone		CODE           	2000	0000	4
		_EUSART1_Write 		CODE           	3B85	0000	5
		_EUSART1_TransmitEnable		CODE           	3B45	0000	3
		_EUSART1_Enable		CODE           	3B3F	0000	3
		_EUSART1_FramingErrorCallbackRegister		CODE           	3C52	0000	15
		_EUSART1_IsRxReady		CODE           	3BE0	0000	8
		_EUSART1_OverrunErrorCallbackRegister		CODE           	3C61	0000	15
		_EUSART1_DefaultOverrunErrorCallback		CODE           	3B77	0000	4

mcc_generated_files/uart/src/eusart1.c estimated size: 135

C:\Program Files\Microchip\xc8\v2.41\pic\sources\c99\common\sprcmul.c
		___flmul       		CODE           	1B13	0000	571

C:\Program Files\Microchip\xc8\v2.41\pic\sources\c99\common\sprcmul.c estimated size: 571

C:\Program Files\Microchip\xc8\v2.41\pic\sources\c99\common\printf.c
		_printf        		CODE           	3C7F	0000	15

C:\Program Files\Microchip\xc8\v2.41\pic\sources\c99\common\printf.c estimated size: 15

mcc_generated_files/system/src/system.c
		_SYSTEM_Initialize		CODE           	3CEB	0000	22

mcc_generated_files/system/src/system.c estimated size: 22

C:\Program Files\Microchip\xc8\v2.41\pic\sources\c99\common\sprcdiv.c
		___fldiv       		CODE           	23F4	0000	516

C:\Program Files\Microchip\xc8\v2.41\pic\sources\c99\common\sprcdiv.c estimated size: 516

C:\Program Files\Microchip\xc8\v2.41\pic\sources\c99\common\nf_snprintf.c
		_snprintf      		CODE           	2B99	0000	153

C:\Program Files\Microchip\xc8\v2.41\pic\sources\c99\common\nf_snprintf.c estimated size: 153

