Microchip MPLAB XC8 Compiler V2.41

Linker command line:

-W-3 \
  --edf=C:/Program Files/Microchip/MPLABX/v6.10/packs/Microchip/PIC16F1xxxx_DFP/1.18.352/xc8\pic\dat\20230322162823_en.msgs \
  -cn -h+dist/default/production\Third.X.production.sym \
  --cmf=dist/default/production\Third.X.production.cmf -z -Q16F18076 \
  -oC:\Users\zmiller\AppData\Local\Temp\xcAsfl4.\driver_tmp_3.o \
  --defsym=__MPLAB_BUILD=1 --fixupoverflow=error \
  -Mdist/default/production/Third.X.production.map \
  --md=C:\Users\zmiller\AppData\Local\Temp\xcAsfl4.\driver_tmp_0.dat -E1 \
  -ver=XC8 Compiler --acfsm=1493 -ACODE=00h-07FFhx8 -ASTRCODE=00h-03FFFh \
  -ASTRING=00h-0FFhx64 -ACONST=00h-0FFhx64 -AENTRY=00h-0FFhx64 \
  -ACOMMON=070h-07Fh -ABANK0=020h-06Fh -ABANK1=0A0h-0EFh \
  -ABANK2=0120h-016Fh -ABANK3=01A0h-01EFh -ABANK4=0220h-026Fh \
  -ABANK5=02A0h-02EFh -ABANK6=0320h-036Fh -ABANK7=03A0h-03EFh \
  -ABANK8=0420h-046Fh -ABANK9=04A0h-04EFh -ABANK10=0520h-056Fh \
  -ABANK11=05A0h-05EFh -ABANK12=0620h-066Fh -ABANK13=06A0h-06EFh \
  -ABANK14=0720h-076Fh -ABANK15=07A0h-07EFh -ABANK16=0820h-086Fh \
  -ABANK17=08A0h-08EFh -ABANK18=0920h-096Fh -ABANK19=09A0h-09EFh \
  -ABANK20=0A20h-0A6Fh -ABANK21=0AA0h-0AEFh -ABANK22=0B20h-0B6Fh \
  -ABANK23=0BA0h-0BEFh -ABANK24=0C20h-0C6Fh -ABANK25=0CA0h-0CBFh \
  -ABIGRAM=02000h-027EFh \
  -ARAM=020h-06Fh,0A0h-0EFh,0120h-016Fh,01A0h-01EFh,0220h-026Fh,02A0h-02EFh,0320h-036Fh,03A0h-03EFh,0420h-046Fh,04A0h-04EFh,0520h-056Fh,05A0h-05EFh,0620h-066Fh,06A0h-06EFh,0720h-076Fh,07A0h-07EFh,0820h-086Fh,08A0h-08EFh,0920h-096Fh,09A0h-09EFh,0A20h-0A6Fh,0AA0h-0AEFh,0B20h-0B6Fh,0BA0h-0BEFh,0C20h-0C6Fh,0CA0h-0CBFh \
  -AABS1=020h-07Fh,0A0h-0EFh,0120h-016Fh,01A0h-01EFh,0220h-026Fh,02A0h-02EFh,0320h-036Fh,03A0h-03EFh,0420h-046Fh,04A0h-04EFh,0520h-056Fh,05A0h-05EFh,0620h-066Fh,06A0h-06EFh,0720h-076Fh,07A0h-07EFh,0820h-086Fh,08A0h-08EFh,0920h-096Fh,09A0h-09EFh,0A20h-0A6Fh,0AA0h-0AEFh,0B20h-0B6Fh,0BA0h-0BEFh,0C20h-0C6Fh,0CA0h-0CBFh \
  -ASFR0=00h-01Fh -ASFR1=080h-09Fh -ASFR2=0100h-011Fh -ASFR3=0180h-019Fh \
  -ASFR4=0200h-021Fh -ASFR5=0280h-029Fh -ASFR6=0300h-031Fh \
  -ASFR7=0380h-039Fh -ASFR8=0400h-041Fh -ASFR9=0480h-049Fh \
  -ASFR10=0500h-051Fh -ASFR11=0580h-059Fh -ASFR12=0600h-061Fh \
  -ASFR13=0680h-069Fh -ASFR14=0700h-071Fh -ASFR15=0780h-079Fh \
  -ASFR16=0800h-081Fh -ASFR17=0880h-089Fh -ASFR18=0900h-091Fh \
  -ASFR19=0980h-099Fh -ASFR20=0A00h-0A1Fh -ASFR21=0A80h-0A9Fh \
  -ASFR22=0B00h-0B1Fh -ASFR23=0B80h-0B9Fh -ASFR24=0C00h-0C1Fh \
  -ASFR25=0C80h-0C9Fh -ASFR26=0D00h-0D6Fh -ASFR27=0D80h-0DEFh \
  -ASFR28=0E00h-0E6Fh -ASFR29=0E80h-0EEFh -ASFR30=0F00h-0F6Fh \
  -ASFR31=0F80h-0FEFh -ASFR32=01000h-0106Fh -ASFR33=01080h-010EFh \
  -ASFR34=01100h-0116Fh -ASFR35=01180h-011EFh -ASFR36=01200h-0126Fh \
  -ASFR37=01280h-012EFh -ASFR38=01300h-0136Fh -ASFR39=01380h-013EFh \
  -ASFR40=01400h-0146Fh -ASFR41=01480h-014EFh -ASFR42=01500h-0156Fh \
  -ASFR43=01580h-015EFh -ASFR44=01600h-0166Fh -ASFR45=01680h-016EFh \
  -ASFR46=01700h-0176Fh -ASFR47=01780h-017EFh -ASFR48=01800h-0186Fh \
  -ASFR49=01880h-018EFh -ASFR50=01900h-0196Fh -ASFR51=01980h-019EFh \
  -ASFR52=01A00h-01A6Fh -ASFR53=01A80h-01AEFh -ASFR54=01B00h-01B6Fh \
  -ASFR55=01B80h-01BEFh -ASFR56=01C00h-01C6Fh -ASFR57=01C80h-01CEFh \
  -ASFR58=01D00h-01D6Fh -ASFR59=01D80h-01DEFh -ASFR60=01E00h-01E6Fh \
  -ASFR61=01E80h-01EEFh -ASFR62=01F00h-01F6Fh -ASFR63=01F80h-01FEFh \
  -ACONFIG=08007h-0800Bh -DCONFIG=2 -AIDLOC=08000h-08003h -DIDLOC=2 \
  -AEEDATA=00h-0FFh/0F000h -peeprom_data=EEDATA -DEEDATA=2 -DCODE=2 \
  -DSTRCODE=2 -DSTRING=2 -DCONST=2 -DENTRY=2 \
  -preset_vec=00h,intentry=04h,init,end_init -ppowerup=CODE -pcinit=CODE \
  -pfunctab=ENTRY -k \
  C:\Users\zmiller\AppData\Local\Temp\xcAsfl4.\driver_tmp_20.o \
  dist/default/production\Third.X.production.o 

Object code version is 3.11

Machine type is 16F18076



                Name                               Link     Load   Length Selector   Space Scale
C:\Users\zmiller\AppData\Local\Temp\xcAsfl4.\driver_tmp_20.o
                end_init                             49       49        2        8       0
                reset_vec                             0        0        2        0       0
                config                             8007     8007        5        0       4
dist/default/production\Third.X.production.o
                cinit                                4B       4B       6E        8       0
                intentry                              4        4       45        8       0
                config                             8007     8007        5        0       4
                text174                            38E9     38E9        1     71D2       0
                text173                            391E     391E        4     723C       0
                text172                            38EE     38EE        3     71DC       0
                text171                            38F1     38F1        3     71E2       0
                text170                            3922     3922        4     7244       0
                text169                            3AEB     3AEB       14     75D6       0
                text168                            38F4     38F4        3     71E8       0
                text167                            3926     3926        4     724C       0
                text166                            38F7     38F7        3     71EE       0
                text165                            392A     392A        4     7254       0
                text164                            392E     392E        4     725C       0
                text163                            38FA     38FA        3     71F4       0
                text162                            38FD     38FD        3     71FA       0
                text161                            395A     395A        5     72B4       0
                text160                            3900     3900        3     7200       0
                text159                            3E89     3E89       2D     7D12       0
                text158                            3932     3932        4     7264       0
                text157                            39DB     39DB        8     73B6       0
                text156                            39AA     39AA        7     7354       0
                text155                            30F5     30F5       41     61EA       0
                text154                            396E     396E        6     72DC       0
                text153                            3974     3974        6     72E8       0
                text152                            39E3     39E3        8     73C6       0
                text151                            39B1     39B1        7     7362       0
                text150                            3C95     3C95       23     792A       0
                text149                            3936     3936        4     726C       0
                text148                            39B8     39B8        7     7370       0
                text147                            395F     395F        5     72BE       0
                text146                            397A     397A        6     72F4       0
                text145                            3136     3136       43     626C       0
                text144                            393A     393A        4     7274       0
                text143                            38EA     38EA        1     71D4       0
                text142                            3AC9     3AC9       11     7592       0
                text141                            3903     3903        3     7206       0
                text140                            393E     393E        4     727C       0
                text139                            3A0E     3A0E        A     741C       0
                text138                            3ADA     3ADA       11     75B4       0
                text137                            38EB     38EB        1     71D6       0
                text136                            38EC     38EC        1     71D8       0
                text135                            3980     3980        6     7300       0
                text134                            3B2B     3B2B       17     7656       0
                text133                            3A8B     3A8B        F     7516       0
                text131                            3A9A     3A9A        F     7534       0
                text130                            3E33     3E33       2B     7C66       0
                text129                            3A18     3A18        A     7430       0
                text128                            3A4D     3A4D        C     749A       0
                text127                            3A59     3A59        C     74B2       0
                text126                            3BE0     3BE0       1C     77C0       0
                text125                            3942     3942        4     7284       0
                text124                            3A65     3A65        C     74CA       0
                text123                            3946     3946        4     728C       0
                text122                            3AFF     3AFF       16     75FE       0
                text121                            3986     3986        6     730C       0
                text120                            3A2C     3A2C        B     7458       0
                text119                            3906     3906        3     720C       0
                text118                            394A     394A        4     7294       0
                text117                            341F     341F       5A     683E       0
                text116                            398C     398C        6     7318       0
                text115                            3992     3992        6     7324       0
                text114                            3CB8     3CB8       23     7970       0
                text113                            3998     3998        6     7330       0
                text112                            3B15     3B15       16     762A       0
                text111                            3C36     3C36       1F     786C       0
                text110                            3909     3909        3     7212       0
                text109                            390C     390C        3     7218       0
                text108                            3D45     3D45       25     7A8A       0
                text107                            39F3     39F3        9     73E6       0
                text106                            3000     3000        E     5DAC       0
                text105                            3964     3964        5     72C8       0
                text104                            3F70     3F70       30     7EE0       0
                text103                            390F     390F        3     721E       0
                text102                            3912     3912        3     7224       0
                text101                            3915     3915        3     722A       0
                text100                            39EB     39EB        8     73D6       0
                text99                             3AA9     3AA9       10     7552       0
                text98                             358D     358D       60     6B1A       0
                text97                             33CB     33CB       54     6796       0
                text96                             3BFC     3BFC       1C     77F8       0
                text95                             38ED     38ED        1     71DA       0
                text94                             34D3     34D3       5D     69A6       0
                text93                             3D6A     3D6A       25     7AD4       0
                text92                             3B42     3B42       19     7684       0
                text91                             31FF     31FF       44     63FE       0
                text90                             2012     2012       C5     4024       0
                text89                             2218     2218      1AA     4430       0
                text88                             328C     328C       4F     6518       0
                text87                             2AB5     2AB5       8B     556A       0
                text86                             3D21     3D21       24     7A42       0
                text85                             113D     113D      2C8     227A       0
                text84                             3A37     3A37        B     746E       0
                text83                             23C2     23C2      208     4784       0
                text82                             3C55     3C55       20     78AA       0
                text81                             378F     378F       71     6F1E       0
                text80                             28A9     28A9       7F     5152       0
                text79                             20D7     20D7      141     41AE       0
                text78                              7DE      7DE       22        8       0
                text77                             3D8F     3D8F       28     7B1E       0
                text76                             3C75     3C75       20     78EA       0
                text75                              866      866      79A     10CC       0
                text74                             2C72     2C72       A3     58E4       0
                text73                             3530     3530       5D     6A60       0
                text72                             1857     1857      277     30AE       0
                text71                             300E     300E       31     601C       0
                text70                             2000     2000       12     3AC0       0
                text69                             1ACE     1ACE      292     359C       0
                text68                                2        2        1        0       0
                text67                             394E     394E        4     729C       0
                text66                             3DDF     3DDF       2A     7BBE       0
                text65                             3EE3     3EE3       2F     7DC6       0
                text64                             39BF     39BF        7     737E       0
                text63                             3952     3952        4     72A4       0
                text62                             3A42     3A42        B     7484       0
                text61                             3AB9     3AB9       10     7572       0
                text60                             1000     1000        B     10CC       0
                text59                             3918     3918        3     7230       0
                text58                             3969     3969        5     72D2       0
                text57                             39C6     39C6        7     738C       0
                text56                             39CD     39CD        7     739A       0
                text55                             3956     3956        4     72AC       0
                text54                             3A22     3A22        A     7444       0
                text53                             3CDB     3CDB       23     79B6       0
                text52                             2BD4     2BD4       9E     57A8       0
                text51                              800      800        4        8       0
                text50                             29AB     29AB       84     5356       0
                text49                             2928     2928       83     5250       0
                text48                             3DB7     3DB7       28     7B6E       0
                text47                             2DC0     2DC0      116     5B80       0
                text46                             391B     391B        3     7236       0
                text45                             39D4     39D4        7     73A8       0
                text44                             303F     303F       3A     607E       0
                text43                             3F12     3F12       2F     7E24       0
                text42                             3F41     3F41       2F     7E82       0
                text41                             35ED     35ED       61     6BDA       0
                text40                             2836     2836       73     506C       0
                text39                             3FA0     3FA0       30     7F40       0
                text38                             39FC     39FC        9     73F8       0
                text37                             3EB6     3EB6       2D     7D6C       0
                text36                             3720     3720       6F     6E40       0
                text35                             3179     3179       43     62F2       0
                text34                             100B     100B      132     2016       0
                text33                             364E     364E       69     6C9C       0
                text32                             2B40     2B40       94     5680       0
                text31                              6ED      6ED       F1        8       0
                text30                             3379     3379       52     66F2       0
                text29                             31BC     31BC       43     6378       0
                text28                             3E09     3E09       2A     7C12       0
                text27                             3B8F     3B8F       1B     771E       0
                text26                             3BAA     3BAA       1B     7754       0
                text25                             32DB     32DB       4F     65B6       0
                text24                             1800     1800       57     280A       0
                text23                             3B5B     3B5B       1A     76B6       0
                text22                             3BC5     3BC5       1B     778A       0
                text21                             332A     332A       4F     6654       0
                text20                             3E5E     3E5E       2B     7CBC       0
                text19                             3CFE     3CFE       23     79FC       0
                text18                             30B5     30B5       40     616A       0
                text17                             3079     3079       3C     60F2       0
                text16                             3FD0     3FD0       30     7FA0       0
                text15                             3A71     3A71        D     74E2       0
                text14                             36B7     36B7       69     6D6E       0
                text13                             3243     3243       49     6486       0
                text12                             3A05     3A05        9     740A       0
                text11                             2D15     2D15       AB     5A2A       0
                text10                             1405     1405      3FB     280A       0
                text9                                B9       B9      634        8       0
                text8                              1D60     1D60      2A0     3AC0       0
                text7                              2A2F     2A2F       86     545E       0
                text6                              2ED6     2ED6      12A     5DAC       0
                text5                              3479     3479       5A     68F2       0
                text4                              3C18     3C18       1E     7830       0
                text3                               804      804       62     1008       0
                text2                              3B75     3B75       1A     76EA       0
                text1                              2800     2800       36     4B94       0
                maintext                           25CA     25CA      236     4B94       0
                cstackBANK0                          20       20       50       20       1
                cstackCOMMON                         70       70        8       70       1
                cstackBANK1                          A0       A0       50       A0       1
                cstackBANK2                         120      120       4B      120       1
                cstackBANK3                         1A0      1A0       4D      1A0       1
                cstackBANK4                         220      220       4C      220       1
                cstackBANK5                         2A0      2A0       4C      2A0       1
                cstackBANK6                         320      320       3B      320       1
                clrtext                            399E     399E        6     733C       0
                inittext                           39A4     39A4        6     7348       0
                bssBANK15                           7A0      7A0       3C      7A0       1
                bssBANK14                           720      720       3C      720       1
                bssBANK13                           6A0      6A0       3C      6A0       1
                bssBANK12                           620      620       3C      620       1
                bssBANK11                           5A0      5A0       3C      5A0       1
                bssBANK10                           520      520       2E      520       1
                bssBANK9                            4A0      4A0       50      4A0       1
                bssBANK8                            420      420       10      420       1
                dataBANK7                           3DB      3DB        D      3A0       1
                bssBANK7                            3A0      3A0       3B      3A0       1
                bssBANK6                            35B      35B       15      320       1
                bssBANK5                            2EC      2EC        4      2A0       1
                dataCOMMON                           7D       7D        1       70       1
                bssCOMMON                            78       78        5       70       1
                stringtext15                       38CB     38CB        3     7000       0
                stringtext14                       38C7     38C7        4     7000       0
                stringtext13                       38C3     38C3        4     7000       0
                stringtext12                       38BF     38BF        4     7000       0
                stringtext11                       38BB     38BB        4     7000       0
                stringtext10                       38B6     38B6        5     7000       0
                stringtext9                        38AD     38AD        9     7000       0
                stringtext8                        38A2     38A2        B     7000       0
                stringtext7                        384F     384F       15     7000       0
                stringtext6                        3830     3830       1F     7000       0
                stringtext5                        3896     3896        C     7000       0
                stringtext4                        388A     388A        C     7000       0
                stringtext3                        3878     3878       12     7000       0
                stringtext2                        3864     3864       14     7000       0
                stringtext1                        3800     3800       30     7000       0
                idataBANK7                         3A7E     3A7E        D     74FC       0
                idataCOMMON                           3        3        1        6       0

TOTAL           Name                               Link     Load   Length     Space
        CLASS   CODE           
                end_init                             49       49        2         0
                cinit                                4B       4B       6E         0
                intentry                              4        4       45         0
                reset_vec                             0        0        2         0
                text174                            38E9     38E9        1         0
                text173                            391E     391E        4         0
                text172                            38EE     38EE        3         0
                text171                            38F1     38F1        3         0
                text170                            3922     3922        4         0
                text169                            3AEB     3AEB       14         0
                text168                            38F4     38F4        3         0
                text167                            3926     3926        4         0
                text166                            38F7     38F7        3         0
                text165                            392A     392A        4         0
                text164                            392E     392E        4         0
                text163                            38FA     38FA        3         0
                text162                            38FD     38FD        3         0
                text161                            395A     395A        5         0
                text160                            3900     3900        3         0
                text159                            3E89     3E89       2D         0
                text158                            3932     3932        4         0
                text157                            39DB     39DB        8         0
                text156                            39AA     39AA        7         0
                text155                            30F5     30F5       41         0
                text154                            396E     396E        6         0
                text153                            3974     3974        6         0
                text152                            39E3     39E3        8         0
                text151                            39B1     39B1        7         0
                text150                            3C95     3C95       23         0
                text149                            3936     3936        4         0
                text148                            39B8     39B8        7         0
                text147                            395F     395F        5         0
                text146                            397A     397A        6         0
                text145                            3136     3136       43         0
                text144                            393A     393A        4         0
                text143                            38EA     38EA        1         0
                text142                            3AC9     3AC9       11         0
                text141                            3903     3903        3         0
                text140                            393E     393E        4         0
                text139                            3A0E     3A0E        A         0
                text138                            3ADA     3ADA       11         0
                text137                            38EB     38EB        1         0
                text136                            38EC     38EC        1         0
                text135                            3980     3980        6         0
                text134                            3B2B     3B2B       17         0
                text133                            3A8B     3A8B        F         0
                text131                            3A9A     3A9A        F         0
                text130                            3E33     3E33       2B         0
                text129                            3A18     3A18        A         0
                text128                            3A4D     3A4D        C         0
                text127                            3A59     3A59        C         0
                text126                            3BE0     3BE0       1C         0
                text125                            3942     3942        4         0
                text124                            3A65     3A65        C         0
                text123                            3946     3946        4         0
                text122                            3AFF     3AFF       16         0
                text121                            3986     3986        6         0
                text120                            3A2C     3A2C        B         0
                text119                            3906     3906        3         0
                text118                            394A     394A        4         0
                text117                            341F     341F       5A         0
                text116                            398C     398C        6         0
                text115                            3992     3992        6         0
                text114                            3CB8     3CB8       23         0
                text113                            3998     3998        6         0
                text112                            3B15     3B15       16         0
                text111                            3C36     3C36       1F         0
                text110                            3909     3909        3         0
                text109                            390C     390C        3         0
                text108                            3D45     3D45       25         0
                text107                            39F3     39F3        9         0
                text106                            3000     3000        E         0
                text105                            3964     3964        5         0
                text104                            3F70     3F70       30         0
                text103                            390F     390F        3         0
                text102                            3912     3912        3         0
                text101                            3915     3915        3         0
                text100                            39EB     39EB        8         0
                text99                             3AA9     3AA9       10         0
                text98                             358D     358D       60         0
                text97                             33CB     33CB       54         0
                text96                             3BFC     3BFC       1C         0
                text95                             38ED     38ED        1         0
                text94                             34D3     34D3       5D         0
                text93                             3D6A     3D6A       25         0
                text92                             3B42     3B42       19         0
                text91                             31FF     31FF       44         0
                text90                             2012     2012       C5         0
                text89                             2218     2218      1AA         0
                text88                             328C     328C       4F         0
                text87                             2AB5     2AB5       8B         0
                text86                             3D21     3D21       24         0
                text85                             113D     113D      2C8         0
                text84                             3A37     3A37        B         0
                text83                             23C2     23C2      208         0
                text82                             3C55     3C55       20         0
                text81                             378F     378F       71         0
                text80                             28A9     28A9       7F         0
                text79                             20D7     20D7      141         0
                text78                              7DE      7DE       22         0
                text77                             3D8F     3D8F       28         0
                text76                             3C75     3C75       20         0
                text75                              866      866      79A         0
                text74                             2C72     2C72       A3         0
                text73                             3530     3530       5D         0
                text72                             1857     1857      277         0
                text71                             300E     300E       31         0
                text70                             2000     2000       12         0
                text69                             1ACE     1ACE      292         0
                text68                                2        2        1         0
                text67                             394E     394E        4         0
                text66                             3DDF     3DDF       2A         0
                text65                             3EE3     3EE3       2F         0
                text64                             39BF     39BF        7         0
                text63                             3952     3952        4         0
                text62                             3A42     3A42        B         0
                text61                             3AB9     3AB9       10         0
                text60                             1000     1000        B         0
                text59                             3918     3918        3         0
                text58                             3969     3969        5         0
                text57                             39C6     39C6        7         0
                text56                             39CD     39CD        7         0
                text55                             3956     3956        4         0
                text54                             3A22     3A22        A         0
                text53                             3CDB     3CDB       23         0
                text52                             2BD4     2BD4       9E         0
                text51                              800      800        4         0
                text50                             29AB     29AB       84         0
                text49                             2928     2928       83         0
                text48                             3DB7     3DB7       28         0
                text47                             2DC0     2DC0      116         0
                text46                             391B     391B        3         0
                text45                             39D4     39D4        7         0
                text44                             303F     303F       3A         0
                text43                             3F12     3F12       2F         0
                text42                             3F41     3F41       2F         0
                text41                             35ED     35ED       61         0
                text40                             2836     2836       73         0
                text39                             3FA0     3FA0       30         0
                text38                             39FC     39FC        9         0
                text37                             3EB6     3EB6       2D         0
                text36                             3720     3720       6F         0
                text35                             3179     3179       43         0
                text34                             100B     100B      132         0
                text33                             364E     364E       69         0
                text32                             2B40     2B40       94         0
                text31                              6ED      6ED       F1         0
                text30                             3379     3379       52         0
                text29                             31BC     31BC       43         0
                text28                             3E09     3E09       2A         0
                text27                             3B8F     3B8F       1B         0
                text26                             3BAA     3BAA       1B         0
                text25                             32DB     32DB       4F         0
                text24                             1800     1800       57         0
                text23                             3B5B     3B5B       1A         0
                text22                             3BC5     3BC5       1B         0
                text21                             332A     332A       4F         0
                text20                             3E5E     3E5E       2B         0
                text19                             3CFE     3CFE       23         0
                text18                             30B5     30B5       40         0
                text17                             3079     3079       3C         0
                text16                             3FD0     3FD0       30         0
                text15                             3A71     3A71        D         0
                text14                             36B7     36B7       69         0
                text13                             3243     3243       49         0
                text12                             3A05     3A05        9         0
                text11                             2D15     2D15       AB         0
                text10                             1405     1405      3FB         0
                text9                                B9       B9      634         0
                text8                              1D60     1D60      2A0         0
                text7                              2A2F     2A2F       86         0
                text6                              2ED6     2ED6      12A         0
                text5                              3479     3479       5A         0
                text4                              3C18     3C18       1E         0
                text3                               804      804       62         0
                text2                              3B75     3B75       1A         0
                text1                              2800     2800       36         0
                maintext                           25CA     25CA      236         0
                clrtext                            399E     399E        6         0
                inittext                           39A4     39A4        6         0
                idataBANK7                         3A7E     3A7E        D         0
                idataCOMMON                           3        3        1         0

        CLASS   STRCODE        
                stringtext15                       38CB     38CB        3         0
                stringtext14                       38C7     38C7        4         0
                stringtext13                       38C3     38C3        4         0
                stringtext12                       38BF     38BF        4         0
                stringtext11                       38BB     38BB        4         0
                stringtext10                       38B6     38B6        5         0
                stringtext9                        38AD     38AD        9         0
                stringtext8                        38A2     38A2        B         0
                stringtext7                        384F     384F       15         0
                stringtext6                        3830     3830       1F         0
                stringtext5                        3896     3896        C         0
                stringtext4                        388A     388A        C         0
                stringtext3                        3878     3878       12         0
                stringtext2                        3864     3864       14         0
                stringtext1                        3800     3800       30         0

        CLASS   STRING         

        CLASS   CONST          

        CLASS   ENTRY          

        CLASS   COMMON         
                cstackCOMMON                         70       70        8         1
                dataCOMMON                           7D       7D        1         1
                bssCOMMON                            78       78        5         1

        CLASS   BANK0          
                cstackBANK0                          20       20       50         1

        CLASS   BANK1          
                cstackBANK1                          A0       A0       50         1

        CLASS   BANK2          
                cstackBANK2                         120      120       4B         1

        CLASS   BANK3          
                cstackBANK3                         1A0      1A0       4D         1

        CLASS   BANK4          
                cstackBANK4                         220      220       4C         1

        CLASS   BANK5          
                cstackBANK5                         2A0      2A0       4C         1
                bssBANK5                            2EC      2EC        4         1

        CLASS   BANK6          
                cstackBANK6                         320      320       3B         1
                bssBANK6                            35B      35B       15         1

        CLASS   BANK7          
                dataBANK7                           3DB      3DB        D         1
                bssBANK7                            3A0      3A0       3B         1

        CLASS   BANK8          
                bssBANK8                            420      420       10         1

        CLASS   BANK9          
                bssBANK9                            4A0      4A0       50         1

        CLASS   BANK10         
                bssBANK10                           520      520       2E         1

        CLASS   BANK11         
                bssBANK11                           5A0      5A0       3C         1

        CLASS   BANK12         
                bssBANK12                           620      620       3C         1

        CLASS   BANK13         
                bssBANK13                           6A0      6A0       3C         1

        CLASS   BANK14         
                bssBANK14                           720      720       3C         1

        CLASS   BANK15         
                bssBANK15                           7A0      7A0       3C         1

        CLASS   BANK16         

        CLASS   BANK17         

        CLASS   BANK18         

        CLASS   BANK19         

        CLASS   BANK20         

        CLASS   BANK21         

        CLASS   BANK22         

        CLASS   BANK23         

        CLASS   BANK24         

        CLASS   BANK25         

        CLASS   BIGRAM         

        CLASS   RAM            

        CLASS   ABS1           
                abs_s1                               7E       7E        2         1

        CLASS   SFR0           

        CLASS   SFR1           

        CLASS   SFR2           

        CLASS   SFR3           

        CLASS   SFR4           

        CLASS   SFR5           

        CLASS   SFR6           

        CLASS   SFR7           

        CLASS   SFR8           

        CLASS   SFR9           

        CLASS   SFR10          

        CLASS   SFR11          

        CLASS   SFR12          

        CLASS   SFR13          

        CLASS   SFR14          

        CLASS   SFR15          

        CLASS   SFR16          

        CLASS   SFR17          

        CLASS   SFR18          

        CLASS   SFR19          

        CLASS   SFR20          

        CLASS   SFR21          

        CLASS   SFR22          

        CLASS   SFR23          

        CLASS   SFR24          

        CLASS   SFR25          

        CLASS   SFR26          

        CLASS   SFR27          

        CLASS   SFR28          

        CLASS   SFR29          

        CLASS   SFR30          

        CLASS   SFR31          

        CLASS   SFR32          

        CLASS   SFR33          

        CLASS   SFR34          

        CLASS   SFR35          

        CLASS   SFR36          

        CLASS   SFR37          

        CLASS   SFR38          

        CLASS   SFR39          

        CLASS   SFR40          

        CLASS   SFR41          

        CLASS   SFR42          

        CLASS   SFR43          

        CLASS   SFR44          

        CLASS   SFR45          

        CLASS   SFR46          

        CLASS   SFR47          

        CLASS   SFR48          

        CLASS   SFR49          

        CLASS   SFR50          

        CLASS   SFR51          

        CLASS   SFR52          

        CLASS   SFR53          

        CLASS   SFR54          

        CLASS   SFR55          

        CLASS   SFR56          

        CLASS   SFR57          

        CLASS   SFR58          

        CLASS   SFR59          

        CLASS   SFR60          

        CLASS   SFR61          

        CLASS   SFR62          

        CLASS   SFR63          

        CLASS   CONFIG         
                config                             8007     8007        5         4

        CLASS   IDLOC          

        CLASS   EEDATA         

        CLASS   BANK63         

        CLASS   BANK62         

        CLASS   BANK61         

        CLASS   BANK60         

        CLASS   BANK59         

        CLASS   BANK58         

        CLASS   BANK57         

        CLASS   BANK56         

        CLASS   BANK55         

        CLASS   BANK54         

        CLASS   BANK53         

        CLASS   BANK52         

        CLASS   BANK51         

        CLASS   BANK50         

        CLASS   BANK49         

        CLASS   BANK48         

        CLASS   BANK47         

        CLASS   BANK46         

        CLASS   BANK45         

        CLASS   BANK44         

        CLASS   BANK43         

        CLASS   BANK42         

        CLASS   BANK41         

        CLASS   BANK40         

        CLASS   BANK39         

        CLASS   BANK38         

        CLASS   BANK37         

        CLASS   BANK36         

        CLASS   BANK35         

        CLASS   BANK34         

        CLASS   BANK33         

        CLASS   BANK32         

        CLASS   BANK31         

        CLASS   BANK30         

        CLASS   BANK29         

        CLASS   BANK28         

        CLASS   BANK27         

        CLASS   BANK26         

        CLASS   HEAP           

        CLASS   STACK          



SEGMENTS        Name                           Load    Length   Top    Selector   Space  Class     Delta

                reset_vec                      000000  000003  000003         0       0  CODE        2
                idataCOMMON                    000003  000001  000004         6       0  CODE        2
                intentry                       000004  000800  000804         8       0  CODE        2
                cstackBANK0                    000020  000050  000070        20       1  BANK0       1
                cstackCOMMON                   000070  00000E  00007E        70       1  COMMON      1
                cstackBANK1                    0000A0  000050  0000F0        A0       1  BANK1       1
                cstackBANK2                    000120  00004B  00016B       120       1  BANK2       1
                cstackBANK3                    0001A0  00004D  0001ED       1A0       1  BANK3       1
                cstackBANK4                    000220  00004C  00026C       220       1  BANK4       1
                cstackBANK5                    0002A0  000050  0002F0       2A0       1  BANK5       1
                cstackBANK6                    000320  000050  000370       320       1  BANK6       1
                bssBANK7                       0003A0  000048  0003E8       3A0       1  BANK7       1
                bssBANK8                       000420  000010  000430       420       1  BANK8       1
                bssBANK9                       0004A0  000050  0004F0       4A0       1  BANK9       1
                bssBANK10                      000520  00002E  00054E       520       1  BANK10      1
                bssBANK11                      0005A0  00003C  0005DC       5A0       1  BANK11      1
                bssBANK12                      000620  00003C  00065C       620       1  BANK12      1
                bssBANK13                      0006A0  00003C  0006DC       6A0       1  BANK13      1
                bssBANK14                      000720  00003C  00075C       720       1  BANK14      1
                bssBANK15                      0007A0  00003C  0007DC       7A0       1  BANK15      1
                text3                          000804  000062  000866      1008       0  CODE        2
                text75                         000866  0007A5  00100B      10CC       0  CODE        2
                text34                         00100B  000132  00113D      2016       0  CODE        2
                text85                         00113D  0002C8  001405      227A       0  CODE        2
                text10                         001405  000452  001857      280A       0  CODE        2
                text72                         001857  000277  001ACE      30AE       0  CODE        2
                text69                         001ACE  000292  001D60      359C       0  CODE        2
                text8                          001D60  0002B2  002012      3AC0       0  CODE        2
                text90                         002012  0000C5  0020D7      4024       0  CODE        2
                text79                         0020D7  000141  002218      41AE       0  CODE        2
                text89                         002218  0001AA  0023C2      4430       0  CODE        2
                text83                         0023C2  000208  0025CA      4784       0  CODE        2
                maintext                       0025CA  00026C  002836      4B94       0  CODE        2
                text40                         002836  000073  0028A9      506C       0  CODE        2
                text80                         0028A9  00007F  002928      5152       0  CODE        2
                text49                         002928  000083  0029AB      5250       0  CODE        2
                text50                         0029AB  000084  002A2F      5356       0  CODE        2
                text7                          002A2F  000086  002AB5      545E       0  CODE        2
                text87                         002AB5  00008B  002B40      556A       0  CODE        2
                text32                         002B40  000094  002BD4      5680       0  CODE        2
                text52                         002BD4  00009E  002C72      57A8       0  CODE        2
                text74                         002C72  0000A3  002D15      58E4       0  CODE        2
                text11                         002D15  0000AB  002DC0      5A2A       0  CODE        2
                text47                         002DC0  000116  002ED6      5B80       0  CODE        2
                text6                          002ED6  000138  00300E      5DAC       0  CODE        2
                text71                         00300E  000031  00303F      601C       0  CODE        2
                text44                         00303F  00003A  003079      607E       0  CODE        2
                text17                         003079  00003C  0030B5      60F2       0  CODE        2
                text18                         0030B5  000040  0030F5      616A       0  CODE        2
                text155                        0030F5  000041  003136      61EA       0  CODE        2
                text145                        003136  000043  003179      626C       0  CODE        2
                text35                         003179  000043  0031BC      62F2       0  CODE        2
                text29                         0031BC  000043  0031FF      6378       0  CODE        2
                text91                         0031FF  000044  003243      63FE       0  CODE        2
                text13                         003243  000049  00328C      6486       0  CODE        2
                text88                         00328C  00004F  0032DB      6518       0  CODE        2
                text25                         0032DB  00004F  00332A      65B6       0  CODE        2
                text21                         00332A  00004F  003379      6654       0  CODE        2
                text30                         003379  000052  0033CB      66F2       0  CODE        2
                text97                         0033CB  000054  00341F      6796       0  CODE        2
                text117                        00341F  00005A  003479      683E       0  CODE        2
                text5                          003479  00005A  0034D3      68F2       0  CODE        2
                text94                         0034D3  00005D  003530      69A6       0  CODE        2
                text73                         003530  00005D  00358D      6A60       0  CODE        2
                text98                         00358D  000060  0035ED      6B1A       0  CODE        2
                text41                         0035ED  000061  00364E      6BDA       0  CODE        2
                text33                         00364E  000069  0036B7      6C9C       0  CODE        2
                text14                         0036B7  000069  003720      6D6E       0  CODE        2
                text36                         003720  00006F  00378F      6E40       0  CODE        2
                text81                         00378F  000071  003800      6F1E       0  CODE        2
                stringtext1                    003800  0000CE  0038CE      7000       0  STRCODE     2
                text174                        0038E9  000001  0038EA      71D2       0  CODE        2
                text143                        0038EA  000001  0038EB      71D4       0  CODE        2
                text137                        0038EB  000001  0038EC      71D6       0  CODE        2
                text136                        0038EC  000001  0038ED      71D8       0  CODE        2
                text95                         0038ED  000001  0038EE      71DA       0  CODE        2
                text172                        0038EE  000003  0038F1      71DC       0  CODE        2
                text171                        0038F1  000003  0038F4      71E2       0  CODE        2
                text168                        0038F4  000003  0038F7      71E8       0  CODE        2
                text166                        0038F7  000003  0038FA      71EE       0  CODE        2
                text163                        0038FA  000003  0038FD      71F4       0  CODE        2
                text162                        0038FD  000003  003900      71FA       0  CODE        2
                text160                        003900  000003  003903      7200       0  CODE        2
                text141                        003903  000003  003906      7206       0  CODE        2
                text119                        003906  000003  003909      720C       0  CODE        2
                text110                        003909  000003  00390C      7212       0  CODE        2
                text109                        00390C  000003  00390F      7218       0  CODE        2
                text103                        00390F  000003  003912      721E       0  CODE        2
                text102                        003912  000003  003915      7224       0  CODE        2
                text101                        003915  000003  003918      722A       0  CODE        2
                text59                         003918  000003  00391B      7230       0  CODE        2
                text46                         00391B  000003  00391E      7236       0  CODE        2
                text173                        00391E  000004  003922      723C       0  CODE        2
                text170                        003922  000004  003926      7244       0  CODE        2
                text167                        003926  000004  00392A      724C       0  CODE        2
                text165                        00392A  000004  00392E      7254       0  CODE        2
                text164                        00392E  000004  003932      725C       0  CODE        2
                text158                        003932  000004  003936      7264       0  CODE        2
                text149                        003936  000004  00393A      726C       0  CODE        2
                text144                        00393A  000004  00393E      7274       0  CODE        2
                text140                        00393E  000004  003942      727C       0  CODE        2
                text125                        003942  000004  003946      7284       0  CODE        2
                text123                        003946  000004  00394A      728C       0  CODE        2
                text118                        00394A  000004  00394E      7294       0  CODE        2
                text67                         00394E  000004  003952      729C       0  CODE        2
                text63                         003952  000004  003956      72A4       0  CODE        2
                text55                         003956  000004  00395A      72AC       0  CODE        2
                text161                        00395A  000005  00395F      72B4       0  CODE        2
                text147                        00395F  000005  003964      72BE       0  CODE        2
                text105                        003964  000005  003969      72C8       0  CODE        2
                text58                         003969  000005  00396E      72D2       0  CODE        2
                text154                        00396E  000006  003974      72DC       0  CODE        2
                text153                        003974  000006  00397A      72E8       0  CODE        2
                text146                        00397A  000006  003980      72F4       0  CODE        2
                text135                        003980  000006  003986      7300       0  CODE        2
                text121                        003986  000006  00398C      730C       0  CODE        2
                text116                        00398C  000006  003992      7318       0  CODE        2
                text115                        003992  000006  003998      7324       0  CODE        2
                text113                        003998  000006  00399E      7330       0  CODE        2
                clrtext                        00399E  000006  0039A4      733C       0  CODE        2
                inittext                       0039A4  000006  0039AA      7348       0  CODE        2
                text156                        0039AA  000007  0039B1      7354       0  CODE        2
                text151                        0039B1  000007  0039B8      7362       0  CODE        2
                text148                        0039B8  000007  0039BF      7370       0  CODE        2
                text64                         0039BF  000007  0039C6      737E       0  CODE        2
                text57                         0039C6  000007  0039CD      738C       0  CODE        2
                text56                         0039CD  000007  0039D4      739A       0  CODE        2
                text45                         0039D4  000007  0039DB      73A8       0  CODE        2
                text157                        0039DB  000008  0039E3      73B6       0  CODE        2
                text152                        0039E3  000008  0039EB      73C6       0  CODE        2
                text100                        0039EB  000008  0039F3      73D6       0  CODE        2
                text107                        0039F3  000009  0039FC      73E6       0  CODE        2
                text38                         0039FC  000009  003A05      73F8       0  CODE        2
                text12                         003A05  000009  003A0E      740A       0  CODE        2
                text139                        003A0E  00000A  003A18      741C       0  CODE        2
                text129                        003A18  00000A  003A22      7430       0  CODE        2
                text54                         003A22  00000A  003A2C      7444       0  CODE        2
                text120                        003A2C  00000B  003A37      7458       0  CODE        2
                text84                         003A37  00000B  003A42      746E       0  CODE        2
                text62                         003A42  00000B  003A4D      7484       0  CODE        2
                text128                        003A4D  00000C  003A59      749A       0  CODE        2
                text127                        003A59  00000C  003A65      74B2       0  CODE        2
                text124                        003A65  00000C  003A71      74CA       0  CODE        2
                text15                         003A71  00000D  003A7E      74E2       0  CODE        2
                idataBANK7                     003A7E  00000D  003A8B      74FC       0  CODE        2
                text133                        003A8B  00000F  003A9A      7516       0  CODE        2
                text131                        003A9A  00000F  003AA9      7534       0  CODE        2
                text99                         003AA9  000010  003AB9      7552       0  CODE        2
                text61                         003AB9  000010  003AC9      7572       0  CODE        2
                text142                        003AC9  000011  003ADA      7592       0  CODE        2
                text138                        003ADA  000011  003AEB      75B4       0  CODE        2
                text169                        003AEB  000014  003AFF      75D6       0  CODE        2
                text122                        003AFF  000016  003B15      75FE       0  CODE        2
                text112                        003B15  000016  003B2B      762A       0  CODE        2
                text134                        003B2B  000017  003B42      7656       0  CODE        2
                text92                         003B42  000019  003B5B      7684       0  CODE        2
                text23                         003B5B  00001A  003B75      76B6       0  CODE        2
                text2                          003B75  00001A  003B8F      76EA       0  CODE        2
                text27                         003B8F  00001B  003BAA      771E       0  CODE        2
                text26                         003BAA  00001B  003BC5      7754       0  CODE        2
                text22                         003BC5  00001B  003BE0      778A       0  CODE        2
                text126                        003BE0  00001C  003BFC      77C0       0  CODE        2
                text96                         003BFC  00001C  003C18      77F8       0  CODE        2
                text4                          003C18  00001E  003C36      7830       0  CODE        2
                text111                        003C36  00001F  003C55      786C       0  CODE        2
                text82                         003C55  000020  003C75      78AA       0  CODE        2
                text76                         003C75  000020  003C95      78EA       0  CODE        2
                text150                        003C95  000023  003CB8      792A       0  CODE        2
                text114                        003CB8  000023  003CDB      7970       0  CODE        2
                text53                         003CDB  000023  003CFE      79B6       0  CODE        2
                text19                         003CFE  000023  003D21      79FC       0  CODE        2
                text86                         003D21  000024  003D45      7A42       0  CODE        2
                text108                        003D45  000025  003D6A      7A8A       0  CODE        2
                text93                         003D6A  000025  003D8F      7AD4       0  CODE        2
                text77                         003D8F  000028  003DB7      7B1E       0  CODE        2
                text48                         003DB7  000028  003DDF      7B6E       0  CODE        2
                text66                         003DDF  00002A  003E09      7BBE       0  CODE        2
                text28                         003E09  00002A  003E33      7C12       0  CODE        2
                text130                        003E33  00002B  003E5E      7C66       0  CODE        2
                text20                         003E5E  00002B  003E89      7CBC       0  CODE        2
                text159                        003E89  00002D  003EB6      7D12       0  CODE        2
                text37                         003EB6  00002D  003EE3      7D6C       0  CODE        2
                text65                         003EE3  00002F  003F12      7DC6       0  CODE        2
                text43                         003F12  00002F  003F41      7E24       0  CODE        2
                text42                         003F41  00002F  003F70      7E82       0  CODE        2
                text104                        003F70  000030  003FA0      7EE0       0  CODE        2
                text39                         003FA0  000030  003FD0      7F40       0  CODE        2
                text16                         003FD0  000030  004000      7FA0       0  CODE        2


UNUSED ADDRESS RANGES

        Name                Unused          Largest block    Delta
        BANK10           0054E-0056F              22           1
        BANK11           005DC-005EF              14           1
        BANK12           0065C-0066F              14           1
        BANK13           006DC-006EF              14           1
        BANK14           0075C-0076F              14           1
        BANK15           007DC-007EF              14           1
        BANK16           00820-0086F              50           1
        BANK17           008A0-008EF              50           1
        BANK18           00920-0096F              50           1
        BANK19           009A0-009EF              50           1
        BANK2            0016B-0016F               5           1
        BANK20           00A20-00A6F              50           1
        BANK21           00AA0-00AEF              50           1
        BANK22           00B20-00B6F              50           1
        BANK23           00BA0-00BEF              50           1
        BANK24           00C20-00C6F              50           1
        BANK25           00CA0-00CBF              20           1
        BANK3            001ED-001EF               3           1
        BANK4            0026C-0026F               4           1
        BANK7            003E8-003EF               8           1
        BANK8            00430-0046F              40           1
        BIGRAM           02000-027EF             7F0           1
        CODE             038CE-038E8              1B           2
        CONST            038CE-038E8              1B           2
        EEDATA           0F000-0F0FF             100           2
        ENTRY            038CE-038E8              1B           2
        IDLOC            08000-08003               4           2
        RAM              0016B-0016F               5           1
                         001ED-001EF               3
                         0026C-0026F               4
                         003E8-003EF               8
                         00430-0046F              40
                         0054E-0056F              22
                         005DC-005EF              14
                         0065C-0066F              14
                         006DC-006EF              14
                         0075C-0076F              14
                         007DC-007EF              14
                         00820-0086F              50
                         008A0-008EF              50
                         00920-0096F              50
                         009A0-009EF              50
                         00A20-00A6F              50
                         00AA0-00AEF              50
                         00B20-00B6F              50
                         00BA0-00BEF              50
                         00C20-00C6F              50
                         00CA0-00CBF              20
        SFR0             00000-0001F              20           1
        SFR1             00080-0009F              20           1
        SFR10            00500-0051F              20           1
        SFR11            00580-0059F              20           1
        SFR12            00600-0061F              20           1
        SFR13            00680-0069F              20           1
        SFR14            00700-0071F              20           1
        SFR15            00780-0079F              20           1
        SFR16            00800-0081F              20           1
        SFR17            00880-0089F              20           1
        SFR18            00900-0091F              20           1
        SFR19            00980-0099F              20           1
        SFR2             00100-0011F              20           1
        SFR20            00A00-00A1F              20           1
        SFR21            00A80-00A9F              20           1
        SFR22            00B00-00B1F              20           1
        SFR23            00B80-00B9F              20           1
        SFR24            00C00-00C1F              20           1
        SFR25            00C80-00C9F              20           1
        SFR26            00D00-00D6F              70           1
        SFR27            00D80-00DEF              70           1
        SFR28            00E00-00E6F              70           1
        SFR29            00E80-00EEF              70           1
        SFR3             00180-0019F              20           1
        SFR30            00F00-00F6F              70           1
        SFR31            00F80-00FEF              70           1
        SFR32            01000-0106F              70           1
        SFR33            01080-010EF              70           1
        SFR34            01100-0116F              70           1
        SFR35            01180-011EF              70           1
        SFR36            01200-0126F              70           1
        SFR37            01280-012EF              70           1
        SFR38            01300-0136F              70           1
        SFR39            01380-013EF              70           1
        SFR4             00200-0021F              20           1
        SFR40            01400-0146F              70           1
        SFR41            01480-014EF              70           1
        SFR42            01500-0156F              70           1
        SFR43            01580-015EF              70           1
        SFR44            01600-0166F              70           1
        SFR45            01680-016EF              70           1
        SFR46            01700-0176F              70           1
        SFR47            01780-017EF              70           1
        SFR48            01800-0186F              70           1
        SFR49            01880-018EF              70           1
        SFR5             00280-0029F              20           1
        SFR50            01900-0196F              70           1
        SFR51            01980-019EF              70           1
        SFR52            01A00-01A6F              70           1
        SFR53            01A80-01AEF              70           1
        SFR54            01B00-01B6F              70           1
        SFR55            01B80-01BEF              70           1
        SFR56            01C00-01C6F              70           1
        SFR57            01C80-01CEF              70           1
        SFR58            01D00-01D6F              70           1
        SFR59            01D80-01DEF              70           1
        SFR6             00300-0031F              20           1
        SFR60            01E00-01E6F              70           1
        SFR61            01E80-01EEF              70           1
        SFR62            01F00-01F6F              70           1
        SFR63            01F80-01FEF              70           1
        SFR7             00380-0039F              20           1
        SFR8             00400-0041F              20           1
        SFR9             00480-0049F              20           1
        STRCODE          038CE-038E8              1B           2
        STRING           038CE-038E8              1B           2

                                  Symbol Table

?_ADCC_GetSingleConversion                           cstackCOMMON 00074
?__Umul8_16                                          cstackCOMMON 00074
?___awdiv                                            cstackCOMMON 00074
?___awmod                                            cstackCOMMON 00074
?___fladd                                            cstackBANK0  0002A
?___fldiv                                            cstackBANK0  00046
?___flmul                                            cstackBANK0  00060
?___flneg                                            cstackCOMMON 00074
?___flsub                                            cstackBANK0  0003E
?___fltol                                            cstackBANK0  0003E
?___fpclassifyf                                      cstackCOMMON 00074
?___xxtofl                                           cstackCOMMON 00074
?_abs                                                cstackBANK0  00023
?_compensate_humidity                                cstackBANK1  000AD
?_compensate_pressure                                cstackBANK1  000AD
?_compensate_temperature                             cstackBANK1  000AD
?_dtoa                                               cstackBANK0  00034
?_efgtoa                                             cstackBANK1  000AD
?_floorf                                             cstackBANK0  00060
?_labs                                               cstackCOMMON 00074
?_pad                                                cstackBANK0  0002B
?_printf                                             cstackCOMMON 00070
?_roundf                                             cstackBANK1  000AD
?_snprintf                                           cstackBANK2  0012A
?_sprintf                                            cstackBANK2  0012A
?_stoa                                               cstackBANK0  00025
?_strcmp                                             cstackCOMMON 00074
?_strlen                                             cstackCOMMON 00074
?_strncmp                                            cstackBANK0  00020
?_vfpfcnvrt                                          cstackBANK0  0006D
?_vfprintf                                           cstackBANK1  000EA
?_weather_dev                                        cstackBANK2  00120
ADCC_GetSingleConversion@channel                     cstackCOMMON 00076
EEPROM_Read@address                                  cstackCOMMON 00074
EEPROM_Write@address                                 cstackCOMMON 00074
EEPROM_Write@data                                    cstackCOMMON 00076
EEPROM_Write@globalInterruptBitValue                 cstackCOMMON 00077
EUSART1_FramingErrorCallbackRegister@callbackHandler cstackCOMMON 00074
EUSART1_OverrunErrorCallbackRegister@callbackHandler cstackCOMMON 00074
EUSART1_Write@txData                                 cstackCOMMON 00074
I2C2_CallbackRegister@callbackHandler                cstackCOMMON 00074
I2C2_DataTransmit@data                               cstackCOMMON 00070
I2C2_EVENT_ERROR@retEventState                       cstackCOMMON 00070
I2C2_EVENT_NACK@retEventState                        cstackCOMMON 00070
I2C2_EVENT_RX@retEventState                          cstackCOMMON 00071
I2C2_EVENT_TX@retEventState                          cstackCOMMON 00071
I2C2_Write@address                                   cstackBANK0  00020
I2C2_Write@data                                      cstackBANK0  00022
I2C2_Write@dataLength                                cstackBANK0  00023
I2C2_Write@retStatus                                 cstackCOMMON 00075
I2C2_WriteRead@address                               cstackBANK0  00020
I2C2_WriteRead@readData                              cstackBANK0  00025
I2C2_WriteRead@readLength                            cstackBANK0  00027
I2C2_WriteRead@retStatus                             cstackCOMMON 00075
I2C2_WriteRead@writeData                             cstackBANK0  00022
I2C2_WriteRead@writeLength                           cstackBANK0  00023
INT_SetInterruptHandler@InterruptHandler             cstackCOMMON 00074
NVM_UnlockKeySet@unlockKey                           cstackCOMMON 00074
TMR1_GateCallbackRegister@CallbackHandler            cstackCOMMON 00074
TMR1_OverflowCallbackRegister@CallbackHandler        cstackCOMMON 00074
TMR1_Write@timerVal                                  cstackCOMMON 00070
TMR6_OverflowCallbackRegister@InterruptHandler       cstackCOMMON 00074
_ACTCON                                              (abs)        00214
_ADACCH                                              (abs)        01D17
_ADACCL                                              (abs)        01D16
_ADACCU                                              (abs)        01D18
_ADACQH                                              (abs)        01D22
_ADACQL                                              (abs)        01D21
_ADACT                                               (abs)        01D2C
_ADCAP                                               (abs)        01D23
_ADCC_GetSingleConversion                            text131      03A9A
_ADCC_Initialize                                     text130      03E33
_ADCG1A                                              (abs)        01D2E
_ADCG1B                                              (abs)        01D2F
_ADCG1C                                              (abs)        01D30
_ADCLK                                               (abs)        01D2D
_ADCNT                                               (abs)        01D19
_ADCON0                                              (abs)        01D26
_ADCON0bits                                          (abs)        01D26
[...]
set_osr_press_temp_settings@settings                 cstackBANK0  00054
set_osr_settings@desired_settings                    cstackBANK0  00061
set_osr_settings@dev                                 cstackBANK0  0005E
set_osr_settings@rslt                                cstackBANK0  00060
set_osr_settings@settings                            cstackBANK0  0005C
snprintf@ap                                          cstackBANK2  0013D
snprintf@cnt                                         cstackBANK2  0013B
snprintf@f                                           cstackBANK2  0013F
snprintf@fmt                                         cstackBANK2  0012E
snprintf@n                                           cstackBANK2  0012C
snprintf@s                                           cstackBANK2  0012A
sprintf@ap                                           cstackBANK2  00138
sprintf@f                                            cstackBANK2  0013A
sprintf@fmt                                          cstackBANK2  0012C
sprintf@s                                            cstackBANK2  0012A
start                                                init         00049
start_initialization                                 cinit        0004B
stoa@F1180                                           dataBANK7    003DB
stoa@cp                                              cstackBANK0  00035
stoa@fp                                              cstackBANK0  00034
stoa@i                                               cstackBANK0  00032
stoa@l                                               cstackBANK0  00039
stoa@nuls                                            cstackBANK0  00029
stoa@p                                               cstackBANK0  00037
stoa@s                                               cstackBANK0  00025
stoa@w                                               cstackBANK0  00030
strcmp@l                                             cstackCOMMON 00074
strcmp@r                                             cstackCOMMON 00076
strcpy@d                                             cstackBANK0  00022
strcpy@dest                                          cstackBANK0  00023
strcpy@s                                             cstackBANK0  00020
strcpy@src                                           cstackCOMMON 00074
strlen@a                                             cstackCOMMON 00076
strlen@s                                             cstackCOMMON 00074
strncmp@_l                                           cstackBANK0  00020
strncmp@_r                                           cstackBANK0  00022
strncmp@l                                            cstackBANK0  00026
strncmp@n                                            cstackBANK0  00024
strncmp@r                                            cstackBANK0  00028
timeout_wait@StatusHandler                           cstackCOMMON 00075
vfpfcnvrt@ap                                         cstackBANK0  0006E
vfpfcnvrt@c                                          cstackBANK2  00126
vfpfcnvrt@convarg                                    cstackBANK2  00122
vfpfcnvrt@cp                                         cstackBANK2  00128
vfpfcnvrt@fmt                                        cstackBANK0  0006D
vfpfcnvrt@fp                                         cstackBANK2  00127
vfprintf@ap                                          cstackBANK1  000EC
vfprintf@cfmt                                        cstackBANK1  000EE
vfprintf@fmt                                         cstackBANK1  000EA
vfprintf@fp                                          cstackBANK1  000ED
weather_dev@dev                                      cstackBANK3  001A5
weather_dev@settings                                 cstackBANK3  001A0
weather_is_measurement_done@dev                      cstackBANK0  00040
weather_is_measurement_done@status_reg               cstackBANK0  00041
weather_read@dev                                     cstackBANK1  000EC
weather_read@rslt                                    cstackBANK1  000ED
weather_read@weather                                 cstackBANK1  000E9
write_eeprom@address                                 cstackBANK0  00020
write_eeprom@data                                    cstackBANK0  00022
write_eeprom@i                                       cstackBANK0  00027
write_eeprom@size                                    cstackBANK0  00024
write_power_mode@dev                                 cstackBANK0  00054
write_power_mode@reg_addr                            cstackBANK0  00059
write_power_mode@rslt                                cstackBANK0  00058
write_power_mode@sensor_mode                         cstackBANK0  00057
write_power_mode@sensor_mode_reg_val                 cstackBANK0  0005A
wtemp0                                               (abs)        0007E


MODULE INFORMATION

Module		Function		Class		Link	Load	Size
C:\Program Files\Microchip\xc8\v2.41\pic\sources\c99\common\__fpclassifyf.c
		___fpclassifyf 		CODE           	28A9	0000	127

C:\Program Files\Microchip\xc8\v2.41\pic\sources\c99\common\__fpclassifyf.c estimated size: 127

C:\Program Files\Microchip\xc8\v2.41\pic\sources\c99\common\awmod.c
		___awmod       		CODE           	33CB	0000	84

C:\Program Files\Microchip\xc8\v2.41\pic\sources\c99\common\awmod.c estimated size: 84

C:\Program Files\Microchip\xc8\v2.41\pic\sources\c99\common\floorf.c
		_floorf        		CODE           	20D7	0000	321

C:\Program Files\Microchip\xc8\v2.41\pic\sources\c99\common\floorf.c estimated size: 321

C:\Program Files\Microchip\xc8\v2.41\pic\sources\c99\common\roundf.c
		_roundf        		CODE           	1ACE	0000	658

C:\Program Files\Microchip\xc8\v2.41\pic\sources\c99\common\roundf.c estimated size: 658

C:\Program Files\Microchip\xc8\v2.41\pic\sources\c99\common\flge.c
		___flge        		CODE           	2AB5	0000	139

C:\Program Files\Microchip\xc8\v2.41\pic\sources\c99\common\flge.c estimated size: 139

mcc_generated_files/adcc/src/adcc.c
		_ADCC_GetSingleConversion		CODE           	3A9A	0000	15
		_ADCC_Initialize		CODE           	3E33	0000	43

mcc_generated_files/adcc/src/adcc.c estimated size: 58

C:\Program Files\Microchip\xc8\v2.41\pic\sources\c99\common\Umul8_16.c
		__Umul8_16     		CODE           	3D21	0000	36

C:\Program Files\Microchip\xc8\v2.41\pic\sources\c99\common\Umul8_16.c estimated size: 36

weather.c
		_bme280_i2c_read		CODE           	3F12	0000	47
		_bme280_delay_us		CODE           	39FC	0000	9
		_bme280_i2c_write		CODE           	3720	0000	111
		_weather_dev   		CODE           	3243	0000	73
		_weather_read  		CODE           	0804	0000	98
		_weather_init  		CODE           	3A05	0000	9
		_weather_is_measurement_done		CODE           	3C18	0000	30

weather.c estimated size: 377

C:\Program Files\Microchip\xc8\v2.41\pic\sources\c99\common\fltol.c
		___fltol       		CODE           	378F	0000	113

C:\Program Files\Microchip\xc8\v2.41\pic\sources\c99\common\fltol.c estimated size: 113

C:\Program Files\Microchip\xc8\v2.41\pic\sources\c99\common\xxtofl.c
		___xxtofl      		CODE           	2D15	0000	171

C:\Program Files\Microchip\xc8\v2.41\pic\sources\c99\common\xxtofl.c estimated size: 171

C:\Program Files\Microchip\xc8\v2.41\pic\sources\c99\common\strlen.c
		_strlen        		CODE           	3B42	0000	25

C:\Program Files\Microchip\xc8\v2.41\pic\sources\c99\common\strlen.c estimated size: 25

C:\Program Files\Microchip\xc8\v2.41\pic\sources\c99\common\nf_fputc.c
		_fputc         		CODE           	34D3	0000	93

C:\Program Files\Microchip\xc8\v2.41\pic\sources\c99\common\nf_fputc.c estimated size: 93

C:\Program Files\Microchip\xc8\v2.41\pic\sources\c99\common\strcmp.c
		_strcmp        		CODE           	3EE3	0000	47

C:\Program Files\Microchip\xc8\v2.41\pic\sources\c99\common\strcmp.c estimated size: 47

C:\Program Files\Microchip\xc8\v2.41\pic\sources\c99\common\strcpy.c
		_strcpy        		CODE           	3C75	0000	32

C:\Program Files\Microchip\xc8\v2.41\pic\sources\c99\common\strcpy.c estimated size: 32

C:\Program Files\Microchip\xc8\v2.41\pic\sources\c99\common\nf_sprintf.c
		_sprintf       		CODE           	3DB7	0000	40

C:\Program Files\Microchip\xc8\v2.41\pic\sources\c99\common\nf_sprintf.c estimated size: 40

bme280.c
		_compensate_temperature		CODE           	1D60	0000	672
		_bme280_get_sensor_data		CODE           	3479	0000	90
		_fill_filter_settings		CODE           	3B8F	0000	27
		_parse_device_settings		CODE           	2836	0000	115
		_compensate_humidity		CODE           	1405	0000	1019
		_fill_osr_temp_settings		CODE           	3BC5	0000	27
		_fill_standby_settings		CODE           	3BAA	0000	27
		_bme280_get_regs		CODE           	35ED	0000	97
		_bme280_set_regs		CODE           	100B	0000	306
		_reload_device_settings		CODE           	3CFE	0000	35
		_fill_osr_press_settings		CODE           	3B5B	0000	26
		_bme280_get_sensor_mode		CODE           	3E09	0000	42
		_bme280_set_sensor_mode		CODE           	3FD0	0000	48
		_put_device_to_sleep		CODE           	30B5	0000	64
		_compensate_pressure		CODE           	00B9	0000	1588
		_set_filter_standby_settings		CODE           	32DB	0000	79
		_get_calib_data		CODE           	3379	0000	82
		_write_power_mode		CODE           	3079	0000	60
		_set_osr_press_temp_settings		CODE           	332A	0000	79
		_parse_sensor_data		CODE           	2ED6	0000	298
		_set_osr_humidity_settings		CODE           	1800	0000	87
		_parse_humidity_calib_data		CODE           	2B40	0000	148
		_bme280_init   		CODE           	31BC	0000	67
		_null_ptr_check		CODE           	3F41	0000	47
		_interleave_reg_addr		CODE           	3179	0000	67
		_bme280_get_sensor_settings		CODE           	3FA0	0000	48
		_bme280_set_sensor_settings		CODE           	36B7	0000	105
		_are_settings_changed		CODE           	3A71	0000	13
		_bme280_compensate_data		CODE           	2A2F	0000	134
		_set_osr_settings		CODE           	3E5E	0000	43
		_parse_temp_press_calib_data		CODE           	06ED	0000	241
		_bme280_soft_reset		CODE           	364E	0000	105

bme280.c estimated size: 5886

C:\Program Files\Microchip\xc8\v2.41\pic\sources\c99\common\sprcadd.c
		___flsub       		CODE           	3C55	0000	32
		___fladd       		CODE           	23C2	0000	520

C:\Program Files\Microchip\xc8\v2.41\pic\sources\c99\common\sprcadd.c estimated size: 552

mcc_generated_files/timer/src/tmr1.c
		_TMR1_Initialize		CODE           	3CB8	0000	35
		_TMR1_Stop     		CODE           	390C	0000	3
		_TMR1_Write    		CODE           	3AC9	0000	17
		_TMR1_Start    		CODE           	3909	0000	3
		_TMR1_OverflowCallbackRegister		CODE           	3992	0000	6
		_TMR1_DefaultOverflowCallback		CODE           	38EC	0000	1
		_TMR1_GateCallbackRegister		CODE           	398C	0000	6
		_TMR1_OverflowISR		CODE           	3B2B	0000	23

mcc_generated_files/timer/src/tmr1.c estimated size: 94

mcc_generated_files/system/src/interrupt.c
		_INT_SetInterruptHandler		CODE           	3986	0000	6
		_INTERRUPT_Initialize		CODE           	3A2C	0000	11
		_INTERRUPT_InterruptManager		CODE           	0004	0000	69

mcc_generated_files/system/src/interrupt.c estimated size: 86

C:\Program Files\Microchip\xc8\v2.41\pic\sources\c99\common\awdiv.c
		___awdiv       		CODE           	358D	0000	96

C:\Program Files\Microchip\xc8\v2.41\pic\sources\c99\common\awdiv.c estimated size: 96

C:\Program Files\Microchip\xc8\v2.41\pic\sources\c99\common\abs.c
		_abs           		CODE           	3BFC	0000	28

C:\Program Files\Microchip\xc8\v2.41\pic\sources\c99\common\abs.c estimated size: 28

C:\Program Files\Microchip\xc8\v2.41\pic\sources\c99\common\doprnt.c
		_vfpfcnvrt     		CODE           	1857	0000	631
		_efgtoa        		CODE           	0866	0000	1946
		_pad           		CODE           	31FF	0000	68
		_dtoa          		CODE           	2012	0000	197
		_vfprintf      		CODE           	300E	0000	49
		_stoa          		CODE           	2C72	0000	163

C:\Program Files\Microchip\xc8\v2.41\pic\sources\c99\common\doprnt.c estimated size: 3054

timeout.c
		_timer_increment		CODE           	3ADA	0000	17
		_timeout_wait  		CODE           	3CDB	0000	35
		_timeout_init  		CODE           	39EB	0000	8
		_timeout_stop  		CODE           	3956	0000	4
		_timeout_start 		CODE           	39C6	0000	7
		_timeot_reset  		CODE           	3969	0000	5
		_timeout_timed_out		CODE           	3A22	0000	10

timeout.c estimated size: 86

C:\Program Files\Microchip\xc8\v2.41\pic\sources\c99\common\flneg.c
		___flneg       		CODE           	3A37	0000	11

C:\Program Files\Microchip\xc8\v2.41\pic\sources\c99\common\flneg.c estimated size: 11

C:\Program Files\Microchip\xc8\v2.41\pic\sources\c99\common\fleq.c
		___fleq        		CODE           	328C	0000	79

C:\Program Files\Microchip\xc8\v2.41\pic\sources\c99\common\fleq.c estimated size: 79

mcc_generated_files/nvm/src/nvm.c
		_NVM_UnlockKeySet		CODE           	3964	0000	5
		_NVM_Initialize		CODE           	394A	0000	4
		_EEPROM_Read   		CODE           	39F3	0000	9
		_EEPROM_Write  		CODE           	3B75	0000	26
		_NVM_StatusClear		CODE           	3906	0000	3
		_NVM_IsBusy    		CODE           	3000	0000	14

mcc_generated_files/nvm/src/nvm.c estimated size: 61

mcc_generated_files/system/src/pins.c
		_PIN_MANAGER_Initialize		CODE           	341F	0000	90
		_PIN_MANAGER_IOC		CODE           	38EA	0000	1

mcc_generated_files/system/src/pins.c estimated size: 91

shared
		_Timer1        		STRCODE        	0000	0000	0
		i1_timeout_timed_out		CODE           	3A0E	0000	10
		__initialization		CODE           	004B	0000	106
		_UART1         		STRCODE        	0000	0000	0
		_I2C2_Host     		STRCODE        	0000	0000	0
		_toint         		STRCODE        	0000	0000	0
		_i2c2_eventTable		STRCODE        	3878	0000	18
		_TimeoutTimer  		STRCODE        	0000	0000	0
		i1_timeout_stop		CODE           	393E	0000	4
		i1_TMR6_Stop   		CODE           	3903	0000	3

shared estimated size: 141

mcc_generated_files/timer/src/tmr6.c
		_TMR6_ISR      		CODE           	3A8B	0000	15
		_TMR6_Initialize		CODE           	3B15	0000	22
		_TMR6_Stop     		CODE           	39CD	0000	7
		_TMR6_Start    		CODE           	3918	0000	3
		_TMR6_OverflowCallbackRegister		CODE           	3998	0000	6
		_TMR6_DefaultOverflowCallback		CODE           	38EB	0000	1

mcc_generated_files/timer/src/tmr6.c estimated size: 54

C:\Program Files\Microchip\xc8\v2.41\pic\sources\c99\common\memcpy.c
		_memcpy        		CODE           	3D8F	0000	40

C:\Program Files\Microchip\xc8\v2.41\pic\sources\c99\common\memcpy.c estimated size: 40

rylr998.c
		_rylr998_read  		CODE           	2BD4	0000	158
		_rylr998_init  		CODE           	3AA9	0000	16
		_rylr998_write 		CODE           	29AB	0000	132
		_rylr998_send_flat		CODE           	2DC0	0000	278
		_rylr998_rx_busy		CODE           	1000	0000	11
		_rylr998_tx_busy		CODE           	3A42	0000	11

rylr998.c estimated size: 606

C:\Program Files\Microchip\xc8\v2.41\pic\sources\c99\common\putch.c
		_putch         		CODE           	38ED	0000	1

C:\Program Files\Microchip\xc8\v2.41\pic\sources\c99\common\putch.c estimated size: 1

C:\Program Files\Microchip\xc8\v2.41\pic\sources\c99\common\nf_fputs.c
		_fputs         		CODE           	3D6A	0000	37

C:\Program Files\Microchip\xc8\v2.41\pic\sources\c99\common\nf_fputs.c estimated size: 37

mcc_generated_files/system/src/clock.c
		_CLOCK_Initialize		CODE           	3A18	0000	10

mcc_generated_files/system/src/clock.c estimated size: 10

mcc_generated_files/i2c_host/src/mssp2.c
		_I2C2_DefaultCallback		CODE           	38E9	0000	1
		_I2C2_WriteRead		CODE           	303F	0000	58
		_I2C2_StartSend		CODE           	391B	0000	3
		_I2C2_EVENT_SEND_WR_ADDR		CODE           	39AA	0000	7
		_I2C2_NackSend 		CODE           	392E	0000	4
		_I2C2_ErrorEventHandler		CODE           	3C95	0000	35
		_I2C2_CallbackRegister		CODE           	3A65	0000	12
		_I2C2_EVENT_RESET		CODE           	39B1	0000	7
		_I2C2_EVENT_ERROR		CODE           	3974	0000	6
		_I2C2_ErrorInterruptClear		CODE           	38EE	0000	3
		_I2C2_StatusFlagsClear		CODE           	3922	0000	4
		_I2C2_InterruptsEnable		CODE           	3946	0000	4
		_I2C2_InterruptClear		CODE           	38F1	0000	3
		_I2C2_WriteStart		CODE           	39D4	0000	7
		_I2C2_EVENT_RX 		CODE           	30F5	0000	65
		_I2C2_EVENT_TX 		CODE           	3E89	0000	45
		_I2C2_ReceiveEnable		CODE           	38FA	0000	3
		_I2C2_RestartEnable		CODE           	3900	0000	3
		_I2C2_ISR      		CODE           	393A	0000	4
		_I2C2_EventHandler		CODE           	3136	0000	67
		_I2C2_DataReceive		CODE           	38F7	0000	3
		_I2C2_IsData   		CODE           	395F	0000	5
		_I2C2_IsNack   		CODE           	397A	0000	6
		_I2C2_IsAddr   		CODE           	39B8	0000	7
		_I2C2_IsBusy   		CODE           	3AB9	0000	16
		_I2C2_EVENT_IDLE		CODE           	3932	0000	4
		_I2C2_EVENT_NACK		CODE           	396E	0000	6
		_I2C2_EVENT_SEND_RD_ADDR		CODE           	39DB	0000	8
		_I2C2_EVENT_STOP		CODE           	39E3	0000	8
		_I2C2_BusReset 		CODE           	391E	0000	4
		_I2C2_Initialize		CODE           	3AFF	0000	22
		_I2C2_Close    		CODE           	3AEB	0000	20
		_I2C2_ERROR_ISR		CODE           	3936	0000	4
		_I2C2_IsRxBufFull		CODE           	392A	0000	4
		_I2C2_Write    		CODE           	3EB6	0000	45
		_I2C2_StopSend 		CODE           	38F4	0000	3
		_I2C2_RestartDisable		CODE           	38FD	0000	3
		_I2C2_DataTransmit		CODE           	395A	0000	5
		_I2C2_AckSend  		CODE           	3926	0000	4

mcc_generated_files/i2c_host/src/mssp2.c estimated size: 518

C:\Program Files\Microchip\xc8\v2.41\pic\sources\c99\common\labs.c
		_labs          		CODE           	07DE	0000	34

C:\Program Files\Microchip\xc8\v2.41\pic\sources\c99\common\labs.c estimated size: 34

main.c
		_main          		CODE           	25CA	0000	566
		_low_power_mode		CODE           	3D45	0000	37
		_MyTimer1Handler		CODE           	3980	0000	6
		_read_eeprom   		CODE           	3F70	0000	48
		_write_eeprom  		CODE           	2800	0000	54

main.c estimated size: 711

C:\Program Files\Microchip\xc8\v2.41\pic\sources\c99\common\strncmp.c
		_strncmp       		CODE           	3530	0000	93

C:\Program Files\Microchip\xc8\v2.41\pic\sources\c99\common\strncmp.c estimated size: 93

mcc_generated_files/fvr/src/fvr.c
		_FVR_Initialize		CODE           	3942	0000	4

mcc_generated_files/fvr/src/fvr.c estimated size: 4

mcc_generated_files/uart/src/eusart1.c
		_EUSART1_Initialize		CODE           	3BE0	0000	28
		_EUSART1_DefaultFramingErrorCallback		CODE           	0002	0000	1
		_EUSART1_Read  		CODE           	3DDF	0000	42
		_EUSART1_ReceiveEnable		CODE           	3912	0000	3
		_EUSART1_IsTxDone		CODE           	3952	0000	4
		_EUSART1_Write 		CODE           	0800	0000	4
		_EUSART1_TransmitEnable		CODE           	3915	0000	3
		_EUSART1_Enable		CODE           	390F	0000	3
		_EUSART1_FramingErrorCallbackRegister		CODE           	3A4D	0000	12
		_EUSART1_IsRxReady		CODE           	39BF	0000	7
		_EUSART1_OverrunErrorCallbackRegister		CODE           	3A59	0000	12
		_EUSART1_DefaultOverrunErrorCallback		CODE           	394E	0000	4

mcc_generated_files/uart/src/eusart1.c estimated size: 123

C:\Program Files\Microchip\xc8\v2.41\pic\sources\c99\common\sprcmul.c
		___flmul       		CODE           	113D	0000	712

C:\Program Files\Microchip\xc8\v2.41\pic\sources\c99\common\sprcmul.c estimated size: 712

C:\Program Files\Microchip\xc8\v2.41\pic\sources\c99\common\printf.c
		_printf        		CODE           	2000	0000	18

C:\Program Files\Microchip\xc8\v2.41\pic\sources\c99\common\printf.c estimated size: 18

mcc_generated_files/system/src/system.c
		_SYSTEM_Initialize		CODE           	3C36	0000	31

mcc_generated_files/system/src/system.c estimated size: 31

C:\Program Files\Microchip\xc8\v2.41\pic\sources\c99\common\sprcdiv.c
		___fldiv       		CODE           	2218	0000	426

C:\Program Files\Microchip\xc8\v2.41\pic\sources\c99\common\sprcdiv.c estimated size: 426

C:\Program Files\Microchip\xc8\v2.41\pic\sources\c99\common\nf_snprintf.c
		_snprintf      		CODE           	2928	0000	131

C:\Program Files\Microchip\xc8\v2.41\pic\sources\c99\common\nf_snprintf.c estimated size: 131

